0 0.000 mapping :SERVICE 1 Player Start KEYCODE_1 OR JOYCODE_1_UNKNOWN_SWITCH
0 0.000 mapping :SERVICE Coin 2 KEYCODE_6 OR JOYCODE_2_UNKNOWN_SWITCH
0 0.000 mapping :SERVICE 2 Players Start KEYCODE_2 OR JOYCODE_2_UNKNOWN_SWITCH
0 0.000 mapping :SERVICE Service 1 KEYCODE_9
0 0.000 mapping :SERVICE Service Mode KEYCODE_F2
0 0.000 mapping :SERVICE Coin 1 KEYCODE_5 OR JOYCODE_1_UNKNOWN_SWITCH
0 0.000 mapping :P1 P1 Down KEYCODE_DOWN
0 0.000 mapping :P1 P1 Right KEYCODE_RIGHT
0 0.000 mapping :P1 P1 Up KEYCODE_UP
0 0.000 mapping :P1 P1 Left KEYCODE_LEFT
0 0.000 mapping :P1 P1 Button 2 KEYCODE_LALT OR MOUSECODE_1_BUTTON3 OR GUNCODE_1_BUTTON2
0 0.000 mapping :P1 P1 Button 1 KEYCODE_LCONTROL OR MOUSECODE_1_BUTTON1 OR GUNCODE_1_BUTTON1
0 0.000 mapping :P2 P2 Down KEYCODE_F
0 0.000 mapping :P2 P2 Up KEYCODE_R
0 0.000 mapping :P2 P2 Button 1 KEYCODE_A OR MOUSECODE_2_BUTTON1 OR GUNCODE_2_BUTTON1
0 0.000 mapping :P2 P2 Button 2 KEYCODE_S OR MOUSECODE_2_BUTTON3 OR GUNCODE_2_BUTTON2
0 0.000 mapping :P2 P2 Left KEYCODE_D
0 0.000 mapping :P2 P2 Right KEYCODE_G
0 0.010 menu-write pc=00a340 data=0000 mask=ffff oldchoice=0 done=0
1 0.017 mode=01 match=04 mask=05 players=2 command=0b22 peer=0000 script=00019f48 flow=00010034 menu=00000000 flags=c7 offer=00 header=54/54 choice=0 done=0 selector=1 active=false/false
2 0.033 mode=01 match=04 mask=05 players=2 command=0b22 peer=0000 script=00019f70 flow=00010034 menu=00000000 flags=00 offer=00 header=00/00 choice=0 done=0 selector=1 active=false/false
5 0.083 mode=01 match=04 mask=05 players=2 command=0b22 peer=0000 script=00019f7e flow=00010034 menu=00000000 flags=00 offer=00 header=00/00 choice=0 done=0 selector=1 active=false/false
10 0.167 mode=01 match=04 mask=05 players=2 command=0b22 peer=0000 script=00019f80 flow=00010034 menu=00000000 flags=00 offer=00 header=00/00 choice=0 done=0 selector=1 active=false/false
60 1.001 input :SERVICE Coin 1
75 1.252 input :SERVICE Coin 1
88 1.469 mode=01 match=04 mask=05 players=2 command=0b22 peer=0000 script=00019f80 flow=00010034 menu=00000000 flags=00 offer=00 header=10/00 choice=0 done=0 selector=1 active=false/false
90 1.502 input :SERVICE Coin 1
90 1.502 mode=01 match=04 mask=05 players=2 command=0b22 peer=0000 script=00019f80 flow=00010034 menu=00000000 flags=00 offer=00 header=10/10 choice=0 done=0 selector=1 active=false/false
91 1.519 mode=01 match=04 mask=05 players=2 command=0b22 peer=0000 script=00019f80 flow=00010034 menu=00000000 flags=00 offer=00 header=10/00 choice=0 done=0 selector=1 active=false/false
94 1.569 mode=01 match=04 mask=05 players=2 command=0b22 peer=0000 script=00019f80 flow=00010034 menu=00000000 flags=00 offer=00 header=10/10 choice=0 done=0 selector=1 active=false/false
105 1.752 input :SERVICE Coin 1
150 2.503 input :SERVICE 1 Player Start
191 3.187 mode=01 match=04 mask=05 players=2 command=0b22 peer=0000 script=00019f84 flow=00010034 menu=00000000 flags=00 offer=00 header=10/10 choice=0 done=0 selector=1 active=false/false
195 3.254 mode=01 match=04 mask=05 players=2 command=0b22 peer=0000 script=00019f86 flow=00010034 menu=00000000 flags=00 offer=00 header=10/10 choice=0 done=0 selector=1 active=false/false
195 3.255 menu-write pc=00a340 data=0000 mask=ffff oldchoice=0 done=0
195 3.262 menu-write pc=00a340 data=0000 mask=ffff oldchoice=0 done=0
196 3.271 mode=01 match=04 mask=05 players=2 command=0b22 peer=0000 script=00019fc8 flow=00010034 menu=00000000 flags=09 offer=00 header=11/10 choice=0 done=0 selector=1 active=false/false
197 3.288 mode=00 match=04 mask=05 players=2 command=0b22 peer=0000 script=00019ff2 flow=00010034 menu=00000000 flags=09 offer=00 header=11/10 choice=0 done=0 selector=1 active=false/false
198 3.304 mode=00 match=04 mask=05 players=2 command=0b22 peer=0000 script=0001a002 flow=00010034 menu=00000000 flags=09 offer=00 header=11/10 choice=0 done=0 selector=1 active=false/false
199 3.321 mode=00 match=04 mask=05 players=2 command=0b22 peer=0000 script=0001a004 flow=00010034 menu=00000000 flags=09 offer=00 header=11/10 choice=0 done=0 selector=1 active=false/false
210 3.505 input :SERVICE 1 Player Start
213 3.555 mode=00 match=04 mask=05 players=2 command=0b22 peer=0000 script=0001a008 flow=00010034 menu=00000000 flags=09 offer=00 header=11/10 choice=0 done=0 selector=1 active=false/false
246 4.105 mode=00 match=04 mask=05 players=2 command=0b22 peer=0000 script=0001a00a flow=00010034 menu=00000000 flags=09 offer=00 header=11/10 choice=0 done=0 selector=1 active=false/false
246 4.106 menu-write pc=00a340 data=0000 mask=ffff oldchoice=0 done=0
246 4.113 menu-write pc=00a340 data=0000 mask=ffff oldchoice=0 done=0
246 4.120 menu-write pc=00a48a data=0000 mask=ffff oldchoice=0 done=0
247 4.122 mode=01 match=04 mask=01 players=1 command=0322 peer=0000 script=0001a3ee flow=00010034 menu=000188fc flags=08 offer=00 header=11/10 choice=0 done=0 selector=1 active=false/false
249 4.155 mode=01 match=04 mask=01 players=1 command=0322 peer=0000 script=0001a3ee flow=00010034 menu=000189c6 flags=08 offer=00 header=13/10 choice=0 done=0 selector=1 active=false/false
261 4.356 mode=01 match=04 mask=01 players=1 command=0322 peer=0000 script=0001a3ee flow=00010034 menu=000189c6 flags=08 offer=00 header=13/11 choice=0 done=0 selector=1 active=false/false
270 4.506 input :SERVICE 2 Players Start
270 4.506 input :P1 P1 Button 1
270 4.506 input :P2 P2 Button 1
285 4.756 mode=01 match=04 mask=01 players=1 command=0322 peer=0000 script=0001a3ee flow=00010034 menu=000189c6 flags=08 offer=00 header=13/13 choice=0 done=0 selector=1 active=false/false
290 4.840 mode=01 match=04 mask=01 players=1 command=0322 peer=0000 script=0001a3ee flow=00010034 menu=00018a40 flags=08 offer=00 header=13/13 choice=0 done=0 selector=1 active=false/false
291 4.856 mode=01 match=04 mask=01 players=1 command=1322 peer=0000 script=0001a3ee flow=00010034 menu=00018a40 flags=08 offer=00 header=13/13 choice=0 done=0 selector=1 active=false/false
330 5.507 input :SERVICE 2 Players Start
332 5.540 mode=01 match=04 mask=03 players=2 command=1322 peer=0000 script=0001a3ee flow=00010034 menu=00018a40 flags=08 offer=00 header=13/13 choice=0 done=0 selector=1 active=false/false
333 5.557 mode=01 match=04 mask=03 players=2 command=3322 peer=0000 script=0001a3ee flow=00010034 menu=00018a40 flags=08 offer=00 header=13/13 choice=0 done=0 selector=1 active=false/false
360 6.008 input :P1 P1 Button 1
360 6.008 input :P2 P2 Button 1
450 7.510 input :P1 P1 Button 1
450 7.510 input :P2 P2 Button 1
540 9.012 input :P1 P1 Button 1
540 9.012 input :P2 P2 Button 1
630 10.514 input :P1 P1 Button 1
630 10.514 input :P2 P2 Button 1
720 12.015 input :P1 P1 Button 1
720 12.015 input :P2 P2 Button 1
723 12.066 mode=01 match=04 mask=03 players=2 command=7322 peer=0000 script=0001a3ee flow=00010034 menu=00018b84 flags=08 offer=00 header=13/13 choice=0 done=0 selector=1 active=false/false
723 12.068 recruit-peer-read pc=018bda data=0322 mask=ff00 localmask=03
724 12.082 mode=01 match=04 mask=03 players=2 command=7322 peer=0000 script=0001a3ee flow=00010034 menu=00018db6 flags=08 offer=00 header=10/13 choice=0 done=0 selector=1 active=false/false
729 12.166 mode=01 match=04 mask=03 players=2 command=7322 peer=0000 script=0001a3ee flow=00010034 menu=00018db6 flags=08 offer=00 header=10/10 choice=0 done=0 selector=1 active=false/false
743 12.399 mode=01 match=04 mask=03 players=2 command=7322 peer=0000 script=0001a3ee flow=00010034 menu=00018dd8 flags=08 offer=00 header=10/10 choice=0 done=0 selector=1 active=false/false
744 12.416 mode=01 match=04 mask=03 players=2 command=7322 peer=0000 script=0001a3ee flow=00010034 menu=00018e08 flags=08 offer=00 header=10/10 choice=0 done=0 selector=1 active=false/false
810 13.517 input :P1 P1 Button 1
810 13.517 input :P2 P2 Button 1
812 13.551 mode=01 match=04 mask=03 players=2 command=7322 peer=0000 script=0001a3ee flow=00010034 menu=00018e0e flags=08 offer=00 header=10/10 choice=0 done=0 selector=1 active=false/false
813 13.567 mode=01 match=04 mask=03 players=2 command=7322 peer=0000 script=0001a3ee flow=00010034 menu=00018e40 flags=08 offer=00 header=10/10 choice=0 done=0 selector=1 active=false/false
816 13.620 menu-write pc=00a4f0 data=0000 mask=ffff oldchoice=0 done=0
817 13.634 mode=01 match=04 mask=03 players=2 command=7322 peer=0000 script=0001a3ee flow=00010034 menu=00000000 flags=08 offer=00 header=10/10 choice=0 done=0 selector=1 active=false/false
817 13.636 menu-write pc=00a340 data=0000 mask=ffff oldchoice=0 done=0
817 13.644 menu-write pc=00a36c data=0000 mask=ffff oldchoice=0 done=0
818 13.651 mode=01 match=02 mask=03 players=2 command=7322 peer=0000 script=0001f7c6 flow=00010034 menu=00000000 flags=82 offer=00 header=54/10 choice=0 done=0 selector=1 active=false/false
819 13.668 mode=01 match=02 mask=03 players=2 command=7322 peer=0000 script=0001f7d2 flow=00010034 menu=00000000 flags=82 offer=00 header=54/10 choice=0 done=0 selector=1 active=false/false
836 13.951 mode=01 match=02 mask=03 players=2 command=7322 peer=0000 script=0001f7de flow=00010034 menu=00000000 flags=82 offer=00 header=54/10 choice=0 done=0 selector=1 active=false/false
838 13.985 mode=01 match=02 mask=03 players=2 command=7322 peer=0000 script=0001f7f6 flow=00010034 menu=00000000 flags=82 offer=00 header=54/10 choice=0 done=0 selector=1 active=false/false
900 15.019 input :P1 P1 Button 1
900 15.019 input :P2 P2 Button 1
937 15.637 mode=01 match=02 mask=03 players=2 command=7322 peer=0000 script=0001f7f6 flow=00010034 menu=00000000 flags=82 offer=00 header=54/11 choice=0 done=0 selector=1 active=false/false
951 15.870 mode=01 match=02 mask=03 players=2 command=7322 peer=0000 script=0001f7fc flow=00010034 menu=00000000 flags=82 offer=00 header=54/11 choice=0 done=0 selector=1 active=false/false
983 16.404 mode=01 match=02 mask=03 players=2 command=7322 peer=0000 script=0001f7fe flow=00010034 menu=00000000 flags=82 offer=00 header=54/11 choice=0 done=0 selector=1 active=false/false
983 16.407 menu-write pc=00a36c data=0000 mask=ffff oldchoice=0 done=0
984 16.421 mode=01 match=02 mask=03 players=2 command=7322 peer=0000 script=0001a49e flow=00010034 menu=00000000 flags=82 offer=00 header=54/11 choice=0 done=0 selector=1 active=false/false
985 16.438 mode=01 match=02 mask=03 players=2 command=7322 peer=0000 script=0001a4b0 flow=00010034 menu=00000000 flags=82 offer=00 header=54/11 choice=0 done=0 selector=1 active=false/false
990 16.521 input :P1 P1 Button 1
990 16.521 input :P2 P2 Button 1
998 16.655 mode=01 match=02 mask=03 players=2 command=7322 peer=0000 script=0001a4b6 flow=00010034 menu=00000000 flags=82 offer=00 header=54/11 choice=0 done=0 selector=1 active=false/false
1014 16.922 mode=01 match=02 mask=03 players=2 command=7322 peer=0000 script=0001a4d8 flow=00010034 menu=00000000 flags=82 offer=00 header=54/11 choice=0 done=0 selector=1 active=false/false
1017 16.972 mode=01 match=02 mask=03 players=2 command=7322 peer=0000 script=0001a4da flow=00010034 menu=00000000 flags=82 offer=00 header=54/11 choice=0 done=0 selector=1 active=false/false
1018 16.989 mode=01 match=02 mask=03 players=2 command=7322 peer=0000 script=0001a510 flow=00010034 menu=00000000 flags=82 offer=00 header=54/11 choice=0 done=0 selector=1 active=false/false
1018 17.002 menu-write pc=00a48a data=0000 mask=ffff oldchoice=0 done=0
1019 17.005 mode=01 match=02 mask=03 players=2 command=7322 peer=0000 script=0001a51a flow=00010034 menu=0000daca flags=82 offer=00 header=54/11 choice=0 done=0 selector=1 active=false/false
1080 18.023 input :P1 P1 Button 1
1080 18.023 input :P2 P2 Button 1
1170 19.525 input :P1 P1 Button 1
1170 19.525 input :P2 P2 Button 1
1172 19.559 mode=01 match=02 mask=03 players=2 command=7822 peer=0000 script=0001a51a flow=00010034 menu=0000daca flags=82 offer=00 header=54/11 choice=0 done=0 selector=1 active=false/false
1175 19.609 mode=01 match=02 mask=03 players=2 command=f822 peer=0000 script=0001a51a flow=00010034 menu=0000daca flags=82 offer=00 header=54/11 choice=0 done=0 selector=1 active=false/false
1181 19.709 A actual local gameplay; releasing B join schedule
1181 19.709 piece player=0 count=1 mode=1 match=2 mask=03
1181 19.709 piece player=1 count=1 mode=1 match=2 mask=03
1181 19.709 mode=01 match=02 mask=03 players=2 command=f822 peer=0000 script=0001a51a flow=00010034 menu=0000daca flags=82 offer=00 header=54/11 choice=0 done=0 selector=1 active=true/true
1260 21.027 input :P1 P1 Button 1
1260 21.027 input :P2 P2 Button 1
1350 22.529 input :P1 P1 Button 1
1350 22.529 input :P2 P2 Button 1
1389 23.180 mode=01 match=02 mask=03 players=2 command=f822 peer=0000 script=0001a51a flow=00010034 menu=0000daca flags=82 offer=00 header=54/11 choice=0 done=0 selector=1 active=false/false
1413 23.580 piece player=0 count=2 mode=1 match=2 mask=03
1413 23.580 piece player=1 count=2 mode=1 match=2 mask=03
1413 23.580 mode=01 match=02 mask=03 players=2 command=f822 peer=0000 script=0001a51a flow=00010034 menu=0000daca flags=82 offer=00 header=54/11 choice=0 done=0 selector=1 active=true/true
1440 24.031 input :P1 P1 Button 1
1440 24.031 input :P2 P2 Button 1
1457 24.315 mode=01 match=02 mask=03 players=2 command=f822 peer=0000 script=0001a51a flow=00010034 menu=0000daca flags=82 offer=00 header=54/10 choice=0 done=0 selector=1 active=true/true
1530 25.533 input :P1 P1 Button 1
1530 25.533 input :P2 P2 Button 1
1620 27.035 input :P1 P1 Button 1
1620 27.035 input :P2 P2 Button 1
1621 27.051 mode=01 match=02 mask=03 players=2 command=f822 peer=0000 script=0001a51a flow=00010034 menu=0000daca flags=82 offer=00 header=54/10 choice=0 done=0 selector=1 active=false/false
1645 27.452 piece player=0 count=3 mode=1 match=2 mask=03
1645 27.452 piece player=1 count=3 mode=1 match=2 mask=03
1645 27.452 mode=01 match=02 mask=03 players=2 command=f822 peer=0000 script=0001a51a flow=00010034 menu=0000daca flags=82 offer=00 header=54/10 choice=0 done=0 selector=1 active=true/true
1710 28.537 input :P1 P1 Button 1
1710 28.537 input :P2 P2 Button 1
1798 30.005 mode=01 match=02 mask=03 players=2 command=f822 peer=0122 script=0001a51a flow=00010034 menu=0000daca flags=82 offer=00 header=54/90 choice=0 done=0 selector=1 active=true/true
1799 30.022 mode=01 match=02 mask=03 players=2 command=9122 peer=0000 script=0001a51a flow=000198f6 menu=0000daca flags=82 offer=00 header=54/90 choice=0 done=0 selector=1 active=true/true
1800 30.039 input :P1 P1 Button 1
1800 30.039 input :P2 P2 Button 1
1803 30.089 mode=01 match=02 mask=03 players=2 command=9122 peer=2101 script=0001a51a flow=000198f6 menu=0000daca flags=82 offer=00 header=54/90 choice=0 done=0 selector=1 active=true/true
1804 30.105 mode=01 match=02 mask=03 players=2 command=8122 peer=2101 script=0001a51a flow=0001996a menu=0000daca flags=82 offer=00 header=54/90 choice=0 done=0 selector=1 active=true/true
1804 30.108 menu-write pc=00a340 data=0000 mask=ffff oldchoice=0 done=0
1805 30.122 mode=01 match=02 mask=03 players=2 command=8122 peer=2101 script=0001a51a flow=0001996a menu=00000000 flags=82 offer=00 header=54/90 choice=0 done=0 selector=1 active=false/false
1805 30.124 menu-write pc=00a48a data=0000 mask=ffff oldchoice=0 done=0
1806 30.139 mode=01 match=02 mask=03 players=2 command=8102 peer=2101 script=0001a7fc flow=000199da menu=00019b8e flags=82 offer=00 header=54/90 choice=0 done=0 selector=1 active=false/false
1821 30.389 mode=01 match=02 mask=03 players=2 command=8102 peer=2101 script=0001a7fc flow=000199da menu=00019d84 flags=82 offer=00 header=54/90 choice=0 done=0 selector=1 active=false/false
1822 30.406 mode=01 match=02 mask=03 players=2 command=8102 peer=2101 script=0001a7fc flow=000199da menu=00019d96 flags=82 offer=00 header=54/90 choice=0 done=0 selector=1 active=false/false
1890 31.541 input :P1 P1 Button 1
1890 31.541 input :P2 P2 Button 1
1892 31.574 mode=01 match=02 mask=03 players=2 command=8102 peer=2101 script=0001a7fc flow=000199da menu=00019d9c flags=82 offer=00 header=54/90 choice=0 done=0 selector=1 active=false/false
1892 31.575 menu-write pc=00a4f0 data=0000 mask=ffff oldchoice=0 done=0
1893 31.591 mode=01 match=02 mask=03 players=2 command=8102 peer=2101 script=0001a7fc flow=000199da menu=00000000 flags=82 offer=00 header=54/90 choice=0 done=0 selector=1 active=false/false
1894 31.607 mode=01 match=02 mask=03 players=2 command=0102 peer=2101 script=0001a7fc flow=000199fe menu=00000000 flags=82 offer=00 header=54/90 choice=0 done=0 selector=1 active=false/false
1900 31.707 mode=01 match=02 mask=03 players=2 command=0102 peer=2101 script=0001a7fc flow=000199fe menu=00000000 flags=82 offer=00 header=54/54 choice=0 done=0 selector=1 active=false/false
1901 31.724 mode=01 match=02 mask=03 players=2 command=0102 peer=2101 script=0001a800 flow=000100fe menu=00000000 flags=82 offer=00 header=54/54 choice=0 done=0 selector=1 active=false/false
1917 31.991 mode=01 match=02 mask=03 players=2 command=0102 peer=2101 script=0001a802 flow=000100fe menu=00000000 flags=82 offer=00 header=54/54 choice=0 done=0 selector=1 active=false/false
1917 31.992 menu-write pc=00a48a data=0000 mask=ffff oldchoice=0 done=0
1918 32.008 mode=01 match=04 mask=03 players=2 command=0302 peer=2101 script=0001a842 flow=000100fe menu=000188fc flags=02 offer=00 header=54/56 choice=0 done=0 selector=1 active=false/false
1919 32.025 mode=01 match=04 mask=03 players=2 command=0302 peer=2101 script=0001a842 flow=000100fe menu=000189c6 flags=02 offer=00 header=56/56 choice=0 done=0 selector=1 active=false/false
1960 32.709 mode=01 match=04 mask=03 players=2 command=0302 peer=2101 script=0001a842 flow=000100fe menu=00018a40 flags=02 offer=00 header=56/56 choice=0 done=0 selector=1 active=false/false
1961 32.725 mode=01 match=04 mask=03 players=2 command=3302 peer=2101 script=0001a842 flow=000100fe menu=00018a40 flags=02 offer=00 header=56/56 choice=0 done=0 selector=1 active=false/false
1980 33.043 input :P1 P1 Button 1
1980 33.043 input :P2 P2 Button 1
2018 33.677 mode=01 match=04 mask=03 players=2 command=7302 peer=2101 script=0001a842 flow=000100fe menu=00018b84 flags=02 offer=00 header=56/56 choice=0 done=0 selector=1 active=false/false
2018 33.679 recruit-peer-read pc=018bda data=8334 mask=ff00 localmask=03
2019 33.693 mode=01 match=04 mask=03 players=2 command=7302 peer=2101 script=0001a842 flow=000100fe menu=00018db6 flags=02 offer=00 header=54/56 choice=0 done=0 selector=1 active=false/false
2038 34.010 mode=01 match=04 mask=03 players=2 command=7302 peer=2101 script=0001a842 flow=000100fe menu=00018dd8 flags=02 offer=00 header=54/56 choice=0 done=0 selector=1 active=false/false
2039 34.027 mode=01 match=04 mask=03 players=2 command=7302 peer=2101 script=0001a842 flow=000100fe menu=00018e08 flags=02 offer=00 header=54/56 choice=0 done=0 selector=1 active=false/false
2070 34.544 input :P1 P1 Button 1
2070 34.544 input :P2 P2 Button 1
2072 34.578 mode=01 match=04 mask=03 players=2 command=7302 peer=2101 script=0001a842 flow=000100fe menu=00018e0e flags=02 offer=00 header=54/56 choice=0 done=0 selector=1 active=false/false
2073 34.595 mode=01 match=04 mask=03 players=2 command=7302 peer=2101 script=0001a842 flow=000100fe menu=00018e40 flags=02 offer=00 header=54/56 choice=0 done=0 selector=1 active=false/false
2076 34.647 menu-write pc=00a4f0 data=0000 mask=ffff oldchoice=0 done=0
2077 34.661 mode=01 match=04 mask=03 players=2 command=7302 peer=2101 script=0001a842 flow=000100fe menu=00000000 flags=02 offer=00 header=54/56 choice=0 done=0 selector=1 active=false/false
2077 34.664 menu-write pc=00a340 data=0000 mask=ffff oldchoice=0 done=0
2077 34.671 menu-write pc=00a36c data=0000 mask=ffff oldchoice=0 done=0
2078 34.678 mode=01 match=02 mask=03 players=2 command=7302 peer=2101 script=0001f7bc flow=000100fe menu=00000000 flags=82 offer=00 header=54/56 choice=0 done=0 selector=1 active=false/false
2079 34.695 mode=01 match=02 mask=03 players=2 command=7302 peer=2101 script=0001f7d2 flow=000100fe menu=00000000 flags=82 offer=00 header=54/56 choice=0 done=0 selector=1 active=false/false
2096 34.978 mode=01 match=02 mask=03 players=2 command=7302 peer=2101 script=0001f7de flow=000100fe menu=00000000 flags=82 offer=00 header=54/56 choice=0 done=0 selector=1 active=false/false
2098 35.012 mode=01 match=02 mask=03 players=2 command=7302 peer=2101 script=0001f7f6 flow=000100fe menu=00000000 flags=82 offer=00 header=54/56 choice=0 done=0 selector=1 active=false/false
2160 36.046 input :P1 P1 Button 1
2160 36.046 input :P2 P2 Button 1
2211 36.898 mode=01 match=02 mask=03 players=2 command=7302 peer=2101 script=0001f7fc flow=000100fe menu=00000000 flags=82 offer=00 header=54/56 choice=0 done=0 selector=1 active=false/false
2243 37.432 mode=01 match=02 mask=03 players=2 command=7302 peer=2101 script=0001f7fe flow=000100fe menu=00000000 flags=82 offer=00 header=54/56 choice=0 done=0 selector=1 active=false/false
2243 37.434 menu-write pc=00a36c data=0000 mask=ffff oldchoice=0 done=0
2244 37.448 mode=01 match=02 mask=03 players=2 command=7302 peer=2101 script=0001a49e flow=000100fe menu=00000000 flags=82 offer=00 header=54/56 choice=0 done=0 selector=1 active=false/false
2245 37.465 mode=01 match=02 mask=03 players=2 command=7302 peer=2101 script=0001a4b0 flow=000100fe menu=00000000 flags=82 offer=00 header=54/56 choice=0 done=0 selector=1 active=false/false
2250 37.548 input :P1 P1 Button 1
2250 37.548 input :P2 P2 Button 1
2258 37.682 mode=01 match=02 mask=03 players=2 command=7302 peer=2101 script=0001a4b6 flow=000100fe menu=00000000 flags=82 offer=00 header=54/56 choice=0 done=0 selector=1 active=false/false
2274 37.949 mode=01 match=02 mask=03 players=2 command=7302 peer=2101 script=0001a4d8 flow=000100fe menu=00000000 flags=82 offer=00 header=54/56 choice=0 done=0 selector=1 active=false/false
2277 37.999 mode=01 match=02 mask=03 players=2 command=7302 peer=2101 script=0001a4da flow=000100fe menu=00000000 flags=82 offer=00 header=54/54 choice=0 done=0 selector=1 active=false/false
2278 38.016 mode=01 match=02 mask=03 players=2 command=7302 peer=2101 script=0001a510 flow=000100fe menu=00000000 flags=82 offer=00 header=54/54 choice=0 done=0 selector=1 active=false/false
2278 38.029 menu-write pc=00a48a data=0000 mask=ffff oldchoice=0 done=0
2279 38.032 mode=01 match=02 mask=03 players=2 command=7302 peer=2101 script=0001a51a flow=000100fe menu=0000daca flags=82 offer=00 header=54/54 choice=0 done=0 selector=1 active=false/false
2340 39.050 input :P1 P1 Button 1
2340 39.050 input :P2 P2 Button 1
2430 40.552 input :P1 P1 Button 1
2430 40.552 input :P2 P2 Button 1
2432 40.586 mode=01 match=02 mask=03 players=2 command=7802 peer=2101 script=0001a51a flow=000100fe menu=0000daca flags=82 offer=00 header=54/54 choice=0 done=0 selector=1 active=false/false
2435 40.636 mode=01 match=02 mask=03 players=2 command=f802 peer=2101 script=0001a51a flow=000100fe menu=0000daca flags=82 offer=00 header=54/54 choice=0 done=0 selector=1 active=false/false
2441 40.736 piece player=0 count=1 mode=1 match=2 mask=03
2441 40.736 piece player=1 count=1 mode=1 match=2 mask=03
2441 40.736 mode=01 match=02 mask=03 players=2 command=f802 peer=2101 script=0001a51a flow=000100fe menu=0000daca flags=82 offer=00 header=54/54 choice=0 done=0 selector=1 active=true/true
2520 42.054 input :P1 P1 Button 1
2520 42.054 input :P2 P2 Button 1
2610 43.556 input :P1 P1 Button 1
2610 43.556 input :P2 P2 Button 1
2649 44.207 mode=01 match=02 mask=03 players=2 command=f802 peer=2101 script=0001a51a flow=000100fe menu=0000daca flags=82 offer=00 header=54/54 choice=0 done=0 selector=1 active=false/false
2673 44.607 piece player=0 count=2 mode=1 match=2 mask=03
2673 44.607 piece player=1 count=2 mode=1 match=2 mask=03
2673 44.607 mode=01 match=02 mask=03 players=2 command=f802 peer=2101 script=0001a51a flow=000100fe menu=0000daca flags=82 offer=00 header=54/54 choice=0 done=0 selector=1 active=true/true
2700 45.058 input :P1 P1 Button 1
2700 45.058 input :P2 P2 Button 1
2790 46.560 input :P1 P1 Button 1
2790 46.560 input :P2 P2 Button 1
2880 48.062 input :P1 P1 Button 1
2880 48.062 input :P2 P2 Button 1
2881 48.079 mode=01 match=02 mask=03 players=2 command=f802 peer=2101 script=0001a51a flow=000100fe menu=0000daca flags=82 offer=00 header=54/54 choice=0 done=0 selector=1 active=false/false
2905 48.479 piece player=0 count=3 mode=1 match=2 mask=03
2905 48.479 piece player=1 count=3 mode=1 match=2 mask=03
2905 48.479 mode=01 match=02 mask=03 players=2 command=f802 peer=2101 script=0001a51a flow=000100fe menu=0000daca flags=82 offer=00 header=54/54 choice=0 done=0 selector=1 active=true/true
2970 49.564 input :P1 P1 Button 1
2970 49.564 input :P2 P2 Button 1
3060 51.066 input :P1 P1 Button 1
3060 51.066 input :P2 P2 Button 1
3113 51.950 mode=01 match=02 mask=03 players=2 command=f802 peer=2101 script=0001a51a flow=000100fe menu=0000daca flags=82 offer=00 header=54/54 choice=0 done=0 selector=1 active=false/false
3137 52.351 piece player=0 count=4 mode=1 match=2 mask=03
3137 52.351 piece player=1 count=4 mode=1 match=2 mask=03
3137 52.351 mode=01 match=02 mask=03 players=2 command=f802 peer=2101 script=0001a51a flow=000100fe menu=0000daca flags=82 offer=00 header=54/54 choice=0 done=0 selector=1 active=true/true
3150 52.568 input :P1 P1 Button 1
3150 52.568 input :P2 P2 Button 1
3240 54.070 input :P1 P1 Button 1
3240 54.070 input :P2 P2 Button 1
3330 55.572 input :P1 P1 Button 1
3330 55.572 input :P2 P2 Button 1
3361 56.089 mode=01 match=02 mask=03 players=2 command=f802 peer=2101 script=0001a51a flow=000100fe menu=0000daca flags=82 offer=00 header=54/54 choice=0 done=0 selector=1 active=false/false
3385 56.489 piece player=1 count=5 mode=1 match=2 mask=03
3385 56.489 mode=01 match=02 mask=03 players=2 command=f802 peer=2101 script=0001a51a flow=000100fe menu=0000daca flags=82 offer=00 header=54/54 choice=0 done=0 selector=1 active=false/true
3420 57.073 input :P1 P1 Button 1
3420 57.073 input :P2 P2 Button 1
3467 57.858 piece player=0 count=5 mode=1 match=2 mask=03
3467 57.858 mode=01 match=02 mask=03 players=2 command=f802 peer=2101 script=0001a51a flow=000100fe menu=0000daca flags=82 offer=00 header=54/54 choice=0 done=0 selector=1 active=true/true
3510 58.575 input :P1 P1 Button 1
3510 58.575 input :P2 P2 Button 1
3577 59.694 mode=01 match=02 mask=03 players=2 command=f802 peer=2101 script=0001a51a flow=000100fe menu=0000daca flags=82 offer=00 header=54/54 choice=0 done=0 selector=1 active=true/false
3593 59.961 piece player=1 count=6 mode=1 match=2 mask=03
3593 59.961 mode=01 match=02 mask=03 players=2 command=f802 peer=2101 script=0001a51a flow=000100fe menu=0000daca flags=82 offer=00 header=54/54 choice=0 done=0 selector=1 active=true/true
3600 60.077 input :P1 P1 Button 1
3600 60.077 input :P2 P2 Button 1
3659 61.062 mode=01 match=02 mask=03 players=2 command=f802 peer=2101 script=0001a51a flow=000100fe menu=0000daca flags=82 offer=00 header=54/54 choice=0 done=0 selector=1 active=false/true
3675 61.329 piece player=0 count=6 mode=1 match=2 mask=03
3675 61.329 mode=01 match=02 mask=03 players=2 command=f802 peer=2101 script=0001a51a flow=000100fe menu=0000daca flags=82 offer=00 header=54/54 choice=0 done=0 selector=1 active=true/true
3690 61.579 input :P1 P1 Button 1
3690 61.579 input :P2 P2 Button 1
3780 63.081 input :P1 P1 Button 1
3780 63.081 input :P2 P2 Button 1
3801 63.432 mode=01 match=02 mask=03 players=2 command=f802 peer=2101 script=0001a51a flow=000100fe menu=0000daca flags=82 offer=00 header=54/54 choice=0 done=0 selector=1 active=true/false
3825 63.832 piece player=1 count=7 mode=1 match=2 mask=03
3825 63.832 mode=01 match=02 mask=03 players=2 command=f802 peer=2101 script=0001a51a flow=000100fe menu=0000daca flags=82 offer=00 header=54/54 choice=0 done=0 selector=1 active=true/true
3870 64.583 input :P1 P1 Button 1
3870 64.583 input :P2 P2 Button 1
3883 64.800 mode=01 match=02 mask=03 players=2 command=f802 peer=2101 script=0001a51a flow=000100fe menu=0000daca flags=82 offer=00 header=54/54 choice=0 done=0 selector=1 active=false/true
3907 65.201 piece player=0 count=7 mode=1 match=2 mask=03
3907 65.201 mode=01 match=02 mask=03 players=2 command=f802 peer=2101 script=0001a51a flow=000100fe menu=0000daca flags=82 offer=00 header=54/54 choice=0 done=0 selector=1 active=true/true
3960 66.085 input :P1 P1 Button 1
3960 66.085 input :P2 P2 Button 1
4001 66.769 mode=01 match=02 mask=03 players=2 command=f802 peer=2101 script=0001a51a flow=000100fe menu=0000daca flags=82 offer=00 header=54/54 choice=0 done=0 selector=1 active=true/false
4017 67.036 piece player=1 count=8 mode=1 match=2 mask=03
4017 67.036 mode=01 match=02 mask=03 players=2 command=f802 peer=2101 script=0001a51a flow=000100fe menu=0000daca flags=82 offer=00 header=54/54 choice=0 done=0 selector=1 active=true/true
4050 67.587 input :P1 P1 Button 1
4050 67.587 input :P2 P2 Button 1
4092 68.288 mode=01 match=02 mask=03 players=2 command=f802 peer=2101 script=0001a51a flow=000100fe menu=0000daca flags=82 offer=00 header=54/54 choice=0 done=0 selector=1 active=false/true
4108 68.555 piece player=0 count=8 mode=1 match=2 mask=03
4108 68.555 mode=01 match=02 mask=03 players=2 command=f802 peer=2101 script=0001a51a flow=000100fe menu=0000daca flags=82 offer=00 header=54/54 choice=0 done=0 selector=1 active=true/true
4140 69.089 input :P1 P1 Button 1
4140 69.089 input :P2 P2 Button 1
