0 0.000 mapping :SERVICE 1 Player Start KEYCODE_1 OR JOYCODE_1_UNKNOWN_SWITCH
0 0.000 mapping :SERVICE 2 Players Start KEYCODE_2 OR JOYCODE_2_UNKNOWN_SWITCH
0 0.000 mapping :SERVICE Coin 2 KEYCODE_6 OR JOYCODE_2_UNKNOWN_SWITCH
0 0.000 mapping :SERVICE Service 1 KEYCODE_9
0 0.000 mapping :SERVICE Coin 1 KEYCODE_5 OR JOYCODE_1_UNKNOWN_SWITCH
0 0.000 mapping :SERVICE Service Mode KEYCODE_F2
0 0.000 mapping :P1 P1 Button 1 KEYCODE_LCONTROL OR MOUSECODE_1_BUTTON1 OR GUNCODE_1_BUTTON1
0 0.000 mapping :P1 P1 Down KEYCODE_DOWN
0 0.000 mapping :P1 P1 Button 2 KEYCODE_LALT OR MOUSECODE_1_BUTTON3 OR GUNCODE_1_BUTTON2
0 0.000 mapping :P1 P1 Left KEYCODE_LEFT
0 0.000 mapping :P1 P1 Right KEYCODE_RIGHT
0 0.000 mapping :P1 P1 Up KEYCODE_UP
0 0.000 mapping :P2 P2 Up KEYCODE_R
0 0.000 mapping :P2 P2 Down KEYCODE_F
0 0.000 mapping :P2 P2 Button 1 KEYCODE_A OR MOUSECODE_2_BUTTON1 OR GUNCODE_2_BUTTON1
0 0.000 mapping :P2 P2 Left KEYCODE_D
0 0.000 mapping :P2 P2 Right KEYCODE_G
0 0.000 mapping :P2 P2 Button 2 KEYCODE_S OR MOUSECODE_2_BUTTON3 OR GUNCODE_2_BUTTON2
0 0.010 menu-write pc=00a340 data=0000 mask=ffff oldchoice=0 done=0
1 0.017 mode=01 match=04 mask=05 players=2 command=0b22 peer=0000 script=00019f48 flow=00010034 menu=00000000 flags=c7 offer=00 header=54/54 choice=0 done=0 selector=1 active=false/false
2 0.033 mode=01 match=04 mask=05 players=2 command=0b22 peer=0000 script=00019f70 flow=00010034 menu=00000000 flags=00 offer=00 header=00/00 choice=0 done=0 selector=1 active=false/false
5 0.083 mode=01 match=04 mask=05 players=2 command=0b22 peer=0000 script=00019f7e flow=00010034 menu=00000000 flags=00 offer=00 header=00/00 choice=0 done=0 selector=1 active=false/false
10 0.167 mode=01 match=04 mask=05 players=2 command=0b22 peer=0000 script=00019f80 flow=00010034 menu=00000000 flags=00 offer=00 header=00/00 choice=0 done=0 selector=1 active=false/false
27 0.451 mode=01 match=04 mask=05 players=2 command=0b22 peer=0000 script=00019f80 flow=00010034 menu=00000000 flags=00 offer=00 header=10/00 choice=0 done=0 selector=1 active=false/false
28 0.467 mode=01 match=04 mask=05 players=2 command=0b22 peer=0000 script=00019f80 flow=00010034 menu=00000000 flags=00 offer=00 header=00/00 choice=0 done=0 selector=1 active=false/false
30 0.501 mode=01 match=04 mask=05 players=2 command=0b22 peer=0000 script=00019f80 flow=00010034 menu=00000000 flags=00 offer=00 header=00/10 choice=0 done=0 selector=1 active=false/false
31 0.517 mode=01 match=04 mask=05 players=2 command=0b22 peer=0000 script=00019f80 flow=00010034 menu=00000000 flags=00 offer=00 header=10/10 choice=0 done=0 selector=1 active=false/false
143 2.386 mode=01 match=04 mask=05 players=2 command=0b22 peer=0000 script=00019f80 flow=00010034 menu=00000000 flags=00 offer=00 header=10/11 choice=0 done=0 selector=1 active=false/false
191 3.187 mode=01 match=04 mask=05 players=2 command=0b22 peer=0000 script=00019f84 flow=00010034 menu=00000000 flags=00 offer=00 header=10/11 choice=0 done=0 selector=1 active=false/false
192 3.204 mode=01 match=04 mask=05 players=2 command=0b22 peer=0000 script=00019f84 flow=00010034 menu=00000000 flags=00 offer=00 header=10/13 choice=0 done=0 selector=1 active=false/false
195 3.254 mode=01 match=04 mask=05 players=2 command=0b22 peer=0000 script=00019f86 flow=00010034 menu=00000000 flags=00 offer=00 header=10/13 choice=0 done=0 selector=1 active=false/false
195 3.255 menu-write pc=00a340 data=0000 mask=ffff oldchoice=0 done=0
195 3.262 menu-write pc=00a340 data=0000 mask=ffff oldchoice=0 done=0
196 3.271 mode=01 match=04 mask=05 players=2 command=0b22 peer=0000 script=00019fc8 flow=00010034 menu=00000000 flags=09 offer=00 header=11/13 choice=0 done=0 selector=1 active=false/false
197 3.288 mode=00 match=04 mask=05 players=2 command=0b22 peer=0000 script=00019ff2 flow=00010034 menu=00000000 flags=09 offer=00 header=11/13 choice=0 done=0 selector=1 active=false/false
198 3.304 mode=00 match=04 mask=05 players=2 command=0b22 peer=0000 script=0001a002 flow=00010034 menu=00000000 flags=09 offer=00 header=11/13 choice=0 done=0 selector=1 active=false/false
199 3.321 mode=00 match=04 mask=05 players=2 command=0b22 peer=0000 script=0001a004 flow=00010034 menu=00000000 flags=09 offer=00 header=11/13 choice=0 done=0 selector=1 active=false/false
200 3.338 mode=00 match=04 mask=05 players=2 command=0b22 peer=0000 script=0001a008 flow=00010034 menu=00000000 flags=09 offer=00 header=11/13 choice=0 done=0 selector=1 active=false/false
208 3.471 mode=00 match=04 mask=05 players=2 command=0b22 peer=0000 script=0001a00a flow=00010034 menu=00000000 flags=09 offer=00 header=11/13 choice=0 done=0 selector=1 active=false/false
208 3.472 menu-write pc=00a340 data=0000 mask=ffff oldchoice=0 done=0
208 3.479 menu-write pc=00a48a data=0000 mask=ffff oldchoice=0 done=0
209 3.488 mode=01 match=04 mask=00 players=0 command=0322 peer=0000 script=0001a39e flow=00010034 menu=000188fc flags=08 offer=00 header=11/13 choice=0 done=0 selector=1 active=false/false
211 3.521 mode=01 match=04 mask=00 players=0 command=0322 peer=0000 script=0001a39e flow=00010034 menu=000189c6 flags=08 offer=00 header=13/13 choice=0 done=0 selector=1 active=false/false
250 4.172 mode=01 match=04 mask=00 players=0 command=0322 peer=0000 script=0001a39e flow=00010034 menu=00018a40 flags=08 offer=00 header=13/13 choice=0 done=0 selector=1 active=false/false
663 11.064 mode=01 match=04 mask=00 players=0 command=4322 peer=0000 script=0001a39e flow=00010034 menu=00018b84 flags=08 offer=00 header=13/13 choice=0 done=0 selector=1 active=false/false
664 11.081 mode=01 match=04 mask=00 players=0 command=4322 peer=0000 script=0001a39e flow=00010034 menu=00018db6 flags=08 offer=00 header=10/10 choice=0 done=0 selector=1 active=false/false
683 11.398 mode=01 match=04 mask=00 players=0 command=4322 peer=0000 script=0001a39e flow=00010034 menu=00018dd8 flags=08 offer=00 header=10/10 choice=0 done=0 selector=1 active=false/false
684 11.415 mode=01 match=04 mask=00 players=0 command=4322 peer=0000 script=0001a39e flow=00010034 menu=00018e08 flags=08 offer=00 header=10/10 choice=0 done=0 selector=1 active=false/false
777 12.967 mode=01 match=04 mask=00 players=0 command=4322 peer=0000 script=0001a39e flow=00010034 menu=00018e08 flags=08 offer=00 header=10/54 choice=0 done=0 selector=1 active=false/false
864 14.419 mode=01 match=04 mask=00 players=0 command=4322 peer=0000 script=0001a39e flow=00010034 menu=00018e0e flags=08 offer=00 header=10/54 choice=0 done=0 selector=1 active=false/false
865 14.435 mode=01 match=04 mask=00 players=0 command=4322 peer=0000 script=0001a39e flow=00010034 menu=00018e40 flags=08 offer=00 header=10/54 choice=0 done=0 selector=1 active=false/false
868 14.488 menu-write pc=00a4f0 data=0000 mask=ffff oldchoice=0 done=0
869 14.502 mode=01 match=04 mask=00 players=0 command=4322 peer=0000 script=0001a39e flow=00010034 menu=00000000 flags=08 offer=00 header=10/54 choice=0 done=0 selector=1 active=false/false
869 14.504 menu-write pc=00a340 data=0000 mask=ffff oldchoice=0 done=0
869 14.512 menu-write pc=00a340 data=0000 mask=ffff oldchoice=0 done=0
870 14.519 mode=01 match=04 mask=00 players=0 command=4322 peer=0000 script=00019fc8 flow=00010034 menu=00000000 flags=09 offer=00 header=11/54 choice=0 done=0 selector=1 active=false/false
871 14.535 mode=00 match=04 mask=00 players=0 command=4322 peer=0000 script=00019ff2 flow=00010034 menu=00000000 flags=09 offer=00 header=11/54 choice=0 done=0 selector=1 active=false/false
872 14.552 mode=00 match=04 mask=00 players=0 command=4322 peer=0000 script=0001a002 flow=00010034 menu=00000000 flags=09 offer=00 header=11/54 choice=0 done=0 selector=1 active=false/false
873 14.569 mode=00 match=04 mask=00 players=0 command=4322 peer=0000 script=0001a004 flow=00010034 menu=00000000 flags=09 offer=00 header=11/54 choice=0 done=0 selector=1 active=false/false
1053 17.573 mode=00 match=04 mask=00 players=0 command=4322 peer=0000 script=0001a008 flow=00010034 menu=00000000 flags=09 offer=00 header=11/54 choice=0 done=0 selector=1 active=false/false
1061 17.706 mode=00 match=04 mask=00 players=0 command=4322 peer=0000 script=0001a00a flow=00010034 menu=00000000 flags=09 offer=00 header=11/54 choice=0 done=0 selector=1 active=false/false
1061 17.707 menu-write pc=00a340 data=0000 mask=ffff oldchoice=0 done=0
1061 17.714 menu-write pc=00a36c data=0000 mask=ffff oldchoice=0 done=0
1062 17.723 mode=00 match=04 mask=00 players=0 command=4322 peer=0000 script=0001f576 flow=00010034 menu=00000000 flags=09 offer=00 header=11/54 choice=0 done=0 selector=1 active=false/false
1063 17.740 mode=00 match=04 mask=00 players=0 command=4322 peer=0000 script=0001f582 flow=00010034 menu=00000000 flags=09 offer=00 header=11/54 choice=0 done=0 selector=1 active=false/false
1129 18.841 B saw A active; delayed coin schedule
1243 20.743 mode=00 match=04 mask=00 players=0 command=4322 peer=0000 script=0001f588 flow=00010034 menu=00000000 flags=09 offer=00 header=11/54 choice=0 done=0 selector=1 active=false/false
1250 20.860 mode=00 match=04 mask=00 players=0 command=4322 peer=0000 script=0001f58a flow=00010034 menu=00000000 flags=09 offer=00 header=11/54 choice=0 done=0 selector=1 active=false/false
1250 20.861 menu-write pc=00a36c data=0000 mask=ffff oldchoice=0 done=0
1250 20.868 menu-write pc=00a36c data=0000 mask=ffff oldchoice=0 done=0
1251 20.877 mode=00 match=04 mask=00 players=0 command=4322 peer=0000 script=0001f5ba flow=00010034 menu=00000000 flags=09 offer=00 header=11/54 choice=0 done=0 selector=1 active=false/false
1275 21.277 mode=00 match=04 mask=00 players=0 command=4322 peer=0000 script=0001f5c6 flow=00010034 menu=00000000 flags=09 offer=00 header=11/54 choice=0 done=0 selector=1 active=false/false
1276 21.294 mode=00 match=04 mask=00 players=0 command=4322 peer=0000 script=0001f5c8 flow=00010034 menu=00000000 flags=09 offer=00 header=11/54 choice=0 done=0 selector=1 active=false/false
1277 21.311 mode=00 match=04 mask=00 players=0 command=4322 peer=0000 script=0001f5da flow=00010034 menu=00000000 flags=09 offer=00 header=11/54 choice=0 done=0 selector=1 active=false/false
1309 21.845 input :SERVICE Coin 1
1324 22.095 input :SERVICE Coin 1
1339 22.345 input :SERVICE Coin 1
1354 22.596 input :SERVICE Coin 1
1399 23.347 input :SERVICE 1 Player Start
1402 23.397 mode=00 match=04 mask=00 players=0 command=4322 peer=0000 script=0001f5e0 flow=00010034 menu=00000000 flags=09 offer=00 header=11/54 choice=0 done=0 selector=1 active=false/false
1409 23.514 mode=00 match=04 mask=00 players=0 command=4322 peer=0000 script=0001f5e2 flow=00010034 menu=00000000 flags=09 offer=00 header=11/54 choice=0 done=0 selector=1 active=false/false
1409 23.516 menu-write pc=00a36c data=0000 mask=ffff oldchoice=0 done=0
1409 23.524 menu-write pc=00a340 data=0000 mask=ffff oldchoice=0 done=0
1410 23.530 mode=00 match=04 mask=00 players=0 command=4322 peer=0000 script=0001a034 flow=00010034 menu=00000000 flags=09 offer=00 header=11/54 choice=0 done=0 selector=1 active=false/false
1410 23.532 menu-write pc=00a340 data=0000 mask=ffff oldchoice=0 done=0
1410 23.541 menu-write pc=00a340 data=0000 mask=ffff oldchoice=0 done=0
1411 23.547 mode=00 match=04 mask=00 players=0 command=4322 peer=0000 script=0001a0ac flow=00019a38 menu=00000000 flags=09 offer=00 header=10/54 choice=0 done=0 selector=0 active=false/false
1411 23.558 menu-write pc=00a48a data=0000 mask=ffff oldchoice=0 done=0
1412 23.564 mode=00 match=04 mask=00 players=0 command=4322 peer=0000 script=0001a0ac flow=00019a50 menu=00019b8e flags=09 offer=00 header=10/54 choice=0 done=0 selector=0 active=false/false
1427 23.814 invitation ready choice=yes_timeout
1427 23.814 mode=00 match=04 mask=00 players=0 command=4322 peer=0000 script=0001a0ac flow=00019a50 menu=00019c6e flags=09 offer=00 header=10/54 choice=0 done=0 selector=0 active=false/false
1439 24.014 input :P1 P1 Down
1440 24.032 menu-write pc=019cbe data=0101 mask=ff00 oldchoice=0 done=0
1441 24.048 mode=00 match=04 mask=00 players=0 command=4322 peer=0000 script=0001a0ac flow=00019a50 menu=00019c6e flags=09 offer=00 header=10/54 choice=1 done=0 selector=0 active=false/false
1748 29.172 menu-write pc=019c9a data=0101 mask=00ff oldchoice=1 done=0
1749 29.188 mode=00 match=04 mask=00 players=0 command=4322 peer=0000 script=0001a0ac flow=00019a50 menu=00019d84 flags=09 offer=00 header=10/54 choice=1 done=1 selector=0 active=false/false
1750 29.204 mode=00 match=04 mask=01 players=1 command=4322 peer=0000 script=0001a0ac flow=00019768 menu=00019d84 flags=09 offer=00 header=10/54 choice=1 done=1 selector=0 active=false/false
1751 29.221 mode=00 match=04 mask=01 players=1 command=0122 peer=0000 script=0001a0ac flow=0001978c menu=00019d84 flags=09 offer=00 header=90/54 choice=1 done=1 selector=0 active=false/false
1757 29.321 mode=00 match=04 mask=01 players=1 command=0122 peer=9122 script=0001a0ac flow=0001978c menu=00019d84 flags=09 offer=00 header=90/54 choice=1 done=1 selector=0 active=false/false
1758 29.338 mode=00 match=04 mask=01 players=1 command=2101 peer=9122 script=0001a0ac flow=00019840 menu=00019d84 flags=09 offer=00 header=90/54 choice=1 done=1 selector=0 active=false/false
1764 29.438 mode=00 match=04 mask=01 players=1 command=2101 peer=8122 script=0001a0ac flow=00019840 menu=00019d84 flags=09 offer=00 header=90/54 choice=1 done=1 selector=0 active=false/false
1765 29.455 mode=00 match=04 mask=01 players=1 command=2101 peer=8122 script=0001a0ac flow=00019872 menu=00019d84 flags=09 offer=00 header=90/54 choice=1 done=1 selector=0 active=false/false
1800 30.039 input :P1 P1 Button 1
1800 30.039 input :P2 P2 Button 1
1847 30.823 input :SERVICE 2 Players Start
1852 30.906 mode=00 match=04 mask=01 players=1 command=2101 peer=0102 script=0001a0ac flow=00019872 menu=00019d84 flags=09 offer=00 header=90/54 choice=1 done=1 selector=0 active=false/false
1853 30.923 mode=00 match=04 mask=01 players=1 command=2101 peer=0102 script=0001a7e6 flow=00010072 menu=00019d84 flags=82 offer=00 header=54/54 choice=1 done=1 selector=0 active=false/false
1869 31.190 mode=00 match=04 mask=01 players=1 command=2101 peer=0102 script=0001a7e8 flow=00010072 menu=00019d84 flags=82 offer=00 header=54/54 choice=1 done=1 selector=0 active=false/false
1869 31.191 menu-write pc=00a48a data=0000 mask=ffff oldchoice=1 done=1
1870 31.207 mode=01 match=04 mask=01 players=1 command=0301 peer=0102 script=0001a842 flow=00010072 menu=000188fc flags=02 offer=00 header=54/54 choice=0 done=0 selector=0 active=false/false
1871 31.224 mode=01 match=04 mask=01 players=1 command=0301 peer=0102 script=0001a842 flow=00010072 menu=000189c6 flags=02 offer=00 header=56/54 choice=0 done=0 selector=0 active=false/false
1878 31.340 mode=01 match=04 mask=01 players=1 command=0301 peer=0102 script=0001a842 flow=00010072 menu=000189c6 flags=02 offer=00 header=56/56 choice=0 done=0 selector=0 active=false/false
1890 31.541 input :P1 P1 Button 1
1890 31.541 input :P2 P2 Button 1
1907 31.824 input :SERVICE 2 Players Start
1913 31.924 mode=01 match=04 mask=01 players=1 command=0301 peer=0102 script=0001a842 flow=00010072 menu=00018a40 flags=02 offer=00 header=56/56 choice=0 done=0 selector=0 active=false/false
1914 31.941 mode=01 match=04 mask=01 players=1 command=1301 peer=0102 script=0001a842 flow=00010072 menu=00018a40 flags=02 offer=00 header=56/56 choice=0 done=0 selector=0 active=false/false
1967 32.826 input :SERVICE 2 Players Start
1969 32.859 mode=01 match=04 mask=03 players=2 command=1301 peer=0102 script=0001a842 flow=00010072 menu=00018a40 flags=02 offer=00 header=56/56 choice=0 done=0 selector=0 active=false/false
1970 32.876 mode=01 match=04 mask=03 players=2 command=7301 peer=0102 script=0001a842 flow=00010072 menu=00018b84 flags=02 offer=00 header=56/56 choice=0 done=0 selector=0 active=false/false
1970 32.878 recruit-peer-read pc=018bda data=3302 mask=ff00 localmask=03
1971 32.892 mode=01 match=04 mask=03 players=4 command=7301 peer=0102 script=0001a842 flow=00010072 menu=00018bfc flags=02 offer=00 header=56/56 choice=0 done=0 selector=0 active=false/false
1971 32.895 menu-write pc=018c42 data=0078 mask=ffff oldchoice=0 done=0
1972 32.909 mode=01 match=04 mask=03 players=4 command=8334 peer=0102 script=0001a842 flow=00010072 menu=00018c48 flags=02 offer=00 header=56/56 choice=0 done=120 selector=0 active=false/false
1972 32.911 menu-write pc=018c4e data=ffff mask=ff00 oldchoice=0 done=120
1973 32.926 mode=01 match=04 mask=03 players=4 command=8334 peer=0102 script=0001a842 flow=00010072 menu=00018c48 flags=02 offer=00 header=56/56 choice=255 done=120 selector=0 active=false/false
1973 32.928 menu-write pc=018c4e data=fefe mask=ff00 oldchoice=255 done=120
1974 32.942 mode=01 match=04 mask=03 players=4 command=8334 peer=0102 script=0001a842 flow=00010072 menu=00018c48 flags=02 offer=00 header=56/56 choice=254 done=120 selector=0 active=false/false
1974 32.945 menu-write pc=018c4e data=fdfd mask=ff00 oldchoice=254 done=120
1975 32.959 mode=01 match=04 mask=03 players=4 command=8334 peer=0102 script=0001a842 flow=00010072 menu=00018c48 flags=02 offer=00 header=56/56 choice=253 done=120 selector=0 active=false/false
1975 32.961 menu-write pc=018c4e data=fcfc mask=ff00 oldchoice=253 done=120
1976 32.976 mode=01 match=04 mask=03 players=4 command=8334 peer=0102 script=0001a842 flow=00010072 menu=00018c48 flags=02 offer=00 header=56/56 choice=252 done=120 selector=0 active=false/false
1976 32.978 menu-write pc=018c4e data=fbfb mask=ff00 oldchoice=252 done=120
1977 32.992 mode=01 match=04 mask=03 players=4 command=8334 peer=0102 script=0001a842 flow=00010072 menu=00018c48 flags=02 offer=00 header=56/54 choice=251 done=120 selector=0 active=false/false
1977 32.995 menu-write pc=018c4e data=fafa mask=ff00 oldchoice=251 done=120
1978 33.009 mode=01 match=04 mask=03 players=4 command=8334 peer=0102 script=0001a842 flow=00010072 menu=00018c48 flags=02 offer=00 header=56/54 choice=250 done=120 selector=0 active=false/false
1978 33.011 menu-write pc=018c4e data=f9f9 mask=ff00 oldchoice=250 done=120
1979 33.026 mode=01 match=04 mask=03 players=4 command=8334 peer=0102 script=0001a842 flow=00010072 menu=00018c48 flags=02 offer=00 header=56/54 choice=249 done=120 selector=0 active=false/false
1979 33.028 menu-write pc=018c4e data=f8f8 mask=ff00 oldchoice=249 done=120
1980 33.043 input :P1 P1 Button 1
1980 33.043 input :P2 P2 Button 1
1980 33.043 mode=01 match=04 mask=03 players=4 command=8334 peer=0102 script=0001a842 flow=00010072 menu=00018c48 flags=02 offer=00 header=56/54 choice=248 done=120 selector=0 active=false/false
1980 33.045 menu-write pc=018c4e data=f7f7 mask=ff00 oldchoice=248 done=120
1981 33.059 mode=01 match=04 mask=03 players=4 command=8334 peer=0102 script=0001a842 flow=00010072 menu=00018c48 flags=02 offer=00 header=56/54 choice=247 done=120 selector=0 active=false/false
1981 33.061 menu-write pc=018c4e data=f6f6 mask=ff00 oldchoice=247 done=120
1982 33.076 mode=01 match=04 mask=03 players=4 command=8334 peer=0102 script=0001a842 flow=00010072 menu=00018c48 flags=02 offer=00 header=56/54 choice=246 done=120 selector=0 active=false/false
1982 33.078 menu-write pc=018c4e data=f5f5 mask=ff00 oldchoice=246 done=120
1983 33.093 mode=01 match=04 mask=03 players=4 command=8334 peer=0102 script=0001a842 flow=00010072 menu=00018c48 flags=02 offer=00 header=56/54 choice=245 done=120 selector=0 active=false/false
1983 33.095 menu-write pc=018c4e data=f4f4 mask=ff00 oldchoice=245 done=120
1984 33.109 mode=01 match=04 mask=03 players=4 command=8334 peer=0102 script=0001a842 flow=00010072 menu=00018c48 flags=02 offer=00 header=56/54 choice=244 done=120 selector=0 active=false/false
1984 33.112 menu-write pc=018c4e data=f3f3 mask=ff00 oldchoice=244 done=120
1985 33.126 mode=01 match=04 mask=03 players=4 command=8334 peer=0102 script=0001a842 flow=00010072 menu=00018c48 flags=02 offer=00 header=56/54 choice=243 done=120 selector=0 active=false/false
1985 33.128 menu-write pc=018c4e data=f2f2 mask=ff00 oldchoice=243 done=120
1986 33.143 mode=01 match=04 mask=03 players=4 command=8334 peer=0102 script=0001a842 flow=00010072 menu=00018c48 flags=02 offer=00 header=56/54 choice=242 done=120 selector=0 active=false/false
1986 33.145 menu-write pc=018c4e data=f1f1 mask=ff00 oldchoice=242 done=120
1987 33.159 mode=01 match=04 mask=03 players=4 command=8334 peer=0102 script=0001a842 flow=00010072 menu=00018c48 flags=02 offer=00 header=56/54 choice=241 done=120 selector=0 active=false/false
1987 33.162 menu-write pc=018c4e data=f0f0 mask=ff00 oldchoice=241 done=120
1988 33.176 mode=01 match=04 mask=03 players=4 command=8334 peer=0102 script=0001a842 flow=00010072 menu=00018c48 flags=02 offer=00 header=56/54 choice=240 done=120 selector=0 active=false/false
1988 33.180 menu-write pc=018c4e data=efef mask=ff00 oldchoice=240 done=120
1989 33.193 mode=01 match=04 mask=03 players=4 command=8334 peer=0102 script=0001a842 flow=00010072 menu=00018c48 flags=02 offer=00 header=56/54 choice=239 done=120 selector=0 active=false/false
1989 33.195 menu-write pc=018c4e data=eeee mask=ff00 oldchoice=239 done=120
1990 33.209 mode=01 match=04 mask=03 players=4 command=8334 peer=0102 script=0001a842 flow=00010072 menu=00018c48 flags=02 offer=00 header=56/54 choice=238 done=120 selector=0 active=false/false
1990 33.212 menu-write pc=018c4e data=eded mask=ff00 oldchoice=238 done=120
1991 33.226 mode=01 match=04 mask=03 players=4 command=8334 peer=0102 script=0001a842 flow=00010072 menu=00018c48 flags=02 offer=00 header=56/54 choice=237 done=120 selector=0 active=false/false
1991 33.228 menu-write pc=018c4e data=ecec mask=ff00 oldchoice=237 done=120
1992 33.243 mode=01 match=04 mask=03 players=4 command=8334 peer=0102 script=0001a842 flow=00010072 menu=00018c48 flags=02 offer=00 header=56/54 choice=236 done=120 selector=0 active=false/false
1992 33.245 menu-write pc=018c4e data=ebeb mask=ff00 oldchoice=236 done=120
1993 33.259 mode=01 match=04 mask=03 players=4 command=8334 peer=0102 script=0001a842 flow=00010072 menu=00018c48 flags=02 offer=00 header=56/54 choice=235 done=120 selector=0 active=false/false
1993 33.262 menu-write pc=018c4e data=eaea mask=ff00 oldchoice=235 done=120
1994 33.276 mode=01 match=04 mask=03 players=4 command=8334 peer=0102 script=0001a842 flow=00010072 menu=00018c48 flags=02 offer=00 header=56/54 choice=234 done=120 selector=0 active=false/false
1994 33.278 menu-write pc=018c4e data=e9e9 mask=ff00 oldchoice=234 done=120
1995 33.293 mode=01 match=04 mask=03 players=4 command=8334 peer=0102 script=0001a842 flow=00010072 menu=00018c48 flags=02 offer=00 header=56/54 choice=233 done=120 selector=0 active=false/false
1995 33.295 menu-write pc=018c4e data=e8e8 mask=ff00 oldchoice=233 done=120
1996 33.310 mode=01 match=04 mask=03 players=4 command=8334 peer=0102 script=0001a842 flow=00010072 menu=00018c48 flags=02 offer=00 header=56/54 choice=232 done=120 selector=0 active=false/false
1996 33.312 menu-write pc=018c4e data=e7e7 mask=ff00 oldchoice=232 done=120
1997 33.326 mode=01 match=04 mask=03 players=4 command=8334 peer=0102 script=0001a842 flow=00010072 menu=00018c48 flags=02 offer=00 header=56/54 choice=231 done=120 selector=0 active=false/false
1997 33.329 menu-write pc=018c4e data=e6e6 mask=ff00 oldchoice=231 done=120
1998 33.343 mode=01 match=04 mask=03 players=4 command=8334 peer=0102 script=0001a842 flow=00010072 menu=00018c48 flags=02 offer=00 header=56/54 choice=230 done=120 selector=0 active=false/false
1998 33.348 menu-write pc=018c4e data=e5e5 mask=ff00 oldchoice=230 done=120
1999 33.360 mode=01 match=04 mask=03 players=4 command=8334 peer=0102 script=0001a842 flow=00010072 menu=00018c48 flags=02 offer=00 header=56/54 choice=229 done=120 selector=0 active=false/false
1999 33.362 menu-write pc=018c4e data=e4e4 mask=ff00 oldchoice=229 done=120
2000 33.376 mode=01 match=04 mask=03 players=4 command=8334 peer=0102 script=0001a842 flow=00010072 menu=00018c48 flags=02 offer=00 header=56/54 choice=228 done=120 selector=0 active=false/false
2000 33.379 menu-write pc=018c4e data=e3e3 mask=ff00 oldchoice=228 done=120
2001 33.393 mode=01 match=04 mask=03 players=4 command=8334 peer=0102 script=0001a842 flow=00010072 menu=00018c48 flags=02 offer=00 header=56/54 choice=227 done=120 selector=0 active=false/false
2001 33.395 menu-write pc=018c4e data=e2e2 mask=ff00 oldchoice=227 done=120
2002 33.410 mode=01 match=04 mask=03 players=4 command=8334 peer=0102 script=0001a842 flow=00010072 menu=00018c48 flags=02 offer=00 header=56/54 choice=226 done=120 selector=0 active=false/false
2002 33.412 menu-write pc=018c4e data=e1e1 mask=ff00 oldchoice=226 done=120
2003 33.426 mode=01 match=04 mask=03 players=4 command=8334 peer=0102 script=0001a842 flow=00010072 menu=00018c48 flags=02 offer=00 header=56/54 choice=225 done=120 selector=0 active=false/false
2003 33.429 menu-write pc=018c4e data=e0e0 mask=ff00 oldchoice=225 done=120
2004 33.443 mode=01 match=04 mask=03 players=4 command=8334 peer=0102 script=0001a842 flow=00010072 menu=00018c48 flags=02 offer=00 header=56/54 choice=224 done=120 selector=0 active=false/false
2004 33.445 menu-write pc=018c4e data=dfdf mask=ff00 oldchoice=224 done=120
2005 33.460 mode=01 match=04 mask=03 players=4 command=8334 peer=0102 script=0001a842 flow=00010072 menu=00018c48 flags=02 offer=00 header=56/54 choice=223 done=120 selector=0 active=false/false
2005 33.462 menu-write pc=018c4e data=dede mask=ff00 oldchoice=223 done=120
2006 33.476 mode=01 match=04 mask=03 players=4 command=8334 peer=0102 script=0001a842 flow=00010072 menu=00018c48 flags=02 offer=00 header=56/54 choice=222 done=120 selector=0 active=false/false
2006 33.479 menu-write pc=018c4e data=dddd mask=ff00 oldchoice=222 done=120
2007 33.493 mode=01 match=04 mask=03 players=4 command=8334 peer=0102 script=0001a842 flow=00010072 menu=00018c48 flags=02 offer=00 header=56/54 choice=221 done=120 selector=0 active=false/false
2007 33.495 menu-write pc=018c4e data=dcdc mask=ff00 oldchoice=221 done=120
2008 33.510 mode=01 match=04 mask=03 players=4 command=8334 peer=0102 script=0001a842 flow=00010072 menu=00018c48 flags=02 offer=00 header=56/54 choice=220 done=120 selector=0 active=false/false
2008 33.512 menu-write pc=018c4e data=dbdb mask=ff00 oldchoice=220 done=120
2009 33.527 mode=01 match=04 mask=03 players=4 command=8334 peer=0102 script=0001a842 flow=00010072 menu=00018c48 flags=02 offer=00 header=56/54 choice=219 done=120 selector=0 active=false/false
2009 33.529 menu-write pc=018c4e data=dada mask=ff00 oldchoice=219 done=120
2010 33.543 mode=01 match=04 mask=03 players=4 command=8334 peer=0102 script=0001a842 flow=00010072 menu=00018c48 flags=02 offer=00 header=56/54 choice=218 done=120 selector=0 active=false/false
2010 33.545 menu-write pc=018c4e data=d9d9 mask=ff00 oldchoice=218 done=120
2011 33.560 mode=01 match=04 mask=03 players=4 command=8334 peer=0102 script=0001a842 flow=00010072 menu=00018c48 flags=02 offer=00 header=56/54 choice=217 done=120 selector=0 active=false/false
2011 33.562 menu-write pc=018c4e data=d8d8 mask=ff00 oldchoice=217 done=120
2012 33.577 mode=01 match=04 mask=03 players=4 command=8334 peer=0102 script=0001a842 flow=00010072 menu=00018c48 flags=02 offer=00 header=56/54 choice=216 done=120 selector=0 active=false/false
2012 33.579 menu-write pc=018c4e data=d7d7 mask=ff00 oldchoice=216 done=120
2013 33.593 mode=01 match=04 mask=03 players=4 command=8334 peer=0102 script=0001a842 flow=00010072 menu=00018c48 flags=02 offer=00 header=56/54 choice=215 done=120 selector=0 active=false/false
2013 33.595 menu-write pc=018c4e data=d6d6 mask=ff00 oldchoice=215 done=120
2014 33.610 mode=01 match=04 mask=03 players=4 command=8334 peer=0102 script=0001a842 flow=00010072 menu=00018c48 flags=02 offer=00 header=56/54 choice=214 done=120 selector=0 active=false/false
2014 33.612 menu-write pc=018c4e data=d5d5 mask=ff00 oldchoice=214 done=120
2015 33.627 mode=01 match=04 mask=03 players=4 command=8334 peer=0102 script=0001a842 flow=00010072 menu=00018c48 flags=02 offer=00 header=56/54 choice=213 done=120 selector=0 active=false/false
2015 33.629 menu-write pc=018c4e data=d4d4 mask=ff00 oldchoice=213 done=120
2016 33.643 mode=01 match=04 mask=03 players=4 command=8334 peer=0102 script=0001a842 flow=00010072 menu=00018c48 flags=02 offer=00 header=56/54 choice=212 done=120 selector=0 active=false/false
2016 33.645 menu-write pc=018c4e data=d3d3 mask=ff00 oldchoice=212 done=120
2017 33.660 mode=01 match=04 mask=03 players=4 command=8334 peer=0102 script=0001a842 flow=00010072 menu=00018c48 flags=02 offer=00 header=56/54 choice=211 done=120 selector=0 active=false/false
2017 33.664 menu-write pc=018c4e data=d2d2 mask=ff00 oldchoice=211 done=120
2018 33.677 mode=01 match=04 mask=03 players=4 command=8334 peer=0102 script=0001a842 flow=00010072 menu=00018c48 flags=02 offer=00 header=56/54 choice=210 done=120 selector=0 active=false/false
2018 33.679 menu-write pc=018c4e data=d1d1 mask=ff00 oldchoice=210 done=120
2019 33.693 mode=01 match=04 mask=03 players=4 command=8334 peer=0102 script=0001a842 flow=00010072 menu=00018c48 flags=02 offer=00 header=56/54 choice=209 done=120 selector=0 active=false/false
2019 33.696 menu-write pc=018c4e data=d0d0 mask=ff00 oldchoice=209 done=120
2020 33.710 mode=01 match=04 mask=03 players=4 command=8334 peer=0102 script=0001a842 flow=00010072 menu=00018c48 flags=02 offer=00 header=56/54 choice=208 done=120 selector=0 active=false/false
2020 33.712 menu-write pc=018c4e data=cfcf mask=ff00 oldchoice=208 done=120
2021 33.727 mode=01 match=04 mask=03 players=4 command=8334 peer=0102 script=0001a842 flow=00010072 menu=00018c48 flags=02 offer=00 header=56/54 choice=207 done=120 selector=0 active=false/false
2021 33.729 menu-write pc=018c4e data=cece mask=ff00 oldchoice=207 done=120
2022 33.743 mode=01 match=04 mask=03 players=4 command=8334 peer=0102 script=0001a842 flow=00010072 menu=00018c48 flags=02 offer=00 header=56/54 choice=206 done=120 selector=0 active=false/false
2022 33.746 menu-write pc=018c4e data=cdcd mask=ff00 oldchoice=206 done=120
2023 33.760 mode=01 match=04 mask=03 players=4 command=8334 peer=0102 script=0001a842 flow=00010072 menu=00018c48 flags=02 offer=00 header=56/54 choice=205 done=120 selector=0 active=false/false
2023 33.762 menu-write pc=018c4e data=cccc mask=ff00 oldchoice=205 done=120
2024 33.777 mode=01 match=04 mask=03 players=4 command=8334 peer=0102 script=0001a842 flow=00010072 menu=00018c48 flags=02 offer=00 header=56/54 choice=204 done=120 selector=0 active=false/false
2024 33.779 menu-write pc=018c4e data=cbcb mask=ff00 oldchoice=204 done=120
2025 33.794 mode=01 match=04 mask=03 players=4 command=8334 peer=0102 script=0001a842 flow=00010072 menu=00018c48 flags=02 offer=00 header=56/54 choice=203 done=120 selector=0 active=false/false
2025 33.796 menu-write pc=018c4e data=caca mask=ff00 oldchoice=203 done=120
2026 33.810 mode=01 match=04 mask=03 players=4 command=8334 peer=0102 script=0001a842 flow=00010072 menu=00018c48 flags=02 offer=00 header=56/54 choice=202 done=120 selector=0 active=false/false
2026 33.814 menu-write pc=018c4e data=c9c9 mask=ff00 oldchoice=202 done=120
2027 33.827 mode=01 match=04 mask=03 players=4 command=8334 peer=0102 script=0001a842 flow=00010072 menu=00018c48 flags=02 offer=00 header=56/54 choice=201 done=120 selector=0 active=false/false
2027 33.829 menu-write pc=018c4e data=c8c8 mask=ff00 oldchoice=201 done=120
2028 33.844 mode=01 match=04 mask=03 players=4 command=8334 peer=0102 script=0001a842 flow=00010072 menu=00018c48 flags=02 offer=00 header=56/54 choice=200 done=120 selector=0 active=false/false
2028 33.846 menu-write pc=018c4e data=c7c7 mask=ff00 oldchoice=200 done=120
2029 33.860 mode=01 match=04 mask=03 players=4 command=8334 peer=0102 script=0001a842 flow=00010072 menu=00018c48 flags=02 offer=00 header=56/54 choice=199 done=120 selector=0 active=false/false
2029 33.863 menu-write pc=018c4e data=c6c6 mask=ff00 oldchoice=199 done=120
2030 33.877 mode=01 match=04 mask=03 players=4 command=8334 peer=0102 script=0001a842 flow=00010072 menu=00018c48 flags=02 offer=00 header=56/54 choice=198 done=120 selector=0 active=false/false
2030 33.879 menu-write pc=018c4e data=c5c5 mask=ff00 oldchoice=198 done=120
2031 33.894 mode=01 match=04 mask=03 players=4 command=8334 peer=0102 script=0001a842 flow=00010072 menu=00018c48 flags=02 offer=00 header=56/54 choice=197 done=120 selector=0 active=false/false
2031 33.896 menu-write pc=018c4e data=c4c4 mask=ff00 oldchoice=197 done=120
2032 33.910 mode=01 match=04 mask=03 players=4 command=8334 peer=0102 script=0001a842 flow=00010072 menu=00018c48 flags=02 offer=00 header=56/54 choice=196 done=120 selector=0 active=false/false
2032 33.913 menu-write pc=018c4e data=c3c3 mask=ff00 oldchoice=196 done=120
2033 33.927 mode=01 match=04 mask=03 players=4 command=8334 peer=0102 script=0001a842 flow=00010072 menu=00018c48 flags=02 offer=00 header=56/54 choice=195 done=120 selector=0 active=false/false
2033 33.930 menu-write pc=018c4e data=c2c2 mask=ff00 oldchoice=195 done=120
2034 33.944 mode=01 match=04 mask=03 players=4 command=8334 peer=0102 script=0001a842 flow=00010072 menu=00018c48 flags=02 offer=00 header=56/54 choice=194 done=120 selector=0 active=false/false
2034 33.946 menu-write pc=018c4e data=c1c1 mask=ff00 oldchoice=194 done=120
2035 33.960 mode=01 match=04 mask=03 players=4 command=8334 peer=0102 script=0001a842 flow=00010072 menu=00018c48 flags=02 offer=00 header=56/54 choice=193 done=120 selector=0 active=false/false
2035 33.963 menu-write pc=018c4e data=c0c0 mask=ff00 oldchoice=193 done=120
2036 33.977 mode=01 match=04 mask=03 players=4 command=8334 peer=0102 script=0001a842 flow=00010072 menu=00018c48 flags=02 offer=00 header=56/54 choice=192 done=120 selector=0 active=false/false
2036 33.980 menu-write pc=018c4e data=bfbf mask=ff00 oldchoice=192 done=120
2037 33.994 mode=01 match=04 mask=03 players=4 command=8334 peer=0102 script=0001a842 flow=00010072 menu=00018c48 flags=02 offer=00 header=56/54 choice=191 done=120 selector=0 active=false/false
2037 33.996 menu-write pc=018c4e data=bebe mask=ff00 oldchoice=191 done=120
2038 34.010 mode=01 match=04 mask=03 players=4 command=8334 peer=0102 script=0001a842 flow=00010072 menu=00018c48 flags=02 offer=00 header=56/54 choice=190 done=120 selector=0 active=false/false
2038 34.013 menu-write pc=018c4e data=bdbd mask=ff00 oldchoice=190 done=120
2039 34.027 mode=01 match=04 mask=03 players=4 command=8334 peer=0102 script=0001a842 flow=00010072 menu=00018c48 flags=02 offer=00 header=56/54 choice=189 done=120 selector=0 active=false/false
2039 34.030 menu-write pc=018c4e data=bcbc mask=ff00 oldchoice=189 done=120
2040 34.044 mode=01 match=04 mask=03 players=4 command=8334 peer=0102 script=0001a842 flow=00010072 menu=00018c48 flags=02 offer=00 header=56/54 choice=188 done=120 selector=0 active=false/false
2040 34.046 menu-write pc=018c4e data=bbbb mask=ff00 oldchoice=188 done=120
2041 34.061 mode=01 match=04 mask=03 players=4 command=8334 peer=0102 script=0001a842 flow=00010072 menu=00018c48 flags=02 offer=00 header=56/54 choice=187 done=120 selector=0 active=false/false
2041 34.063 menu-write pc=018c4e data=baba mask=ff00 oldchoice=187 done=120
2042 34.077 mode=01 match=04 mask=03 players=4 command=8334 peer=0102 script=0001a842 flow=00010072 menu=00018c48 flags=02 offer=00 header=56/54 choice=186 done=120 selector=0 active=false/false
2042 34.080 menu-write pc=018c4e data=b9b9 mask=ff00 oldchoice=186 done=120
2043 34.094 mode=01 match=04 mask=03 players=4 command=8334 peer=0102 script=0001a842 flow=00010072 menu=00018c48 flags=02 offer=00 header=56/54 choice=185 done=120 selector=0 active=false/false
2043 34.096 menu-write pc=018c4e data=b8b8 mask=ff00 oldchoice=185 done=120
2044 34.111 mode=01 match=04 mask=03 players=4 command=8334 peer=0102 script=0001a842 flow=00010072 menu=00018c48 flags=02 offer=00 header=56/54 choice=184 done=120 selector=0 active=false/false
2044 34.113 menu-write pc=018c4e data=b7b7 mask=ff00 oldchoice=184 done=120
2045 34.127 mode=01 match=04 mask=03 players=4 command=8334 peer=0102 script=0001a842 flow=00010072 menu=00018c48 flags=02 offer=00 header=56/54 choice=183 done=120 selector=0 active=false/false
2045 34.131 menu-write pc=018c4e data=b6b6 mask=ff00 oldchoice=183 done=120
2046 34.144 mode=01 match=04 mask=03 players=4 command=8334 peer=0102 script=0001a842 flow=00010072 menu=00018c48 flags=02 offer=00 header=56/54 choice=182 done=120 selector=0 active=false/false
2046 34.146 menu-write pc=018c4e data=b5b5 mask=ff00 oldchoice=182 done=120
2047 34.161 mode=01 match=04 mask=03 players=4 command=8334 peer=0102 script=0001a842 flow=00010072 menu=00018c48 flags=02 offer=00 header=56/54 choice=181 done=120 selector=0 active=false/false
2047 34.163 menu-write pc=018c4e data=b4b4 mask=ff00 oldchoice=181 done=120
2048 34.177 mode=01 match=04 mask=03 players=4 command=8334 peer=0102 script=0001a842 flow=00010072 menu=00018c48 flags=02 offer=00 header=56/54 choice=180 done=120 selector=0 active=false/false
2048 34.180 menu-write pc=018c4e data=b3b3 mask=ff00 oldchoice=180 done=120
2049 34.194 mode=01 match=04 mask=03 players=4 command=8334 peer=0102 script=0001a842 flow=00010072 menu=00018c48 flags=02 offer=00 header=56/54 choice=179 done=120 selector=0 active=false/false
2049 34.196 menu-write pc=018c4e data=b2b2 mask=ff00 oldchoice=179 done=120
2050 34.211 mode=01 match=04 mask=03 players=4 command=8334 peer=0102 script=0001a842 flow=00010072 menu=00018c48 flags=02 offer=00 header=56/54 choice=178 done=120 selector=0 active=false/false
2050 34.213 menu-write pc=018c4e data=b1b1 mask=ff00 oldchoice=178 done=120
2051 34.227 mode=01 match=04 mask=03 players=4 command=8334 peer=0102 script=0001a842 flow=00010072 menu=00018c48 flags=02 offer=00 header=56/54 choice=177 done=120 selector=0 active=false/false
2051 34.230 menu-write pc=018c4e data=b0b0 mask=ff00 oldchoice=177 done=120
2052 34.244 mode=01 match=04 mask=03 players=4 command=8334 peer=0102 script=0001a842 flow=00010072 menu=00018c48 flags=02 offer=00 header=56/54 choice=176 done=120 selector=0 active=false/false
2052 34.247 menu-write pc=018c4e data=afaf mask=ff00 oldchoice=176 done=120
2053 34.261 mode=01 match=04 mask=03 players=4 command=8334 peer=0102 script=0001a842 flow=00010072 menu=00018c48 flags=02 offer=00 header=56/54 choice=175 done=120 selector=0 active=false/false
2053 34.263 menu-write pc=018c4e data=aeae mask=ff00 oldchoice=175 done=120
2054 34.277 mode=01 match=04 mask=03 players=4 command=8334 peer=0102 script=0001a842 flow=00010072 menu=00018c48 flags=02 offer=00 header=56/54 choice=174 done=120 selector=0 active=false/false
2054 34.280 menu-write pc=018c4e data=adad mask=ff00 oldchoice=174 done=120
2055 34.294 mode=01 match=04 mask=03 players=4 command=8334 peer=0102 script=0001a842 flow=00010072 menu=00018c48 flags=02 offer=00 header=56/54 choice=173 done=120 selector=0 active=false/false
2055 34.299 menu-write pc=018c4e data=acac mask=ff00 oldchoice=173 done=120
2056 34.311 mode=01 match=04 mask=03 players=4 command=8334 peer=0102 script=0001a842 flow=00010072 menu=00018c48 flags=02 offer=00 header=56/54 choice=172 done=120 selector=0 active=false/false
2056 34.313 menu-write pc=018c4e data=abab mask=ff00 oldchoice=172 done=120
2057 34.328 mode=01 match=04 mask=03 players=4 command=8334 peer=0102 script=0001a842 flow=00010072 menu=00018c48 flags=02 offer=00 header=56/54 choice=171 done=120 selector=0 active=false/false
2057 34.330 menu-write pc=018c4e data=aaaa mask=ff00 oldchoice=171 done=120
2058 34.344 mode=01 match=04 mask=03 players=4 command=8334 peer=0102 script=0001a842 flow=00010072 menu=00018c48 flags=02 offer=00 header=56/54 choice=170 done=120 selector=0 active=false/false
2058 34.347 menu-write pc=018c4e data=a9a9 mask=ff00 oldchoice=170 done=120
2059 34.361 mode=01 match=04 mask=03 players=4 command=8334 peer=0102 script=0001a842 flow=00010072 menu=00018c48 flags=02 offer=00 header=56/54 choice=169 done=120 selector=0 active=false/false
2059 34.363 menu-write pc=018c4e data=a8a8 mask=ff00 oldchoice=169 done=120
2060 34.378 mode=01 match=04 mask=03 players=4 command=8334 peer=0102 script=0001a842 flow=00010072 menu=00018c48 flags=02 offer=00 header=56/54 choice=168 done=120 selector=0 active=false/false
2060 34.380 menu-write pc=018c4e data=a7a7 mask=ff00 oldchoice=168 done=120
2061 34.394 mode=01 match=04 mask=03 players=4 command=8334 peer=0102 script=0001a842 flow=00010072 menu=00018c48 flags=02 offer=00 header=56/54 choice=167 done=120 selector=0 active=false/false
2061 34.397 menu-write pc=018c4e data=a6a6 mask=ff00 oldchoice=167 done=120
2062 34.411 mode=01 match=04 mask=03 players=4 command=8334 peer=0102 script=0001a842 flow=00010072 menu=00018c48 flags=02 offer=00 header=56/54 choice=166 done=120 selector=0 active=false/false
2062 34.413 menu-write pc=018c4e data=a5a5 mask=ff00 oldchoice=166 done=120
2063 34.428 mode=01 match=04 mask=03 players=4 command=8334 peer=0102 script=0001a842 flow=00010072 menu=00018c48 flags=02 offer=00 header=56/54 choice=165 done=120 selector=0 active=false/false
2063 34.430 menu-write pc=018c4e data=a4a4 mask=ff00 oldchoice=165 done=120
2064 34.444 mode=01 match=04 mask=03 players=4 command=8334 peer=0102 script=0001a842 flow=00010072 menu=00018c48 flags=02 offer=00 header=56/54 choice=164 done=120 selector=0 active=false/false
2064 34.447 menu-write pc=018c4e data=a3a3 mask=ff00 oldchoice=164 done=120
2065 34.461 mode=01 match=04 mask=03 players=4 command=8334 peer=0102 script=0001a842 flow=00010072 menu=00018c48 flags=02 offer=00 header=56/54 choice=163 done=120 selector=0 active=false/false
2065 34.463 menu-write pc=018c4e data=a2a2 mask=ff00 oldchoice=163 done=120
2066 34.478 mode=01 match=04 mask=03 players=4 command=8334 peer=0102 script=0001a842 flow=00010072 menu=00018c48 flags=02 offer=00 header=56/54 choice=162 done=120 selector=0 active=false/false
2066 34.480 menu-write pc=018c4e data=a1a1 mask=ff00 oldchoice=162 done=120
2067 34.494 mode=01 match=04 mask=03 players=4 command=8334 peer=0102 script=0001a842 flow=00010072 menu=00018c48 flags=02 offer=00 header=56/54 choice=161 done=120 selector=0 active=false/false
2067 34.497 menu-write pc=018c4e data=a0a0 mask=ff00 oldchoice=161 done=120
2068 34.511 mode=01 match=04 mask=03 players=4 command=8334 peer=0102 script=0001a842 flow=00010072 menu=00018c48 flags=02 offer=00 header=56/54 choice=160 done=120 selector=0 active=false/false
2068 34.514 menu-write pc=018c4e data=9f9f mask=ff00 oldchoice=160 done=120
2069 34.528 mode=01 match=04 mask=03 players=4 command=8334 peer=0102 script=0001a842 flow=00010072 menu=00018c48 flags=02 offer=00 header=56/54 choice=159 done=120 selector=0 active=false/false
2069 34.530 menu-write pc=018c4e data=9e9e mask=ff00 oldchoice=159 done=120
2070 34.544 input :P1 P1 Button 1
2070 34.544 input :P2 P2 Button 1
2070 34.544 mode=01 match=04 mask=03 players=4 command=8334 peer=0102 script=0001a842 flow=00010072 menu=00018c48 flags=02 offer=00 header=56/54 choice=158 done=120 selector=0 active=false/false
2070 34.547 menu-write pc=018c4e data=9d9d mask=ff00 oldchoice=158 done=120
2071 34.561 mode=01 match=04 mask=03 players=4 command=8334 peer=0102 script=0001a842 flow=00010072 menu=00018c48 flags=02 offer=00 header=56/54 choice=157 done=120 selector=0 active=false/false
2071 34.564 menu-write pc=018c4e data=9c9c mask=ff00 oldchoice=157 done=120
2072 34.578 mode=01 match=04 mask=03 players=4 command=8334 peer=0102 script=0001a842 flow=00010072 menu=00018c48 flags=02 offer=00 header=56/54 choice=156 done=120 selector=0 active=false/false
2072 34.580 menu-write pc=018c4e data=9b9b mask=ff00 oldchoice=156 done=120
2073 34.595 mode=01 match=04 mask=03 players=4 command=8334 peer=0102 script=0001a842 flow=00010072 menu=00018c48 flags=02 offer=00 header=56/54 choice=155 done=120 selector=0 active=false/false
2073 34.597 menu-write pc=018c4e data=9a9a mask=ff00 oldchoice=155 done=120
2074 34.611 mode=01 match=04 mask=03 players=4 command=8334 peer=0102 script=0001a842 flow=00010072 menu=00018c48 flags=02 offer=00 header=56/54 choice=154 done=120 selector=0 active=false/false
2074 34.615 menu-write pc=018c4e data=9999 mask=ff00 oldchoice=154 done=120
2075 34.628 mode=01 match=04 mask=03 players=4 command=8334 peer=0102 script=0001a842 flow=00010072 menu=00018c48 flags=02 offer=00 header=56/54 choice=153 done=120 selector=0 active=false/false
2075 34.630 menu-write pc=018c4e data=9898 mask=ff00 oldchoice=153 done=120
2076 34.645 mode=01 match=04 mask=03 players=4 command=8334 peer=0102 script=0001a842 flow=00010072 menu=00018c48 flags=02 offer=00 header=56/54 choice=152 done=120 selector=0 active=false/false
2076 34.647 menu-write pc=018c4e data=9797 mask=ff00 oldchoice=152 done=120
2077 34.661 mode=01 match=04 mask=03 players=4 command=8334 peer=0102 script=0001a842 flow=00010072 menu=00018c48 flags=02 offer=00 header=56/54 choice=151 done=120 selector=0 active=false/false
2077 34.664 menu-write pc=018c4e data=9696 mask=ff00 oldchoice=151 done=120
2078 34.678 mode=01 match=04 mask=03 players=4 command=8334 peer=0102 script=0001a842 flow=00010072 menu=00018c48 flags=02 offer=00 header=56/54 choice=150 done=120 selector=0 active=false/false
2078 34.680 menu-write pc=018c4e data=9595 mask=ff00 oldchoice=150 done=120
2079 34.695 mode=01 match=04 mask=03 players=4 command=8334 peer=0102 script=0001a842 flow=00010072 menu=00018c48 flags=02 offer=00 header=56/54 choice=149 done=120 selector=0 active=false/false
2079 34.697 menu-write pc=018c4e data=9494 mask=ff00 oldchoice=149 done=120
2080 34.711 mode=01 match=04 mask=03 players=4 command=8334 peer=0102 script=0001a842 flow=00010072 menu=00018c48 flags=02 offer=00 header=56/54 choice=148 done=120 selector=0 active=false/false
2080 34.714 menu-write pc=018c4e data=9393 mask=ff00 oldchoice=148 done=120
2081 34.728 mode=01 match=04 mask=03 players=4 command=8334 peer=0102 script=0001a842 flow=00010072 menu=00018c48 flags=02 offer=00 header=56/54 choice=147 done=120 selector=0 active=false/false
2081 34.731 menu-write pc=018c4e data=9292 mask=ff00 oldchoice=147 done=120
2082 34.745 mode=01 match=04 mask=03 players=4 command=8334 peer=0102 script=0001a842 flow=00010072 menu=00018c48 flags=02 offer=00 header=56/54 choice=146 done=120 selector=0 active=false/false
2082 34.747 menu-write pc=018c4e data=9191 mask=ff00 oldchoice=146 done=120
2083 34.761 mode=01 match=04 mask=03 players=4 command=8334 peer=0102 script=0001a842 flow=00010072 menu=00018c48 flags=02 offer=00 header=56/54 choice=145 done=120 selector=0 active=false/false
2083 34.765 menu-write pc=018c4e data=9090 mask=ff00 oldchoice=145 done=120
2084 34.778 mode=01 match=04 mask=03 players=4 command=8334 peer=0102 script=0001a842 flow=00010072 menu=00018c48 flags=02 offer=00 header=56/54 choice=144 done=120 selector=0 active=false/false
2084 34.780 menu-write pc=018c4e data=8f8f mask=ff00 oldchoice=144 done=120
2085 34.795 mode=01 match=04 mask=03 players=4 command=8334 peer=0102 script=0001a842 flow=00010072 menu=00018c48 flags=02 offer=00 header=56/54 choice=143 done=120 selector=0 active=false/false
2085 34.797 menu-write pc=018c4e data=8e8e mask=ff00 oldchoice=143 done=120
2086 34.811 mode=01 match=04 mask=03 players=4 command=8334 peer=0102 script=0001a842 flow=00010072 menu=00018c48 flags=02 offer=00 header=56/54 choice=142 done=120 selector=0 active=false/false
2086 34.814 menu-write pc=018c4e data=8d8d mask=ff00 oldchoice=142 done=120
2087 34.828 mode=01 match=04 mask=03 players=4 command=8334 peer=0102 script=0001a842 flow=00010072 menu=00018c48 flags=02 offer=00 header=56/54 choice=141 done=120 selector=0 active=false/false
2087 34.830 menu-write pc=018c4e data=8c8c mask=ff00 oldchoice=141 done=120
2088 34.845 mode=01 match=04 mask=03 players=4 command=8334 peer=0102 script=0001a842 flow=00010072 menu=00018c48 flags=02 offer=00 header=56/54 choice=140 done=120 selector=0 active=false/false
2088 34.847 menu-write pc=018c4e data=8b8b mask=ff00 oldchoice=140 done=120
2089 34.862 mode=01 match=04 mask=03 players=4 command=8334 peer=0102 script=0001a842 flow=00010072 menu=00018c48 flags=02 offer=00 header=56/54 choice=139 done=120 selector=0 active=false/false
2089 34.864 menu-write pc=018c4e data=8a8a mask=ff00 oldchoice=139 done=120
2090 34.878 mode=01 match=04 mask=03 players=4 command=8334 peer=0102 script=0001a842 flow=00010072 menu=00018c48 flags=02 offer=00 header=56/54 choice=138 done=120 selector=0 active=false/false
2090 34.881 menu-write pc=018c4e data=8989 mask=ff00 oldchoice=138 done=120
2091 34.895 mode=01 match=04 mask=03 players=4 command=8334 peer=0102 script=0001a842 flow=00010072 menu=00018c48 flags=02 offer=00 header=56/54 choice=137 done=120 selector=0 active=false/false
2091 34.897 menu-write pc=018c4e data=8888 mask=ff00 oldchoice=137 done=120
2092 34.912 mode=01 match=04 mask=03 players=4 command=8334 peer=0102 script=0001a842 flow=00010072 menu=00018c48 flags=02 offer=00 header=56/54 choice=136 done=120 selector=0 active=false/false
2092 34.914 menu-write pc=018c4e data=8787 mask=ff00 oldchoice=136 done=120
2093 34.928 mode=01 match=04 mask=03 players=4 command=8334 peer=0102 script=0001a842 flow=00010072 menu=00018c48 flags=02 offer=00 header=56/54 choice=135 done=120 selector=0 active=false/false
2093 34.931 menu-write pc=018c4e data=8686 mask=ff00 oldchoice=135 done=120
2094 34.945 mode=01 match=04 mask=03 players=4 command=8334 peer=0102 script=0001a842 flow=00010072 menu=00018c48 flags=02 offer=00 header=56/54 choice=134 done=120 selector=0 active=false/false
2094 34.947 menu-write pc=018c4e data=8585 mask=ff00 oldchoice=134 done=120
2095 34.962 mode=01 match=04 mask=03 players=4 command=8334 peer=0102 script=0001a842 flow=00010072 menu=00018c48 flags=02 offer=00 header=56/54 choice=133 done=120 selector=0 active=false/false
2095 34.964 menu-write pc=018c4e data=8484 mask=ff00 oldchoice=133 done=120
2096 34.978 mode=01 match=04 mask=03 players=4 command=8334 peer=0102 script=0001a842 flow=00010072 menu=00018c48 flags=02 offer=00 header=56/54 choice=132 done=120 selector=0 active=false/false
2096 34.980 menu-write pc=018c4e data=8383 mask=ff00 oldchoice=132 done=120
2097 34.995 mode=01 match=04 mask=03 players=4 command=8334 peer=0102 script=0001a842 flow=00010072 menu=00018c48 flags=02 offer=00 header=56/54 choice=131 done=120 selector=0 active=false/false
2097 34.997 menu-write pc=018c4e data=8282 mask=ff00 oldchoice=131 done=120
2098 35.012 mode=01 match=04 mask=03 players=4 command=8334 peer=0102 script=0001a842 flow=00010072 menu=00018c48 flags=02 offer=00 header=56/54 choice=130 done=120 selector=0 active=false/false
2098 35.014 menu-write pc=018c4e data=8181 mask=ff00 oldchoice=130 done=120
2099 35.028 mode=01 match=04 mask=03 players=4 command=8334 peer=0102 script=0001a842 flow=00010072 menu=00018c48 flags=02 offer=00 header=56/54 choice=129 done=120 selector=0 active=false/false
2099 35.030 menu-write pc=018c4e data=8080 mask=ff00 oldchoice=129 done=120
2100 35.045 mode=01 match=04 mask=03 players=4 command=8334 peer=0102 script=0001a842 flow=00010072 menu=00018c48 flags=02 offer=00 header=56/54 choice=128 done=120 selector=0 active=false/false
2100 35.047 menu-write pc=018c4e data=7f7f mask=ff00 oldchoice=128 done=120
2101 35.062 mode=01 match=04 mask=03 players=4 command=8334 peer=0102 script=0001a842 flow=00010072 menu=00018c48 flags=02 offer=00 header=56/54 choice=127 done=120 selector=0 active=false/false
2101 35.064 menu-write pc=018c4e data=7e7e mask=ff00 oldchoice=127 done=120
2102 35.079 mode=01 match=04 mask=03 players=4 command=8334 peer=0102 script=0001a842 flow=00010072 menu=00018c48 flags=02 offer=00 header=56/54 choice=126 done=120 selector=0 active=false/false
2102 35.082 menu-write pc=018c4e data=7d7d mask=ff00 oldchoice=126 done=120
2103 35.095 mode=01 match=04 mask=03 players=4 command=8334 peer=0102 script=0001a842 flow=00010072 menu=00018c48 flags=02 offer=00 header=56/54 choice=125 done=120 selector=0 active=false/false
2103 35.097 menu-write pc=018c4e data=7c7c mask=ff00 oldchoice=125 done=120
2104 35.112 mode=01 match=04 mask=03 players=4 command=8334 peer=0102 script=0001a842 flow=00010072 menu=00018c48 flags=02 offer=00 header=56/54 choice=124 done=120 selector=0 active=false/false
2104 35.114 menu-write pc=018c4e data=7b7b mask=ff00 oldchoice=124 done=120
2105 35.129 mode=01 match=04 mask=03 players=4 command=8334 peer=0102 script=0001a842 flow=00010072 menu=00018c48 flags=02 offer=00 header=56/54 choice=123 done=120 selector=0 active=false/false
2105 35.131 menu-write pc=018c4e data=7a7a mask=ff00 oldchoice=123 done=120
2106 35.145 mode=01 match=04 mask=03 players=4 command=8334 peer=0102 script=0001a842 flow=00010072 menu=00018c48 flags=02 offer=00 header=56/54 choice=122 done=120 selector=0 active=false/false
2106 35.147 menu-write pc=018c4e data=7979 mask=ff00 oldchoice=122 done=120
2107 35.162 mode=01 match=04 mask=03 players=4 command=8334 peer=0102 script=0001a842 flow=00010072 menu=00018c48 flags=02 offer=00 header=56/54 choice=121 done=120 selector=0 active=false/false
2107 35.164 menu-write pc=018c4e data=7878 mask=ff00 oldchoice=121 done=120
2108 35.179 mode=01 match=04 mask=03 players=4 command=8334 peer=0102 script=0001a842 flow=00010072 menu=00018c48 flags=02 offer=00 header=56/54 choice=120 done=120 selector=0 active=false/false
2108 35.181 menu-write pc=018c4e data=7777 mask=ff00 oldchoice=120 done=120
2109 35.195 mode=01 match=04 mask=03 players=4 command=8334 peer=0102 script=0001a842 flow=00010072 menu=00018c48 flags=02 offer=00 header=56/54 choice=119 done=120 selector=0 active=false/false
2109 35.198 menu-write pc=018c4e data=7676 mask=ff00 oldchoice=119 done=120
2110 35.212 mode=01 match=04 mask=03 players=4 command=8334 peer=0102 script=0001a842 flow=00010072 menu=00018c48 flags=02 offer=00 header=56/54 choice=118 done=120 selector=0 active=false/false
2110 35.214 menu-write pc=018c4e data=7575 mask=ff00 oldchoice=118 done=120
2111 35.229 mode=01 match=04 mask=03 players=4 command=8334 peer=0102 script=0001a842 flow=00010072 menu=00018c48 flags=02 offer=00 header=56/54 choice=117 done=120 selector=0 active=false/false
2111 35.231 menu-write pc=018c4e data=7474 mask=ff00 oldchoice=117 done=120
2112 35.245 mode=01 match=04 mask=03 players=4 command=8334 peer=0102 script=0001a842 flow=00010072 menu=00018c48 flags=02 offer=00 header=56/54 choice=116 done=120 selector=0 active=false/false
2112 35.249 menu-write pc=018c4e data=7373 mask=ff00 oldchoice=116 done=120
2113 35.262 mode=01 match=04 mask=03 players=4 command=8334 peer=0102 script=0001a842 flow=00010072 menu=00018c48 flags=02 offer=00 header=56/54 choice=115 done=120 selector=0 active=false/false
2113 35.264 menu-write pc=018c4e data=7272 mask=ff00 oldchoice=115 done=120
2114 35.279 mode=01 match=04 mask=03 players=4 command=8334 peer=0102 script=0001a842 flow=00010072 menu=00018c48 flags=02 offer=00 header=56/54 choice=114 done=120 selector=0 active=false/false
2114 35.281 menu-write pc=018c4e data=7171 mask=ff00 oldchoice=114 done=120
2115 35.295 mode=01 match=04 mask=03 players=4 command=8334 peer=0102 script=0001a842 flow=00010072 menu=00018c48 flags=02 offer=00 header=56/54 choice=113 done=120 selector=0 active=false/false
2115 35.298 menu-write pc=018c4e data=7070 mask=ff00 oldchoice=113 done=120
2116 35.312 mode=01 match=04 mask=03 players=4 command=8334 peer=0102 script=0001a842 flow=00010072 menu=00018c48 flags=02 offer=00 header=56/54 choice=112 done=120 selector=0 active=false/false
2116 35.314 menu-write pc=018c4e data=6f6f mask=ff00 oldchoice=112 done=120
2117 35.329 mode=01 match=04 mask=03 players=4 command=8334 peer=0102 script=0001a842 flow=00010072 menu=00018c48 flags=02 offer=00 header=56/54 choice=111 done=120 selector=0 active=false/false
2117 35.331 menu-write pc=018c4e data=6e6e mask=ff00 oldchoice=111 done=120
2118 35.346 mode=01 match=04 mask=03 players=4 command=8334 peer=0102 script=0001a842 flow=00010072 menu=00018c48 flags=02 offer=00 header=56/54 choice=110 done=120 selector=0 active=false/false
2118 35.348 menu-write pc=018c4e data=6d6d mask=ff00 oldchoice=110 done=120
2119 35.362 mode=01 match=04 mask=03 players=4 command=8334 peer=0102 script=0001a842 flow=00010072 menu=00018c48 flags=02 offer=00 header=56/54 choice=109 done=120 selector=0 active=false/false
2119 35.365 menu-write pc=018c4e data=6c6c mask=ff00 oldchoice=109 done=120
2120 35.379 mode=01 match=04 mask=03 players=4 command=8334 peer=0102 script=0001a842 flow=00010072 menu=00018c48 flags=02 offer=00 header=56/54 choice=108 done=120 selector=0 active=false/false
2120 35.381 menu-write pc=018c4e data=6b6b mask=ff00 oldchoice=108 done=120
2121 35.396 mode=01 match=04 mask=03 players=4 command=8334 peer=0102 script=0001a842 flow=00010072 menu=00018c48 flags=02 offer=00 header=56/54 choice=107 done=120 selector=0 active=false/false
2121 35.398 menu-write pc=018c4e data=6a6a mask=ff00 oldchoice=107 done=120
2122 35.412 mode=01 match=04 mask=03 players=4 command=8334 peer=0102 script=0001a842 flow=00010072 menu=00018c48 flags=02 offer=00 header=56/54 choice=106 done=120 selector=0 active=false/false
2122 35.414 menu-write pc=018c4e data=6969 mask=ff00 oldchoice=106 done=120
2123 35.429 mode=01 match=04 mask=03 players=4 command=8334 peer=0102 script=0001a842 flow=00010072 menu=00018c48 flags=02 offer=00 header=56/54 choice=105 done=120 selector=0 active=false/false
2123 35.431 menu-write pc=018c4e data=6868 mask=ff00 oldchoice=105 done=120
2124 35.446 mode=01 match=04 mask=03 players=4 command=8334 peer=0102 script=0001a842 flow=00010072 menu=00018c48 flags=02 offer=00 header=56/54 choice=104 done=120 selector=0 active=false/false
2124 35.448 menu-write pc=018c4e data=6767 mask=ff00 oldchoice=104 done=120
2125 35.462 mode=01 match=04 mask=03 players=4 command=8334 peer=0102 script=0001a842 flow=00010072 menu=00018c48 flags=02 offer=00 header=56/54 choice=103 done=120 selector=0 active=false/false
2125 35.464 menu-write pc=018c4e data=6666 mask=ff00 oldchoice=103 done=120
2126 35.479 mode=01 match=04 mask=03 players=4 command=8334 peer=0102 script=0001a842 flow=00010072 menu=00018c48 flags=02 offer=00 header=56/54 choice=102 done=120 selector=0 active=false/false
2126 35.481 menu-write pc=018c4e data=6565 mask=ff00 oldchoice=102 done=120
2127 35.496 mode=01 match=04 mask=03 players=4 command=8334 peer=0102 script=0001a842 flow=00010072 menu=00018c48 flags=02 offer=00 header=56/54 choice=101 done=120 selector=0 active=false/false
2127 35.498 menu-write pc=018c4e data=6464 mask=ff00 oldchoice=101 done=120
2128 35.512 mode=01 match=04 mask=03 players=4 command=8334 peer=0102 script=0001a842 flow=00010072 menu=00018c48 flags=02 offer=00 header=56/54 choice=100 done=120 selector=0 active=false/false
2128 35.515 menu-write pc=018c4e data=6363 mask=ff00 oldchoice=100 done=120
2129 35.529 mode=01 match=04 mask=03 players=4 command=8334 peer=0102 script=0001a842 flow=00010072 menu=00018c48 flags=02 offer=00 header=56/54 choice=99 done=120 selector=0 active=false/false
2129 35.531 menu-write pc=018c4e data=6262 mask=ff00 oldchoice=99 done=120
2130 35.546 mode=01 match=04 mask=03 players=4 command=8334 peer=0102 script=0001a842 flow=00010072 menu=00018c48 flags=02 offer=00 header=56/54 choice=98 done=120 selector=0 active=false/false
2130 35.548 menu-write pc=018c4e data=6161 mask=ff00 oldchoice=98 done=120
2131 35.562 mode=01 match=04 mask=03 players=4 command=8334 peer=0102 script=0001a842 flow=00010072 menu=00018c48 flags=02 offer=00 header=56/54 choice=97 done=120 selector=0 active=false/false
2131 35.566 menu-write pc=018c4e data=6060 mask=ff00 oldchoice=97 done=120
2132 35.579 mode=01 match=04 mask=03 players=4 command=8334 peer=0102 script=0001a842 flow=00010072 menu=00018c48 flags=02 offer=00 header=56/54 choice=96 done=120 selector=0 active=false/false
2132 35.581 menu-write pc=018c4e data=5f5f mask=ff00 oldchoice=96 done=120
2133 35.596 mode=01 match=04 mask=03 players=4 command=8334 peer=0102 script=0001a842 flow=00010072 menu=00018c48 flags=02 offer=00 header=56/54 choice=95 done=120 selector=0 active=false/false
2133 35.598 menu-write pc=018c4e data=5e5e mask=ff00 oldchoice=95 done=120
2134 35.613 mode=01 match=04 mask=03 players=4 command=8334 peer=0102 script=0001a842 flow=00010072 menu=00018c48 flags=02 offer=00 header=56/54 choice=94 done=120 selector=0 active=false/false
2134 35.615 menu-write pc=018c4e data=5d5d mask=ff00 oldchoice=94 done=120
2135 35.629 mode=01 match=04 mask=03 players=4 command=8334 peer=0102 script=0001a842 flow=00010072 menu=00018c48 flags=02 offer=00 header=56/54 choice=93 done=120 selector=0 active=false/false
2135 35.631 menu-write pc=018c4e data=5c5c mask=ff00 oldchoice=93 done=120
2136 35.646 mode=01 match=04 mask=03 players=4 command=8334 peer=0102 script=0001a842 flow=00010072 menu=00018c48 flags=02 offer=00 header=56/54 choice=92 done=120 selector=0 active=false/false
2136 35.648 menu-write pc=018c4e data=5b5b mask=ff00 oldchoice=92 done=120
2137 35.663 mode=01 match=04 mask=03 players=4 command=8334 peer=0102 script=0001a842 flow=00010072 menu=00018c48 flags=02 offer=00 header=56/54 choice=91 done=120 selector=0 active=false/false
2137 35.665 menu-write pc=018c4e data=5a5a mask=ff00 oldchoice=91 done=120
2138 35.679 mode=01 match=04 mask=03 players=4 command=8334 peer=0102 script=0001a842 flow=00010072 menu=00018c48 flags=02 offer=00 header=56/54 choice=90 done=120 selector=0 active=false/false
2138 35.681 menu-write pc=018c4e data=5959 mask=ff00 oldchoice=90 done=120
2139 35.696 mode=01 match=04 mask=03 players=4 command=8334 peer=0102 script=0001a842 flow=00010072 menu=00018c48 flags=02 offer=00 header=56/54 choice=89 done=120 selector=0 active=false/false
2139 35.698 menu-write pc=018c4e data=5858 mask=ff00 oldchoice=89 done=120
2140 35.713 mode=01 match=04 mask=03 players=4 command=8334 peer=0102 script=0001a842 flow=00010072 menu=00018c48 flags=02 offer=00 header=56/54 choice=88 done=120 selector=0 active=false/false
2140 35.717 menu-write pc=018c4e data=5757 mask=ff00 oldchoice=88 done=120
2141 35.729 mode=01 match=04 mask=03 players=4 command=8334 peer=0102 script=0001a842 flow=00010072 menu=00018c48 flags=02 offer=00 header=56/54 choice=87 done=120 selector=0 active=false/false
2141 35.732 menu-write pc=018c4e data=5656 mask=ff00 oldchoice=87 done=120
2142 35.746 mode=01 match=04 mask=03 players=4 command=8334 peer=0102 script=0001a842 flow=00010072 menu=00018c48 flags=02 offer=00 header=56/54 choice=86 done=120 selector=0 active=false/false
2142 35.749 menu-write pc=018c4e data=5555 mask=ff00 oldchoice=86 done=120
2143 35.763 mode=01 match=04 mask=03 players=4 command=8334 peer=0102 script=0001a842 flow=00010072 menu=00018c48 flags=02 offer=00 header=56/54 choice=85 done=120 selector=0 active=false/false
2143 35.765 menu-write pc=018c4e data=5454 mask=ff00 oldchoice=85 done=120
2144 35.779 mode=01 match=04 mask=03 players=4 command=8334 peer=0102 script=0001a842 flow=00010072 menu=00018c48 flags=02 offer=00 header=56/54 choice=84 done=120 selector=0 active=false/false
2144 35.782 menu-write pc=018c4e data=5353 mask=ff00 oldchoice=84 done=120
2145 35.796 mode=01 match=04 mask=03 players=4 command=8334 peer=0102 script=0001a842 flow=00010072 menu=00018c48 flags=02 offer=00 header=56/54 choice=83 done=120 selector=0 active=false/false
2145 35.799 menu-write pc=018c4e data=5252 mask=ff00 oldchoice=83 done=120
2146 35.813 mode=01 match=04 mask=03 players=4 command=8334 peer=0102 script=0001a842 flow=00010072 menu=00018c48 flags=02 offer=00 header=56/54 choice=82 done=120 selector=0 active=false/false
2146 35.815 menu-write pc=018c4e data=5151 mask=ff00 oldchoice=82 done=120
2147 35.829 mode=01 match=04 mask=03 players=4 command=8334 peer=0102 script=0001a842 flow=00010072 menu=00018c48 flags=02 offer=00 header=56/54 choice=81 done=120 selector=0 active=false/false
2147 35.832 menu-write pc=018c4e data=5050 mask=ff00 oldchoice=81 done=120
2148 35.846 mode=01 match=04 mask=03 players=4 command=8334 peer=0102 script=0001a842 flow=00010072 menu=00018c48 flags=02 offer=00 header=56/54 choice=80 done=120 selector=0 active=false/false
2148 35.849 menu-write pc=018c4e data=4f4f mask=ff00 oldchoice=80 done=120
2149 35.863 mode=01 match=04 mask=03 players=4 command=8334 peer=0102 script=0001a842 flow=00010072 menu=00018c48 flags=02 offer=00 header=56/54 choice=79 done=120 selector=0 active=false/false
2149 35.865 menu-write pc=018c4e data=4e4e mask=ff00 oldchoice=79 done=120
2150 35.880 mode=01 match=04 mask=03 players=4 command=8334 peer=0102 script=0001a842 flow=00010072 menu=00018c48 flags=02 offer=00 header=56/54 choice=78 done=120 selector=0 active=false/false
2150 35.882 menu-write pc=018c4e data=4d4d mask=ff00 oldchoice=78 done=120
2151 35.896 mode=01 match=04 mask=03 players=4 command=8334 peer=0102 script=0001a842 flow=00010072 menu=00018c48 flags=02 offer=00 header=56/54 choice=77 done=120 selector=0 active=false/false
2151 35.899 menu-write pc=018c4e data=4c4c mask=ff00 oldchoice=77 done=120
2152 35.913 mode=01 match=04 mask=03 players=4 command=8334 peer=0102 script=0001a842 flow=00010072 menu=00018c48 flags=02 offer=00 header=56/54 choice=76 done=120 selector=0 active=false/false
2152 35.915 menu-write pc=018c4e data=4b4b mask=ff00 oldchoice=76 done=120
2153 35.930 mode=01 match=04 mask=03 players=4 command=8334 peer=0102 script=0001a842 flow=00010072 menu=00018c48 flags=02 offer=00 header=56/54 choice=75 done=120 selector=0 active=false/false
2153 35.932 menu-write pc=018c4e data=4a4a mask=ff00 oldchoice=75 done=120
2154 35.946 mode=01 match=04 mask=03 players=4 command=8334 peer=0102 script=0001a842 flow=00010072 menu=00018c48 flags=02 offer=00 header=56/54 choice=74 done=120 selector=0 active=false/false
2154 35.949 menu-write pc=018c4e data=4949 mask=ff00 oldchoice=74 done=120
2155 35.963 mode=01 match=04 mask=03 players=4 command=8334 peer=0102 script=0001a842 flow=00010072 menu=00018c48 flags=02 offer=00 header=56/54 choice=73 done=120 selector=0 active=false/false
2155 35.965 menu-write pc=018c4e data=4848 mask=ff00 oldchoice=73 done=120
2156 35.980 mode=01 match=04 mask=03 players=4 command=8334 peer=0102 script=0001a842 flow=00010072 menu=00018c48 flags=02 offer=00 header=56/54 choice=72 done=120 selector=0 active=false/false
2156 35.982 menu-write pc=018c4e data=4747 mask=ff00 oldchoice=72 done=120
2157 35.996 mode=01 match=04 mask=03 players=4 command=8334 peer=0102 script=0001a842 flow=00010072 menu=00018c48 flags=02 offer=00 header=56/54 choice=71 done=120 selector=0 active=false/false
2157 35.999 menu-write pc=018c4e data=4646 mask=ff00 oldchoice=71 done=120
2158 36.013 mode=01 match=04 mask=03 players=4 command=8334 peer=0102 script=0001a842 flow=00010072 menu=00018c48 flags=02 offer=00 header=56/54 choice=70 done=120 selector=0 active=false/false
2158 36.015 menu-write pc=018c4e data=4545 mask=ff00 oldchoice=70 done=120
2159 36.030 mode=01 match=04 mask=03 players=4 command=8334 peer=0102 script=0001a842 flow=00010072 menu=00018c48 flags=02 offer=00 header=56/54 choice=69 done=120 selector=0 active=false/false
2159 36.034 menu-write pc=018c4e data=4444 mask=ff00 oldchoice=69 done=120
2160 36.046 input :P1 P1 Button 1
2160 36.046 input :P2 P2 Button 1
2160 36.046 mode=01 match=04 mask=03 players=4 command=8334 peer=0102 script=0001a842 flow=00010072 menu=00018c48 flags=02 offer=00 header=56/54 choice=68 done=120 selector=0 active=false/false
2160 36.049 menu-write pc=018c4e data=4343 mask=ff00 oldchoice=68 done=120
2161 36.063 mode=01 match=04 mask=03 players=4 command=8334 peer=0102 script=0001a842 flow=00010072 menu=00018c48 flags=02 offer=00 header=56/54 choice=67 done=120 selector=0 active=false/false
2161 36.066 menu-write pc=018c4e data=4242 mask=ff00 oldchoice=67 done=120
2162 36.080 mode=01 match=04 mask=03 players=4 command=8334 peer=0102 script=0001a842 flow=00010072 menu=00018c48 flags=02 offer=00 header=56/54 choice=66 done=120 selector=0 active=false/false
2162 36.082 menu-write pc=018c4e data=4141 mask=ff00 oldchoice=66 done=120
2163 36.096 mode=01 match=04 mask=03 players=4 command=8334 peer=0102 script=0001a842 flow=00010072 menu=00018c48 flags=02 offer=00 header=56/54 choice=65 done=120 selector=0 active=false/false
2163 36.099 menu-write pc=018c4e data=4040 mask=ff00 oldchoice=65 done=120
2164 36.113 mode=01 match=04 mask=03 players=4 command=8334 peer=0102 script=0001a842 flow=00010072 menu=00018c48 flags=02 offer=00 header=56/54 choice=64 done=120 selector=0 active=false/false
2164 36.116 menu-write pc=018c4e data=3f3f mask=ff00 oldchoice=64 done=120
2165 36.130 mode=01 match=04 mask=03 players=4 command=8334 peer=0102 script=0001a842 flow=00010072 menu=00018c48 flags=02 offer=00 header=56/54 choice=63 done=120 selector=0 active=false/false
2165 36.132 menu-write pc=018c4e data=3e3e mask=ff00 oldchoice=63 done=120
2166 36.147 mode=01 match=04 mask=03 players=4 command=8334 peer=0102 script=0001a842 flow=00010072 menu=00018c48 flags=02 offer=00 header=56/54 choice=62 done=120 selector=0 active=false/false
2166 36.149 menu-write pc=018c4e data=3d3d mask=ff00 oldchoice=62 done=120
2167 36.163 mode=01 match=04 mask=03 players=4 command=8334 peer=0102 script=0001a842 flow=00010072 menu=00018c48 flags=02 offer=00 header=56/54 choice=61 done=120 selector=0 active=false/false
2167 36.166 menu-write pc=018c4e data=3c3c mask=ff00 oldchoice=61 done=120
2168 36.180 mode=01 match=04 mask=03 players=4 command=8334 peer=0102 script=0001a842 flow=00010072 menu=00018c48 flags=02 offer=00 header=56/54 choice=60 done=120 selector=0 active=false/false
2168 36.182 menu-write pc=018c4e data=3b3b mask=ff00 oldchoice=60 done=120
2169 36.197 mode=01 match=04 mask=03 players=4 command=8334 peer=0102 script=0001a842 flow=00010072 menu=00018c48 flags=02 offer=00 header=56/54 choice=59 done=120 selector=0 active=false/false
2169 36.201 menu-write pc=018c4e data=3a3a mask=ff00 oldchoice=59 done=120
2170 36.213 mode=01 match=04 mask=03 players=4 command=8334 peer=0102 script=0001a842 flow=00010072 menu=00018c48 flags=02 offer=00 header=56/54 choice=58 done=120 selector=0 active=false/false
2170 36.216 menu-write pc=018c4e data=3939 mask=ff00 oldchoice=58 done=120
2171 36.230 mode=01 match=04 mask=03 players=4 command=8334 peer=0102 script=0001a842 flow=00010072 menu=00018c48 flags=02 offer=00 header=56/54 choice=57 done=120 selector=0 active=false/false
2171 36.232 menu-write pc=018c4e data=3838 mask=ff00 oldchoice=57 done=120
2172 36.247 mode=01 match=04 mask=03 players=4 command=8334 peer=0102 script=0001a842 flow=00010072 menu=00018c48 flags=02 offer=00 header=56/54 choice=56 done=120 selector=0 active=false/false
2172 36.249 menu-write pc=018c4e data=3737 mask=ff00 oldchoice=56 done=120
2173 36.263 mode=01 match=04 mask=03 players=4 command=8334 peer=0102 script=0001a842 flow=00010072 menu=00018c48 flags=02 offer=00 header=56/54 choice=55 done=120 selector=0 active=false/false
2173 36.266 menu-write pc=018c4e data=3636 mask=ff00 oldchoice=55 done=120
2174 36.280 mode=01 match=04 mask=03 players=4 command=8334 peer=0102 script=0001a842 flow=00010072 menu=00018c48 flags=02 offer=00 header=56/54 choice=54 done=120 selector=0 active=false/false
2174 36.283 menu-write pc=018c4e data=3535 mask=ff00 oldchoice=54 done=120
2175 36.297 mode=01 match=04 mask=03 players=4 command=8334 peer=0102 script=0001a842 flow=00010072 menu=00018c48 flags=02 offer=00 header=56/54 choice=53 done=120 selector=0 active=false/false
2175 36.299 menu-write pc=018c4e data=3434 mask=ff00 oldchoice=53 done=120
2176 36.313 mode=01 match=04 mask=03 players=4 command=8334 peer=0102 script=0001a842 flow=00010072 menu=00018c48 flags=02 offer=00 header=56/54 choice=52 done=120 selector=0 active=false/false
2176 36.316 menu-write pc=018c4e data=3333 mask=ff00 oldchoice=52 done=120
2177 36.330 mode=01 match=04 mask=03 players=4 command=8334 peer=0102 script=0001a842 flow=00010072 menu=00018c48 flags=02 offer=00 header=56/54 choice=51 done=120 selector=0 active=false/false
2177 36.333 menu-write pc=018c4e data=3232 mask=ff00 oldchoice=51 done=120
2178 36.347 mode=01 match=04 mask=03 players=4 command=8334 peer=0102 script=0001a842 flow=00010072 menu=00018c48 flags=02 offer=00 header=56/54 choice=50 done=120 selector=0 active=false/false
2178 36.350 menu-write pc=018c4e data=3131 mask=ff00 oldchoice=50 done=120
2179 36.363 mode=01 match=04 mask=03 players=4 command=8334 peer=0102 script=0001a842 flow=00010072 menu=00018c48 flags=02 offer=00 header=56/54 choice=49 done=120 selector=0 active=false/false
2179 36.366 menu-write pc=018c4e data=3030 mask=ff00 oldchoice=49 done=120
2180 36.380 mode=01 match=04 mask=03 players=4 command=8334 peer=0102 script=0001a842 flow=00010072 menu=00018c48 flags=02 offer=00 header=56/54 choice=48 done=120 selector=0 active=false/false
2180 36.383 menu-write pc=018c4e data=2f2f mask=ff00 oldchoice=48 done=120
2181 36.397 mode=01 match=04 mask=03 players=4 command=8334 peer=0102 script=0001a842 flow=00010072 menu=00018c48 flags=02 offer=00 header=56/54 choice=47 done=120 selector=0 active=false/false
2181 36.399 menu-write pc=018c4e data=2e2e mask=ff00 oldchoice=47 done=120
2182 36.414 mode=01 match=04 mask=03 players=4 command=8334 peer=0102 script=0001a842 flow=00010072 menu=00018c48 flags=02 offer=00 header=56/54 choice=46 done=120 selector=0 active=false/false
2182 36.416 menu-write pc=018c4e data=2d2d mask=ff00 oldchoice=46 done=120
2183 36.430 mode=01 match=04 mask=03 players=4 command=8334 peer=0102 script=0001a842 flow=00010072 menu=00018c48 flags=02 offer=00 header=56/54 choice=45 done=120 selector=0 active=false/false
2183 36.433 menu-write pc=018c4e data=2c2c mask=ff00 oldchoice=45 done=120
2184 36.447 mode=01 match=04 mask=03 players=4 command=8334 peer=0102 script=0001a842 flow=00010072 menu=00018c48 flags=02 offer=00 header=56/54 choice=44 done=120 selector=0 active=false/false
2184 36.449 menu-write pc=018c4e data=2b2b mask=ff00 oldchoice=44 done=120
2185 36.464 mode=01 match=04 mask=03 players=4 command=8334 peer=0102 script=0001a842 flow=00010072 menu=00018c48 flags=02 offer=00 header=56/54 choice=43 done=120 selector=0 active=false/false
2185 36.466 menu-write pc=018c4e data=2a2a mask=ff00 oldchoice=43 done=120
2186 36.480 mode=01 match=04 mask=03 players=4 command=8334 peer=0102 script=0001a842 flow=00010072 menu=00018c48 flags=02 offer=00 header=56/54 choice=42 done=120 selector=0 active=false/false
2186 36.483 menu-write pc=018c4e data=2929 mask=ff00 oldchoice=42 done=120
2187 36.497 mode=01 match=04 mask=03 players=4 command=8334 peer=0102 script=0001a842 flow=00010072 menu=00018c48 flags=02 offer=00 header=56/54 choice=41 done=120 selector=0 active=false/false
2187 36.501 menu-write pc=018c4e data=2828 mask=ff00 oldchoice=41 done=120
2188 36.514 mode=01 match=04 mask=03 players=4 command=8334 peer=0102 script=0001a842 flow=00010072 menu=00018c48 flags=02 offer=00 header=56/54 choice=40 done=120 selector=0 active=false/false
2188 36.516 menu-write pc=018c4e data=2727 mask=ff00 oldchoice=40 done=120
2189 36.530 mode=01 match=04 mask=03 players=4 command=8334 peer=0102 script=0001a842 flow=00010072 menu=00018c48 flags=02 offer=00 header=56/54 choice=39 done=120 selector=0 active=false/false
2189 36.533 menu-write pc=018c4e data=2626 mask=ff00 oldchoice=39 done=120
2190 36.547 mode=01 match=04 mask=03 players=4 command=8334 peer=0102 script=0001a842 flow=00010072 menu=00018c48 flags=02 offer=00 header=56/54 choice=38 done=120 selector=0 active=false/false
2190 36.550 menu-write pc=018c4e data=2525 mask=ff00 oldchoice=38 done=120
2191 36.564 mode=01 match=04 mask=03 players=4 command=8334 peer=0102 script=0001a842 flow=00010072 menu=00018c48 flags=02 offer=00 header=56/54 choice=37 done=120 selector=0 active=false/false
2191 36.566 menu-write pc=018c4e data=2424 mask=ff00 oldchoice=37 done=120
2192 36.580 mode=01 match=04 mask=03 players=4 command=8334 peer=0102 script=0001a842 flow=00010072 menu=00018c48 flags=02 offer=00 header=56/54 choice=36 done=120 selector=0 active=false/false
2192 36.583 menu-write pc=018c4e data=2323 mask=ff00 oldchoice=36 done=120
2193 36.597 mode=01 match=04 mask=03 players=4 command=8334 peer=0102 script=0001a842 flow=00010072 menu=00018c48 flags=02 offer=00 header=56/54 choice=35 done=120 selector=0 active=false/false
2193 36.600 menu-write pc=018c4e data=2222 mask=ff00 oldchoice=35 done=120
2194 36.614 mode=01 match=04 mask=03 players=4 command=8334 peer=0102 script=0001a842 flow=00010072 menu=00018c48 flags=02 offer=00 header=56/54 choice=34 done=120 selector=0 active=false/false
2194 36.616 menu-write pc=018c4e data=2121 mask=ff00 oldchoice=34 done=120
2195 36.630 mode=01 match=04 mask=03 players=4 command=8334 peer=0102 script=0001a842 flow=00010072 menu=00018c48 flags=02 offer=00 header=56/54 choice=33 done=120 selector=0 active=false/false
2195 36.633 menu-write pc=018c4e data=2020 mask=ff00 oldchoice=33 done=120
2196 36.647 mode=01 match=04 mask=03 players=4 command=8334 peer=0102 script=0001a842 flow=00010072 menu=00018c48 flags=02 offer=00 header=56/54 choice=32 done=120 selector=0 active=false/false
2196 36.650 menu-write pc=018c4e data=1f1f mask=ff00 oldchoice=32 done=120
2197 36.664 mode=01 match=04 mask=03 players=4 command=8334 peer=0102 script=0001a842 flow=00010072 menu=00018c48 flags=02 offer=00 header=56/54 choice=31 done=120 selector=0 active=false/false
2197 36.668 menu-write pc=018c4e data=1e1e mask=ff00 oldchoice=31 done=120
2198 36.681 mode=01 match=04 mask=03 players=4 command=8334 peer=0102 script=0001a842 flow=00010072 menu=00018c48 flags=02 offer=00 header=56/54 choice=30 done=120 selector=0 active=false/false
2198 36.683 menu-write pc=018c4e data=1d1d mask=ff00 oldchoice=30 done=120
2199 36.697 mode=01 match=04 mask=03 players=4 command=8334 peer=0102 script=0001a842 flow=00010072 menu=00018c48 flags=02 offer=00 header=56/54 choice=29 done=120 selector=0 active=false/false
2199 36.699 menu-write pc=018c4e data=1c1c mask=ff00 oldchoice=29 done=120
2200 36.714 mode=01 match=04 mask=03 players=4 command=8334 peer=0102 script=0001a842 flow=00010072 menu=00018c48 flags=02 offer=00 header=56/54 choice=28 done=120 selector=0 active=false/false
2200 36.716 menu-write pc=018c4e data=1b1b mask=ff00 oldchoice=28 done=120
2201 36.731 mode=01 match=04 mask=03 players=4 command=8334 peer=0102 script=0001a842 flow=00010072 menu=00018c48 flags=02 offer=00 header=56/54 choice=27 done=120 selector=0 active=false/false
2201 36.733 menu-write pc=018c4e data=1a1a mask=ff00 oldchoice=27 done=120
2202 36.747 mode=01 match=04 mask=03 players=4 command=8334 peer=0102 script=0001a842 flow=00010072 menu=00018c48 flags=02 offer=00 header=56/54 choice=26 done=120 selector=0 active=false/false
2202 36.750 menu-write pc=018c4e data=1919 mask=ff00 oldchoice=26 done=120
2203 36.764 mode=01 match=04 mask=03 players=4 command=8334 peer=0102 script=0001a842 flow=00010072 menu=00018c48 flags=02 offer=00 header=56/54 choice=25 done=120 selector=0 active=false/false
2203 36.766 menu-write pc=018c4e data=1818 mask=ff00 oldchoice=25 done=120
2204 36.781 mode=01 match=04 mask=03 players=4 command=8334 peer=0102 script=0001a842 flow=00010072 menu=00018c48 flags=02 offer=00 header=56/54 choice=24 done=120 selector=0 active=false/false
2204 36.783 menu-write pc=018c4e data=1717 mask=ff00 oldchoice=24 done=120
2205 36.797 mode=01 match=04 mask=03 players=4 command=8334 peer=0102 script=0001a842 flow=00010072 menu=00018c48 flags=02 offer=00 header=56/54 choice=23 done=120 selector=0 active=false/false
2205 36.799 menu-write pc=018c4e data=1616 mask=ff00 oldchoice=23 done=120
2206 36.814 mode=01 match=04 mask=03 players=4 command=8334 peer=0102 script=0001a842 flow=00010072 menu=00018c48 flags=02 offer=00 header=56/54 choice=22 done=120 selector=0 active=false/false
2206 36.816 menu-write pc=018c4e data=1515 mask=ff00 oldchoice=22 done=120
2207 36.831 mode=01 match=04 mask=03 players=4 command=8334 peer=0102 script=0001a842 flow=00010072 menu=00018c48 flags=02 offer=00 header=56/54 choice=21 done=120 selector=0 active=false/false
2207 36.833 menu-write pc=018c4e data=1414 mask=ff00 oldchoice=21 done=120
2208 36.847 mode=01 match=04 mask=03 players=4 command=8334 peer=0102 script=0001a842 flow=00010072 menu=00018c48 flags=02 offer=00 header=56/54 choice=20 done=120 selector=0 active=false/false
2208 36.849 menu-write pc=018c4e data=1313 mask=ff00 oldchoice=20 done=120
2209 36.864 mode=01 match=04 mask=03 players=4 command=8334 peer=0102 script=0001a842 flow=00010072 menu=00018c48 flags=02 offer=00 header=56/54 choice=19 done=120 selector=0 active=false/false
2209 36.866 menu-write pc=018c4e data=1212 mask=ff00 oldchoice=19 done=120
2210 36.881 mode=01 match=04 mask=03 players=4 command=8334 peer=0102 script=0001a842 flow=00010072 menu=00018c48 flags=02 offer=00 header=56/54 choice=18 done=120 selector=0 active=false/false
2210 36.883 menu-write pc=018c4e data=1111 mask=ff00 oldchoice=18 done=120
2211 36.898 mode=01 match=04 mask=03 players=4 command=8334 peer=0102 script=0001a842 flow=00010072 menu=00018c48 flags=02 offer=00 header=56/54 choice=17 done=120 selector=0 active=false/false
2211 36.900 menu-write pc=018c4e data=1010 mask=ff00 oldchoice=17 done=120
2212 36.914 mode=01 match=04 mask=03 players=4 command=8334 peer=0102 script=0001a842 flow=00010072 menu=00018c48 flags=02 offer=00 header=56/54 choice=16 done=120 selector=0 active=false/false
2212 36.916 menu-write pc=018c4e data=0f0f mask=ff00 oldchoice=16 done=120
2213 36.931 mode=01 match=04 mask=03 players=4 command=8334 peer=0102 script=0001a842 flow=00010072 menu=00018c48 flags=02 offer=00 header=56/54 choice=15 done=120 selector=0 active=false/false
2213 36.933 menu-write pc=018c4e data=0e0e mask=ff00 oldchoice=15 done=120
2214 36.948 mode=01 match=04 mask=03 players=4 command=8334 peer=0102 script=0001a842 flow=00010072 menu=00018c48 flags=02 offer=00 header=56/54 choice=14 done=120 selector=0 active=false/false
2214 36.950 menu-write pc=018c4e data=0d0d mask=ff00 oldchoice=14 done=120
2215 36.964 mode=01 match=04 mask=03 players=4 command=8334 peer=0102 script=0001a842 flow=00010072 menu=00018c48 flags=02 offer=00 header=56/54 choice=13 done=120 selector=0 active=false/false
2215 36.966 menu-write pc=018c4e data=0c0c mask=ff00 oldchoice=13 done=120
2216 36.981 mode=01 match=04 mask=03 players=4 command=8334 peer=0102 script=0001a842 flow=00010072 menu=00018c48 flags=02 offer=00 header=56/54 choice=12 done=120 selector=0 active=false/false
2216 36.985 menu-write pc=018c4e data=0b0b mask=ff00 oldchoice=12 done=120
2217 36.998 mode=01 match=04 mask=03 players=4 command=8334 peer=0102 script=0001a842 flow=00010072 menu=00018c48 flags=02 offer=00 header=56/54 choice=11 done=120 selector=0 active=false/false
2217 37.000 menu-write pc=018c4e data=0a0a mask=ff00 oldchoice=11 done=120
2218 37.014 mode=01 match=04 mask=03 players=4 command=8334 peer=0102 script=0001a842 flow=00010072 menu=00018c48 flags=02 offer=00 header=56/54 choice=10 done=120 selector=0 active=false/false
2218 37.017 menu-write pc=018c4e data=0909 mask=ff00 oldchoice=10 done=120
2219 37.031 mode=01 match=04 mask=03 players=4 command=8334 peer=0102 script=0001a842 flow=00010072 menu=00018c48 flags=02 offer=00 header=56/54 choice=9 done=120 selector=0 active=false/false
2219 37.033 menu-write pc=018c4e data=0808 mask=ff00 oldchoice=9 done=120
2220 37.048 mode=01 match=04 mask=03 players=4 command=8334 peer=0102 script=0001a842 flow=00010072 menu=00018c48 flags=02 offer=00 header=56/54 choice=8 done=120 selector=0 active=false/false
2220 37.050 menu-write pc=018c4e data=0707 mask=ff00 oldchoice=8 done=120
2221 37.064 mode=01 match=04 mask=03 players=4 command=8334 peer=0102 script=0001a842 flow=00010072 menu=00018c48 flags=02 offer=00 header=56/54 choice=7 done=120 selector=0 active=false/false
2221 37.067 menu-write pc=018c4e data=0606 mask=ff00 oldchoice=7 done=120
2222 37.081 mode=01 match=04 mask=03 players=4 command=8334 peer=0102 script=0001a842 flow=00010072 menu=00018c48 flags=02 offer=00 header=56/54 choice=6 done=120 selector=0 active=false/false
2222 37.083 menu-write pc=018c4e data=0505 mask=ff00 oldchoice=6 done=120
2223 37.098 mode=01 match=04 mask=03 players=4 command=8334 peer=0102 script=0001a842 flow=00010072 menu=00018c48 flags=02 offer=00 header=56/54 choice=5 done=120 selector=0 active=false/false
2223 37.100 menu-write pc=018c4e data=0404 mask=ff00 oldchoice=5 done=120
2224 37.114 mode=01 match=04 mask=03 players=4 command=8334 peer=0102 script=0001a842 flow=00010072 menu=00018c48 flags=02 offer=00 header=56/54 choice=4 done=120 selector=0 active=false/false
2224 37.117 menu-write pc=018c4e data=0303 mask=ff00 oldchoice=4 done=120
2225 37.131 mode=01 match=04 mask=03 players=4 command=8334 peer=0102 script=0001a842 flow=00010072 menu=00018c48 flags=02 offer=00 header=56/54 choice=3 done=120 selector=0 active=false/false
2225 37.135 menu-write pc=018c4e data=0202 mask=ff00 oldchoice=3 done=120
2226 37.148 mode=01 match=04 mask=03 players=4 command=8334 peer=0102 script=0001a842 flow=00010072 menu=00018c48 flags=02 offer=00 header=56/54 choice=2 done=120 selector=0 active=false/false
2226 37.150 menu-write pc=018c4e data=0101 mask=ff00 oldchoice=2 done=120
2227 37.165 mode=01 match=04 mask=03 players=4 command=8334 peer=0102 script=0001a842 flow=00010072 menu=00018c48 flags=02 offer=00 header=56/54 choice=1 done=120 selector=0 active=false/false
2227 37.167 menu-write pc=018c4e data=0000 mask=ff00 oldchoice=1 done=120
2228 37.181 mode=01 match=04 mask=03 players=4 command=c334 peer=0102 script=0001a842 flow=00010072 menu=00018db6 flags=02 offer=00 header=54/54 choice=0 done=120 selector=0 active=false/false
2247 37.498 mode=01 match=04 mask=03 players=4 command=c334 peer=0102 script=0001a842 flow=00010072 menu=00018dd8 flags=02 offer=00 header=54/54 choice=0 done=120 selector=0 active=false/false
2248 37.515 mode=01 match=04 mask=03 players=4 command=c334 peer=0102 script=0001a842 flow=00010072 menu=00018e08 flags=02 offer=00 header=54/54 choice=0 done=120 selector=0 active=false/false
2250 37.548 input :P1 P1 Button 1
2250 37.548 input :P2 P2 Button 1
2252 37.582 mode=01 match=04 mask=03 players=4 command=c334 peer=0102 script=0001a842 flow=00010072 menu=00018e0e flags=02 offer=00 header=54/54 choice=0 done=120 selector=0 active=false/false
2253 37.598 mode=01 match=04 mask=03 players=4 command=c334 peer=0102 script=0001a842 flow=00010072 menu=00018e40 flags=02 offer=00 header=54/54 choice=0 done=120 selector=0 active=false/false
2256 37.651 menu-write pc=00a4f0 data=0000 mask=ffff oldchoice=0 done=120
2257 37.665 mode=01 match=04 mask=03 players=4 command=c334 peer=0102 script=0001a842 flow=00010072 menu=00000000 flags=02 offer=00 header=54/54 choice=0 done=0 selector=0 active=false/false
2257 37.668 menu-write pc=00a340 data=0000 mask=ffff oldchoice=0 done=0
2257 37.675 menu-write pc=00a36c data=0000 mask=ffff oldchoice=0 done=0
2258 37.682 mode=01 match=04 mask=03 players=4 command=c334 peer=0102 script=0001f7bc flow=00010072 menu=00000000 flags=c2 offer=00 header=54/54 choice=0 done=0 selector=0 active=false/false
2259 37.699 mode=01 match=04 mask=03 players=4 command=c334 peer=0102 script=0001f7d2 flow=00010072 menu=00000000 flags=c2 offer=00 header=54/54 choice=0 done=0 selector=0 active=false/false
2276 37.982 mode=01 match=04 mask=03 players=4 command=c334 peer=0102 script=0001f7de flow=00010072 menu=00000000 flags=c2 offer=00 header=54/54 choice=0 done=0 selector=0 active=false/false
2278 38.016 mode=01 match=04 mask=03 players=4 command=c334 peer=0102 script=0001f7f6 flow=00010072 menu=00000000 flags=c2 offer=00 header=54/54 choice=0 done=0 selector=0 active=false/false
2340 39.050 input :P1 P1 Button 1
2340 39.050 input :P2 P2 Button 1
2430 40.552 input :P1 P1 Button 1
2430 40.552 input :P2 P2 Button 1
2520 42.054 input :P1 P1 Button 1
2520 42.054 input :P2 P2 Button 1
2610 43.556 input :P1 P1 Button 1
2610 43.556 input :P2 P2 Button 1
2700 45.058 input :P1 P1 Button 1
2700 45.058 input :P2 P2 Button 1
2790 46.560 input :P1 P1 Button 1
2790 46.560 input :P2 P2 Button 1
2880 48.062 input :P1 P1 Button 1
2880 48.062 input :P2 P2 Button 1
2970 49.564 input :P1 P1 Button 1
2970 49.564 input :P2 P2 Button 1
3060 51.066 input :P1 P1 Button 1
3060 51.066 input :P2 P2 Button 1
3150 52.568 input :P1 P1 Button 1
3150 52.568 input :P2 P2 Button 1
3240 54.070 input :P1 P1 Button 1
3240 54.070 input :P2 P2 Button 1
3330 55.572 input :P1 P1 Button 1
3330 55.572 input :P2 P2 Button 1
3420 57.073 input :P1 P1 Button 1
3420 57.073 input :P2 P2 Button 1
3510 58.575 input :P1 P1 Button 1
3510 58.575 input :P2 P2 Button 1
3600 60.077 input :P1 P1 Button 1
3600 60.077 input :P2 P2 Button 1
3690 61.579 input :P1 P1 Button 1
3690 61.579 input :P2 P2 Button 1
3780 63.081 input :P1 P1 Button 1
3780 63.081 input :P2 P2 Button 1
3870 64.583 input :P1 P1 Button 1
3870 64.583 input :P2 P2 Button 1
3960 66.085 input :P1 P1 Button 1
3960 66.085 input :P2 P2 Button 1
4050 67.587 input :P1 P1 Button 1
4050 67.587 input :P2 P2 Button 1
4140 69.089 input :P1 P1 Button 1
4140 69.089 input :P2 P2 Button 1
