:COINAGE Coin A
:COINAGE Coin B
:DSW Demo Sounds
:DSW Rannyu Off Button
:DSW Battle Start credit
:DSW VS Mode Match/1 Play
:DSW Difficulty
:DSW Turn Direction
:P1 P1 Right
:P1 P1 Button 2
:P1 P1 Up
:P1 P1 Button 1
:P1 P1 Left
:P1 P1 Down
:P2 P2 Down
:P2 P2 Button 2
:P2 P2 Left
:P2 P2 Button 1
:P2 P2 Right
:P2 P2 Up
:SERVICE 2 Players Start
:SERVICE Service 1
:SERVICE Coin 1
:SERVICE Coin 2
:SERVICE 1 Player Start
:SERVICE Service Mode
420 :SERVICE Coin 1
435 :SERVICE Coin 1
450 :SERVICE Coin 1
465 :SERVICE Coin 1
510 :SERVICE 1 Player Start
570 :SERVICE 1 Player Start
state frame=600 mode=01 match=04 command=1323 protection=00
630 :SERVICE 2 Players Start
630 :P1 P1 Button 1
630 :P2 P2 Button 1
690 :SERVICE 2 Players Start
720 :P1 P1 Button 1
720 :P2 P2 Button 1
810 :P1 P1 Button 1
810 :P2 P2 Button 1
900 :P1 P1 Button 1
900 :P2 P2 Button 1
990 :P1 P1 Button 1
990 :P2 P2 Button 1
1080 :P1 P1 Button 1
1080 :P2 P2 Button 1
1170 :P1 P1 Button 1
1170 :P2 P2 Button 1
state frame=1200 mode=01 match=04 command=3822 protection=00
1320 :SERVICE 2 Players Start
placement frame=1486 player=1 pair=1 colors=c,9 target=4
placement frame=1486 player=2 pair=1 colors=c,9 target=5
placement frame=1550 player=1 pair=2 colors=d,d target=5
placement frame=1552 player=2 pair=2 colors=d,d target=0
placement frame=1616 player=1 pair=3 colors=c,c target=3
placement frame=1616 player=2 pair=3 colors=c,c target=4
placement frame=1673 player=1 pair=4 colors=c,8 target=2
placement frame=1680 player=2 pair=4 colors=c,8 target=3
state frame=1800 mode=01 match=04 command=0b22 protection=00
placement frame=1809 player=1 pair=5 colors=d,8 target=4
placement frame=1818 player=2 pair=5 colors=d,8 target=1
placement frame=1869 player=1 pair=6 colors=c,c target=3
placement frame=1875 player=2 pair=6 colors=c,c target=4
placement frame=1926 player=1 pair=7 colors=9,c target=0
placement frame=1939 player=2 pair=7 colors=9,c target=2
placement frame=1990 player=1 pair=8 colors=d,c target=5
placement frame=1994 player=2 pair=8 colors=d,c target=0
placement frame=2134 player=1 pair=9 colors=d,8 target=1
placement frame=2138 player=2 pair=9 colors=d,8 target=1
placement frame=2191 player=1 pair=10 colors=8,9 target=2
placement frame=2193 player=2 pair=10 colors=8,9 target=3
placement frame=2244 player=1 pair=11 colors=d,c target=5
placement frame=2248 player=2 pair=11 colors=d,c target=0
placement frame=2308 player=1 pair=12 colors=d,d target=3
placement frame=2308 player=2 pair=12 colors=d,d target=5
placement frame=2361 player=1 pair=13 colors=9,c target=1
placement frame=2372 player=2 pair=13 colors=9,c target=2
state frame=2400 mode=01 match=04 command=0b22 protection=00
placement frame=2414 player=1 pair=14 colors=9,9 target=0
placement frame=2421 player=2 pair=14 colors=9,9 target=4
placement frame=2603 player=1 pair=15 colors=c,c target=0
placement frame=2614 player=2 pair=15 colors=c,c target=3
placement frame=2721 player=1 pair=16 colors=9,c target=0
placement frame=2725 player=2 pair=16 colors=9,c target=2
placement frame=2840 player=2 pair=17 colors=8,d target=3
placement frame=2843 player=1 pair=17 colors=8,d target=2
placement frame=2893 player=2 pair=18 colors=c,c target=2
placement frame=2942 player=2 pair=19 colors=c,8 target=1
placement frame=2976 player=1 pair=18 colors=c,c target=2
state frame=3000 mode=01 match=04 command=0b22 protection=00
placement frame=3134 player=2 pair=20 colors=8,c target=2
placement frame=3169 player=1 pair=19 colors=c,8 target=3
placement frame=3226 player=1 pair=20 colors=8,c target=1
placement frame=3251 player=2 pair=21 colors=c,8 target=5
placement frame=3283 player=1 pair=21 colors=c,8 target=2
placement frame=3311 player=2 pair=22 colors=d,8 target=4
placement frame=3338 player=1 pair=22 colors=d,8 target=1
placement frame=3367 player=2 pair=23 colors=8,8 target=1
placement frame=3391 player=1 pair=23 colors=8,8 target=2
placement frame=3498 player=1 pair=24 colors=c,d target=2
placement frame=3498 player=2 pair=24 colors=c,d target=1
placement frame=3551 player=2 pair=25 colors=d,9 target=2
state frame=3600 mode=01 match=04 command=0b22 protection=00
placement frame=3600 player=2 pair=26 colors=d,8 target=0
placement frame=3633 player=1 pair=25 colors=d,9 target=2
placement frame=3752 player=1 pair=26 colors=d,8 target=3
placement frame=3794 player=2 pair=27 colors=9,c target=1
placement frame=3843 player=2 pair=28 colors=9,c target=2
placement frame=3890 player=1 pair=27 colors=9,c target=1
placement frame=3890 player=2 pair=29 colors=d,d target=3
placement frame=3939 player=2 pair=30 colors=d,8 target=0
placement frame=3998 player=1 pair=28 colors=9,c target=4
placement frame=4042 player=2 pair=31 colors=c,c target=1
placement frame=4058 player=1 pair=29 colors=d,d target=3
placement frame=4113 player=1 pair=30 colors=d,8 target=2
placement frame=4147 player=2 pair=32 colors=8,8 target=1
placement frame=4196 player=2 pair=33 colors=8,8 target=2
state frame=4200 mode=01 match=04 command=0b22 protection=00
placement frame=4218 player=1 pair=31 colors=c,c target=0
placement frame=4299 player=2 pair=34 colors=9,d target=1
placement frame=4334 player=1 pair=32 colors=8,8 target=1
placement frame=4448 player=1 pair=33 colors=8,8 target=0
placement frame=4476 player=2 pair=35 colors=9,c target=2
placement frame=4525 player=2 pair=36 colors=9,c target=1
placement frame=4564 player=1 pair=34 colors=9,d target=1
placement frame=4627 player=2 pair=37 colors=9,8 target=0
placement frame=4681 player=2 pair=38 colors=9,c target=2
placement frame=4726 player=2 pair=39 colors=8,9 target=4
placement frame=4757 player=1 pair=35 colors=9,c target=3
state frame=4800 mode=01 match=04 command=0b22 protection=00
placement frame=4812 player=1 pair=36 colors=9,c target=2
placement frame=4833 player=2 pair=40 colors=8,d target=2
placement frame=4872 player=2 pair=41 colors=c,c target=3
placement frame=4923 player=1 pair=37 colors=9,8 target=4
placement frame=4949 player=2 pair=42 colors=c,9 target=4
placement frame=4986 player=1 pair=38 colors=9,c target=0
placement frame=5049 player=1 pair=39 colors=8,9 target=2
placement frame=5052 player=2 pair=43 colors=d,d target=0
placement frame=5098 player=2 pair=44 colors=9,d target=1
placement frame=5104 player=1 pair=40 colors=8,d target=3
placement frame=5137 player=2 pair=45 colors=9,8 target=4
placement frame=5179 player=2 pair=46 colors=9,d target=5
placement frame=5239 player=2 pair=47 colors=d,8 target=2
placement frame=5241 player=1 pair=41 colors=c,c target=1
placement frame=5298 player=1 pair=42 colors=c,9 target=2
placement frame=5357 player=2 pair=48 colors=d,c target=0
state frame=5400 mode=01 match=04 command=0b22 protection=00
placement frame=5405 player=2 pair=49 colors=9,9 target=5
placement frame=5492 player=1 pair=43 colors=d,d target=4
placement frame=5568 player=2 pair=50 colors=9,9 target=1
placement frame=5605 player=2 pair=51 colors=9,8 target=2
placement frame=5606 player=1 pair=44 colors=9,d target=1
placement frame=5715 player=1 pair=45 colors=9,8 target=0
placement frame=5721 player=2 pair=52 colors=8,d target=1
placement frame=5942 player=1 pair=46 colors=9,d target=2
placement frame=5991 player=1 pair=47 colors=d,8 target=3
state frame=6000 mode=01 match=04 command=2b22 protection=00
placement frame=6127 player=1 pair=48 colors=d,c target=3
placement frame=6180 player=1 pair=49 colors=9,9 target=4
placement frame=6239 player=1 pair=50 colors=9,9 target=5
placement frame=6410 player=1 pair=51 colors=9,8 target=4
placement frame=6469 player=1 pair=52 colors=8,d target=5
placement frame=6528 player=1 pair=53 colors=d,8 target=4
placement frame=6585 player=1 pair=54 colors=d,d target=5
state frame=6600 mode=01 match=04 command=2b22 protection=00
placement frame=6793 player=1 pair=55 colors=d,8 target=5
placement frame=6850 player=1 pair=56 colors=c,c target=3
placement frame=6899 player=1 pair=57 colors=c,d target=4
placement frame=7034 player=1 pair=58 colors=d,8 target=3
placement frame=7083 player=1 pair=59 colors=c,c target=2
placement frame=7130 player=1 pair=60 colors=9,c target=1
placement frame=7179 player=1 pair=61 colors=c,8 target=3
