0 0.000 mapping :SERVICE 1 Player Start KEYCODE_1 OR JOYCODE_1_UNKNOWN_SWITCH
0 0.000 mapping :SERVICE Service Mode KEYCODE_F2
0 0.000 mapping :SERVICE Coin 1 KEYCODE_5 OR JOYCODE_1_UNKNOWN_SWITCH
0 0.000 mapping :SERVICE Coin 2 KEYCODE_6 OR JOYCODE_2_UNKNOWN_SWITCH
0 0.000 mapping :SERVICE 2 Players Start KEYCODE_2 OR JOYCODE_2_UNKNOWN_SWITCH
0 0.000 mapping :SERVICE Service 1 KEYCODE_9
0 0.000 mapping :P1 P1 Button 1 KEYCODE_LCONTROL OR MOUSECODE_1_BUTTON1 OR GUNCODE_1_BUTTON1
0 0.000 mapping :P1 P1 Left KEYCODE_LEFT
0 0.000 mapping :P1 P1 Right KEYCODE_RIGHT
0 0.000 mapping :P1 P1 Down KEYCODE_DOWN
0 0.000 mapping :P1 P1 Up KEYCODE_UP
0 0.000 mapping :P1 P1 Button 2 KEYCODE_LALT OR MOUSECODE_1_BUTTON3 OR GUNCODE_1_BUTTON2
0 0.000 mapping :P2 P2 Up KEYCODE_R
0 0.000 mapping :P2 P2 Button 1 KEYCODE_A OR MOUSECODE_2_BUTTON1 OR GUNCODE_2_BUTTON1
0 0.000 mapping :P2 P2 Button 2 KEYCODE_S OR MOUSECODE_2_BUTTON3 OR GUNCODE_2_BUTTON2
0 0.000 mapping :P2 P2 Down KEYCODE_F
0 0.000 mapping :P2 P2 Right KEYCODE_G
0 0.000 mapping :P2 P2 Left KEYCODE_D
0 0.010 menu-write pc=00a340 data=0000 mask=ffff oldchoice=0 done=0
1 0.017 mode=01 match=04 mask=05 players=2 command=0b22 peer=0000 script=00019f48 flow=00010034 menu=00000000 flags=c7 offer=00 header=54/54 choice=0 done=0 selector=1 active=false/false
2 0.033 mode=01 match=04 mask=05 players=2 command=0b22 peer=0000 script=00019f70 flow=00010034 menu=00000000 flags=00 offer=00 header=00/00 choice=0 done=0 selector=1 active=false/false
5 0.083 mode=01 match=04 mask=05 players=2 command=0b22 peer=0000 script=00019f7e flow=00010034 menu=00000000 flags=00 offer=00 header=00/00 choice=0 done=0 selector=1 active=false/false
10 0.167 mode=01 match=04 mask=05 players=2 command=0b22 peer=0000 script=00019f80 flow=00010034 menu=00000000 flags=00 offer=00 header=00/00 choice=0 done=0 selector=1 active=false/false
27 0.451 mode=01 match=04 mask=05 players=2 command=0b22 peer=0000 script=00019f80 flow=00010034 menu=00000000 flags=00 offer=00 header=10/00 choice=0 done=0 selector=1 active=false/false
28 0.467 mode=01 match=04 mask=05 players=2 command=0b22 peer=0000 script=00019f80 flow=00010034 menu=00000000 flags=00 offer=00 header=00/00 choice=0 done=0 selector=1 active=false/false
29 0.484 mode=01 match=04 mask=05 players=2 command=0b22 peer=0000 script=00019f80 flow=00010034 menu=00000000 flags=00 offer=00 header=00/10 choice=0 done=0 selector=1 active=false/false
30 0.501 mode=01 match=04 mask=05 players=2 command=0b22 peer=0000 script=00019f80 flow=00010034 menu=00000000 flags=00 offer=00 header=10/10 choice=0 done=0 selector=1 active=false/false
191 3.187 mode=01 match=04 mask=05 players=2 command=0b22 peer=0000 script=00019f84 flow=00010034 menu=00000000 flags=00 offer=00 header=10/10 choice=0 done=0 selector=1 active=false/false
192 3.204 mode=01 match=04 mask=05 players=2 command=0b22 peer=0000 script=00019f84 flow=00010034 menu=00000000 flags=00 offer=00 header=10/11 choice=0 done=0 selector=1 active=false/false
195 3.254 mode=01 match=04 mask=05 players=2 command=0b22 peer=0000 script=00019f86 flow=00010034 menu=00000000 flags=00 offer=00 header=10/11 choice=0 done=0 selector=1 active=false/false
195 3.255 menu-write pc=00a340 data=0000 mask=ffff oldchoice=0 done=0
195 3.262 menu-write pc=00a340 data=0000 mask=ffff oldchoice=0 done=0
196 3.271 mode=01 match=04 mask=05 players=2 command=0b22 peer=0000 script=00019fc8 flow=00010034 menu=00000000 flags=09 offer=00 header=11/11 choice=0 done=0 selector=1 active=false/false
197 3.288 mode=00 match=04 mask=05 players=2 command=0b22 peer=0000 script=00019ff2 flow=00010034 menu=00000000 flags=09 offer=00 header=11/11 choice=0 done=0 selector=1 active=false/false
198 3.304 mode=00 match=04 mask=05 players=2 command=0b22 peer=0000 script=0001a002 flow=00010034 menu=00000000 flags=09 offer=00 header=11/11 choice=0 done=0 selector=1 active=false/false
199 3.321 mode=00 match=04 mask=05 players=2 command=0b22 peer=0000 script=0001a004 flow=00010034 menu=00000000 flags=09 offer=00 header=11/11 choice=0 done=0 selector=1 active=false/false
242 4.039 mode=00 match=04 mask=05 players=2 command=0b22 peer=0000 script=0001a004 flow=00010034 menu=00000000 flags=09 offer=00 header=11/13 choice=0 done=0 selector=1 active=false/false
243 4.055 mode=00 match=04 mask=05 players=2 command=0b22 peer=0000 script=0001a008 flow=00010034 menu=00000000 flags=09 offer=00 header=11/13 choice=0 done=0 selector=1 active=false/false
251 4.189 mode=00 match=04 mask=05 players=2 command=0b22 peer=0000 script=0001a00a flow=00010034 menu=00000000 flags=09 offer=00 header=11/13 choice=0 done=0 selector=1 active=false/false
251 4.190 menu-write pc=00a340 data=0000 mask=ffff oldchoice=0 done=0
251 4.197 menu-write pc=00a48a data=0000 mask=ffff oldchoice=0 done=0
252 4.205 mode=01 match=04 mask=00 players=0 command=0322 peer=0000 script=0001a39e flow=00010034 menu=000188fc flags=08 offer=00 header=11/13 choice=0 done=0 selector=1 active=false/false
254 4.239 mode=01 match=04 mask=00 players=0 command=0322 peer=0000 script=0001a39e flow=00010034 menu=000189c6 flags=08 offer=00 header=13/13 choice=0 done=0 selector=1 active=false/false
295 4.923 mode=01 match=04 mask=00 players=0 command=0322 peer=0000 script=0001a39e flow=00010034 menu=00018a40 flags=08 offer=00 header=13/13 choice=0 done=0 selector=1 active=false/false
713 11.899 mode=01 match=04 mask=00 players=0 command=4322 peer=0000 script=0001a39e flow=00010034 menu=00018b84 flags=08 offer=00 header=13/13 choice=0 done=0 selector=1 active=false/false
714 11.915 mode=01 match=04 mask=00 players=0 command=4322 peer=0000 script=0001a39e flow=00010034 menu=00018db6 flags=08 offer=00 header=10/10 choice=0 done=0 selector=1 active=false/false
733 12.232 mode=01 match=04 mask=00 players=0 command=4322 peer=0000 script=0001a39e flow=00010034 menu=00018dd8 flags=08 offer=00 header=10/10 choice=0 done=0 selector=1 active=false/false
734 12.249 mode=01 match=04 mask=00 players=0 command=4322 peer=0000 script=0001a39e flow=00010034 menu=00018e08 flags=08 offer=00 header=10/10 choice=0 done=0 selector=1 active=false/false
827 13.801 mode=01 match=04 mask=00 players=0 command=4322 peer=0000 script=0001a39e flow=00010034 menu=00018e08 flags=08 offer=00 header=10/54 choice=0 done=0 selector=1 active=false/false
914 15.253 mode=01 match=04 mask=00 players=0 command=4322 peer=0000 script=0001a39e flow=00010034 menu=00018e0e flags=08 offer=00 header=10/54 choice=0 done=0 selector=1 active=false/false
915 15.270 mode=01 match=04 mask=00 players=0 command=4322 peer=0000 script=0001a39e flow=00010034 menu=00018e40 flags=08 offer=00 header=10/54 choice=0 done=0 selector=1 active=false/false
918 15.322 menu-write pc=00a4f0 data=0000 mask=ffff oldchoice=0 done=0
919 15.336 mode=01 match=04 mask=00 players=0 command=4322 peer=0000 script=0001a39e flow=00010034 menu=00000000 flags=08 offer=00 header=10/54 choice=0 done=0 selector=1 active=false/false
919 15.339 menu-write pc=00a340 data=0000 mask=ffff oldchoice=0 done=0
919 15.346 menu-write pc=00a340 data=0000 mask=ffff oldchoice=0 done=0
920 15.353 mode=01 match=04 mask=00 players=0 command=4322 peer=0000 script=00019fc8 flow=00010034 menu=00000000 flags=09 offer=00 header=11/54 choice=0 done=0 selector=1 active=false/false
921 15.370 mode=00 match=04 mask=00 players=0 command=4322 peer=0000 script=00019ff2 flow=00010034 menu=00000000 flags=09 offer=00 header=11/54 choice=0 done=0 selector=1 active=false/false
922 15.386 mode=00 match=04 mask=00 players=0 command=4322 peer=0000 script=0001a002 flow=00010034 menu=00000000 flags=09 offer=00 header=11/54 choice=0 done=0 selector=1 active=false/false
923 15.403 mode=00 match=04 mask=00 players=0 command=4322 peer=0000 script=0001a004 flow=00010034 menu=00000000 flags=09 offer=00 header=11/54 choice=0 done=0 selector=1 active=false/false
1103 18.407 mode=00 match=04 mask=00 players=0 command=4322 peer=0000 script=0001a008 flow=00010034 menu=00000000 flags=09 offer=00 header=11/54 choice=0 done=0 selector=1 active=false/false
1111 18.541 mode=00 match=04 mask=00 players=0 command=4322 peer=0000 script=0001a00a flow=00010034 menu=00000000 flags=09 offer=00 header=11/54 choice=0 done=0 selector=1 active=false/false
1111 18.541 menu-write pc=00a340 data=0000 mask=ffff oldchoice=0 done=0
1111 18.548 menu-write pc=00a36c data=0000 mask=ffff oldchoice=0 done=0
1112 18.557 mode=00 match=04 mask=00 players=0 command=4322 peer=0000 script=0001f576 flow=00010034 menu=00000000 flags=09 offer=00 header=11/54 choice=0 done=0 selector=1 active=false/false
1113 18.574 mode=00 match=04 mask=00 players=0 command=4322 peer=0000 script=0001f582 flow=00010034 menu=00000000 flags=09 offer=00 header=11/54 choice=0 done=0 selector=1 active=false/false
1293 21.578 mode=00 match=04 mask=00 players=0 command=4322 peer=0000 script=0001f588 flow=00010034 menu=00000000 flags=09 offer=00 header=11/54 choice=0 done=0 selector=1 active=false/false
1300 21.695 mode=00 match=04 mask=00 players=0 command=4322 peer=0000 script=0001f58a flow=00010034 menu=00000000 flags=09 offer=00 header=11/54 choice=0 done=0 selector=1 active=false/false
1300 21.696 menu-write pc=00a36c data=0000 mask=ffff oldchoice=0 done=0
1300 21.703 menu-write pc=00a36c data=0000 mask=ffff oldchoice=0 done=0
1301 21.711 mode=00 match=04 mask=00 players=0 command=4322 peer=0000 script=0001f5ba flow=00010034 menu=00000000 flags=09 offer=00 header=11/54 choice=0 done=0 selector=1 active=false/false
1325 22.112 mode=00 match=04 mask=00 players=0 command=4322 peer=0000 script=0001f5c6 flow=00010034 menu=00000000 flags=09 offer=00 header=11/54 choice=0 done=0 selector=1 active=false/false
1326 22.128 mode=00 match=04 mask=00 players=0 command=4322 peer=0000 script=0001f5c8 flow=00010034 menu=00000000 flags=09 offer=00 header=11/54 choice=0 done=0 selector=1 active=false/false
1327 22.145 mode=00 match=04 mask=00 players=0 command=4322 peer=0000 script=0001f5da flow=00010034 menu=00000000 flags=09 offer=00 header=11/54 choice=0 done=0 selector=1 active=false/false
2707 45.175 mode=00 match=04 mask=00 players=0 command=4322 peer=0000 script=0001f5e0 flow=00010034 menu=00000000 flags=09 offer=00 header=11/54 choice=0 done=0 selector=1 active=false/false
2714 45.292 mode=00 match=04 mask=00 players=0 command=4322 peer=0000 script=0001f5e2 flow=00010034 menu=00000000 flags=09 offer=00 header=11/54 choice=0 done=0 selector=1 active=false/false
2714 45.294 menu-write pc=00a36c data=0000 mask=ffff oldchoice=0 done=0
2714 45.301 menu-write pc=00a340 data=0000 mask=ffff oldchoice=0 done=0
2715 45.308 mode=00 match=04 mask=00 players=0 command=4322 peer=0000 script=0001a03e flow=00010034 menu=00000000 flags=09 offer=00 header=11/54 choice=0 done=0 selector=1 active=false/false
2715 45.310 menu-write pc=00a36c data=0000 mask=ffff oldchoice=0 done=0
2716 45.325 mode=00 match=04 mask=00 players=0 command=4322 peer=0000 script=0001f838 flow=00010034 menu=00000000 flags=09 offer=00 header=11/54 choice=0 done=0 selector=1 active=false/false
2717 45.342 mode=00 match=04 mask=00 players=0 command=4322 peer=0000 script=0001f83a flow=00010034 menu=00000000 flags=09 offer=00 header=11/54 choice=0 done=0 selector=1 active=false/false
