0 0.000 mapping :SERVICE 2 Players Start KEYCODE_UNKNOWN_SWITCH OR JOYCODE_2_UNKNOWN_SWITCH
0 0.000 mapping :SERVICE Service Mode KEYCODE_UNKNOWN_SWITCH
0 0.000 mapping :SERVICE Service 1 KEYCODE_UNKNOWN_SWITCH
0 0.000 mapping :SERVICE Coin 2 KEYCODE_UNKNOWN_SWITCH OR JOYCODE_2_UNKNOWN_SWITCH
0 0.000 mapping :SERVICE Coin 1 KEYCODE_UNKNOWN_SWITCH OR JOYCODE_1_UNKNOWN_SWITCH
0 0.000 mapping :SERVICE 1 Player Start KEYCODE_UNKNOWN_SWITCH OR JOYCODE_1_UNKNOWN_SWITCH
0 0.000 mapping :P1 P1 Right KEYCODE_UNKNOWN_SWITCH
0 0.000 mapping :P1 P1 Button 1 KEYCODE_UNKNOWN_SWITCH OR MOUSECODE_1_UNKNOWN_SWITCH OR GUNCODE_1_BUTTON1
0 0.000 mapping :P1 P1 Button 2 KEYCODE_UNKNOWN_SWITCH OR MOUSECODE_1_UNKNOWN_SWITCH OR GUNCODE_1_BUTTON2
0 0.000 mapping :P1 P1 Left KEYCODE_UNKNOWN_SWITCH
0 0.000 mapping :P1 P1 Down KEYCODE_UNKNOWN_SWITCH
0 0.000 mapping :P1 P1 Up KEYCODE_UNKNOWN_SWITCH
0 0.000 mapping :P2 P2 Button 1 KEYCODE_UNKNOWN_SWITCH OR MOUSECODE_2_UNKNOWN_SWITCH OR GUNCODE_2_BUTTON1
0 0.000 mapping :P2 P2 Right KEYCODE_UNKNOWN_SWITCH
0 0.000 mapping :P2 P2 Button 2 KEYCODE_UNKNOWN_SWITCH OR MOUSECODE_2_UNKNOWN_SWITCH OR GUNCODE_2_BUTTON2
0 0.000 mapping :P2 P2 Down KEYCODE_UNKNOWN_SWITCH
0 0.000 mapping :P2 P2 Up KEYCODE_UNKNOWN_SWITCH
0 0.000 mapping :P2 P2 Left KEYCODE_UNKNOWN_SWITCH
0 0.010 menu-write pc=00a340 data=0000 mask=ffff oldchoice=0 done=0
1 0.017 mode=01 match=04 mask=05 players=2 command=0b22 peer=0000 script=00019f48 flow=00010034 menu=00000000 flags=c7 offer=00 header=54/54 choice=0 done=0 selector=1 active=false/false
2 0.033 mode=01 match=04 mask=05 players=2 command=0b22 peer=0000 script=00019f70 flow=00010034 menu=00000000 flags=00 offer=00 header=00/00 choice=0 done=0 selector=1 active=false/false
5 0.083 mode=01 match=04 mask=05 players=2 command=0b22 peer=0000 script=00019f7e flow=00010034 menu=00000000 flags=00 offer=00 header=00/00 choice=0 done=0 selector=1 active=false/false
10 0.167 mode=01 match=04 mask=05 players=2 command=0b22 peer=0000 script=00019f80 flow=00010034 menu=00000000 flags=00 offer=00 header=00/00 choice=0 done=0 selector=1 active=false/false
27 0.451 mode=01 match=04 mask=05 players=2 command=0b22 peer=0000 script=00019f80 flow=00010034 menu=00000000 flags=00 offer=00 header=10/00 choice=0 done=0 selector=1 active=false/false
28 0.467 mode=01 match=04 mask=05 players=2 command=0b22 peer=0000 script=00019f80 flow=00010034 menu=00000000 flags=00 offer=00 header=00/00 choice=0 done=0 selector=1 active=false/false
29 0.484 mode=01 match=04 mask=05 players=2 command=0b22 peer=0000 script=00019f80 flow=00010034 menu=00000000 flags=00 offer=00 header=00/01 choice=0 done=0 selector=1 active=false/false
30 0.501 mode=01 match=04 mask=05 players=2 command=0b22 peer=0000 script=00019f80 flow=00010034 menu=00000000 flags=00 offer=00 header=00/11 choice=0 done=0 selector=1 active=false/false
31 0.517 mode=01 match=04 mask=05 players=2 command=0b22 peer=0000 script=00019f80 flow=00010034 menu=00000000 flags=00 offer=00 header=10/11 choice=0 done=0 selector=1 active=false/false
69 1.151 mode=01 match=04 mask=05 players=2 command=0b22 peer=0000 script=00019f80 flow=00010034 menu=00000000 flags=00 offer=00 header=10/13 choice=0 done=0 selector=1 active=false/false
191 3.187 mode=01 match=04 mask=05 players=2 command=0b22 peer=0000 script=00019f84 flow=00010034 menu=00000000 flags=00 offer=00 header=10/13 choice=0 done=0 selector=1 active=false/false
195 3.254 mode=01 match=04 mask=05 players=2 command=0b22 peer=0000 script=00019f86 flow=00010034 menu=00000000 flags=00 offer=00 header=10/13 choice=0 done=0 selector=1 active=false/false
195 3.255 menu-write pc=00a340 data=0000 mask=ffff oldchoice=0 done=0
195 3.262 menu-write pc=00a340 data=0000 mask=ffff oldchoice=0 done=0
196 3.271 mode=01 match=04 mask=05 players=2 command=0b22 peer=0000 script=00019fc8 flow=00010034 menu=00000000 flags=09 offer=00 header=11/13 choice=0 done=0 selector=1 active=false/false
197 3.288 mode=00 match=04 mask=05 players=2 command=0b22 peer=0000 script=00019ff2 flow=00010034 menu=00000000 flags=09 offer=00 header=11/13 choice=0 done=0 selector=1 active=false/false
198 3.304 mode=00 match=04 mask=05 players=2 command=0b22 peer=0000 script=0001a002 flow=00010034 menu=00000000 flags=09 offer=00 header=11/13 choice=0 done=0 selector=1 active=false/false
199 3.321 mode=00 match=04 mask=05 players=2 command=0b22 peer=0000 script=0001a004 flow=00010034 menu=00000000 flags=09 offer=00 header=11/13 choice=0 done=0 selector=1 active=false/false
200 3.338 mode=00 match=04 mask=05 players=2 command=0b22 peer=0000 script=0001a008 flow=00010034 menu=00000000 flags=09 offer=00 header=11/13 choice=0 done=0 selector=1 active=false/false
208 3.471 mode=00 match=04 mask=05 players=2 command=0b22 peer=0000 script=0001a00a flow=00010034 menu=00000000 flags=09 offer=00 header=11/13 choice=0 done=0 selector=1 active=false/false
208 3.472 menu-write pc=00a340 data=0000 mask=ffff oldchoice=0 done=0
208 3.479 menu-write pc=00a48a data=0000 mask=ffff oldchoice=0 done=0
209 3.488 mode=01 match=04 mask=00 players=0 command=0322 peer=0000 script=0001a39e flow=00010034 menu=000188fc flags=08 offer=00 header=11/13 choice=0 done=0 selector=1 active=false/false
211 3.521 mode=01 match=04 mask=00 players=0 command=0322 peer=0000 script=0001a39e flow=00010034 menu=000189c6 flags=08 offer=00 header=13/13 choice=0 done=0 selector=1 active=false/false
254 4.239 mode=01 match=04 mask=00 players=0 command=0322 peer=0000 script=0001a39e flow=00010034 menu=00018a40 flags=08 offer=00 header=13/13 choice=0 done=0 selector=1 active=false/false
708 11.815 mode=01 match=04 mask=00 players=0 command=4322 peer=0000 script=0001a39e flow=00010034 menu=00018b84 flags=08 offer=00 header=13/13 choice=0 done=0 selector=1 active=false/false
709 11.832 mode=01 match=04 mask=00 players=0 command=4322 peer=0000 script=0001a39e flow=00010034 menu=00018db6 flags=08 offer=00 header=10/10 choice=0 done=0 selector=1 active=false/false
728 12.149 mode=01 match=04 mask=00 players=0 command=4322 peer=0000 script=0001a39e flow=00010034 menu=00018dd8 flags=08 offer=00 header=10/10 choice=0 done=0 selector=1 active=false/false
729 12.166 mode=01 match=04 mask=00 players=0 command=4322 peer=0000 script=0001a39e flow=00010034 menu=00018e08 flags=08 offer=00 header=10/10 choice=0 done=0 selector=1 active=false/false
757 12.633 mode=01 match=04 mask=00 players=0 command=4322 peer=0000 script=0001a39e flow=00010034 menu=00018e08 flags=08 offer=00 header=10/54 choice=0 done=0 selector=1 active=false/false
909 15.170 mode=01 match=04 mask=00 players=0 command=4322 peer=0000 script=0001a39e flow=00010034 menu=00018e0e flags=08 offer=00 header=10/54 choice=0 done=0 selector=1 active=false/false
910 15.186 mode=01 match=04 mask=00 players=0 command=4322 peer=0000 script=0001a39e flow=00010034 menu=00018e40 flags=08 offer=00 header=10/54 choice=0 done=0 selector=1 active=false/false
913 15.239 menu-write pc=00a4f0 data=0000 mask=ffff oldchoice=0 done=0
914 15.253 mode=01 match=04 mask=00 players=0 command=4322 peer=0000 script=0001a39e flow=00010034 menu=00000000 flags=08 offer=00 header=10/54 choice=0 done=0 selector=1 active=false/false
914 15.255 menu-write pc=00a340 data=0000 mask=ffff oldchoice=0 done=0
914 15.263 menu-write pc=00a340 data=0000 mask=ffff oldchoice=0 done=0
915 15.270 mode=01 match=04 mask=00 players=0 command=4322 peer=0000 script=00019fc8 flow=00010034 menu=00000000 flags=09 offer=00 header=11/54 choice=0 done=0 selector=1 active=false/false
916 15.286 mode=00 match=04 mask=00 players=0 command=4322 peer=0000 script=00019ff2 flow=00010034 menu=00000000 flags=09 offer=00 header=11/54 choice=0 done=0 selector=1 active=false/false
917 15.303 mode=00 match=04 mask=00 players=0 command=4322 peer=0000 script=0001a002 flow=00010034 menu=00000000 flags=09 offer=00 header=11/54 choice=0 done=0 selector=1 active=false/false
918 15.320 mode=00 match=04 mask=00 players=0 command=4322 peer=0000 script=0001a004 flow=00010034 menu=00000000 flags=09 offer=00 header=11/54 choice=0 done=0 selector=1 active=false/false
1098 18.324 mode=00 match=04 mask=00 players=0 command=4322 peer=0000 script=0001a008 flow=00010034 menu=00000000 flags=09 offer=00 header=11/54 choice=0 done=0 selector=1 active=false/false
1101 18.374 B saw A active; delayed coin schedule
1106 18.457 mode=00 match=04 mask=00 players=0 command=4322 peer=0000 script=0001a00a flow=00010034 menu=00000000 flags=09 offer=00 header=11/54 choice=0 done=0 selector=1 active=false/false
1106 18.458 menu-write pc=00a340 data=0000 mask=ffff oldchoice=0 done=0
1106 18.465 menu-write pc=00a36c data=0000 mask=ffff oldchoice=0 done=0
1107 18.474 mode=00 match=04 mask=00 players=0 command=4322 peer=0000 script=0001f576 flow=00010034 menu=00000000 flags=09 offer=00 header=11/54 choice=0 done=0 selector=1 active=false/false
1108 18.490 mode=00 match=04 mask=00 players=0 command=4322 peer=0000 script=0001f582 flow=00010034 menu=00000000 flags=09 offer=00 header=11/54 choice=0 done=0 selector=1 active=false/false
1281 21.378 input :SERVICE Coin 1
1288 21.494 mode=00 match=04 mask=00 players=0 command=4322 peer=0000 script=0001f588 flow=00010034 menu=00000000 flags=09 offer=00 header=11/54 choice=0 done=0 selector=1 active=false/false
1295 21.611 mode=00 match=04 mask=00 players=0 command=4322 peer=0000 script=0001f58a flow=00010034 menu=00000000 flags=09 offer=00 header=11/54 choice=0 done=0 selector=1 active=false/false
1295 21.613 menu-write pc=00a36c data=0000 mask=ffff oldchoice=0 done=0
1295 21.620 menu-write pc=00a36c data=0000 mask=ffff oldchoice=0 done=0
1296 21.628 input :SERVICE Coin 1
1296 21.628 mode=00 match=04 mask=00 players=0 command=4322 peer=0000 script=0001f5a8 flow=00010034 menu=00000000 flags=09 offer=00 header=11/54 choice=0 done=0 selector=1 active=false/false
1297 21.645 mode=00 match=04 mask=00 players=0 command=4322 peer=0000 script=0001f5ba flow=00010034 menu=00000000 flags=09 offer=00 header=11/54 choice=0 done=0 selector=1 active=false/false
1311 21.878 input :SERVICE Coin 1
1320 22.028 mode=00 match=04 mask=00 players=0 command=4322 peer=0000 script=0001f5c6 flow=00010034 menu=00000000 flags=09 offer=00 header=11/54 choice=0 done=0 selector=1 active=false/false
1322 22.062 mode=00 match=04 mask=00 players=0 command=4322 peer=0000 script=0001f5da flow=00010034 menu=00000000 flags=09 offer=00 header=11/54 choice=0 done=0 selector=1 active=false/false
1326 22.128 input :SERVICE Coin 1
1371 22.879 input :SERVICE 1 Player Start
1431 23.881 input :SERVICE 1 Player Start
1434 23.931 mode=00 match=04 mask=00 players=0 command=4322 peer=0000 script=0001f5e0 flow=00010034 menu=00000000 flags=09 offer=00 header=11/54 choice=0 done=0 selector=1 active=false/false
1441 24.048 mode=00 match=04 mask=00 players=0 command=4322 peer=0000 script=0001f5e2 flow=00010034 menu=00000000 flags=09 offer=00 header=11/54 choice=0 done=0 selector=1 active=false/false
1441 24.050 menu-write pc=00a36c data=0000 mask=ffff oldchoice=0 done=0
1441 24.058 menu-write pc=00a340 data=0000 mask=ffff oldchoice=0 done=0
1442 24.064 mode=00 match=04 mask=00 players=0 command=4322 peer=0000 script=0001a034 flow=00010034 menu=00000000 flags=09 offer=00 header=11/54 choice=0 done=0 selector=1 active=false/false
1442 24.067 menu-write pc=00a340 data=0000 mask=ffff oldchoice=0 done=0
1442 24.076 menu-write pc=00a340 data=0000 mask=ffff oldchoice=0 done=0
1443 24.081 mode=00 match=04 mask=00 players=0 command=4322 peer=0000 script=0001a0ac flow=00019a38 menu=00000000 flags=09 offer=00 header=10/54 choice=0 done=0 selector=0 active=false/false
1443 24.092 menu-write pc=00a48a data=0000 mask=ffff oldchoice=0 done=0
1444 24.098 mode=00 match=04 mask=00 players=0 command=4322 peer=0000 script=0001a0ac flow=00019a50 menu=00019b8e flags=09 offer=00 header=10/54 choice=0 done=0 selector=0 active=false/false
1459 24.348 invitation ready choice=start1
1459 24.348 mode=00 match=04 mask=00 players=0 command=4322 peer=0000 script=0001a0ac flow=00019a50 menu=00019c6e flags=09 offer=00 header=10/54 choice=0 done=0 selector=0 active=false/false
1471 24.548 input :SERVICE 1 Player Start
1780 29.706 menu-write pc=019c9a data=0101 mask=00ff oldchoice=0 done=0
1781 29.722 mode=00 match=04 mask=00 players=0 command=4322 peer=0000 script=0001a0ac flow=00019a50 menu=00019d84 flags=09 offer=00 header=10/54 choice=0 done=1 selector=0 active=false/false
1782 29.738 mode=00 match=04 mask=00 players=0 command=4322 peer=0000 script=0001a0b0 flow=00010050 menu=00019d84 flags=87 offer=01 header=54/54 choice=0 done=1 selector=0 active=false/false
1786 29.805 mode=00 match=04 mask=00 players=0 command=4322 peer=0000 script=0001a0b2 flow=00010050 menu=00019d84 flags=87 offer=01 header=54/54 choice=0 done=1 selector=0 active=false/false
1786 29.806 menu-write pc=00a340 data=0000 mask=ffff oldchoice=0 done=1
1786 29.814 menu-write pc=00a48a data=0000 mask=ffff oldchoice=0 done=0
1787 29.822 mode=01 match=04 mask=01 players=1 command=0322 peer=0000 script=0001a3ee flow=00010050 menu=000188fc flags=08 offer=01 header=11/54 choice=0 done=0 selector=0 active=false/false
1789 29.855 mode=01 match=04 mask=01 players=1 command=0322 peer=0000 script=0001a3ee flow=00010050 menu=000189c6 flags=08 offer=00 header=11/54 choice=0 done=0 selector=0 active=false/false
1829 30.523 mode=01 match=04 mask=01 players=1 command=0322 peer=0000 script=0001a3ee flow=00010050 menu=00018a40 flags=08 offer=00 header=11/54 choice=0 done=0 selector=0 active=false/false
1879 31.357 input :SERVICE 2 Players Start
1881 31.390 mode=01 match=04 mask=03 players=2 command=0322 peer=0000 script=0001a3ee flow=00010050 menu=00018a40 flags=08 offer=00 header=11/54 choice=0 done=0 selector=0 active=false/false
1890 31.541 input :P1 P1 Button 1
1890 31.541 input :P2 P2 Button 1
1939 32.358 input :SERVICE 2 Players Start
1980 33.043 input :P1 P1 Button 1
1980 33.043 input :P2 P2 Button 1
1999 33.360 input :SERVICE 2 Players Start
2070 34.544 input :P1 P1 Button 1
2070 34.544 input :P2 P2 Button 1
2160 36.046 input :P1 P1 Button 1
2160 36.046 input :P2 P2 Button 1
2250 37.548 input :P1 P1 Button 1
2250 37.548 input :P2 P2 Button 1
2340 39.050 input :P1 P1 Button 1
2340 39.050 input :P2 P2 Button 1
2343 39.100 mode=01 match=04 mask=03 players=2 command=4322 peer=0000 script=0001a3ee flow=00010050 menu=00018b84 flags=08 offer=00 header=11/54 choice=0 done=0 selector=0 active=false/false
2344 39.117 mode=01 match=04 mask=03 players=2 command=4322 peer=0000 script=0001a3ee flow=00010050 menu=00018db6 flags=08 offer=00 header=10/54 choice=0 done=0 selector=0 active=false/false
2363 39.434 mode=01 match=04 mask=03 players=2 command=4322 peer=0000 script=0001a3ee flow=00010050 menu=00018dd8 flags=08 offer=00 header=10/54 choice=0 done=0 selector=0 active=false/false
2364 39.451 mode=01 match=04 mask=03 players=2 command=4322 peer=0000 script=0001a3ee flow=00010050 menu=00018e08 flags=08 offer=00 header=10/54 choice=0 done=0 selector=0 active=false/false
2430 40.552 input :P1 P1 Button 1
2430 40.552 input :P2 P2 Button 1
2432 40.586 mode=01 match=04 mask=03 players=2 command=4322 peer=0000 script=0001a3ee flow=00010050 menu=00018e0e flags=08 offer=00 header=10/54 choice=0 done=0 selector=0 active=false/false
2433 40.602 mode=01 match=04 mask=03 players=2 command=4322 peer=0000 script=0001a3ee flow=00010050 menu=00018e40 flags=08 offer=00 header=10/54 choice=0 done=0 selector=0 active=false/false
2436 40.655 menu-write pc=00a4f0 data=0000 mask=ffff oldchoice=0 done=0
2437 40.669 mode=01 match=04 mask=03 players=2 command=4322 peer=0000 script=0001a3ee flow=00010050 menu=00000000 flags=08 offer=00 header=10/54 choice=0 done=0 selector=0 active=false/false
2437 40.672 menu-write pc=00a340 data=0000 mask=ffff oldchoice=0 done=0
2437 40.679 menu-write pc=00a36c data=0000 mask=ffff oldchoice=0 done=0
2438 40.686 mode=01 match=02 mask=03 players=2 command=4322 peer=0000 script=0001f7bc flow=00010050 menu=00000000 flags=82 offer=00 header=54/54 choice=0 done=0 selector=0 active=false/false
2439 40.702 mode=01 match=02 mask=03 players=2 command=4322 peer=0000 script=0001f7d2 flow=00010050 menu=00000000 flags=82 offer=00 header=54/54 choice=0 done=0 selector=0 active=false/false
2456 40.986 mode=01 match=02 mask=03 players=2 command=4322 peer=0000 script=0001f7de flow=00010050 menu=00000000 flags=82 offer=00 header=54/54 choice=0 done=0 selector=0 active=false/false
2458 41.019 mode=01 match=02 mask=03 players=2 command=4322 peer=0000 script=0001f7f6 flow=00010050 menu=00000000 flags=82 offer=00 header=54/54 choice=0 done=0 selector=0 active=false/false
2520 42.054 input :P1 P1 Button 1
2520 42.054 input :P2 P2 Button 1
2571 42.905 mode=01 match=02 mask=03 players=2 command=4322 peer=0000 script=0001f7fc flow=00010050 menu=00000000 flags=82 offer=00 header=54/54 choice=0 done=0 selector=0 active=false/false
2603 43.439 mode=01 match=02 mask=03 players=2 command=4322 peer=0000 script=0001f7fe flow=00010050 menu=00000000 flags=82 offer=00 header=54/54 choice=0 done=0 selector=0 active=false/false
2603 43.442 menu-write pc=00a36c data=0000 mask=ffff oldchoice=0 done=0
2604 43.456 mode=01 match=02 mask=03 players=2 command=4322 peer=0000 script=0001a49e flow=00010050 menu=00000000 flags=82 offer=00 header=54/54 choice=0 done=0 selector=0 active=false/false
2605 43.473 mode=01 match=02 mask=03 players=2 command=4322 peer=0000 script=0001a4b0 flow=00010050 menu=00000000 flags=82 offer=00 header=54/54 choice=0 done=0 selector=0 active=false/false
2610 43.556 input :P1 P1 Button 1
2610 43.556 input :P2 P2 Button 1
2618 43.690 mode=01 match=02 mask=03 players=2 command=4322 peer=0000 script=0001a4b6 flow=00010050 menu=00000000 flags=82 offer=00 header=54/54 choice=0 done=0 selector=0 active=false/false
2634 43.957 mode=01 match=02 mask=03 players=2 command=4322 peer=0000 script=0001a4d8 flow=00010050 menu=00000000 flags=82 offer=00 header=54/54 choice=0 done=0 selector=0 active=false/false
2637 44.007 mode=01 match=02 mask=03 players=2 command=4322 peer=0000 script=0001a4da flow=00010050 menu=00000000 flags=82 offer=00 header=54/54 choice=0 done=0 selector=0 active=false/false
2638 44.023 mode=01 match=02 mask=03 players=2 command=4322 peer=0000 script=0001a510 flow=00010050 menu=00000000 flags=82 offer=00 header=54/54 choice=0 done=0 selector=0 active=false/false
2638 44.036 menu-write pc=00a48a data=0000 mask=ffff oldchoice=0 done=0
2639 44.040 mode=01 match=02 mask=03 players=2 command=4322 peer=0000 script=0001a51a flow=00010050 menu=0000daca flags=82 offer=00 header=54/54 choice=0 done=0 selector=0 active=false/false
2700 45.058 input :P1 P1 Button 1
2700 45.058 input :P2 P2 Button 1
2790 46.560 input :P1 P1 Button 1
2790 46.560 input :P2 P2 Button 1
2792 46.593 mode=01 match=02 mask=03 players=2 command=7822 peer=0000 script=0001a51a flow=00010050 menu=0000daca flags=82 offer=00 header=54/54 choice=0 done=0 selector=0 active=false/false
2795 46.643 mode=01 match=02 mask=03 players=2 command=f822 peer=0000 script=0001a51a flow=00010050 menu=0000daca flags=82 offer=00 header=54/54 choice=0 done=0 selector=0 active=false/false
2801 46.744 piece player=0 count=1 mode=1 match=2 mask=03
2801 46.744 piece player=1 count=1 mode=1 match=2 mask=03
2801 46.744 mode=01 match=02 mask=03 players=2 command=f822 peer=0000 script=0001a51a flow=00010050 menu=0000daca flags=82 offer=00 header=54/54 choice=0 done=0 selector=0 active=true/true
2880 48.062 input :P1 P1 Button 1
2880 48.062 input :P2 P2 Button 1
2970 49.564 input :P1 P1 Button 1
2970 49.564 input :P2 P2 Button 1
3009 50.215 mode=01 match=02 mask=03 players=2 command=f822 peer=0000 script=0001a51a flow=00010050 menu=0000daca flags=82 offer=00 header=54/54 choice=0 done=0 selector=0 active=false/false
3033 50.615 piece player=0 count=2 mode=1 match=2 mask=03
3033 50.615 piece player=1 count=2 mode=1 match=2 mask=03
3033 50.615 mode=01 match=02 mask=03 players=2 command=f822 peer=0000 script=0001a51a flow=00010050 menu=0000daca flags=82 offer=00 header=54/54 choice=0 done=0 selector=0 active=true/true
3060 51.066 input :P1 P1 Button 1
3060 51.066 input :P2 P2 Button 1
3150 52.568 input :P1 P1 Button 1
3150 52.568 input :P2 P2 Button 1
3240 54.070 input :P1 P1 Button 1
3240 54.070 input :P2 P2 Button 1
3241 54.086 mode=01 match=02 mask=03 players=2 command=f822 peer=0000 script=0001a51a flow=00010050 menu=0000daca flags=82 offer=00 header=54/54 choice=0 done=0 selector=0 active=false/false
3265 54.487 piece player=0 count=3 mode=1 match=2 mask=03
3265 54.487 piece player=1 count=3 mode=1 match=2 mask=03
3265 54.487 mode=01 match=02 mask=03 players=2 command=f822 peer=0000 script=0001a51a flow=00010050 menu=0000daca flags=82 offer=00 header=54/54 choice=0 done=0 selector=0 active=true/true
3330 55.572 input :P1 P1 Button 1
3330 55.572 input :P2 P2 Button 1
3420 57.073 input :P1 P1 Button 1
3420 57.073 input :P2 P2 Button 1
3473 57.958 mode=01 match=02 mask=03 players=2 command=f822 peer=0000 script=0001a51a flow=00010050 menu=0000daca flags=82 offer=00 header=54/54 choice=0 done=0 selector=0 active=false/false
3497 58.358 piece player=0 count=4 mode=1 match=2 mask=03
3497 58.358 piece player=1 count=4 mode=1 match=2 mask=03
3497 58.358 mode=01 match=02 mask=03 players=2 command=f822 peer=0000 script=0001a51a flow=00010050 menu=0000daca flags=82 offer=00 header=54/54 choice=0 done=0 selector=0 active=true/true
3510 58.575 input :P1 P1 Button 1
3510 58.575 input :P2 P2 Button 1
