0 0.000 mapping :SERVICE Coin 2 KEYCODE_6 OR JOYCODE_2_UNKNOWN_SWITCH
0 0.000 mapping :SERVICE 1 Player Start KEYCODE_1 OR JOYCODE_1_UNKNOWN_SWITCH
0 0.000 mapping :SERVICE 2 Players Start KEYCODE_2 OR JOYCODE_2_UNKNOWN_SWITCH
0 0.000 mapping :SERVICE Service 1 KEYCODE_9
0 0.000 mapping :SERVICE Coin 1 KEYCODE_5 OR JOYCODE_1_UNKNOWN_SWITCH
0 0.000 mapping :SERVICE Service Mode KEYCODE_F2
0 0.000 mapping :P1 P1 Button 1 KEYCODE_LCONTROL OR MOUSECODE_1_BUTTON1 OR GUNCODE_1_BUTTON1
0 0.000 mapping :P1 P1 Up KEYCODE_UP
0 0.000 mapping :P1 P1 Left KEYCODE_LEFT
0 0.000 mapping :P1 P1 Down KEYCODE_DOWN
0 0.000 mapping :P1 P1 Button 2 KEYCODE_LALT OR MOUSECODE_1_BUTTON3 OR GUNCODE_1_BUTTON2
0 0.000 mapping :P1 P1 Right KEYCODE_RIGHT
0 0.000 mapping :P2 P2 Button 2 KEYCODE_S OR MOUSECODE_2_BUTTON3 OR GUNCODE_2_BUTTON2
0 0.000 mapping :P2 P2 Button 1 KEYCODE_A OR MOUSECODE_2_BUTTON1 OR GUNCODE_2_BUTTON1
0 0.000 mapping :P2 P2 Left KEYCODE_D
0 0.000 mapping :P2 P2 Down KEYCODE_F
0 0.000 mapping :P2 P2 Right KEYCODE_G
0 0.000 mapping :P2 P2 Up KEYCODE_R
0 0.010 menu-write pc=00a340 data=0000 mask=ffff oldchoice=0 done=0
1 0.017 mode=01 match=04 mask=05 players=2 command=0b22 peer=0000 script=00019f48 flow=00010034 menu=00000000 flags=c7 offer=00 header=54/54 choice=0 done=0 selector=1 active=false/false
2 0.033 mode=01 match=04 mask=05 players=2 command=0b22 peer=0000 script=00019f70 flow=00010034 menu=00000000 flags=00 offer=00 header=00/00 choice=0 done=0 selector=1 active=false/false
5 0.083 mode=01 match=04 mask=05 players=2 command=0b22 peer=0000 script=00019f7e flow=00010034 menu=00000000 flags=00 offer=00 header=00/00 choice=0 done=0 selector=1 active=false/false
10 0.167 mode=01 match=04 mask=05 players=2 command=0b22 peer=0000 script=00019f80 flow=00010034 menu=00000000 flags=00 offer=00 header=00/00 choice=0 done=0 selector=1 active=false/false
27 0.451 mode=01 match=04 mask=05 players=2 command=0b22 peer=0000 script=00019f80 flow=00010034 menu=00000000 flags=00 offer=00 header=10/00 choice=0 done=0 selector=1 active=false/false
30 0.501 mode=01 match=04 mask=05 players=2 command=0b22 peer=0000 script=00019f80 flow=00010034 menu=00000000 flags=00 offer=00 header=10/10 choice=0 done=0 selector=1 active=false/false
31 0.517 mode=01 match=04 mask=05 players=2 command=0b22 peer=0000 script=00019f80 flow=00010034 menu=00000000 flags=00 offer=00 header=10/00 choice=0 done=0 selector=1 active=false/false
33 0.551 mode=01 match=04 mask=05 players=2 command=0b22 peer=0000 script=00019f80 flow=00010034 menu=00000000 flags=00 offer=00 header=10/10 choice=0 done=0 selector=1 active=false/false
60 1.001 input :SERVICE Coin 1
75 1.252 input :SERVICE Coin 1
90 1.502 input :SERVICE Coin 1
105 1.752 input :SERVICE Coin 1
150 2.503 input :SERVICE 1 Player Start
185 3.087 mode=01 match=04 mask=05 players=2 command=0b22 peer=0000 script=00019f80 flow=00010034 menu=00000000 flags=00 offer=00 header=10/11 choice=0 done=0 selector=1 active=false/false
191 3.187 mode=01 match=04 mask=05 players=2 command=0b22 peer=0000 script=00019f84 flow=00010034 menu=00000000 flags=00 offer=00 header=10/11 choice=0 done=0 selector=1 active=false/false
195 3.254 mode=01 match=04 mask=05 players=2 command=0b22 peer=0000 script=00019f86 flow=00010034 menu=00000000 flags=00 offer=00 header=10/11 choice=0 done=0 selector=1 active=false/false
195 3.255 menu-write pc=00a340 data=0000 mask=ffff oldchoice=0 done=0
195 3.262 menu-write pc=00a340 data=0000 mask=ffff oldchoice=0 done=0
196 3.271 mode=01 match=04 mask=05 players=2 command=0b22 peer=0000 script=00019fc8 flow=00010034 menu=00000000 flags=09 offer=00 header=11/11 choice=0 done=0 selector=1 active=false/false
197 3.288 mode=00 match=04 mask=05 players=2 command=0b22 peer=0000 script=00019ff2 flow=00010034 menu=00000000 flags=09 offer=00 header=11/11 choice=0 done=0 selector=1 active=false/false
198 3.304 mode=00 match=04 mask=05 players=2 command=0b22 peer=0000 script=0001a002 flow=00010034 menu=00000000 flags=09 offer=00 header=11/11 choice=0 done=0 selector=1 active=false/false
199 3.321 mode=00 match=04 mask=05 players=2 command=0b22 peer=0000 script=0001a004 flow=00010034 menu=00000000 flags=09 offer=00 header=11/11 choice=0 done=0 selector=1 active=false/false
210 3.505 input :SERVICE 1 Player Start
213 3.555 mode=00 match=04 mask=05 players=2 command=0b22 peer=0000 script=0001a008 flow=00010034 menu=00000000 flags=09 offer=00 header=11/11 choice=0 done=0 selector=1 active=false/false
246 4.105 mode=00 match=04 mask=05 players=2 command=0b22 peer=0000 script=0001a00a flow=00010034 menu=00000000 flags=09 offer=00 header=11/11 choice=0 done=0 selector=1 active=false/false
246 4.106 menu-write pc=00a340 data=0000 mask=ffff oldchoice=0 done=0
246 4.113 menu-write pc=00a340 data=0000 mask=ffff oldchoice=0 done=0
246 4.120 menu-write pc=00a48a data=0000 mask=ffff oldchoice=0 done=0
247 4.122 mode=01 match=04 mask=01 players=1 command=0322 peer=0000 script=0001a3ee flow=00010034 menu=000188fc flags=08 offer=00 header=11/11 choice=0 done=0 selector=1 active=false/false
249 4.155 mode=01 match=04 mask=01 players=1 command=0322 peer=0000 script=0001a3ee flow=00010034 menu=000189c6 flags=08 offer=00 header=13/11 choice=0 done=0 selector=1 active=false/false
266 4.439 mode=01 match=04 mask=01 players=1 command=0322 peer=0000 script=0001a3ee flow=00010034 menu=000189c6 flags=08 offer=00 header=13/13 choice=0 done=0 selector=1 active=false/false
270 4.506 input :SERVICE 2 Players Start
270 4.506 input :P1 P1 Button 1
270 4.506 input :P2 P2 Button 1
290 4.840 mode=01 match=04 mask=01 players=1 command=0322 peer=0000 script=0001a3ee flow=00010034 menu=00018a40 flags=08 offer=00 header=13/13 choice=0 done=0 selector=1 active=false/false
291 4.856 mode=01 match=04 mask=01 players=1 command=1322 peer=0000 script=0001a3ee flow=00010034 menu=00018a40 flags=08 offer=00 header=13/13 choice=0 done=0 selector=1 active=false/false
330 5.507 input :SERVICE 2 Players Start
332 5.540 mode=01 match=04 mask=03 players=2 command=1322 peer=0000 script=0001a3ee flow=00010034 menu=00018a40 flags=08 offer=00 header=13/13 choice=0 done=0 selector=1 active=false/false
333 5.557 mode=01 match=04 mask=03 players=2 command=3322 peer=0000 script=0001a3ee flow=00010034 menu=00018a40 flags=08 offer=00 header=13/13 choice=0 done=0 selector=1 active=false/false
360 6.008 input :P1 P1 Button 1
360 6.008 input :P2 P2 Button 1
450 7.510 input :P1 P1 Button 1
450 7.510 input :P2 P2 Button 1
540 9.012 input :P1 P1 Button 1
540 9.012 input :P2 P2 Button 1
630 10.514 input :P1 P1 Button 1
630 10.514 input :P2 P2 Button 1
720 12.015 input :P1 P1 Button 1
720 12.015 input :P2 P2 Button 1
723 12.066 mode=01 match=04 mask=03 players=2 command=7322 peer=0000 script=0001a3ee flow=00010034 menu=00018b84 flags=08 offer=00 header=13/13 choice=0 done=0 selector=1 active=false/false
723 12.068 recruit-peer-read pc=018bda data=0322 mask=ff00 localmask=03
724 12.082 mode=01 match=04 mask=03 players=2 command=7322 peer=0000 script=0001a3ee flow=00010034 menu=00018db6 flags=08 offer=00 header=10/13 choice=0 done=0 selector=1 active=false/false
729 12.166 mode=01 match=04 mask=03 players=2 command=7322 peer=0000 script=0001a3ee flow=00010034 menu=00018db6 flags=08 offer=00 header=10/10 choice=0 done=0 selector=1 active=false/false
743 12.399 mode=01 match=04 mask=03 players=2 command=7322 peer=0000 script=0001a3ee flow=00010034 menu=00018dd8 flags=08 offer=00 header=10/10 choice=0 done=0 selector=1 active=false/false
744 12.416 mode=01 match=04 mask=03 players=2 command=7322 peer=0000 script=0001a3ee flow=00010034 menu=00018e08 flags=08 offer=00 header=10/10 choice=0 done=0 selector=1 active=false/false
810 13.517 input :P1 P1 Button 1
810 13.517 input :P2 P2 Button 1
812 13.551 mode=01 match=04 mask=03 players=2 command=7322 peer=0000 script=0001a3ee flow=00010034 menu=00018e0e flags=08 offer=00 header=10/10 choice=0 done=0 selector=1 active=false/false
813 13.567 mode=01 match=04 mask=03 players=2 command=7322 peer=0000 script=0001a3ee flow=00010034 menu=00018e40 flags=08 offer=00 header=10/10 choice=0 done=0 selector=1 active=false/false
816 13.620 menu-write pc=00a4f0 data=0000 mask=ffff oldchoice=0 done=0
817 13.634 mode=01 match=04 mask=03 players=2 command=7322 peer=0000 script=0001a3ee flow=00010034 menu=00000000 flags=08 offer=00 header=10/10 choice=0 done=0 selector=1 active=false/false
817 13.636 menu-write pc=00a340 data=0000 mask=ffff oldchoice=0 done=0
817 13.644 menu-write pc=00a36c data=0000 mask=ffff oldchoice=0 done=0
818 13.651 mode=01 match=02 mask=03 players=2 command=7322 peer=0000 script=0001f7c6 flow=00010034 menu=00000000 flags=82 offer=00 header=54/10 choice=0 done=0 selector=1 active=false/false
819 13.668 mode=01 match=02 mask=03 players=2 command=7322 peer=0000 script=0001f7d2 flow=00010034 menu=00000000 flags=82 offer=00 header=54/10 choice=0 done=0 selector=1 active=false/false
836 13.951 mode=01 match=02 mask=03 players=2 command=7322 peer=0000 script=0001f7de flow=00010034 menu=00000000 flags=82 offer=00 header=54/10 choice=0 done=0 selector=1 active=false/false
838 13.985 mode=01 match=02 mask=03 players=2 command=7322 peer=0000 script=0001f7f6 flow=00010034 menu=00000000 flags=82 offer=00 header=54/10 choice=0 done=0 selector=1 active=false/false
900 15.019 input :P1 P1 Button 1
900 15.019 input :P2 P2 Button 1
938 15.653 mode=01 match=02 mask=03 players=2 command=7322 peer=0000 script=0001f7f6 flow=00010034 menu=00000000 flags=82 offer=00 header=54/11 choice=0 done=0 selector=1 active=false/false
951 15.870 mode=01 match=02 mask=03 players=2 command=7322 peer=0000 script=0001f7fc flow=00010034 menu=00000000 flags=82 offer=00 header=54/11 choice=0 done=0 selector=1 active=false/false
983 16.404 mode=01 match=02 mask=03 players=2 command=7322 peer=0000 script=0001f7fe flow=00010034 menu=00000000 flags=82 offer=00 header=54/11 choice=0 done=0 selector=1 active=false/false
983 16.407 menu-write pc=00a36c data=0000 mask=ffff oldchoice=0 done=0
984 16.421 mode=01 match=02 mask=03 players=2 command=7322 peer=0000 script=0001a49e flow=00010034 menu=00000000 flags=82 offer=00 header=54/11 choice=0 done=0 selector=1 active=false/false
985 16.438 mode=01 match=02 mask=03 players=2 command=7322 peer=0000 script=0001a4b0 flow=00010034 menu=00000000 flags=82 offer=00 header=54/11 choice=0 done=0 selector=1 active=false/false
990 16.521 input :P1 P1 Button 1
990 16.521 input :P2 P2 Button 1
998 16.655 mode=01 match=02 mask=03 players=2 command=7322 peer=0000 script=0001a4b6 flow=00010034 menu=00000000 flags=82 offer=00 header=54/11 choice=0 done=0 selector=1 active=false/false
1014 16.922 mode=01 match=02 mask=03 players=2 command=7322 peer=0000 script=0001a4d8 flow=00010034 menu=00000000 flags=82 offer=00 header=54/11 choice=0 done=0 selector=1 active=false/false
1017 16.972 mode=01 match=02 mask=03 players=2 command=7322 peer=0000 script=0001a4da flow=00010034 menu=00000000 flags=82 offer=00 header=54/11 choice=0 done=0 selector=1 active=false/false
1018 16.989 mode=01 match=02 mask=03 players=2 command=7322 peer=0000 script=0001a510 flow=00010034 menu=00000000 flags=82 offer=00 header=54/11 choice=0 done=0 selector=1 active=false/false
1018 17.002 menu-write pc=00a48a data=0000 mask=ffff oldchoice=0 done=0
1019 17.005 mode=01 match=02 mask=03 players=2 command=7322 peer=0000 script=0001a51a flow=00010034 menu=0000daca flags=82 offer=00 header=54/11 choice=0 done=0 selector=1 active=false/false
1080 18.023 input :P1 P1 Button 1
1080 18.023 input :P2 P2 Button 1
1168 19.492 mode=01 match=02 mask=03 players=2 command=7822 peer=0000 script=0001a51a flow=00010034 menu=0000daca flags=82 offer=00 header=54/11 choice=0 done=0 selector=1 active=false/false
1170 19.525 input :P1 P1 Button 1
1170 19.525 input :P2 P2 Button 1
1171 19.542 mode=01 match=02 mask=03 players=2 command=f822 peer=0000 script=0001a51a flow=00010034 menu=0000daca flags=82 offer=00 header=54/11 choice=0 done=0 selector=1 active=false/false
1177 19.642 A actual local gameplay; releasing B join schedule
1177 19.642 piece player=0 count=1 mode=1 match=2 mask=03
1177 19.642 piece player=1 count=1 mode=1 match=2 mask=03
1177 19.642 mode=01 match=02 mask=03 players=2 command=f822 peer=0000 script=0001a51a flow=00010034 menu=0000daca flags=82 offer=00 header=54/11 choice=0 done=0 selector=1 active=true/true
1260 21.027 input :P1 P1 Button 1
1260 21.027 input :P2 P2 Button 1
1350 22.529 input :P1 P1 Button 1
1350 22.529 input :P2 P2 Button 1
1385 23.113 mode=01 match=02 mask=03 players=2 command=f822 peer=0000 script=0001a51a flow=00010034 menu=0000daca flags=82 offer=00 header=54/11 choice=0 done=0 selector=1 active=true/false
1401 23.380 mode=01 match=02 mask=03 players=2 command=f822 peer=0000 script=0001a51a flow=00010034 menu=0000daca flags=82 offer=00 header=54/11 choice=0 done=0 selector=1 active=false/false
1409 23.514 piece player=1 count=2 mode=1 match=2 mask=03
1409 23.514 mode=01 match=02 mask=03 players=2 command=f822 peer=0000 script=0001a51a flow=00010034 menu=0000daca flags=82 offer=00 header=54/11 choice=0 done=0 selector=1 active=false/true
1417 23.647 piece player=0 count=2 mode=1 match=2 mask=03
1417 23.647 mode=01 match=02 mask=03 players=2 command=f822 peer=0000 script=0001a51a flow=00010034 menu=0000daca flags=82 offer=00 header=54/11 choice=0 done=0 selector=1 active=true/true
1440 24.031 input :P1 P1 Button 1
1440 24.031 input :P2 P2 Button 1
1463 24.415 mode=01 match=02 mask=03 players=2 command=f822 peer=0000 script=0001a51a flow=00010034 menu=0000daca flags=82 offer=00 header=54/10 choice=0 done=0 selector=1 active=true/true
1521 25.383 mode=01 match=02 mask=03 players=2 command=f822 peer=0000 script=0001a51a flow=00010034 menu=0000daca flags=82 offer=00 header=54/54 choice=0 done=0 selector=1 active=true/true
1528 25.500 mode=01 match=02 mask=03 players=2 command=f822 peer=0000 script=0001a51a flow=00010034 menu=0000daca flags=82 offer=00 header=54/11 choice=0 done=0 selector=1 active=true/true
1530 25.533 input :P1 P1 Button 1
1530 25.533 input :P2 P2 Button 1
1617 26.985 mode=01 match=02 mask=03 players=2 command=f822 peer=0000 script=0001a51a flow=00010034 menu=0000daca flags=82 offer=00 header=54/11 choice=0 done=0 selector=1 active=true/false
1620 27.035 input :P1 P1 Button 1
1620 27.035 input :P2 P2 Button 1
1641 27.385 piece player=1 count=3 mode=1 match=2 mask=03
1641 27.385 mode=01 match=02 mask=03 players=2 command=f822 peer=0000 script=0001a51a flow=00010034 menu=0000daca flags=82 offer=00 header=54/11 choice=0 done=0 selector=1 active=false/true
1661 27.719 piece player=0 count=3 mode=1 match=2 mask=03
1661 27.719 mode=01 match=02 mask=03 players=2 command=f822 peer=0000 script=0001a51a flow=00010034 menu=0000daca flags=82 offer=00 header=54/11 choice=0 done=0 selector=1 active=true/true
1710 28.537 input :P1 P1 Button 1
1710 28.537 input :P2 P2 Button 1
1800 30.039 input :P1 P1 Button 1
1800 30.039 input :P2 P2 Button 1
1849 30.856 mode=01 match=02 mask=03 players=2 command=f822 peer=0000 script=0001a51a flow=00010034 menu=0000daca flags=82 offer=00 header=54/11 choice=0 done=0 selector=1 active=true/false
1869 31.190 mode=01 match=02 mask=03 players=2 command=f822 peer=0000 script=0001a51a flow=00010034 menu=0000daca flags=82 offer=00 header=54/11 choice=0 done=0 selector=1 active=false/false
1873 31.257 piece player=1 count=4 mode=1 match=2 mask=03
1873 31.257 mode=01 match=02 mask=03 players=2 command=f822 peer=0000 script=0001a51a flow=00010034 menu=0000daca flags=82 offer=00 header=54/11 choice=0 done=0 selector=1 active=false/true
1890 31.541 input :P1 P1 Button 1
1890 31.541 input :P2 P2 Button 1
1893 31.591 piece player=0 count=4 mode=1 match=2 mask=03
1893 31.591 mode=01 match=02 mask=03 players=2 command=f822 peer=0000 script=0001a51a flow=00010034 menu=0000daca flags=82 offer=00 header=54/11 choice=0 done=0 selector=1 active=true/true
1980 33.043 input :P1 P1 Button 1
1980 33.043 input :P2 P2 Button 1
2041 34.061 mode=01 match=02 mask=03 players=2 command=f822 peer=0000 script=0001a51a flow=00010034 menu=0000daca flags=82 offer=00 header=54/10 choice=0 done=0 selector=1 active=true/true
2070 34.544 input :P1 P1 Button 1
2070 34.544 input :P2 P2 Button 1
2097 34.995 mode=01 match=02 mask=03 players=2 command=f822 peer=0000 script=0001a51a flow=00010034 menu=0000daca flags=82 offer=00 header=54/10 choice=0 done=0 selector=1 active=true/false
2117 35.329 piece player=1 count=5 mode=1 match=2 mask=03
2117 35.329 mode=01 match=02 mask=03 players=2 command=f822 peer=0000 script=0001a51a flow=00010034 menu=0000daca flags=82 offer=00 header=54/10 choice=0 done=0 selector=1 active=false/true
2160 36.046 input :P1 P1 Button 1
2160 36.046 input :P2 P2 Button 1
2174 36.280 mode=01 match=02 mask=03 players=2 command=f822 peer=0000 script=0001a51a flow=00010034 menu=0000daca flags=82 offer=00 header=54/54 choice=0 done=0 selector=1 active=false/true
2214 36.948 piece player=0 count=5 mode=1 match=2 mask=03
2214 36.948 mode=01 match=02 mask=03 players=2 command=f822 peer=0000 script=0001a51a flow=00010034 menu=0000daca flags=82 offer=00 header=54/54 choice=0 done=0 selector=1 active=true/true
2250 37.548 input :P1 P1 Button 1
2250 37.548 input :P2 P2 Button 1
2309 38.533 mode=01 match=02 mask=03 players=2 command=f822 peer=0000 script=0001a51a flow=00010034 menu=0000daca flags=82 offer=00 header=54/54 choice=0 done=0 selector=1 active=true/false
2325 38.800 piece player=1 count=6 mode=1 match=2 mask=03
2325 38.800 mode=01 match=02 mask=03 players=2 command=f822 peer=0000 script=0001a51a flow=00010034 menu=0000daca flags=82 offer=00 header=54/54 choice=0 done=0 selector=1 active=true/true
2340 39.050 input :P1 P1 Button 1
2340 39.050 input :P2 P2 Button 1
2422 40.419 mode=01 match=02 mask=03 players=2 command=f822 peer=0000 script=0001a51a flow=00010034 menu=0000daca flags=82 offer=00 header=54/54 choice=0 done=0 selector=1 active=false/true
2430 40.552 input :P1 P1 Button 1
2430 40.552 input :P2 P2 Button 1
2446 40.819 piece player=0 count=6 mode=1 match=2 mask=03
2446 40.819 mode=01 match=02 mask=03 players=2 command=f822 peer=0000 script=0001a51a flow=00010034 menu=0000daca flags=82 offer=00 header=54/54 choice=0 done=0 selector=1 active=true/true
2520 42.054 input :P1 P1 Button 1
2520 42.054 input :P2 P2 Button 1
2533 42.271 mode=01 match=02 mask=03 players=2 command=f822 peer=0000 script=0001a51a flow=00010034 menu=0000daca flags=82 offer=00 header=54/54 choice=0 done=0 selector=1 active=true/false
2557 42.672 piece player=1 count=7 mode=1 match=2 mask=03
2557 42.672 mode=01 match=02 mask=03 players=2 command=f822 peer=0000 script=0001a51a flow=00010034 menu=0000daca flags=82 offer=00 header=54/54 choice=0 done=0 selector=1 active=true/true
2610 43.556 input :P1 P1 Button 1
2610 43.556 input :P2 P2 Button 1
2654 44.290 mode=01 match=02 mask=03 players=2 command=f822 peer=0000 script=0001a51a flow=00010034 menu=0000daca flags=82 offer=00 header=54/54 choice=0 done=0 selector=1 active=false/true
2670 44.557 piece player=0 count=7 mode=1 match=2 mask=03
2670 44.557 mode=01 match=02 mask=03 players=2 command=f822 peer=0000 script=0001a51a flow=00010034 menu=0000daca flags=82 offer=00 header=54/54 choice=0 done=0 selector=1 active=true/true
2700 45.058 input :P1 P1 Button 1
2700 45.058 input :P2 P2 Button 1
2742 45.759 mode=01 match=02 mask=03 players=2 command=f822 peer=0000 script=0001a51a flow=00010034 menu=0000daca flags=82 offer=00 header=54/54 choice=0 done=0 selector=1 active=true/false
2758 46.026 piece player=1 count=8 mode=1 match=2 mask=03
2758 46.026 mode=01 match=02 mask=03 players=2 command=f822 peer=0000 script=0001a51a flow=00010034 menu=0000daca flags=82 offer=00 header=54/54 choice=0 done=0 selector=1 active=true/true
2790 46.560 input :P1 P1 Button 1
2790 46.560 input :P2 P2 Button 1
2846 47.494 mode=01 match=02 mask=03 players=2 command=f822 peer=0000 script=0001a51a flow=00010034 menu=0000daca flags=82 offer=00 header=54/54 choice=0 done=0 selector=1 active=false/true
2870 47.895 piece player=0 count=8 mode=1 match=2 mask=03
2870 47.895 mode=01 match=02 mask=03 players=2 command=f822 peer=0000 script=0001a51a flow=00010034 menu=0000daca flags=82 offer=00 header=54/54 choice=0 done=0 selector=1 active=true/true
2880 48.062 input :P1 P1 Button 1
2880 48.062 input :P2 P2 Button 1
2954 49.297 mode=01 match=02 mask=03 players=2 command=f822 peer=0000 script=0001a51a flow=00010034 menu=0000daca flags=82 offer=00 header=54/54 choice=0 done=0 selector=1 active=true/false
2970 49.564 input :P1 P1 Button 1
2970 49.564 input :P2 P2 Button 1
2978 49.697 piece player=1 count=9 mode=1 match=2 mask=03
2978 49.697 mode=01 match=02 mask=03 players=2 command=f822 peer=0000 script=0001a51a flow=00010034 menu=0000daca flags=82 offer=00 header=54/54 choice=0 done=0 selector=1 active=true/true
3060 51.066 input :P1 P1 Button 1
3060 51.066 input :P2 P2 Button 1
3102 51.767 mode=01 match=02 mask=03 players=2 command=f822 peer=0000 script=0001a51a flow=00010034 menu=0000daca flags=82 offer=00 header=54/54 choice=0 done=0 selector=1 active=false/true
3124 52.134 piece player=0 count=9 mode=1 match=2 mask=03
3124 52.134 mode=01 match=02 mask=03 players=2 command=f822 peer=0000 script=0001a51a flow=00010034 menu=0000daca flags=82 offer=00 header=54/54 choice=0 done=0 selector=1 active=true/true
3150 52.568 input :P1 P1 Button 1
3150 52.568 input :P2 P2 Button 1
3178 53.035 mode=01 match=02 mask=03 players=2 command=f822 peer=0000 script=0001a51a flow=00010034 menu=0000daca flags=82 offer=00 header=54/54 choice=0 done=0 selector=1 active=true/false
3194 53.302 piece player=1 count=10 mode=1 match=2 mask=03
3194 53.302 mode=01 match=02 mask=03 players=2 command=f822 peer=0000 script=0001a51a flow=00010034 menu=0000daca flags=82 offer=00 header=54/54 choice=0 done=0 selector=1 active=true/true
3240 54.070 input :P1 P1 Button 1
3240 54.070 input :P2 P2 Button 1
3300 55.071 mode=01 match=02 mask=03 players=2 command=f822 peer=0000 script=0001a51a flow=00010034 menu=0000daca flags=82 offer=00 header=54/54 choice=0 done=0 selector=1 active=false/true
3324 55.471 piece player=0 count=10 mode=1 match=2 mask=03
3324 55.471 mode=01 match=02 mask=03 players=2 command=f822 peer=0000 script=0001a51a flow=00010034 menu=0000daca flags=82 offer=00 header=54/54 choice=0 done=0 selector=1 active=true/true
3330 55.572 input :P1 P1 Button 1
3330 55.572 input :P2 P2 Button 1
3386 56.506 mode=01 match=02 mask=03 players=2 command=f822 peer=0000 script=0001a51a flow=00010034 menu=0000daca flags=82 offer=00 header=54/54 choice=0 done=0 selector=1 active=true/false
3402 56.773 piece player=1 count=11 mode=1 match=2 mask=03
3402 56.773 mode=01 match=02 mask=03 players=2 command=f822 peer=0000 script=0001a51a flow=00010034 menu=0000daca flags=82 offer=00 header=54/54 choice=0 done=0 selector=1 active=true/true
3420 57.073 input :P1 P1 Button 1
3420 57.073 input :P2 P2 Button 1
3510 58.575 input :P1 P1 Button 1
3510 58.575 input :P2 P2 Button 1
3532 58.943 mode=01 match=02 mask=03 players=2 command=f822 peer=0000 script=0001a51a flow=00010034 menu=0000daca flags=82 offer=00 header=54/54 choice=0 done=0 selector=1 active=false/true
3556 59.343 piece player=0 count=11 mode=1 match=2 mask=03
3556 59.343 mode=01 match=02 mask=03 players=2 command=f822 peer=0000 script=0001a51a flow=00010034 menu=0000daca flags=82 offer=00 header=54/54 choice=0 done=0 selector=1 active=true/true
3562 59.443 mode=01 match=02 mask=03 players=2 command=f822 peer=0000 script=0001a51a flow=00010034 menu=0000daca flags=82 offer=00 header=54/54 choice=0 done=0 selector=1 active=true/false
3586 59.844 piece player=1 count=12 mode=1 match=2 mask=03
3586 59.844 mode=01 match=02 mask=03 players=2 command=f822 peer=0000 script=0001a51a flow=00010034 menu=0000daca flags=82 offer=00 header=54/54 choice=0 done=0 selector=1 active=true/true
3600 60.077 input :P1 P1 Button 1
3600 60.077 input :P2 P2 Button 1
3690 61.579 input :P1 P1 Button 1
3690 61.579 input :P2 P2 Button 1
3748 62.547 mode=01 match=02 mask=03 players=2 command=f822 peer=0000 script=0001a51a flow=00010034 menu=0000daca flags=82 offer=00 header=54/54 choice=0 done=0 selector=1 active=false/true
3762 62.781 mode=01 match=02 mask=03 players=2 command=f822 peer=0000 script=0001a51a flow=00010034 menu=0000daca flags=82 offer=00 header=54/54 choice=0 done=0 selector=1 active=false/false
3772 62.948 piece player=0 count=12 mode=1 match=2 mask=03
3772 62.948 mode=01 match=02 mask=03 players=2 command=f822 peer=0000 script=0001a51a flow=00010034 menu=0000daca flags=82 offer=00 header=54/54 choice=0 done=0 selector=1 active=true/false
3780 63.081 input :P1 P1 Button 1
3780 63.081 input :P2 P2 Button 1
3866 64.516 piece player=1 count=13 mode=1 match=2 mask=03
3866 64.516 mode=01 match=02 mask=03 players=2 command=f822 peer=0000 script=0001a51a flow=00010034 menu=0000daca flags=82 offer=00 header=54/54 choice=0 done=0 selector=1 active=true/true
3870 64.583 input :P1 P1 Button 1
3870 64.583 input :P2 P2 Button 1
3948 65.885 mode=01 match=02 mask=03 players=2 command=f822 peer=0000 script=0001a51a flow=00010034 menu=0000daca flags=82 offer=00 header=54/54 choice=0 done=0 selector=1 active=false/true
3960 66.085 input :P1 P1 Button 1
3960 66.085 input :P2 P2 Button 1
3972 66.285 piece player=0 count=13 mode=1 match=2 mask=03
3972 66.285 mode=01 match=02 mask=03 players=2 command=f822 peer=0000 script=0001a51a flow=00010034 menu=0000daca flags=82 offer=00 header=54/54 choice=0 done=0 selector=1 active=true/true
4026 67.187 mode=01 match=02 mask=03 players=2 command=f822 peer=0000 script=0001a51a flow=00010034 menu=0000daca flags=82 offer=00 header=54/54 choice=0 done=0 selector=1 active=true/false
4050 67.587 input :P1 P1 Button 1
4050 67.587 input :P2 P2 Button 1
4050 67.587 piece player=1 count=14 mode=1 match=2 mask=03
4050 67.587 mode=01 match=02 mask=03 players=2 command=f822 peer=0000 script=0001a51a flow=00010034 menu=0000daca flags=82 offer=00 header=54/54 choice=0 done=0 selector=1 active=true/true
4132 68.955 mode=01 match=02 mask=03 players=2 command=f822 peer=0000 script=0001a51a flow=00010034 menu=0000daca flags=82 offer=00 header=54/54 choice=0 done=0 selector=1 active=false/true
4140 69.089 input :P1 P1 Button 1
4140 69.089 input :P2 P2 Button 1
4177 69.706 piece player=0 count=14 mode=1 match=2 mask=03
4177 69.706 mode=01 match=02 mask=03 players=2 command=f822 peer=0000 script=0001a51a flow=00010034 menu=0000daca flags=82 offer=00 header=54/54 choice=0 done=0 selector=1 active=true/true
4194 69.990 mode=01 match=02 mask=03 players=2 command=f822 peer=0000 script=0001a51a flow=00010034 menu=0000daca flags=82 offer=00 header=54/54 choice=0 done=0 selector=1 active=true/false
4210 70.257 piece player=1 count=15 mode=1 match=2 mask=03
4210 70.257 mode=01 match=02 mask=03 players=2 command=f822 peer=0000 script=0001a51a flow=00010034 menu=0000daca flags=82 offer=00 header=54/54 choice=0 done=0 selector=1 active=true/true
4230 70.591 input :P1 P1 Button 1
4230 70.591 input :P2 P2 Button 1
4320 72.093 input :P1 P1 Button 1
4320 72.093 input :P2 P2 Button 1
4353 72.644 mode=01 match=02 mask=03 players=2 command=f822 peer=0000 script=0001a51a flow=00010034 menu=0000daca flags=82 offer=00 header=54/54 choice=0 done=0 selector=1 active=false/true
4354 72.660 mode=01 match=02 mask=03 players=2 command=f822 peer=0000 script=0001a51a flow=00010034 menu=0000daca flags=82 offer=00 header=54/54 choice=0 done=0 selector=1 active=false/false
4377 73.044 piece player=0 count=15 mode=1 match=2 mask=03
4377 73.044 mode=01 match=02 mask=03 players=2 command=f822 peer=0000 script=0001a51a flow=00010034 menu=0000daca flags=82 offer=00 header=54/54 choice=0 done=0 selector=1 active=true/false
4378 73.061 piece player=1 count=16 mode=1 match=2 mask=03
4378 73.061 mode=01 match=02 mask=03 players=2 command=f822 peer=0000 script=0001a51a flow=00010034 menu=0000daca flags=82 offer=00 header=54/54 choice=0 done=0 selector=1 active=true/true
4410 73.595 input :P1 P1 Button 1
4410 73.595 input :P2 P2 Button 1
