0 0.000 mapping :SERVICE Coin 1 KEYCODE_5 OR JOYCODE_1_UNKNOWN_SWITCH
0 0.000 mapping :SERVICE 1 Player Start KEYCODE_1 OR JOYCODE_1_UNKNOWN_SWITCH
0 0.000 mapping :SERVICE 2 Players Start KEYCODE_2 OR JOYCODE_2_UNKNOWN_SWITCH
0 0.000 mapping :SERVICE Coin 2 KEYCODE_6 OR JOYCODE_2_UNKNOWN_SWITCH
0 0.000 mapping :SERVICE Service 1 KEYCODE_9
0 0.000 mapping :SERVICE Service Mode KEYCODE_F2
0 0.000 mapping :P1 P1 Button 1 KEYCODE_LCONTROL OR MOUSECODE_1_BUTTON1 OR GUNCODE_1_BUTTON1
0 0.000 mapping :P1 P1 Down KEYCODE_DOWN
0 0.000 mapping :P1 P1 Left KEYCODE_LEFT
0 0.000 mapping :P1 P1 Up KEYCODE_UP
0 0.000 mapping :P1 P1 Button 2 KEYCODE_LALT OR MOUSECODE_1_BUTTON3 OR GUNCODE_1_BUTTON2
0 0.000 mapping :P1 P1 Right KEYCODE_RIGHT
0 0.000 mapping :P2 P2 Right KEYCODE_G
0 0.000 mapping :P2 P2 Down KEYCODE_F
0 0.000 mapping :P2 P2 Button 1 KEYCODE_A OR MOUSECODE_2_BUTTON1 OR GUNCODE_2_BUTTON1
0 0.000 mapping :P2 P2 Button 2 KEYCODE_S OR MOUSECODE_2_BUTTON3 OR GUNCODE_2_BUTTON2
0 0.000 mapping :P2 P2 Left KEYCODE_D
0 0.000 mapping :P2 P2 Up KEYCODE_R
0 0.010 menu-write pc=00a340 data=0000 mask=ffff oldchoice=0 done=0
1 0.017 mode=01 match=04 mask=05 players=2 command=0b22 peer=0000 script=00019f48 flow=00010034 menu=00000000 flags=c7 offer=00 header=54/54 choice=0 done=0 selector=1 active=false/false
2 0.033 mode=01 match=04 mask=05 players=2 command=0b22 peer=0000 script=00019f70 flow=00010034 menu=00000000 flags=00 offer=00 header=00/00 choice=0 done=0 selector=1 active=false/false
5 0.083 mode=01 match=04 mask=05 players=2 command=0b22 peer=0000 script=00019f7e flow=00010034 menu=00000000 flags=00 offer=00 header=00/00 choice=0 done=0 selector=1 active=false/false
10 0.167 mode=01 match=04 mask=05 players=2 command=0b22 peer=0000 script=00019f80 flow=00010034 menu=00000000 flags=00 offer=00 header=00/00 choice=0 done=0 selector=1 active=false/false
44 0.734 mode=01 match=04 mask=05 players=2 command=0b22 peer=0000 script=00019f80 flow=00010034 menu=00000000 flags=00 offer=00 header=10/00 choice=0 done=0 selector=1 active=false/false
45 0.751 mode=01 match=04 mask=05 players=2 command=0b22 peer=0000 script=00019f80 flow=00010034 menu=00000000 flags=00 offer=00 header=00/00 choice=0 done=0 selector=1 active=false/false
46 0.768 mode=01 match=04 mask=05 players=2 command=0b22 peer=0000 script=00019f80 flow=00010034 menu=00000000 flags=00 offer=00 header=00/10 choice=0 done=0 selector=1 active=false/false
47 0.784 mode=01 match=04 mask=05 players=2 command=0b22 peer=0000 script=00019f80 flow=00010034 menu=00000000 flags=00 offer=00 header=10/10 choice=0 done=0 selector=1 active=false/false
191 3.187 mode=01 match=04 mask=05 players=2 command=0b22 peer=0000 script=00019f84 flow=00010034 menu=00000000 flags=00 offer=00 header=10/10 choice=0 done=0 selector=1 active=false/false
195 3.254 mode=01 match=04 mask=05 players=2 command=0b22 peer=0000 script=00019f86 flow=00010034 menu=00000000 flags=00 offer=00 header=10/10 choice=0 done=0 selector=1 active=false/false
195 3.255 menu-write pc=00a340 data=0000 mask=ffff oldchoice=0 done=0
195 3.262 menu-write pc=00a340 data=0000 mask=ffff oldchoice=0 done=0
196 3.271 mode=01 match=04 mask=05 players=2 command=0b22 peer=0000 script=00019fc8 flow=00010034 menu=00000000 flags=09 offer=00 header=11/10 choice=0 done=0 selector=1 active=false/false
197 3.288 mode=00 match=04 mask=05 players=2 command=0b22 peer=0000 script=00019ff2 flow=00010034 menu=00000000 flags=09 offer=00 header=11/10 choice=0 done=0 selector=1 active=false/false
198 3.304 mode=00 match=04 mask=05 players=2 command=0b22 peer=0000 script=0001a002 flow=00010034 menu=00000000 flags=09 offer=00 header=11/10 choice=0 done=0 selector=1 active=false/false
199 3.321 mode=00 match=04 mask=05 players=2 command=0b22 peer=0000 script=0001a004 flow=00010034 menu=00000000 flags=09 offer=00 header=11/10 choice=0 done=0 selector=1 active=false/false
218 3.638 mode=00 match=04 mask=05 players=2 command=0b22 peer=0000 script=0001a004 flow=00010034 menu=00000000 flags=09 offer=00 header=11/11 choice=0 done=0 selector=1 active=false/false
268 4.472 mode=00 match=04 mask=05 players=2 command=0b22 peer=0000 script=0001a004 flow=00010034 menu=00000000 flags=09 offer=00 header=11/13 choice=0 done=0 selector=1 active=false/false
269 4.489 mode=00 match=04 mask=05 players=2 command=0b22 peer=0000 script=0001a008 flow=00010034 menu=00000000 flags=09 offer=00 header=11/13 choice=0 done=0 selector=1 active=false/false
277 4.623 mode=00 match=04 mask=05 players=2 command=0b22 peer=0000 script=0001a00a flow=00010034 menu=00000000 flags=09 offer=00 header=11/13 choice=0 done=0 selector=1 active=false/false
277 4.623 menu-write pc=00a340 data=0000 mask=ffff oldchoice=0 done=0
277 4.631 menu-write pc=00a48a data=0000 mask=ffff oldchoice=0 done=0
278 4.639 mode=01 match=04 mask=00 players=0 command=0322 peer=0000 script=0001a39e flow=00010034 menu=000188fc flags=08 offer=00 header=11/13 choice=0 done=0 selector=1 active=false/false
280 4.673 mode=01 match=04 mask=00 players=0 command=0322 peer=0000 script=0001a39e flow=00010034 menu=000189c6 flags=08 offer=00 header=13/13 choice=0 done=0 selector=1 active=false/false
321 5.357 mode=01 match=04 mask=00 players=0 command=0322 peer=0000 script=0001a39e flow=00010034 menu=00018a40 flags=08 offer=00 header=13/13 choice=0 done=0 selector=1 active=false/false
742 12.383 mode=01 match=04 mask=00 players=0 command=4322 peer=0000 script=0001a39e flow=00010034 menu=00018b84 flags=08 offer=00 header=13/13 choice=0 done=0 selector=1 active=false/false
743 12.399 mode=01 match=04 mask=00 players=0 command=4322 peer=0000 script=0001a39e flow=00010034 menu=00018db6 flags=08 offer=00 header=10/10 choice=0 done=0 selector=1 active=false/false
762 12.716 mode=01 match=04 mask=00 players=0 command=4322 peer=0000 script=0001a39e flow=00010034 menu=00018dd8 flags=08 offer=00 header=10/10 choice=0 done=0 selector=1 active=false/false
763 12.733 mode=01 match=04 mask=00 players=0 command=4322 peer=0000 script=0001a39e flow=00010034 menu=00018e08 flags=08 offer=00 header=10/10 choice=0 done=0 selector=1 active=false/false
857 14.302 mode=01 match=04 mask=00 players=0 command=4322 peer=0000 script=0001a39e flow=00010034 menu=00018e08 flags=08 offer=00 header=10/54 choice=0 done=0 selector=1 active=false/false
943 15.737 mode=01 match=04 mask=00 players=0 command=4322 peer=0000 script=0001a39e flow=00010034 menu=00018e0e flags=08 offer=00 header=10/54 choice=0 done=0 selector=1 active=false/false
944 15.754 mode=01 match=04 mask=00 players=0 command=4322 peer=0000 script=0001a39e flow=00010034 menu=00018e40 flags=08 offer=00 header=10/54 choice=0 done=0 selector=1 active=false/false
947 15.806 menu-write pc=00a4f0 data=0000 mask=ffff oldchoice=0 done=0
948 15.820 mode=01 match=04 mask=00 players=0 command=4322 peer=0000 script=0001a39e flow=00010034 menu=00000000 flags=08 offer=00 header=10/54 choice=0 done=0 selector=1 active=false/false
948 15.823 menu-write pc=00a340 data=0000 mask=ffff oldchoice=0 done=0
948 15.830 menu-write pc=00a340 data=0000 mask=ffff oldchoice=0 done=0
949 15.837 mode=01 match=04 mask=00 players=0 command=4322 peer=0000 script=00019fc8 flow=00010034 menu=00000000 flags=09 offer=00 header=11/54 choice=0 done=0 selector=1 active=false/false
950 15.854 mode=00 match=04 mask=00 players=0 command=4322 peer=0000 script=00019ff2 flow=00010034 menu=00000000 flags=09 offer=00 header=11/54 choice=0 done=0 selector=1 active=false/false
951 15.870 mode=00 match=04 mask=00 players=0 command=4322 peer=0000 script=0001a002 flow=00010034 menu=00000000 flags=09 offer=00 header=11/54 choice=0 done=0 selector=1 active=false/false
952 15.887 mode=00 match=04 mask=00 players=0 command=4322 peer=0000 script=0001a004 flow=00010034 menu=00000000 flags=09 offer=00 header=11/54 choice=0 done=0 selector=1 active=false/false
1132 18.891 mode=00 match=04 mask=00 players=0 command=4322 peer=0000 script=0001a008 flow=00010034 menu=00000000 flags=09 offer=00 header=11/54 choice=0 done=0 selector=1 active=false/false
1140 19.024 mode=00 match=04 mask=00 players=0 command=4322 peer=0000 script=0001a00a flow=00010034 menu=00000000 flags=09 offer=00 header=11/54 choice=0 done=0 selector=1 active=false/false
1140 19.025 menu-write pc=00a340 data=0000 mask=ffff oldchoice=0 done=0
1140 19.032 menu-write pc=00a36c data=0000 mask=ffff oldchoice=0 done=0
1141 19.041 mode=00 match=04 mask=00 players=0 command=4322 peer=0000 script=0001f576 flow=00010034 menu=00000000 flags=09 offer=00 header=11/54 choice=0 done=0 selector=1 active=false/false
1142 19.058 mode=00 match=04 mask=00 players=0 command=4322 peer=0000 script=0001f582 flow=00010034 menu=00000000 flags=09 offer=00 header=11/54 choice=0 done=0 selector=1 active=false/false
1195 19.942 B saw A active; delayed coin schedule
1322 22.062 mode=00 match=04 mask=00 players=0 command=4322 peer=0000 script=0001f588 flow=00010034 menu=00000000 flags=09 offer=00 header=11/54 choice=0 done=0 selector=1 active=false/false
1329 22.179 mode=00 match=04 mask=00 players=0 command=4322 peer=0000 script=0001f58a flow=00010034 menu=00000000 flags=09 offer=00 header=11/54 choice=0 done=0 selector=1 active=false/false
1329 22.179 menu-write pc=00a36c data=0000 mask=ffff oldchoice=0 done=0
1329 22.187 menu-write pc=00a36c data=0000 mask=ffff oldchoice=0 done=0
1330 22.195 mode=00 match=04 mask=00 players=0 command=4322 peer=0000 script=0001f5ba flow=00010034 menu=00000000 flags=09 offer=00 header=11/54 choice=0 done=0 selector=1 active=false/false
1354 22.596 mode=00 match=04 mask=00 players=0 command=4322 peer=0000 script=0001f5c6 flow=00010034 menu=00000000 flags=09 offer=00 header=11/54 choice=0 done=0 selector=1 active=false/false
1355 22.612 mode=00 match=04 mask=00 players=0 command=4322 peer=0000 script=0001f5c8 flow=00010034 menu=00000000 flags=09 offer=00 header=11/54 choice=0 done=0 selector=1 active=false/false
1356 22.629 mode=00 match=04 mask=00 players=0 command=4322 peer=0000 script=0001f5da flow=00010034 menu=00000000 flags=09 offer=00 header=11/54 choice=0 done=0 selector=1 active=false/false
1375 22.946 input :SERVICE Coin 1
1390 23.197 input :SERVICE Coin 1
1405 23.447 input :SERVICE Coin 1
1420 23.697 input :SERVICE Coin 1
1465 24.448 input :SERVICE 1 Player Start
1468 24.498 mode=00 match=04 mask=00 players=0 command=4322 peer=0000 script=0001f5e0 flow=00010034 menu=00000000 flags=09 offer=00 header=11/54 choice=0 done=0 selector=1 active=false/false
1475 24.615 mode=00 match=04 mask=00 players=0 command=4322 peer=0000 script=0001f5e2 flow=00010034 menu=00000000 flags=09 offer=00 header=11/54 choice=0 done=0 selector=1 active=false/false
1475 24.618 menu-write pc=00a36c data=0000 mask=ffff oldchoice=0 done=0
1475 24.625 menu-write pc=00a340 data=0000 mask=ffff oldchoice=0 done=0
1476 24.632 mode=00 match=04 mask=00 players=0 command=4322 peer=0000 script=0001a034 flow=00010034 menu=00000000 flags=09 offer=00 header=11/54 choice=0 done=0 selector=1 active=false/false
1476 24.634 menu-write pc=00a340 data=0000 mask=ffff oldchoice=0 done=0
1476 24.643 menu-write pc=00a340 data=0000 mask=ffff oldchoice=0 done=0
1477 24.648 mode=00 match=04 mask=00 players=0 command=4322 peer=0000 script=0001a0ac flow=00019a38 menu=00000000 flags=09 offer=00 header=10/54 choice=0 done=0 selector=0 active=false/false
1477 24.659 menu-write pc=00a48a data=0000 mask=ffff oldchoice=0 done=0
1478 24.665 mode=00 match=04 mask=00 players=0 command=4322 peer=0000 script=0001a0ac flow=00019a50 menu=00019b8e flags=09 offer=00 header=10/54 choice=0 done=0 selector=0 active=false/false
1493 24.915 invitation ready choice=start2
1493 24.915 mode=00 match=04 mask=00 players=0 command=4322 peer=0000 script=0001a0ac flow=00019a50 menu=00019c6e flags=09 offer=00 header=10/54 choice=0 done=0 selector=0 active=false/false
1505 25.116 input :SERVICE 2 Players Start
1533 25.584 menu-write pc=019c9a data=0101 mask=00ff oldchoice=0 done=0
1534 25.600 mode=00 match=04 mask=00 players=0 command=4322 peer=0000 script=0001a0ac flow=00019a50 menu=00019d84 flags=09 offer=00 header=10/54 choice=0 done=1 selector=0 active=false/false
1535 25.616 mode=00 match=04 mask=00 players=0 command=4322 peer=0000 script=0001a0b0 flow=00010050 menu=00019d84 flags=87 offer=01 header=54/54 choice=0 done=1 selector=0 active=false/false
1539 25.683 mode=00 match=04 mask=00 players=0 command=4322 peer=0000 script=0001a0b2 flow=00010050 menu=00019d84 flags=87 offer=01 header=54/54 choice=0 done=1 selector=0 active=false/false
1539 25.684 menu-write pc=00a340 data=0000 mask=ffff oldchoice=0 done=1
1539 25.692 menu-write pc=00a48a data=0000 mask=ffff oldchoice=0 done=0
1540 25.700 mode=01 match=04 mask=01 players=1 command=0322 peer=0000 script=0001a3ee flow=00010050 menu=000188fc flags=08 offer=01 header=11/54 choice=0 done=0 selector=0 active=false/false
1542 25.733 mode=01 match=04 mask=01 players=1 command=0322 peer=0000 script=0001a3ee flow=00010050 menu=000189c6 flags=08 offer=00 header=11/54 choice=0 done=0 selector=0 active=false/false
1584 26.434 mode=01 match=04 mask=01 players=1 command=0322 peer=0000 script=0001a3ee flow=00010050 menu=00018a40 flags=08 offer=00 header=11/54 choice=0 done=0 selector=0 active=false/false
1890 31.541 input :P1 P1 Button 1
1890 31.541 input :P2 P2 Button 1
1913 31.924 input :SERVICE 2 Players Start
1915 31.958 mode=01 match=04 mask=03 players=2 command=0322 peer=0000 script=0001a3ee flow=00010050 menu=00018a40 flags=08 offer=00 header=11/54 choice=0 done=0 selector=0 active=false/false
1973 32.926 input :SERVICE 2 Players Start
1980 33.043 input :P1 P1 Button 1
1980 33.043 input :P2 P2 Button 1
2033 33.927 input :SERVICE 2 Players Start
2054 34.277 mode=01 match=04 mask=03 players=2 command=4322 peer=0000 script=0001a3ee flow=00010050 menu=00018b84 flags=08 offer=00 header=11/54 choice=0 done=0 selector=0 active=false/false
2055 34.294 mode=01 match=04 mask=03 players=2 command=4322 peer=0000 script=0001a3ee flow=00010050 menu=00018db6 flags=08 offer=00 header=10/54 choice=0 done=0 selector=0 active=false/false
2070 34.544 input :P1 P1 Button 1
2070 34.544 input :P2 P2 Button 1
2074 34.611 mode=01 match=04 mask=03 players=2 command=4322 peer=0000 script=0001a3ee flow=00010050 menu=00018dd8 flags=08 offer=00 header=10/54 choice=0 done=0 selector=0 active=false/false
2075 34.628 mode=01 match=04 mask=03 players=2 command=4322 peer=0000 script=0001a3ee flow=00010050 menu=00018e08 flags=08 offer=00 header=10/54 choice=0 done=0 selector=0 active=false/false
2160 36.046 input :P1 P1 Button 1
2160 36.046 input :P2 P2 Button 1
2162 36.080 mode=01 match=04 mask=03 players=2 command=4322 peer=0000 script=0001a3ee flow=00010050 menu=00018e0e flags=08 offer=00 header=10/54 choice=0 done=0 selector=0 active=false/false
2163 36.096 mode=01 match=04 mask=03 players=2 command=4322 peer=0000 script=0001a3ee flow=00010050 menu=00018e40 flags=08 offer=00 header=10/54 choice=0 done=0 selector=0 active=false/false
2166 36.149 menu-write pc=00a4f0 data=0000 mask=ffff oldchoice=0 done=0
2167 36.163 mode=01 match=04 mask=03 players=2 command=4322 peer=0000 script=0001a3ee flow=00010050 menu=00000000 flags=08 offer=00 header=10/54 choice=0 done=0 selector=0 active=false/false
2167 36.166 menu-write pc=00a340 data=0000 mask=ffff oldchoice=0 done=0
2167 36.173 menu-write pc=00a36c data=0000 mask=ffff oldchoice=0 done=0
2168 36.180 mode=01 match=02 mask=03 players=2 command=4322 peer=0000 script=0001f7bc flow=00010050 menu=00000000 flags=82 offer=00 header=54/54 choice=0 done=0 selector=0 active=false/false
2169 36.197 mode=01 match=02 mask=03 players=2 command=4322 peer=0000 script=0001f7d2 flow=00010050 menu=00000000 flags=82 offer=00 header=54/54 choice=0 done=0 selector=0 active=false/false
2186 36.480 mode=01 match=02 mask=03 players=2 command=4322 peer=0000 script=0001f7de flow=00010050 menu=00000000 flags=82 offer=00 header=54/54 choice=0 done=0 selector=0 active=false/false
2188 36.514 mode=01 match=02 mask=03 players=2 command=4322 peer=0000 script=0001f7f6 flow=00010050 menu=00000000 flags=82 offer=00 header=54/54 choice=0 done=0 selector=0 active=false/false
2250 37.548 input :P1 P1 Button 1
2250 37.548 input :P2 P2 Button 1
2301 38.399 mode=01 match=02 mask=03 players=2 command=4322 peer=0000 script=0001f7fc flow=00010050 menu=00000000 flags=82 offer=00 header=54/54 choice=0 done=0 selector=0 active=false/false
2333 38.933 mode=01 match=02 mask=03 players=2 command=4322 peer=0000 script=0001f7fe flow=00010050 menu=00000000 flags=82 offer=00 header=54/54 choice=0 done=0 selector=0 active=false/false
2333 38.936 menu-write pc=00a36c data=0000 mask=ffff oldchoice=0 done=0
2334 38.950 mode=01 match=02 mask=03 players=2 command=4322 peer=0000 script=0001a49e flow=00010050 menu=00000000 flags=82 offer=00 header=54/54 choice=0 done=0 selector=0 active=false/false
2335 38.967 mode=01 match=02 mask=03 players=2 command=4322 peer=0000 script=0001a4b0 flow=00010050 menu=00000000 flags=82 offer=00 header=54/54 choice=0 done=0 selector=0 active=false/false
2340 39.050 input :P1 P1 Button 1
2340 39.050 input :P2 P2 Button 1
2349 39.200 mode=01 match=02 mask=03 players=2 command=4322 peer=0000 script=0001a4b6 flow=00010050 menu=00000000 flags=82 offer=00 header=54/54 choice=0 done=0 selector=0 active=false/false
2365 39.467 mode=01 match=02 mask=03 players=2 command=4322 peer=0000 script=0001a4d8 flow=00010050 menu=00000000 flags=82 offer=00 header=54/54 choice=0 done=0 selector=0 active=false/false
2368 39.518 mode=01 match=02 mask=03 players=2 command=4322 peer=0000 script=0001a4da flow=00010050 menu=00000000 flags=82 offer=00 header=54/54 choice=0 done=0 selector=0 active=false/false
2369 39.534 mode=01 match=02 mask=03 players=2 command=4322 peer=0000 script=0001a510 flow=00010050 menu=00000000 flags=82 offer=00 header=54/54 choice=0 done=0 selector=0 active=false/false
2369 39.547 menu-write pc=00a48a data=0000 mask=ffff oldchoice=0 done=0
2370 39.551 mode=01 match=02 mask=03 players=2 command=4322 peer=0000 script=0001a51a flow=00010050 menu=0000daca flags=82 offer=00 header=54/54 choice=0 done=0 selector=0 active=false/false
2430 40.552 input :P1 P1 Button 1
2430 40.552 input :P2 P2 Button 1
2520 42.054 input :P1 P1 Button 1
2520 42.054 input :P2 P2 Button 1
2522 42.088 mode=01 match=02 mask=03 players=2 command=7822 peer=0000 script=0001a51a flow=00010050 menu=0000daca flags=82 offer=00 header=54/54 choice=0 done=0 selector=0 active=false/false
2525 42.138 mode=01 match=02 mask=03 players=2 command=f822 peer=0000 script=0001a51a flow=00010050 menu=0000daca flags=82 offer=00 header=54/54 choice=0 done=0 selector=0 active=false/false
2531 42.238 piece player=0 count=1 mode=1 match=2 mask=03
2531 42.238 piece player=1 count=1 mode=1 match=2 mask=03
2531 42.238 mode=01 match=02 mask=03 players=2 command=f822 peer=0000 script=0001a51a flow=00010050 menu=0000daca flags=82 offer=00 header=54/54 choice=0 done=0 selector=0 active=true/true
2610 43.556 input :P1 P1 Button 1
2610 43.556 input :P2 P2 Button 1
2700 45.058 input :P1 P1 Button 1
2700 45.058 input :P2 P2 Button 1
2739 45.709 mode=01 match=02 mask=03 players=2 command=f822 peer=0000 script=0001a51a flow=00010050 menu=0000daca flags=82 offer=00 header=54/54 choice=0 done=0 selector=0 active=false/false
2763 46.109 piece player=0 count=2 mode=1 match=2 mask=03
2763 46.109 piece player=1 count=2 mode=1 match=2 mask=03
2763 46.109 mode=01 match=02 mask=03 players=2 command=f822 peer=0000 script=0001a51a flow=00010050 menu=0000daca flags=82 offer=00 header=54/54 choice=0 done=0 selector=0 active=true/true
2790 46.560 input :P1 P1 Button 1
2790 46.560 input :P2 P2 Button 1
2880 48.062 input :P1 P1 Button 1
2880 48.062 input :P2 P2 Button 1
2970 49.564 input :P1 P1 Button 1
2970 49.564 input :P2 P2 Button 1
2971 49.581 mode=01 match=02 mask=03 players=2 command=f822 peer=0000 script=0001a51a flow=00010050 menu=0000daca flags=82 offer=00 header=54/54 choice=0 done=0 selector=0 active=true/false
2987 49.848 mode=01 match=02 mask=03 players=2 command=f822 peer=0000 script=0001a51a flow=00010050 menu=0000daca flags=82 offer=00 header=54/54 choice=0 done=0 selector=0 active=false/false
2995 49.981 piece player=1 count=3 mode=1 match=2 mask=03
2995 49.981 mode=01 match=02 mask=03 players=2 command=f822 peer=0000 script=0001a51a flow=00010050 menu=0000daca flags=82 offer=00 header=54/54 choice=0 done=0 selector=0 active=false/true
3003 50.115 piece player=0 count=3 mode=1 match=2 mask=03
3003 50.115 mode=01 match=02 mask=03 players=2 command=f822 peer=0000 script=0001a51a flow=00010050 menu=0000daca flags=82 offer=00 header=54/54 choice=0 done=0 selector=0 active=true/true
3060 51.066 input :P1 P1 Button 1
3060 51.066 input :P2 P2 Button 1
3150 52.568 input :P1 P1 Button 1
3150 52.568 input :P2 P2 Button 1
3203 53.452 mode=01 match=02 mask=03 players=2 command=f822 peer=0000 script=0001a51a flow=00010050 menu=0000daca flags=82 offer=00 header=54/54 choice=0 done=0 selector=0 active=true/false
3211 53.586 mode=01 match=02 mask=03 players=2 command=f822 peer=0000 script=0001a51a flow=00010050 menu=0000daca flags=82 offer=00 header=54/54 choice=0 done=0 selector=0 active=false/false
3227 53.853 piece player=1 count=4 mode=1 match=2 mask=03
3227 53.853 mode=01 match=02 mask=03 players=2 command=f822 peer=0000 script=0001a51a flow=00010050 menu=0000daca flags=82 offer=00 header=54/54 choice=0 done=0 selector=0 active=false/true
3235 53.986 piece player=0 count=4 mode=1 match=2 mask=03
3235 53.986 mode=01 match=02 mask=03 players=2 command=f822 peer=0000 script=0001a51a flow=00010050 menu=0000daca flags=82 offer=00 header=54/54 choice=0 done=0 selector=0 active=true/true
3240 54.070 input :P1 P1 Button 1
3240 54.070 input :P2 P2 Button 1
3330 55.572 input :P1 P1 Button 1
3330 55.572 input :P2 P2 Button 1
3420 57.073 input :P1 P1 Button 1
3420 57.073 input :P2 P2 Button 1
3451 57.591 mode=01 match=02 mask=03 players=2 command=f822 peer=0000 script=0001a51a flow=00010050 menu=0000daca flags=82 offer=00 header=54/54 choice=0 done=0 selector=0 active=true/false
3459 57.724 mode=01 match=02 mask=03 players=2 command=f822 peer=0000 script=0001a51a flow=00010050 menu=0000daca flags=82 offer=00 header=54/54 choice=0 done=0 selector=0 active=false/false
3475 57.991 piece player=0 count=5 mode=1 match=2 mask=03
3475 57.991 piece player=1 count=5 mode=1 match=2 mask=03
3475 57.991 mode=01 match=02 mask=03 players=2 command=f822 peer=0000 script=0001a51a flow=00010050 menu=0000daca flags=82 offer=00 header=54/54 choice=0 done=0 selector=0 active=true/true
3510 58.575 input :P1 P1 Button 1
3510 58.575 input :P2 P2 Button 1
3600 60.077 input :P1 P1 Button 1
3600 60.077 input :P2 P2 Button 1
3667 61.195 mode=01 match=02 mask=03 players=2 command=f822 peer=0000 script=0001a51a flow=00010050 menu=0000daca flags=82 offer=00 header=54/54 choice=0 done=0 selector=0 active=false/false
3683 61.462 piece player=0 count=6 mode=1 match=2 mask=03
3683 61.462 piece player=1 count=6 mode=1 match=2 mask=03
3683 61.462 mode=01 match=02 mask=03 players=2 command=f822 peer=0000 script=0001a51a flow=00010050 menu=0000daca flags=82 offer=00 header=54/54 choice=0 done=0 selector=0 active=true/true
3690 61.579 input :P1 P1 Button 1
3690 61.579 input :P2 P2 Button 1
3780 63.081 input :P1 P1 Button 1
3780 63.081 input :P2 P2 Button 1
3870 64.583 input :P1 P1 Button 1
3870 64.583 input :P2 P2 Button 1
3891 64.934 mode=01 match=02 mask=03 players=2 command=f822 peer=0000 script=0001a51a flow=00010050 menu=0000daca flags=82 offer=00 header=54/54 choice=0 done=0 selector=0 active=false/false
3915 65.334 piece player=0 count=7 mode=1 match=2 mask=03
3915 65.334 mode=01 match=02 mask=03 players=2 command=f822 peer=0000 script=0001a51a flow=00010050 menu=0000daca flags=82 offer=00 header=54/54 choice=0 done=0 selector=0 active=true/false
3960 66.085 input :P1 P1 Button 1
3960 66.085 input :P2 P2 Button 1
3973 66.302 piece player=1 count=7 mode=1 match=2 mask=03
3973 66.302 mode=01 match=02 mask=03 players=2 command=f822 peer=0000 script=0001a51a flow=00010050 menu=0000daca flags=82 offer=00 header=54/54 choice=0 done=0 selector=0 active=true/true
4050 67.587 input :P1 P1 Button 1
4050 67.587 input :P2 P2 Button 1
4091 68.271 mode=01 match=02 mask=03 players=2 command=f822 peer=0000 script=0001a51a flow=00010050 menu=0000daca flags=82 offer=00 header=54/54 choice=0 done=0 selector=0 active=false/true
4107 68.538 piece player=0 count=8 mode=1 match=2 mask=03
4107 68.538 mode=01 match=02 mask=03 players=2 command=f822 peer=0000 script=0001a51a flow=00010050 menu=0000daca flags=82 offer=00 header=54/54 choice=0 done=0 selector=0 active=true/true
4140 69.089 input :P1 P1 Button 1
4140 69.089 input :P2 P2 Button 1
4165 69.506 mode=01 match=02 mask=03 players=2 command=f822 peer=0000 script=0001a51a flow=00010050 menu=0000daca flags=82 offer=00 header=54/54 choice=0 done=0 selector=0 active=true/false
4181 69.773 piece player=1 count=8 mode=1 match=2 mask=03
4181 69.773 mode=01 match=02 mask=03 players=2 command=f822 peer=0000 script=0001a51a flow=00010050 menu=0000daca flags=82 offer=00 header=54/54 choice=0 done=0 selector=0 active=true/true
4230 70.591 input :P1 P1 Button 1
4230 70.591 input :P2 P2 Button 1
4299 71.742 mode=01 match=02 mask=03 players=2 command=f822 peer=0000 script=0001a51a flow=00010050 menu=0000daca flags=82 offer=00 header=54/54 choice=0 done=0 selector=0 active=false/true
4320 72.093 input :P1 P1 Button 1
4320 72.093 input :P2 P2 Button 1
4378 73.061 mode=01 match=02 mask=03 players=2 command=f822 peer=0000 script=0001a51a flow=00010050 menu=0000daca flags=82 offer=00 header=54/54 choice=0 done=0 selector=0 active=false/false
4394 73.328 piece player=1 count=9 mode=1 match=2 mask=03
4394 73.328 mode=01 match=02 mask=03 players=2 command=f822 peer=0000 script=0001a51a flow=00010050 menu=0000daca flags=82 offer=00 header=54/54 choice=0 done=0 selector=0 active=false/true
4396 73.361 piece player=0 count=9 mode=1 match=2 mask=03
4396 73.361 mode=01 match=02 mask=03 players=2 command=f822 peer=0000 script=0001a51a flow=00010050 menu=0000daca flags=82 offer=00 header=54/54 choice=0 done=0 selector=0 active=true/true
4410 73.595 input :P1 P1 Button 1
4410 73.595 input :P2 P2 Button 1
