0 0.000 mapping :SERVICE Service 1 KEYCODE_9
0 0.000 mapping :SERVICE Coin 1 KEYCODE_5 OR JOYCODE_1_UNKNOWN_SWITCH
0 0.000 mapping :SERVICE Coin 2 KEYCODE_6 OR JOYCODE_2_UNKNOWN_SWITCH
0 0.000 mapping :SERVICE 1 Player Start KEYCODE_1 OR JOYCODE_1_UNKNOWN_SWITCH
0 0.000 mapping :SERVICE 2 Players Start KEYCODE_2 OR JOYCODE_2_UNKNOWN_SWITCH
0 0.000 mapping :SERVICE Service Mode KEYCODE_F2
0 0.000 mapping :P1 P1 Button 1 KEYCODE_LCONTROL OR MOUSECODE_1_BUTTON1 OR GUNCODE_1_BUTTON1
0 0.000 mapping :P1 P1 Down KEYCODE_DOWN
0 0.000 mapping :P1 P1 Right KEYCODE_RIGHT
0 0.000 mapping :P1 P1 Left KEYCODE_LEFT
0 0.000 mapping :P1 P1 Button 2 KEYCODE_LALT OR MOUSECODE_1_BUTTON3 OR GUNCODE_1_BUTTON2
0 0.000 mapping :P1 P1 Up KEYCODE_UP
0 0.000 mapping :P2 P2 Right KEYCODE_G
0 0.000 mapping :P2 P2 Down KEYCODE_F
0 0.000 mapping :P2 P2 Button 1 KEYCODE_A OR MOUSECODE_2_BUTTON1 OR GUNCODE_2_BUTTON1
0 0.000 mapping :P2 P2 Left KEYCODE_D
0 0.000 mapping :P2 P2 Button 2 KEYCODE_S OR MOUSECODE_2_BUTTON3 OR GUNCODE_2_BUTTON2
0 0.000 mapping :P2 P2 Up KEYCODE_R
0 0.010 menu-write pc=00a340 data=0000 mask=ffff oldchoice=0 done=0
1 0.017 mode=01 match=04 mask=05 players=2 command=0b22 peer=0000 script=00019f48 flow=00010034 menu=00000000 flags=c7 offer=00 header=54/54 choice=0 done=0 selector=1 active=false/false
2 0.033 mode=01 match=04 mask=05 players=2 command=0b22 peer=0000 script=00019f70 flow=00010034 menu=00000000 flags=00 offer=00 header=00/00 choice=0 done=0 selector=1 active=false/false
5 0.083 mode=01 match=04 mask=05 players=2 command=0b22 peer=0000 script=00019f7e flow=00010034 menu=00000000 flags=00 offer=00 header=00/00 choice=0 done=0 selector=1 active=false/false
10 0.167 mode=01 match=04 mask=05 players=2 command=0b22 peer=0000 script=00019f80 flow=00010034 menu=00000000 flags=00 offer=00 header=00/00 choice=0 done=0 selector=1 active=false/false
27 0.451 mode=01 match=04 mask=05 players=2 command=0b22 peer=0000 script=00019f80 flow=00010034 menu=00000000 flags=00 offer=00 header=10/00 choice=0 done=0 selector=1 active=false/false
28 0.467 mode=01 match=04 mask=05 players=2 command=0b22 peer=0000 script=00019f80 flow=00010034 menu=00000000 flags=00 offer=00 header=00/00 choice=0 done=0 selector=1 active=false/false
30 0.501 mode=01 match=04 mask=05 players=2 command=0b22 peer=0000 script=00019f80 flow=00010034 menu=00000000 flags=00 offer=00 header=00/10 choice=0 done=0 selector=1 active=false/false
31 0.517 mode=01 match=04 mask=05 players=2 command=0b22 peer=0000 script=00019f80 flow=00010034 menu=00000000 flags=00 offer=00 header=10/10 choice=0 done=0 selector=1 active=false/false
125 2.086 mode=01 match=04 mask=05 players=2 command=0b22 peer=0000 script=00019f80 flow=00010034 menu=00000000 flags=00 offer=00 header=10/11 choice=0 done=0 selector=1 active=false/false
175 2.920 mode=01 match=04 mask=05 players=2 command=0b22 peer=0000 script=00019f80 flow=00010034 menu=00000000 flags=00 offer=00 header=10/13 choice=0 done=0 selector=1 active=false/false
191 3.187 mode=01 match=04 mask=05 players=2 command=0b22 peer=0000 script=00019f84 flow=00010034 menu=00000000 flags=00 offer=00 header=10/13 choice=0 done=0 selector=1 active=false/false
195 3.254 mode=01 match=04 mask=05 players=2 command=0b22 peer=0000 script=00019f86 flow=00010034 menu=00000000 flags=00 offer=00 header=10/13 choice=0 done=0 selector=1 active=false/false
195 3.255 menu-write pc=00a340 data=0000 mask=ffff oldchoice=0 done=0
195 3.262 menu-write pc=00a340 data=0000 mask=ffff oldchoice=0 done=0
196 3.271 mode=01 match=04 mask=05 players=2 command=0b22 peer=0000 script=00019fc8 flow=00010034 menu=00000000 flags=09 offer=00 header=11/13 choice=0 done=0 selector=1 active=false/false
197 3.288 mode=00 match=04 mask=05 players=2 command=0b22 peer=0000 script=00019ff2 flow=00010034 menu=00000000 flags=09 offer=00 header=11/13 choice=0 done=0 selector=1 active=false/false
198 3.304 mode=00 match=04 mask=05 players=2 command=0b22 peer=0000 script=0001a002 flow=00010034 menu=00000000 flags=09 offer=00 header=11/13 choice=0 done=0 selector=1 active=false/false
199 3.321 mode=00 match=04 mask=05 players=2 command=0b22 peer=0000 script=0001a004 flow=00010034 menu=00000000 flags=09 offer=00 header=11/13 choice=0 done=0 selector=1 active=false/false
200 3.338 mode=00 match=04 mask=05 players=2 command=0b22 peer=0000 script=0001a008 flow=00010034 menu=00000000 flags=09 offer=00 header=11/13 choice=0 done=0 selector=1 active=false/false
208 3.471 mode=00 match=04 mask=05 players=2 command=0b22 peer=0000 script=0001a00a flow=00010034 menu=00000000 flags=09 offer=00 header=11/13 choice=0 done=0 selector=1 active=false/false
208 3.472 menu-write pc=00a340 data=0000 mask=ffff oldchoice=0 done=0
208 3.479 menu-write pc=00a48a data=0000 mask=ffff oldchoice=0 done=0
209 3.488 mode=01 match=04 mask=00 players=0 command=0322 peer=0000 script=0001a39e flow=00010034 menu=000188fc flags=08 offer=00 header=11/13 choice=0 done=0 selector=1 active=false/false
211 3.521 mode=01 match=04 mask=00 players=0 command=0322 peer=0000 script=0001a39e flow=00010034 menu=000189c6 flags=08 offer=00 header=13/13 choice=0 done=0 selector=1 active=false/false
250 4.172 mode=01 match=04 mask=00 players=0 command=0322 peer=0000 script=0001a39e flow=00010034 menu=00018a40 flags=08 offer=00 header=13/13 choice=0 done=0 selector=1 active=false/false
646 10.781 mode=01 match=04 mask=00 players=0 command=4322 peer=0000 script=0001a39e flow=00010034 menu=00018b84 flags=08 offer=00 header=13/13 choice=0 done=0 selector=1 active=false/false
647 10.797 mode=01 match=04 mask=00 players=0 command=4322 peer=0000 script=0001a39e flow=00010034 menu=00018db6 flags=08 offer=00 header=10/10 choice=0 done=0 selector=1 active=false/false
666 11.114 mode=01 match=04 mask=00 players=0 command=4322 peer=0000 script=0001a39e flow=00010034 menu=00018dd8 flags=08 offer=00 header=10/10 choice=0 done=0 selector=1 active=false/false
667 11.131 mode=01 match=04 mask=00 players=0 command=4322 peer=0000 script=0001a39e flow=00010034 menu=00018e08 flags=08 offer=00 header=10/10 choice=0 done=0 selector=1 active=false/false
761 12.700 mode=01 match=04 mask=00 players=0 command=4322 peer=0000 script=0001a39e flow=00010034 menu=00018e08 flags=08 offer=00 header=10/54 choice=0 done=0 selector=1 active=false/false
847 14.135 mode=01 match=04 mask=00 players=0 command=4322 peer=0000 script=0001a39e flow=00010034 menu=00018e0e flags=08 offer=00 header=10/54 choice=0 done=0 selector=1 active=false/false
848 14.152 mode=01 match=04 mask=00 players=0 command=4322 peer=0000 script=0001a39e flow=00010034 menu=00018e40 flags=08 offer=00 header=10/54 choice=0 done=0 selector=1 active=false/false
851 14.204 menu-write pc=00a4f0 data=0000 mask=ffff oldchoice=0 done=0
852 14.218 mode=01 match=04 mask=00 players=0 command=4322 peer=0000 script=0001a39e flow=00010034 menu=00000000 flags=08 offer=00 header=10/54 choice=0 done=0 selector=1 active=false/false
852 14.221 menu-write pc=00a340 data=0000 mask=ffff oldchoice=0 done=0
852 14.228 menu-write pc=00a340 data=0000 mask=ffff oldchoice=0 done=0
853 14.235 mode=01 match=04 mask=00 players=0 command=4322 peer=0000 script=00019fc2 flow=00010034 menu=00000000 flags=09 offer=00 header=11/54 choice=0 done=0 selector=1 active=false/false
854 14.252 mode=00 match=04 mask=00 players=0 command=4322 peer=0000 script=00019ff2 flow=00010034 menu=00000000 flags=09 offer=00 header=11/54 choice=0 done=0 selector=1 active=false/false
855 14.268 mode=00 match=04 mask=00 players=0 command=4322 peer=0000 script=0001a002 flow=00010034 menu=00000000 flags=09 offer=00 header=11/54 choice=0 done=0 selector=1 active=false/false
856 14.285 mode=00 match=04 mask=00 players=0 command=4322 peer=0000 script=0001a004 flow=00010034 menu=00000000 flags=09 offer=00 header=11/54 choice=0 done=0 selector=1 active=false/false
1036 17.289 mode=00 match=04 mask=00 players=0 command=4322 peer=0000 script=0001a008 flow=00010034 menu=00000000 flags=09 offer=00 header=11/54 choice=0 done=0 selector=1 active=false/false
1044 17.422 mode=00 match=04 mask=00 players=0 command=4322 peer=0000 script=0001a00a flow=00010034 menu=00000000 flags=09 offer=00 header=11/54 choice=0 done=0 selector=1 active=false/false
1044 17.423 menu-write pc=00a340 data=0000 mask=ffff oldchoice=0 done=0
1044 17.430 menu-write pc=00a36c data=0000 mask=ffff oldchoice=0 done=0
1045 17.439 mode=00 match=04 mask=00 players=0 command=4322 peer=0000 script=0001f576 flow=00010034 menu=00000000 flags=09 offer=00 header=11/54 choice=0 done=0 selector=1 active=false/false
1046 17.456 mode=00 match=04 mask=00 players=0 command=4322 peer=0000 script=0001f582 flow=00010034 menu=00000000 flags=09 offer=00 header=11/54 choice=0 done=0 selector=1 active=false/false
1106 18.457 B saw A active; delayed coin schedule
1226 20.460 mode=00 match=04 mask=00 players=0 command=4322 peer=0000 script=0001f588 flow=00010034 menu=00000000 flags=09 offer=00 header=11/54 choice=0 done=0 selector=1 active=false/false
1233 20.576 mode=00 match=04 mask=00 players=0 command=4322 peer=0000 script=0001f58a flow=00010034 menu=00000000 flags=09 offer=00 header=11/54 choice=0 done=0 selector=1 active=false/false
1233 20.577 menu-write pc=00a36c data=0000 mask=ffff oldchoice=0 done=0
1233 20.585 menu-write pc=00a36c data=0000 mask=ffff oldchoice=0 done=0
1234 20.593 mode=00 match=04 mask=00 players=0 command=4322 peer=0000 script=0001f5ba flow=00010034 menu=00000000 flags=09 offer=00 header=11/54 choice=0 done=0 selector=1 active=false/false
1258 20.994 mode=00 match=04 mask=00 players=0 command=4322 peer=0000 script=0001f5c6 flow=00010034 menu=00000000 flags=09 offer=00 header=11/54 choice=0 done=0 selector=1 active=false/false
1259 21.010 mode=00 match=04 mask=00 players=0 command=4322 peer=0000 script=0001f5c8 flow=00010034 menu=00000000 flags=09 offer=00 header=11/54 choice=0 done=0 selector=1 active=false/false
1260 21.027 mode=00 match=04 mask=00 players=0 command=4322 peer=0000 script=0001f5da flow=00010034 menu=00000000 flags=09 offer=00 header=11/54 choice=0 done=0 selector=1 active=false/false
1286 21.461 input :SERVICE Coin 1
1301 21.711 input :SERVICE Coin 1
1316 21.962 input :SERVICE Coin 1
1331 22.212 input :SERVICE Coin 1
1376 22.963 input :SERVICE 1 Player Start
1379 23.013 mode=00 match=04 mask=00 players=0 command=4322 peer=0000 script=0001f5e0 flow=00010034 menu=00000000 flags=09 offer=00 header=11/54 choice=0 done=0 selector=1 active=false/false
1386 23.130 mode=00 match=04 mask=00 players=0 command=4322 peer=0000 script=0001f5e2 flow=00010034 menu=00000000 flags=09 offer=00 header=11/54 choice=0 done=0 selector=1 active=false/false
1386 23.133 menu-write pc=00a36c data=0000 mask=ffff oldchoice=0 done=0
1386 23.141 menu-write pc=00a340 data=0000 mask=ffff oldchoice=0 done=0
1387 23.146 mode=00 match=04 mask=00 players=0 command=4322 peer=0000 script=0001a034 flow=00010034 menu=00000000 flags=09 offer=00 header=11/54 choice=0 done=0 selector=1 active=false/false
1387 23.150 menu-write pc=00a340 data=0000 mask=ffff oldchoice=0 done=0
1387 23.159 menu-write pc=00a340 data=0000 mask=ffff oldchoice=0 done=0
1388 23.163 mode=00 match=04 mask=00 players=0 command=4322 peer=0000 script=0001a0ac flow=00019a38 menu=00000000 flags=09 offer=00 header=10/54 choice=0 done=0 selector=0 active=false/false
1388 23.175 menu-write pc=00a48a data=0000 mask=ffff oldchoice=0 done=0
1389 23.180 mode=00 match=04 mask=00 players=0 command=4322 peer=0000 script=0001a0ac flow=00019a50 menu=00019b8e flags=09 offer=00 header=10/54 choice=0 done=0 selector=0 active=false/false
1404 23.430 invitation ready choice=button1
1404 23.430 mode=00 match=04 mask=00 players=0 command=4322 peer=0000 script=0001a0ac flow=00019a50 menu=00019c6e flags=09 offer=00 header=10/54 choice=0 done=0 selector=0 active=false/false
1416 23.630 input :P1 P1 Button 1
1417 23.648 menu-write pc=019c9a data=0101 mask=00ff oldchoice=0 done=0
1418 23.664 mode=00 match=04 mask=00 players=0 command=4322 peer=0000 script=0001a0ac flow=00019a50 menu=00019d84 flags=09 offer=00 header=10/54 choice=0 done=1 selector=0 active=false/false
1419 23.680 mode=00 match=04 mask=00 players=0 command=4322 peer=0000 script=0001a0b0 flow=00010050 menu=00019d84 flags=87 offer=01 header=54/54 choice=0 done=1 selector=0 active=false/false
1423 23.747 mode=00 match=04 mask=00 players=0 command=4322 peer=0000 script=0001a0b2 flow=00010050 menu=00019d84 flags=87 offer=01 header=54/54 choice=0 done=1 selector=0 active=false/false
1423 23.748 menu-write pc=00a340 data=0000 mask=ffff oldchoice=0 done=1
1423 23.756 menu-write pc=00a48a data=0000 mask=ffff oldchoice=0 done=0
1424 23.764 mode=01 match=04 mask=01 players=1 command=0322 peer=0000 script=0001a3ee flow=00010050 menu=000188fc flags=08 offer=01 header=11/54 choice=0 done=0 selector=0 active=false/false
1426 23.797 mode=01 match=04 mask=01 players=1 command=0322 peer=0000 script=0001a3ee flow=00010050 menu=000189c6 flags=08 offer=00 header=11/54 choice=0 done=0 selector=0 active=false/false
1465 24.448 mode=01 match=04 mask=01 players=1 command=0322 peer=0000 script=0001a3ee flow=00010050 menu=00018a40 flags=08 offer=00 header=11/54 choice=0 done=0 selector=0 active=false/false
1800 30.039 input :P1 P1 Button 1
1800 30.039 input :P2 P2 Button 1
1824 30.439 input :SERVICE 2 Players Start
1826 30.473 mode=01 match=04 mask=03 players=2 command=0322 peer=0000 script=0001a3ee flow=00010050 menu=00018a40 flags=08 offer=00 header=11/54 choice=0 done=0 selector=0 active=false/false
1884 31.440 input :SERVICE 2 Players Start
1890 31.541 input :P1 P1 Button 1
1890 31.541 input :P2 P2 Button 1
1944 32.442 input :SERVICE 2 Players Start
1980 33.043 input :P1 P1 Button 1
1980 33.043 input :P2 P2 Button 1
2047 34.161 mode=01 match=04 mask=03 players=2 command=4322 peer=0000 script=0001a3ee flow=00010050 menu=00018b84 flags=08 offer=00 header=11/54 choice=0 done=0 selector=0 active=false/false
2048 34.177 mode=01 match=04 mask=03 players=2 command=4322 peer=0000 script=0001a3ee flow=00010050 menu=00018db6 flags=08 offer=00 header=10/54 choice=0 done=0 selector=0 active=false/false
2067 34.494 mode=01 match=04 mask=03 players=2 command=4322 peer=0000 script=0001a3ee flow=00010050 menu=00018dd8 flags=08 offer=00 header=10/54 choice=0 done=0 selector=0 active=false/false
2068 34.511 mode=01 match=04 mask=03 players=2 command=4322 peer=0000 script=0001a3ee flow=00010050 menu=00018e08 flags=08 offer=00 header=10/54 choice=0 done=0 selector=0 active=false/false
2070 34.544 input :P1 P1 Button 1
2070 34.544 input :P2 P2 Button 1
2072 34.578 mode=01 match=04 mask=03 players=2 command=4322 peer=0000 script=0001a3ee flow=00010050 menu=00018e0e flags=08 offer=00 header=10/54 choice=0 done=0 selector=0 active=false/false
2073 34.595 mode=01 match=04 mask=03 players=2 command=4322 peer=0000 script=0001a3ee flow=00010050 menu=00018e40 flags=08 offer=00 header=10/54 choice=0 done=0 selector=0 active=false/false
2076 34.647 menu-write pc=00a4f0 data=0000 mask=ffff oldchoice=0 done=0
2077 34.661 mode=01 match=04 mask=03 players=2 command=4322 peer=0000 script=0001a3ee flow=00010050 menu=00000000 flags=08 offer=00 header=10/54 choice=0 done=0 selector=0 active=false/false
2077 34.664 menu-write pc=00a340 data=0000 mask=ffff oldchoice=0 done=0
2077 34.671 menu-write pc=00a36c data=0000 mask=ffff oldchoice=0 done=0
2078 34.678 mode=01 match=02 mask=03 players=2 command=4322 peer=0000 script=0001f7bc flow=00010050 menu=00000000 flags=82 offer=00 header=54/54 choice=0 done=0 selector=0 active=false/false
2079 34.695 mode=01 match=02 mask=03 players=2 command=4322 peer=0000 script=0001f7d2 flow=00010050 menu=00000000 flags=82 offer=00 header=54/54 choice=0 done=0 selector=0 active=false/false
2096 34.978 mode=01 match=02 mask=03 players=2 command=4322 peer=0000 script=0001f7de flow=00010050 menu=00000000 flags=82 offer=00 header=54/54 choice=0 done=0 selector=0 active=false/false
2098 35.012 mode=01 match=02 mask=03 players=2 command=4322 peer=0000 script=0001f7f6 flow=00010050 menu=00000000 flags=82 offer=00 header=54/54 choice=0 done=0 selector=0 active=false/false
2160 36.046 input :P1 P1 Button 1
2160 36.046 input :P2 P2 Button 1
2211 36.898 mode=01 match=02 mask=03 players=2 command=4322 peer=0000 script=0001f7fc flow=00010050 menu=00000000 flags=82 offer=00 header=54/54 choice=0 done=0 selector=0 active=false/false
2243 37.432 mode=01 match=02 mask=03 players=2 command=4322 peer=0000 script=0001f7fe flow=00010050 menu=00000000 flags=82 offer=00 header=54/54 choice=0 done=0 selector=0 active=false/false
2243 37.434 menu-write pc=00a36c data=0000 mask=ffff oldchoice=0 done=0
2244 37.448 mode=01 match=02 mask=03 players=2 command=4322 peer=0000 script=0001a49e flow=00010050 menu=00000000 flags=82 offer=00 header=54/54 choice=0 done=0 selector=0 active=false/false
2245 37.465 mode=01 match=02 mask=03 players=2 command=4322 peer=0000 script=0001a4b0 flow=00010050 menu=00000000 flags=82 offer=00 header=54/54 choice=0 done=0 selector=0 active=false/false
2250 37.548 input :P1 P1 Button 1
2250 37.548 input :P2 P2 Button 1
2258 37.682 mode=01 match=02 mask=03 players=2 command=4322 peer=0000 script=0001a4b6 flow=00010050 menu=00000000 flags=82 offer=00 header=54/54 choice=0 done=0 selector=0 active=false/false
2274 37.949 mode=01 match=02 mask=03 players=2 command=4322 peer=0000 script=0001a4d8 flow=00010050 menu=00000000 flags=82 offer=00 header=54/54 choice=0 done=0 selector=0 active=false/false
2277 37.999 mode=01 match=02 mask=03 players=2 command=4322 peer=0000 script=0001a4da flow=00010050 menu=00000000 flags=82 offer=00 header=54/54 choice=0 done=0 selector=0 active=false/false
2278 38.016 mode=01 match=02 mask=03 players=2 command=4322 peer=0000 script=0001a510 flow=00010050 menu=00000000 flags=82 offer=00 header=54/54 choice=0 done=0 selector=0 active=false/false
2278 38.029 menu-write pc=00a48a data=0000 mask=ffff oldchoice=0 done=0
2279 38.032 mode=01 match=02 mask=03 players=2 command=4322 peer=0000 script=0001a51a flow=00010050 menu=0000daca flags=82 offer=00 header=54/54 choice=0 done=0 selector=0 active=false/false
2340 39.050 input :P1 P1 Button 1
2340 39.050 input :P2 P2 Button 1
2430 40.552 input :P1 P1 Button 1
2430 40.552 input :P2 P2 Button 1
2432 40.586 mode=01 match=02 mask=03 players=2 command=7822 peer=0000 script=0001a51a flow=00010050 menu=0000daca flags=82 offer=00 header=54/54 choice=0 done=0 selector=0 active=false/false
2435 40.636 mode=01 match=02 mask=03 players=2 command=f822 peer=0000 script=0001a51a flow=00010050 menu=0000daca flags=82 offer=00 header=54/54 choice=0 done=0 selector=0 active=false/false
2441 40.736 piece player=0 count=1 mode=1 match=2 mask=03
2441 40.736 piece player=1 count=1 mode=1 match=2 mask=03
2441 40.736 mode=01 match=02 mask=03 players=2 command=f822 peer=0000 script=0001a51a flow=00010050 menu=0000daca flags=82 offer=00 header=54/54 choice=0 done=0 selector=0 active=true/true
2520 42.054 input :P1 P1 Button 1
2520 42.054 input :P2 P2 Button 1
2610 43.556 input :P1 P1 Button 1
2610 43.556 input :P2 P2 Button 1
2649 44.207 mode=01 match=02 mask=03 players=2 command=f822 peer=0000 script=0001a51a flow=00010050 menu=0000daca flags=82 offer=00 header=54/54 choice=0 done=0 selector=0 active=false/false
2673 44.607 piece player=0 count=2 mode=1 match=2 mask=03
2673 44.607 piece player=1 count=2 mode=1 match=2 mask=03
2673 44.607 mode=01 match=02 mask=03 players=2 command=f822 peer=0000 script=0001a51a flow=00010050 menu=0000daca flags=82 offer=00 header=54/54 choice=0 done=0 selector=0 active=true/true
2700 45.058 input :P1 P1 Button 1
2700 45.058 input :P2 P2 Button 1
2790 46.560 input :P1 P1 Button 1
2790 46.560 input :P2 P2 Button 1
2880 48.062 input :P1 P1 Button 1
2880 48.062 input :P2 P2 Button 1
2881 48.079 mode=01 match=02 mask=03 players=2 command=f822 peer=0000 script=0001a51a flow=00010050 menu=0000daca flags=82 offer=00 header=54/54 choice=0 done=0 selector=0 active=false/false
2905 48.479 piece player=0 count=3 mode=1 match=2 mask=03
2905 48.479 piece player=1 count=3 mode=1 match=2 mask=03
2905 48.479 mode=01 match=02 mask=03 players=2 command=f822 peer=0000 script=0001a51a flow=00010050 menu=0000daca flags=82 offer=00 header=54/54 choice=0 done=0 selector=0 active=true/true
2970 49.564 input :P1 P1 Button 1
2970 49.564 input :P2 P2 Button 1
3060 51.066 input :P1 P1 Button 1
3060 51.066 input :P2 P2 Button 1
3113 51.950 mode=01 match=02 mask=03 players=2 command=f822 peer=0000 script=0001a51a flow=00010050 menu=0000daca flags=82 offer=00 header=54/54 choice=0 done=0 selector=0 active=false/false
3137 52.351 piece player=1 count=4 mode=1 match=2 mask=03
3137 52.351 mode=01 match=02 mask=03 players=2 command=f822 peer=0000 script=0001a51a flow=00010050 menu=0000daca flags=82 offer=00 header=54/54 choice=0 done=0 selector=0 active=false/true
3150 52.568 input :P1 P1 Button 1
3150 52.568 input :P2 P2 Button 1
3218 53.702 piece player=0 count=4 mode=1 match=2 mask=03
3218 53.702 mode=01 match=02 mask=03 players=2 command=f822 peer=0000 script=0001a51a flow=00010050 menu=0000daca flags=82 offer=00 header=54/54 choice=0 done=0 selector=0 active=true/true
3240 54.070 input :P1 P1 Button 1
3240 54.070 input :P2 P2 Button 1
3330 55.572 input :P1 P1 Button 1
3330 55.572 input :P2 P2 Button 1
3361 56.089 mode=01 match=02 mask=03 players=2 command=f822 peer=0000 script=0001a51a flow=00010050 menu=0000daca flags=82 offer=00 header=54/54 choice=0 done=0 selector=0 active=true/false
3385 56.489 piece player=1 count=5 mode=1 match=2 mask=03
3385 56.489 mode=01 match=02 mask=03 players=2 command=f822 peer=0000 script=0001a51a flow=00010050 menu=0000daca flags=82 offer=00 header=54/54 choice=0 done=0 selector=0 active=true/true
3420 57.073 input :P1 P1 Button 1
3420 57.073 input :P2 P2 Button 1
3430 57.240 mode=01 match=02 mask=03 players=2 command=f822 peer=0000 script=0001a51a flow=00010050 menu=0000daca flags=82 offer=00 header=54/54 choice=0 done=0 selector=0 active=false/true
3469 57.891 piece player=0 count=5 mode=1 match=2 mask=03
3469 57.891 mode=01 match=02 mask=03 players=2 command=f822 peer=0000 script=0001a51a flow=00010050 menu=0000daca flags=82 offer=00 header=54/54 choice=0 done=0 selector=0 active=true/true
3510 58.575 input :P1 P1 Button 1
3510 58.575 input :P2 P2 Button 1
3577 59.694 mode=01 match=02 mask=03 players=2 command=f822 peer=0000 script=0001a51a flow=00010050 menu=0000daca flags=82 offer=00 header=54/54 choice=0 done=0 selector=0 active=true/false
3593 59.961 piece player=1 count=6 mode=1 match=2 mask=03
3593 59.961 mode=01 match=02 mask=03 players=2 command=f822 peer=0000 script=0001a51a flow=00010050 menu=0000daca flags=82 offer=00 header=54/54 choice=0 done=0 selector=0 active=true/true
3600 60.077 input :P1 P1 Button 1
3600 60.077 input :P2 P2 Button 1
3677 61.362 mode=01 match=02 mask=03 players=2 command=f822 peer=0000 script=0001a51a flow=00010050 menu=0000daca flags=82 offer=00 header=54/54 choice=0 done=0 selector=0 active=false/true
3690 61.579 input :P1 P1 Button 1
3690 61.579 input :P2 P2 Button 1
3701 61.763 piece player=0 count=6 mode=1 match=2 mask=03
3701 61.763 mode=01 match=02 mask=03 players=2 command=f822 peer=0000 script=0001a51a flow=00010050 menu=0000daca flags=82 offer=00 header=54/54 choice=0 done=0 selector=0 active=true/true
3780 63.081 input :P1 P1 Button 1
3780 63.081 input :P2 P2 Button 1
3801 63.432 mode=01 match=02 mask=03 players=2 command=f822 peer=0000 script=0001a51a flow=00010050 menu=0000daca flags=82 offer=00 header=54/54 choice=0 done=0 selector=0 active=true/false
3825 63.832 piece player=1 count=7 mode=1 match=2 mask=03
3825 63.832 mode=01 match=02 mask=03 players=2 command=f822 peer=0000 script=0001a51a flow=00010050 menu=0000daca flags=82 offer=00 header=54/54 choice=0 done=0 selector=0 active=true/true
3870 64.583 input :P1 P1 Button 1
3870 64.583 input :P2 P2 Button 1
3909 65.234 mode=01 match=02 mask=03 players=2 command=f822 peer=0000 script=0001a51a flow=00010050 menu=0000daca flags=82 offer=00 header=54/54 choice=0 done=0 selector=0 active=false/true
3933 65.635 piece player=0 count=7 mode=1 match=2 mask=03
3933 65.635 mode=01 match=02 mask=03 players=2 command=f822 peer=0000 script=0001a51a flow=00010050 menu=0000daca flags=82 offer=00 header=54/54 choice=0 done=0 selector=0 active=true/true
3960 66.085 input :P1 P1 Button 1
3960 66.085 input :P2 P2 Button 1
4001 66.769 mode=01 match=02 mask=03 players=2 command=f822 peer=0000 script=0001a51a flow=00010050 menu=0000daca flags=82 offer=00 header=54/54 choice=0 done=0 selector=0 active=true/false
4017 67.036 piece player=1 count=8 mode=1 match=2 mask=03
4017 67.036 mode=01 match=02 mask=03 players=2 command=f822 peer=0000 script=0001a51a flow=00010050 menu=0000daca flags=82 offer=00 header=54/54 choice=0 done=0 selector=0 active=true/true
4050 67.587 input :P1 P1 Button 1
4050 67.587 input :P2 P2 Button 1
4125 68.839 mode=01 match=02 mask=03 players=2 command=f822 peer=0000 script=0001a51a flow=00010050 menu=0000daca flags=82 offer=00 header=54/54 choice=0 done=0 selector=0 active=false/true
4140 69.089 input :P1 P1 Button 1
4140 69.089 input :P2 P2 Button 1
