0 0.000 mapping :SERVICE 2 Players Start KEYCODE_UNKNOWN_SWITCH OR JOYCODE_2_UNKNOWN_SWITCH
0 0.000 mapping :SERVICE 1 Player Start KEYCODE_UNKNOWN_SWITCH OR JOYCODE_1_UNKNOWN_SWITCH
0 0.000 mapping :SERVICE Coin 1 KEYCODE_UNKNOWN_SWITCH OR JOYCODE_1_UNKNOWN_SWITCH
0 0.000 mapping :SERVICE Coin 2 KEYCODE_UNKNOWN_SWITCH OR JOYCODE_2_UNKNOWN_SWITCH
0 0.000 mapping :SERVICE Service 1 KEYCODE_UNKNOWN_SWITCH
0 0.000 mapping :SERVICE Service Mode KEYCODE_UNKNOWN_SWITCH
0 0.000 mapping :P1 P1 Button 1 KEYCODE_UNKNOWN_SWITCH OR MOUSECODE_1_UNKNOWN_SWITCH OR GUNCODE_1_BUTTON1
0 0.000 mapping :P1 P1 Right KEYCODE_UNKNOWN_SWITCH
0 0.000 mapping :P1 P1 Left KEYCODE_UNKNOWN_SWITCH
0 0.000 mapping :P1 P1 Button 2 KEYCODE_UNKNOWN_SWITCH OR MOUSECODE_1_UNKNOWN_SWITCH OR GUNCODE_1_BUTTON2
0 0.000 mapping :P1 P1 Down KEYCODE_UNKNOWN_SWITCH
0 0.000 mapping :P1 P1 Up KEYCODE_UNKNOWN_SWITCH
0 0.000 mapping :P2 P2 Button 1 KEYCODE_UNKNOWN_SWITCH OR MOUSECODE_2_UNKNOWN_SWITCH OR GUNCODE_2_BUTTON1
0 0.000 mapping :P2 P2 Down KEYCODE_UNKNOWN_SWITCH
0 0.000 mapping :P2 P2 Button 2 KEYCODE_UNKNOWN_SWITCH OR MOUSECODE_2_UNKNOWN_SWITCH OR GUNCODE_2_BUTTON2
0 0.000 mapping :P2 P2 Left KEYCODE_UNKNOWN_SWITCH
0 0.000 mapping :P2 P2 Up KEYCODE_UNKNOWN_SWITCH
0 0.000 mapping :P2 P2 Right KEYCODE_UNKNOWN_SWITCH
0 0.010 menu-write pc=00a340 data=0000 mask=ffff oldchoice=0 done=0
1 0.017 mode=01 match=04 mask=05 players=2 command=0b22 peer=0000 script=00019f48 flow=00010034 menu=00000000 flags=c7 offer=00 header=54/54 choice=0 done=0 selector=1 active=false/false
2 0.033 mode=01 match=04 mask=05 players=2 command=0b22 peer=0000 script=00019f70 flow=00010034 menu=00000000 flags=00 offer=00 header=00/00 choice=0 done=0 selector=1 active=false/false
5 0.083 mode=01 match=04 mask=05 players=2 command=0b22 peer=0000 script=00019f7e flow=00010034 menu=00000000 flags=00 offer=00 header=00/00 choice=0 done=0 selector=1 active=false/false
10 0.167 mode=01 match=04 mask=05 players=2 command=0b22 peer=0000 script=00019f80 flow=00010034 menu=00000000 flags=00 offer=00 header=00/00 choice=0 done=0 selector=1 active=false/false
27 0.451 mode=01 match=04 mask=05 players=2 command=0b22 peer=0000 script=00019f80 flow=00010034 menu=00000000 flags=00 offer=00 header=10/00 choice=0 done=0 selector=1 active=false/false
28 0.467 mode=01 match=04 mask=05 players=2 command=0b22 peer=0000 script=00019f80 flow=00010034 menu=00000000 flags=00 offer=00 header=00/00 choice=0 done=0 selector=1 active=false/false
30 0.501 mode=01 match=04 mask=05 players=2 command=0b22 peer=0000 script=00019f80 flow=00010034 menu=00000000 flags=00 offer=00 header=00/10 choice=0 done=0 selector=1 active=false/false
31 0.517 mode=01 match=04 mask=05 players=2 command=0b22 peer=0000 script=00019f80 flow=00010034 menu=00000000 flags=00 offer=00 header=10/10 choice=0 done=0 selector=1 active=false/false
191 3.187 mode=01 match=04 mask=05 players=2 command=0b22 peer=0000 script=00019f84 flow=00010034 menu=00000000 flags=00 offer=00 header=10/10 choice=0 done=0 selector=1 active=false/false
195 3.254 mode=01 match=04 mask=05 players=2 command=0b22 peer=0000 script=00019f86 flow=00010034 menu=00000000 flags=00 offer=00 header=10/10 choice=0 done=0 selector=1 active=false/false
195 3.255 menu-write pc=00a340 data=0000 mask=ffff oldchoice=0 done=0
195 3.262 menu-write pc=00a340 data=0000 mask=ffff oldchoice=0 done=0
196 3.271 mode=01 match=04 mask=05 players=2 command=0b22 peer=0000 script=00019fc8 flow=00010034 menu=00000000 flags=09 offer=00 header=11/10 choice=0 done=0 selector=1 active=false/false
197 3.288 mode=00 match=04 mask=05 players=2 command=0b22 peer=0000 script=00019ff2 flow=00010034 menu=00000000 flags=09 offer=00 header=11/10 choice=0 done=0 selector=1 active=false/false
198 3.304 mode=00 match=04 mask=05 players=2 command=0b22 peer=0000 script=0001a002 flow=00010034 menu=00000000 flags=09 offer=00 header=11/10 choice=0 done=0 selector=1 active=false/false
199 3.321 mode=00 match=04 mask=05 players=2 command=0b22 peer=0000 script=0001a004 flow=00010034 menu=00000000 flags=09 offer=00 header=11/10 choice=0 done=0 selector=1 active=false/false
201 3.354 mode=00 match=04 mask=05 players=2 command=0b22 peer=0000 script=0001a004 flow=00010034 menu=00000000 flags=09 offer=00 header=11/11 choice=0 done=0 selector=1 active=false/false
251 4.189 mode=00 match=04 mask=05 players=2 command=0b22 peer=0000 script=0001a004 flow=00010034 menu=00000000 flags=09 offer=00 header=11/13 choice=0 done=0 selector=1 active=false/false
252 4.205 mode=00 match=04 mask=05 players=2 command=0b22 peer=0000 script=0001a008 flow=00010034 menu=00000000 flags=09 offer=00 header=11/13 choice=0 done=0 selector=1 active=false/false
260 4.339 mode=00 match=04 mask=05 players=2 command=0b22 peer=0000 script=0001a00a flow=00010034 menu=00000000 flags=09 offer=00 header=11/13 choice=0 done=0 selector=1 active=false/false
260 4.340 menu-write pc=00a340 data=0000 mask=ffff oldchoice=0 done=0
260 4.347 menu-write pc=00a48a data=0000 mask=ffff oldchoice=0 done=0
261 4.356 mode=01 match=04 mask=00 players=0 command=0322 peer=0000 script=0001a39e flow=00010034 menu=000188fc flags=08 offer=00 header=11/13 choice=0 done=0 selector=1 active=false/false
263 4.389 mode=01 match=04 mask=00 players=0 command=0322 peer=0000 script=0001a39e flow=00010034 menu=000189c6 flags=08 offer=00 header=13/13 choice=0 done=0 selector=1 active=false/false
304 5.073 mode=01 match=04 mask=00 players=0 command=0322 peer=0000 script=0001a39e flow=00010034 menu=00018a40 flags=08 offer=00 header=13/13 choice=0 done=0 selector=1 active=false/false
725 12.099 mode=01 match=04 mask=00 players=0 command=4322 peer=0000 script=0001a39e flow=00010034 menu=00018b84 flags=08 offer=00 header=13/13 choice=0 done=0 selector=1 active=false/false
726 12.116 mode=01 match=04 mask=00 players=0 command=4322 peer=0000 script=0001a39e flow=00010034 menu=00018db6 flags=08 offer=00 header=10/10 choice=0 done=0 selector=1 active=false/false
745 12.433 mode=01 match=04 mask=00 players=0 command=4322 peer=0000 script=0001a39e flow=00010034 menu=00018dd8 flags=08 offer=00 header=10/10 choice=0 done=0 selector=1 active=false/false
746 12.449 mode=01 match=04 mask=00 players=0 command=4322 peer=0000 script=0001a39e flow=00010034 menu=00018e08 flags=08 offer=00 header=10/10 choice=0 done=0 selector=1 active=false/false
840 14.018 mode=01 match=04 mask=00 players=0 command=4322 peer=0000 script=0001a39e flow=00010034 menu=00018e08 flags=08 offer=00 header=10/54 choice=0 done=0 selector=1 active=false/false
926 15.453 mode=01 match=04 mask=00 players=0 command=4322 peer=0000 script=0001a39e flow=00010034 menu=00018e0e flags=08 offer=00 header=10/54 choice=0 done=0 selector=1 active=false/false
927 15.470 mode=01 match=04 mask=00 players=0 command=4322 peer=0000 script=0001a39e flow=00010034 menu=00018e40 flags=08 offer=00 header=10/54 choice=0 done=0 selector=1 active=false/false
930 15.522 menu-write pc=00a4f0 data=0000 mask=ffff oldchoice=0 done=0
931 15.537 mode=01 match=04 mask=00 players=0 command=4322 peer=0000 script=0001a39e flow=00010034 menu=00000000 flags=08 offer=00 header=10/54 choice=0 done=0 selector=1 active=false/false
931 15.539 menu-write pc=00a340 data=0000 mask=ffff oldchoice=0 done=0
931 15.546 menu-write pc=00a340 data=0000 mask=ffff oldchoice=0 done=0
932 15.553 mode=01 match=04 mask=00 players=0 command=4322 peer=0000 script=00019fc8 flow=00010034 menu=00000000 flags=09 offer=00 header=11/54 choice=0 done=0 selector=1 active=false/false
933 15.570 mode=00 match=04 mask=00 players=0 command=4322 peer=0000 script=00019ff2 flow=00010034 menu=00000000 flags=09 offer=00 header=11/54 choice=0 done=0 selector=1 active=false/false
934 15.587 mode=00 match=04 mask=00 players=0 command=4322 peer=0000 script=0001a002 flow=00010034 menu=00000000 flags=09 offer=00 header=11/54 choice=0 done=0 selector=1 active=false/false
935 15.603 mode=00 match=04 mask=00 players=0 command=4322 peer=0000 script=0001a004 flow=00010034 menu=00000000 flags=09 offer=00 header=11/54 choice=0 done=0 selector=1 active=false/false
1115 18.607 mode=00 match=04 mask=00 players=0 command=4322 peer=0000 script=0001a008 flow=00010034 menu=00000000 flags=09 offer=00 header=11/54 choice=0 done=0 selector=1 active=false/false
1123 18.741 mode=00 match=04 mask=00 players=0 command=4322 peer=0000 script=0001a00a flow=00010034 menu=00000000 flags=09 offer=00 header=11/54 choice=0 done=0 selector=1 active=false/false
1123 18.742 menu-write pc=00a340 data=0000 mask=ffff oldchoice=0 done=0
1123 18.749 menu-write pc=00a36c data=0000 mask=ffff oldchoice=0 done=0
1124 18.757 mode=00 match=04 mask=00 players=0 command=4322 peer=0000 script=0001f576 flow=00010034 menu=00000000 flags=09 offer=00 header=11/54 choice=0 done=0 selector=1 active=false/false
1125 18.774 mode=00 match=04 mask=00 players=0 command=4322 peer=0000 script=0001f582 flow=00010034 menu=00000000 flags=09 offer=00 header=11/54 choice=0 done=0 selector=1 active=false/false
1182 19.725 B saw A active; delayed coin schedule
1305 21.778 mode=00 match=04 mask=00 players=0 command=4322 peer=0000 script=0001f588 flow=00010034 menu=00000000 flags=09 offer=00 header=11/54 choice=0 done=0 selector=1 active=false/false
1312 21.895 mode=00 match=04 mask=00 players=0 command=4322 peer=0000 script=0001f58a flow=00010034 menu=00000000 flags=09 offer=00 header=11/54 choice=0 done=0 selector=1 active=false/false
1312 21.896 menu-write pc=00a36c data=0000 mask=ffff oldchoice=0 done=0
1312 21.903 menu-write pc=00a36c data=0000 mask=ffff oldchoice=0 done=0
1313 21.912 mode=00 match=04 mask=00 players=0 command=4322 peer=0000 script=0001f5ba flow=00010034 menu=00000000 flags=09 offer=00 header=11/54 choice=0 done=0 selector=1 active=false/false
1337 22.312 mode=00 match=04 mask=00 players=0 command=4322 peer=0000 script=0001f5c6 flow=00010034 menu=00000000 flags=09 offer=00 header=11/54 choice=0 done=0 selector=1 active=false/false
1338 22.329 mode=00 match=04 mask=00 players=0 command=4322 peer=0000 script=0001f5c8 flow=00010034 menu=00000000 flags=09 offer=00 header=11/54 choice=0 done=0 selector=1 active=false/false
1339 22.345 mode=00 match=04 mask=00 players=0 command=4322 peer=0000 script=0001f5da flow=00010034 menu=00000000 flags=09 offer=00 header=11/54 choice=0 done=0 selector=1 active=false/false
1362 22.729 input :SERVICE Coin 1
1377 22.980 input :SERVICE Coin 1
1392 23.230 input :SERVICE Coin 1
1407 23.480 input :SERVICE Coin 1
1452 24.231 input :SERVICE 1 Player Start
1455 24.281 mode=00 match=04 mask=00 players=0 command=4322 peer=0000 script=0001f5e0 flow=00010034 menu=00000000 flags=09 offer=00 header=11/54 choice=0 done=0 selector=1 active=false/false
1462 24.398 mode=00 match=04 mask=00 players=0 command=4322 peer=0000 script=0001f5e2 flow=00010034 menu=00000000 flags=09 offer=00 header=11/54 choice=0 done=0 selector=1 active=false/false
1462 24.401 menu-write pc=00a36c data=0000 mask=ffff oldchoice=0 done=0
1462 24.408 menu-write pc=00a340 data=0000 mask=ffff oldchoice=0 done=0
1463 24.415 mode=00 match=04 mask=00 players=0 command=4322 peer=0000 script=0001a034 flow=00010034 menu=00000000 flags=09 offer=00 header=11/54 choice=0 done=0 selector=1 active=false/false
1463 24.417 menu-write pc=00a340 data=0000 mask=ffff oldchoice=0 done=0
1463 24.426 menu-write pc=00a340 data=0000 mask=ffff oldchoice=0 done=0
1464 24.431 mode=00 match=04 mask=00 players=0 command=4322 peer=0000 script=0001a0ac flow=00019a38 menu=00000000 flags=09 offer=00 header=10/54 choice=0 done=0 selector=0 active=false/false
1464 24.442 menu-write pc=00a48a data=0000 mask=ffff oldchoice=0 done=0
1465 24.448 mode=00 match=04 mask=00 players=0 command=4322 peer=0000 script=0001a0ac flow=00019a50 menu=00019b8e flags=09 offer=00 header=10/54 choice=0 done=0 selector=0 active=false/false
1480 24.698 invitation ready choice=yes
1480 24.698 mode=00 match=04 mask=00 players=0 command=4322 peer=0000 script=0001a0ac flow=00019a50 menu=00019c6e flags=09 offer=00 header=10/54 choice=0 done=0 selector=0 active=false/false
1492 24.899 input :P1 P1 Down
1493 24.916 menu-write pc=019cbe data=0101 mask=ff00 oldchoice=0 done=0
1494 24.932 mode=00 match=04 mask=00 players=0 command=4322 peer=0000 script=0001a0ac flow=00019a50 menu=00019c6e flags=09 offer=00 header=10/54 choice=1 done=0 selector=0 active=false/false
1510 25.199 input :P1 P1 Button 1
1511 25.217 menu-write pc=019c9a data=0101 mask=00ff oldchoice=1 done=0
1512 25.232 mode=00 match=04 mask=00 players=0 command=4322 peer=0000 script=0001a0ac flow=00019a50 menu=00019d84 flags=09 offer=00 header=10/54 choice=1 done=1 selector=0 active=false/false
1513 25.249 mode=00 match=04 mask=01 players=1 command=4322 peer=0000 script=0001a0ac flow=00019768 menu=00019d84 flags=09 offer=00 header=10/54 choice=1 done=1 selector=0 active=false/false
1514 25.266 mode=00 match=04 mask=01 players=1 command=0122 peer=0000 script=0001a0ac flow=0001978c menu=00019d84 flags=09 offer=00 header=90/54 choice=1 done=1 selector=0 active=false/false
1520 25.366 mode=00 match=04 mask=01 players=1 command=0122 peer=9122 script=0001a0ac flow=0001978c menu=00019d84 flags=09 offer=00 header=90/54 choice=1 done=1 selector=0 active=false/false
1521 25.383 mode=00 match=04 mask=01 players=1 command=2101 peer=9122 script=0001a0ac flow=00019840 menu=00019d84 flags=09 offer=00 header=90/54 choice=1 done=1 selector=0 active=false/false
1527 25.483 mode=00 match=04 mask=01 players=1 command=2101 peer=8122 script=0001a0ac flow=00019840 menu=00019d84 flags=09 offer=00 header=90/54 choice=1 done=1 selector=0 active=false/false
1528 25.500 mode=00 match=04 mask=01 players=1 command=2101 peer=8122 script=0001a0ac flow=00019872 menu=00019d84 flags=09 offer=00 header=90/54 choice=1 done=1 selector=0 active=false/false
1626 27.135 mode=00 match=04 mask=01 players=1 command=2101 peer=0102 script=0001a0ac flow=00019872 menu=00019d84 flags=09 offer=00 header=90/54 choice=1 done=1 selector=0 active=false/false
1627 27.152 mode=00 match=04 mask=01 players=1 command=2101 peer=0102 script=0001a7e6 flow=00010072 menu=00019d84 flags=82 offer=00 header=54/54 choice=1 done=1 selector=0 active=false/false
1643 27.419 mode=00 match=04 mask=01 players=1 command=2101 peer=0102 script=0001a7e8 flow=00010072 menu=00019d84 flags=82 offer=00 header=54/54 choice=1 done=1 selector=0 active=false/false
1643 27.420 menu-write pc=00a48a data=0000 mask=ffff oldchoice=1 done=1
1644 27.435 mode=01 match=04 mask=01 players=1 command=0301 peer=0102 script=0001a842 flow=00010072 menu=000188fc flags=02 offer=00 header=54/54 choice=0 done=0 selector=0 active=false/false
1645 27.452 mode=01 match=04 mask=01 players=1 command=0301 peer=0102 script=0001a842 flow=00010072 menu=000189c6 flags=02 offer=00 header=56/54 choice=0 done=0 selector=0 active=false/false
1652 27.569 mode=01 match=04 mask=01 players=1 command=0301 peer=0102 script=0001a842 flow=00010072 menu=000189c6 flags=02 offer=00 header=56/56 choice=0 done=0 selector=0 active=false/false
1687 28.153 mode=01 match=04 mask=01 players=1 command=0301 peer=0102 script=0001a842 flow=00010072 menu=00018a40 flags=02 offer=00 header=56/56 choice=0 done=0 selector=0 active=false/false
1688 28.170 mode=01 match=04 mask=01 players=1 command=1301 peer=0102 script=0001a842 flow=00010072 menu=00018a40 flags=02 offer=00 header=56/56 choice=0 done=0 selector=0 active=false/false
1690 28.203 input :SERVICE 2 Players Start
1692 28.236 mode=01 match=04 mask=03 players=2 command=1301 peer=0102 script=0001a842 flow=00010072 menu=00018a40 flags=02 offer=00 header=56/56 choice=0 done=0 selector=0 active=false/false
1693 28.253 mode=01 match=04 mask=03 players=2 command=3301 peer=0102 script=0001a842 flow=00010072 menu=00018a40 flags=02 offer=00 header=56/56 choice=0 done=0 selector=0 active=false/false
1694 28.270 mode=01 match=04 mask=03 players=2 command=7301 peer=0102 script=0001a842 flow=00010072 menu=00018b84 flags=02 offer=00 header=56/56 choice=0 done=0 selector=0 active=false/false
1694 28.273 recruit-peer-read pc=018bda data=3302 mask=ff00 localmask=03
1695 28.286 mode=01 match=04 mask=03 players=4 command=7301 peer=0102 script=0001a842 flow=00010072 menu=00018bfc flags=02 offer=00 header=56/56 choice=0 done=0 selector=0 active=false/false
1695 28.289 menu-write pc=018c42 data=0078 mask=ffff oldchoice=0 done=0
1696 28.303 mode=01 match=04 mask=03 players=4 command=8334 peer=0102 script=0001a842 flow=00010072 menu=00018c48 flags=02 offer=00 header=56/56 choice=0 done=120 selector=0 active=false/false
1696 28.306 menu-write pc=018c4e data=ffff mask=ff00 oldchoice=0 done=120
1697 28.320 mode=01 match=04 mask=03 players=4 command=8334 peer=0102 script=0001a842 flow=00010072 menu=00018c48 flags=02 offer=00 header=56/56 choice=255 done=120 selector=0 active=false/false
1697 28.323 menu-write pc=018c4e data=fefe mask=ff00 oldchoice=255 done=120
1698 28.336 mode=01 match=04 mask=03 players=4 command=8334 peer=0102 script=0001a842 flow=00010072 menu=00018c48 flags=02 offer=00 header=56/56 choice=254 done=120 selector=0 active=false/false
1698 28.339 menu-write pc=018c4e data=fdfd mask=ff00 oldchoice=254 done=120
1699 28.353 mode=01 match=04 mask=03 players=4 command=8334 peer=0102 script=0001a842 flow=00010072 menu=00018c48 flags=02 offer=00 header=56/56 choice=253 done=120 selector=0 active=false/false
1699 28.356 menu-write pc=018c4e data=fcfc mask=ff00 oldchoice=253 done=120
1700 28.370 mode=01 match=04 mask=0f players=4 command=8334 peer=0102 script=0001a842 flow=00010072 menu=00018cc8 flags=02 offer=00 header=56/56 choice=252 done=120 selector=0 active=false/false
1719 28.687 mode=01 match=04 mask=0f players=4 command=8334 peer=0102 script=0001a842 flow=00010072 menu=00018cea flags=02 offer=00 header=56/56 choice=252 done=120 selector=0 active=false/false
1720 28.704 mode=01 match=04 mask=0f players=4 command=8334 peer=0102 script=0001a842 flow=00010072 menu=00018d1a flags=02 offer=00 header=56/56 choice=252 done=120 selector=0 active=false/false
1750 29.204 input :SERVICE 2 Players Start
1805 30.122 mode=01 match=04 mask=0f players=4 command=8334 peer=0102 script=0001a842 flow=00010072 menu=00018d2e flags=02 offer=00 header=56/54 choice=252 done=120 selector=0 active=false/false
1806 30.139 mode=01 match=04 mask=0f players=4 command=9334 peer=0102 script=0001a842 flow=00010072 menu=00018d5c flags=02 offer=00 header=54/54 choice=252 done=120 selector=0 active=false/false
1807 30.155 mode=01 match=04 mask=0f players=4 command=0400 peer=0102 script=0001a842 flow=00010072 menu=00018e40 flags=02 offer=00 header=54/54 choice=252 done=120 selector=0 active=false/false
1810 30.206 input :SERVICE 2 Players Start
1810 30.208 menu-write pc=00a4f0 data=0000 mask=ffff oldchoice=252 done=120
1811 30.222 mode=01 match=04 mask=0f players=4 command=0400 peer=0102 script=0001a842 flow=00010072 menu=00000000 flags=02 offer=00 header=54/54 choice=0 done=0 selector=0 active=false/false
1811 30.225 menu-write pc=00a340 data=0000 mask=ffff oldchoice=0 done=0
1811 30.232 menu-write pc=00a36c data=0000 mask=ffff oldchoice=0 done=0
1812 30.239 mode=01 match=04 mask=0f players=4 command=0400 peer=0102 script=0001f7bc flow=00010072 menu=00000000 flags=c2 offer=00 header=54/54 choice=0 done=0 selector=0 active=false/false
1813 30.256 mode=01 match=04 mask=0f players=4 command=0400 peer=0102 script=0001f7d2 flow=00010072 menu=00000000 flags=c2 offer=00 header=54/54 choice=0 done=0 selector=0 active=false/false
1830 30.539 mode=01 match=04 mask=0f players=4 command=0400 peer=0102 script=0001f7de flow=00010072 menu=00000000 flags=c2 offer=00 header=54/54 choice=0 done=0 selector=0 active=false/false
1832 30.573 mode=01 match=04 mask=0f players=4 command=0400 peer=0102 script=0001f7f6 flow=00010072 menu=00000000 flags=c2 offer=00 header=54/54 choice=0 done=0 selector=0 active=false/false
1890 31.541 input :P1 P1 Button 1
1890 31.541 input :P2 P2 Button 1
1892 31.574 mode=01 match=04 mask=0f players=4 command=8400 peer=0102 script=0001f7f6 flow=00010072 menu=00000000 flags=c2 offer=00 header=54/54 choice=0 done=0 selector=0 active=false/false
1893 31.591 mode=01 match=04 mask=0f players=4 command=0400 peer=0102 script=0001f7f6 flow=00010072 menu=00000000 flags=c2 offer=00 header=54/54 choice=0 done=0 selector=0 active=false/false
1943 32.425 mode=01 match=04 mask=0f players=4 command=0400 peer=0102 script=0001f7fc flow=00010072 menu=00000000 flags=c2 offer=00 header=54/54 choice=0 done=0 selector=0 active=false/false
1975 32.959 mode=01 match=04 mask=0f players=4 command=0400 peer=0102 script=0001f7fe flow=00010072 menu=00000000 flags=c2 offer=00 header=54/54 choice=0 done=0 selector=0 active=false/false
1975 32.962 menu-write pc=00a36c data=0000 mask=ffff oldchoice=0 done=0
1976 32.976 mode=01 match=04 mask=0f players=4 command=0400 peer=0102 script=0001a49e flow=00010072 menu=00000000 flags=c2 offer=00 header=54/54 choice=0 done=0 selector=0 active=false/false
1977 32.992 mode=01 match=04 mask=0f players=4 command=0400 peer=0102 script=0001a4b0 flow=00010072 menu=00000000 flags=c2 offer=00 header=54/54 choice=0 done=0 selector=0 active=false/false
1980 33.043 input :P1 P1 Button 1
1980 33.043 input :P2 P2 Button 1
1990 33.209 mode=01 match=04 mask=0f players=4 command=0400 peer=0102 script=0001a4b6 flow=00010072 menu=00000000 flags=c2 offer=00 header=54/54 choice=0 done=0 selector=0 active=false/false
2006 33.476 mode=01 match=04 mask=0f players=4 command=0400 peer=0102 script=0001a4d8 flow=00010072 menu=00000000 flags=c2 offer=00 header=54/54 choice=0 done=0 selector=0 active=false/false
2009 33.527 mode=01 match=04 mask=0f players=4 command=0400 peer=0102 script=0001a4da flow=00010072 menu=00000000 flags=c2 offer=00 header=54/54 choice=0 done=0 selector=0 active=false/false
2010 33.543 mode=01 match=04 mask=0f players=4 command=1601 peer=0102 script=0001a512 flow=00010072 menu=00000000 flags=c2 offer=00 header=54/54 choice=0 done=0 selector=0 active=false/false
2039 34.031 menu-write pc=00a48a data=0000 mask=ffff oldchoice=0 done=0
2040 34.044 mode=01 match=04 mask=0f players=4 command=1601 peer=0102 script=0001a51a flow=00010072 menu=0000daca flags=c2 offer=00 header=54/54 choice=0 done=0 selector=0 active=false/false
2048 34.177 mode=01 match=04 mask=0f players=4 command=2822 peer=0102 script=0001a51a flow=00010072 menu=0000daca flags=c2 offer=00 header=54/54 choice=0 done=0 selector=0 active=false/false
2070 34.544 input :P1 P1 Button 1
2070 34.544 input :P2 P2 Button 1
2108 35.179 mode=01 match=04 mask=0f players=4 command=3822 peer=0102 script=0001a51a flow=00010072 menu=0000daca flags=c2 offer=00 header=54/54 choice=0 done=0 selector=0 active=false/false
2160 36.046 input :P1 P1 Button 1
2160 36.046 input :P2 P2 Button 1
2162 36.080 mode=01 match=04 mask=0f players=4 command=7822 peer=0102 script=0001a51a flow=00010072 menu=0000daca flags=c2 offer=00 header=54/54 choice=0 done=0 selector=0 active=false/false
2165 36.130 mode=01 match=04 mask=0f players=4 command=f822 peer=0102 script=0001a51a flow=00010072 menu=0000daca flags=c2 offer=00 header=54/54 choice=0 done=0 selector=0 active=false/false
2166 36.147 mode=01 match=04 mask=0f players=4 command=0b22 peer=0102 script=0001a51a flow=00010072 menu=0000daca flags=c2 offer=00 header=54/54 choice=0 done=0 selector=0 active=false/false
2171 36.230 piece player=0 count=1 mode=1 match=4 mask=0f
2171 36.230 piece player=1 count=1 mode=1 match=4 mask=0f
2171 36.230 mode=01 match=04 mask=0f players=4 command=0b22 peer=0102 script=0001a51a flow=00010072 menu=0000daca flags=c2 offer=00 header=54/54 choice=0 done=0 selector=0 active=true/true
2250 37.548 input :P1 P1 Button 1
2250 37.548 input :P2 P2 Button 1
2340 39.050 input :P1 P1 Button 1
2340 39.050 input :P2 P2 Button 1
2379 39.701 mode=01 match=04 mask=0f players=4 command=0b22 peer=0102 script=0001a51a flow=00010072 menu=0000daca flags=c2 offer=00 header=54/54 choice=0 done=0 selector=0 active=false/false
2403 40.102 piece player=0 count=2 mode=1 match=4 mask=0f
2403 40.102 piece player=1 count=2 mode=1 match=4 mask=0f
2403 40.102 mode=01 match=04 mask=0f players=4 command=0b22 peer=0102 script=0001a51a flow=00010072 menu=0000daca flags=c2 offer=00 header=54/54 choice=0 done=0 selector=0 active=true/true
2430 40.552 input :P1 P1 Button 1
2430 40.552 input :P2 P2 Button 1
2520 42.054 input :P1 P1 Button 1
2520 42.054 input :P2 P2 Button 1
2610 43.556 input :P1 P1 Button 1
2610 43.556 input :P2 P2 Button 1
2611 43.573 mode=01 match=04 mask=0f players=4 command=0b22 peer=0102 script=0001a51a flow=00010072 menu=0000daca flags=c2 offer=00 header=54/54 choice=0 done=0 selector=0 active=false/false
2635 43.973 piece player=0 count=3 mode=1 match=4 mask=0f
2635 43.973 piece player=1 count=3 mode=1 match=4 mask=0f
2635 43.973 mode=01 match=04 mask=0f players=4 command=0b22 peer=0102 script=0001a51a flow=00010072 menu=0000daca flags=c2 offer=00 header=54/54 choice=0 done=0 selector=0 active=true/true
2700 45.058 input :P1 P1 Button 1
2700 45.058 input :P2 P2 Button 1
2790 46.560 input :P1 P1 Button 1
2790 46.560 input :P2 P2 Button 1
2843 47.444 mode=01 match=04 mask=0f players=4 command=0b22 peer=0102 script=0001a51a flow=00010072 menu=0000daca flags=c2 offer=00 header=54/54 choice=0 done=0 selector=0 active=false/false
2867 47.845 piece player=0 count=4 mode=1 match=4 mask=0f
2867 47.845 piece player=1 count=4 mode=1 match=4 mask=0f
2867 47.845 mode=01 match=04 mask=0f players=4 command=0b22 peer=0102 script=0001a51a flow=00010072 menu=0000daca flags=c2 offer=00 header=54/54 choice=0 done=0 selector=0 active=true/true
2880 48.062 input :P1 P1 Button 1
2880 48.062 input :P2 P2 Button 1
2970 49.564 input :P1 P1 Button 1
2970 49.564 input :P2 P2 Button 1
3060 51.066 input :P1 P1 Button 1
3060 51.066 input :P2 P2 Button 1
3091 51.583 mode=01 match=04 mask=0f players=4 command=0b22 peer=0102 script=0001a51a flow=00010072 menu=0000daca flags=c2 offer=00 header=54/54 choice=0 done=0 selector=0 active=false/false
3115 51.984 piece player=0 count=5 mode=1 match=4 mask=0f
3115 51.984 piece player=1 count=5 mode=1 match=4 mask=0f
3115 51.984 mode=01 match=04 mask=0f players=4 command=0b22 peer=0102 script=0001a51a flow=00010072 menu=0000daca flags=c2 offer=00 header=54/54 choice=0 done=0 selector=0 active=true/true
3150 52.568 input :P1 P1 Button 1
3150 52.568 input :P2 P2 Button 1
3240 54.070 input :P1 P1 Button 1
3240 54.070 input :P2 P2 Button 1
3307 55.188 mode=01 match=04 mask=0f players=4 command=0b22 peer=0102 script=0001a51a flow=00010072 menu=0000daca flags=c2 offer=00 header=54/54 choice=0 done=0 selector=0 active=false/false
3323 55.455 piece player=0 count=6 mode=1 match=4 mask=0f
3323 55.455 piece player=1 count=6 mode=1 match=4 mask=0f
3323 55.455 mode=01 match=04 mask=0f players=4 command=0b22 peer=0102 script=0001a51a flow=00010072 menu=0000daca flags=c2 offer=00 header=54/54 choice=0 done=0 selector=0 active=true/true
3330 55.572 input :P1 P1 Button 1
3330 55.572 input :P2 P2 Button 1
3420 57.073 input :P1 P1 Button 1
3420 57.073 input :P2 P2 Button 1
3510 58.575 input :P1 P1 Button 1
3510 58.575 input :P2 P2 Button 1
3531 58.926 mode=01 match=04 mask=0f players=4 command=0b22 peer=0102 script=0001a51a flow=00010072 menu=0000daca flags=c2 offer=00 header=54/54 choice=0 done=0 selector=0 active=false/false
3555 59.326 piece player=0 count=7 mode=1 match=4 mask=0f
3555 59.326 piece player=1 count=7 mode=1 match=4 mask=0f
3555 59.326 mode=01 match=04 mask=0f players=4 command=0b22 peer=0102 script=0001a51a flow=00010072 menu=0000daca flags=c2 offer=00 header=54/54 choice=0 done=0 selector=0 active=true/true
3600 60.077 input :P1 P1 Button 1
3600 60.077 input :P2 P2 Button 1
3690 61.579 input :P1 P1 Button 1
3690 61.579 input :P2 P2 Button 1
3731 62.264 mode=01 match=04 mask=0f players=4 command=0b22 peer=0102 script=0001a51a flow=00010072 menu=0000daca flags=c2 offer=00 header=54/54 choice=0 done=0 selector=0 active=false/false
3747 62.531 piece player=0 count=8 mode=1 match=4 mask=0f
3747 62.531 piece player=1 count=8 mode=1 match=4 mask=0f
3747 62.531 mode=01 match=04 mask=0f players=4 command=0b22 peer=0102 script=0001a51a flow=00010072 menu=0000daca flags=c2 offer=00 header=54/54 choice=0 done=0 selector=0 active=true/true
3780 63.081 input :P1 P1 Button 1
3780 63.081 input :P2 P2 Button 1
3870 64.583 input :P1 P1 Button 1
3870 64.583 input :P2 P2 Button 1
3923 65.468 mode=01 match=04 mask=0f players=4 command=0b22 peer=0102 script=0001a51a flow=00010072 menu=0000daca flags=c2 offer=00 header=54/54 choice=0 done=0 selector=0 active=false/true
3944 65.818 mode=01 match=04 mask=0f players=4 command=0b22 peer=0102 script=0001a51a flow=00010072 menu=0000daca flags=c2 offer=00 header=54/54 choice=0 done=0 selector=0 active=false/false
3947 65.868 piece player=0 count=9 mode=1 match=4 mask=0f
3947 65.868 mode=01 match=04 mask=0f players=4 command=0b22 peer=0102 script=0001a51a flow=00010072 menu=0000daca flags=c2 offer=00 header=54/54 choice=0 done=0 selector=0 active=true/false
3960 66.085 input :P1 P1 Button 1
3960 66.085 input :P2 P2 Button 1
3968 66.219 piece player=1 count=9 mode=1 match=4 mask=0f
3968 66.219 mode=01 match=04 mask=0f players=4 command=0b22 peer=0102 script=0001a51a flow=00010072 menu=0000daca flags=c2 offer=00 header=54/54 choice=0 done=0 selector=0 active=true/true
4050 67.587 input :P1 P1 Button 1
4050 67.587 input :P2 P2 Button 1
4123 68.805 mode=01 match=04 mask=0f players=4 command=0b22 peer=0102 script=0001a51a flow=00010072 menu=0000daca flags=c2 offer=00 header=54/54 choice=0 done=0 selector=0 active=false/true
4140 69.089 input :P1 P1 Button 1
4140 69.089 input :P2 P2 Button 1
4168 69.556 mode=01 match=04 mask=0f players=4 command=0b22 peer=0102 script=0001a51a flow=00010072 menu=0000daca flags=c2 offer=00 header=54/54 choice=0 done=0 selector=0 active=false/false
4184 69.823 piece player=1 count=10 mode=1 match=4 mask=0f
4184 69.823 mode=01 match=04 mask=0f players=4 command=0b22 peer=0102 script=0001a51a flow=00010072 menu=0000daca flags=c2 offer=00 header=54/54 choice=0 done=0 selector=0 active=false/true
4229 70.574 piece player=0 count=10 mode=1 match=4 mask=0f
4229 70.574 mode=01 match=04 mask=0f players=4 command=0b22 peer=0102 script=0001a51a flow=00010072 menu=0000daca flags=c2 offer=00 header=54/54 choice=0 done=0 selector=0 active=true/true
4230 70.591 input :P1 P1 Button 1
4230 70.591 input :P2 P2 Button 1
4320 72.093 input :P1 P1 Button 1
4320 72.093 input :P2 P2 Button 1
4376 73.027 mode=01 match=04 mask=0f players=4 command=0b22 peer=0102 script=0001a51a flow=00010072 menu=0000daca flags=c2 offer=00 header=54/54 choice=0 done=0 selector=0 active=true/false
4392 73.294 piece player=1 count=11 mode=1 match=4 mask=0f
4392 73.294 mode=01 match=04 mask=0f players=4 command=0b22 peer=0102 script=0001a51a flow=00010072 menu=0000daca flags=c2 offer=00 header=54/54 choice=0 done=0 selector=0 active=true/true
4410 73.595 input :P1 P1 Button 1
4410 73.595 input :P2 P2 Button 1
4437 74.045 mode=01 match=04 mask=0f players=4 command=0b22 peer=0102 script=0001a51a flow=00010072 menu=0000daca flags=c2 offer=00 header=54/54 choice=0 done=0 selector=0 active=false/true
4453 74.312 piece player=0 count=11 mode=1 match=4 mask=0f
4453 74.312 mode=01 match=04 mask=0f players=4 command=0b22 peer=0102 script=0001a51a flow=00010072 menu=0000daca flags=c2 offer=00 header=54/54 choice=0 done=0 selector=0 active=true/true
4500 75.097 input :P1 P1 Button 1
4500 75.097 input :P2 P2 Button 1
4552 75.964 mode=01 match=04 mask=0f players=4 command=0b22 peer=0102 script=0001a51a flow=00010072 menu=0000daca flags=c2 offer=00 header=54/54 choice=0 done=0 selector=0 active=true/false
4576 76.365 piece player=1 count=12 mode=1 match=4 mask=0f
4576 76.365 mode=01 match=04 mask=0f players=4 command=0b22 peer=0102 script=0001a51a flow=00010072 menu=0000daca flags=c2 offer=00 header=54/54 choice=0 done=0 selector=0 active=true/true
4590 76.599 input :P1 P1 Button 1
4590 76.599 input :P2 P2 Button 1
4629 77.249 mode=01 match=04 mask=0f players=4 command=0b22 peer=0102 script=0001a51a flow=00010072 menu=0000daca flags=c2 offer=00 header=54/54 choice=0 done=0 selector=0 active=false/true
4645 77.516 piece player=0 count=12 mode=1 match=4 mask=0f
4645 77.516 mode=01 match=04 mask=0f players=4 command=0b22 peer=0102 script=0001a51a flow=00010072 menu=0000daca flags=c2 offer=00 header=54/54 choice=0 done=0 selector=0 active=true/true
4680 78.101 input :P1 P1 Button 1
4680 78.101 input :P2 P2 Button 1
4752 79.302 mode=01 match=04 mask=0f players=4 command=0b22 peer=0102 script=0001a51a flow=00010072 menu=0000daca flags=c2 offer=00 header=54/54 choice=0 done=0 selector=0 active=true/false
4770 79.602 input :P1 P1 Button 1
4770 79.602 input :P2 P2 Button 1
4776 79.703 piece player=1 count=13 mode=1 match=4 mask=0f
4776 79.703 mode=01 match=04 mask=0f players=4 command=0b22 peer=0102 script=0001a51a flow=00010072 menu=0000daca flags=c2 offer=00 header=54/54 choice=0 done=0 selector=0 active=true/true
4821 80.454 mode=01 match=04 mask=0f players=4 command=0b22 peer=0102 script=0001a51a flow=00010072 menu=0000daca flags=c2 offer=00 header=54/54 choice=0 done=0 selector=0 active=false/true
4845 80.854 piece player=0 count=13 mode=1 match=4 mask=0f
4845 80.854 mode=01 match=04 mask=0f players=4 command=0b22 peer=0102 script=0001a51a flow=00010072 menu=0000daca flags=c2 offer=00 header=54/54 choice=0 done=0 selector=0 active=true/true
4860 81.104 input :P1 P1 Button 1
4860 81.104 input :P2 P2 Button 1
4936 82.373 mode=01 match=04 mask=0f players=4 command=0b22 peer=0102 script=0001a51a flow=00010072 menu=0000daca flags=c2 offer=00 header=54/54 choice=0 done=0 selector=0 active=true/false
4950 82.606 input :P1 P1 Button 1
4950 82.606 input :P2 P2 Button 1
4960 82.773 piece player=1 count=14 mode=1 match=4 mask=0f
4960 82.773 mode=01 match=04 mask=0f players=4 command=0b22 peer=0102 script=0001a51a flow=00010072 menu=0000daca flags=c2 offer=00 header=54/54 choice=0 done=0 selector=0 active=true/true
4989 83.257 mode=01 match=04 mask=0f players=4 command=0b22 peer=0102 script=0001a51a flow=00010072 menu=0000daca flags=c2 offer=00 header=54/54 choice=0 done=0 selector=0 active=false/true
5013 83.658 piece player=0 count=14 mode=1 match=4 mask=0f
5013 83.658 mode=01 match=04 mask=0f players=4 command=0b22 peer=0102 script=0001a51a flow=00010072 menu=0000daca flags=c2 offer=00 header=54/54 choice=0 done=0 selector=0 active=true/true
5040 84.108 input :P1 P1 Button 1
5040 84.108 input :P2 P2 Button 1
5104 85.176 mode=01 match=04 mask=0f players=4 command=0b22 peer=0102 script=0001a51a flow=00010072 menu=0000daca flags=c2 offer=00 header=54/54 choice=0 done=0 selector=0 active=true/false
5120 85.443 piece player=1 count=15 mode=1 match=4 mask=0f
5120 85.443 mode=01 match=04 mask=0f players=4 command=0b22 peer=0102 script=0001a51a flow=00010072 menu=0000daca flags=c2 offer=00 header=54/54 choice=0 done=0 selector=0 active=true/true
5130 85.610 input :P1 P1 Button 1
5130 85.610 input :P2 P2 Button 1
5173 86.328 mode=01 match=04 mask=0f players=4 command=0b22 peer=0102 script=0001a51a flow=00010072 menu=0000daca flags=c2 offer=00 header=54/54 choice=0 done=0 selector=0 active=false/true
5197 86.728 piece player=0 count=15 mode=1 match=4 mask=0f
5197 86.728 mode=01 match=04 mask=0f players=4 command=0b22 peer=0102 script=0001a51a flow=00010072 menu=0000daca flags=c2 offer=00 header=54/54 choice=0 done=0 selector=0 active=true/true
5220 87.112 input :P1 P1 Button 1
5220 87.112 input :P2 P2 Button 1
5264 87.846 mode=01 match=04 mask=0f players=4 command=0b22 peer=0102 script=0001a51a flow=00010072 menu=0000daca flags=c2 offer=00 header=54/54 choice=0 done=0 selector=0 active=true/false
5310 88.614 input :P1 P1 Button 1
5310 88.614 input :P2 P2 Button 1
5367 89.565 piece player=1 count=16 mode=1 match=4 mask=0f
5367 89.565 mode=01 match=04 mask=0f players=4 command=0b22 peer=0102 script=0001a51a flow=00010072 menu=0000daca flags=c2 offer=00 header=54/54 choice=0 done=0 selector=0 active=true/true
5373 89.665 mode=01 match=04 mask=0f players=4 command=0b22 peer=0102 script=0001a51a flow=00010072 menu=0000daca flags=c2 offer=00 header=54/54 choice=0 done=0 selector=0 active=false/true
