:COINAGE Coin B
:COINAGE Coin A
:DSW Demo Sounds
:DSW Battle Start credit
:DSW VS Mode Match/1 Play
:DSW Turn Direction
:DSW Difficulty
:DSW Rannyu Off Button
:P1 P1 Button 1
:P1 P1 Up
:P1 P1 Button 2
:P1 P1 Right
:P1 P1 Left
:P1 P1 Down
:P2 P2 Button 1
:P2 P2 Up
:P2 P2 Right
:P2 P2 Button 2
:P2 P2 Down
:P2 P2 Left
:SERVICE Service Mode
:SERVICE Coin 2
:SERVICE Service 1
:SERVICE Coin 1
:SERVICE 1 Player Start
:SERVICE 2 Players Start
420 :SERVICE Coin 1
435 :SERVICE Coin 1
450 :SERVICE Coin 1
465 :SERVICE Coin 1
510 :SERVICE 1 Player Start
570 :SERVICE 1 Player Start
state frame=600 mode=01 match=04 command=1301 protection=00
630 :SERVICE 2 Players Start
630 :P1 P1 Button 1
630 :P2 P2 Button 1
690 :SERVICE 2 Players Start
720 :P1 P1 Button 1
720 :P2 P2 Button 1
810 :P1 P1 Button 1
810 :P2 P2 Button 1
900 :P1 P1 Button 1
900 :P2 P2 Button 1
990 :P1 P1 Button 1
990 :P2 P2 Button 1
1080 :P1 P1 Button 1
1080 :P2 P2 Button 1
1170 :P1 P1 Button 1
1170 :P2 P2 Button 1
state frame=1200 mode=01 match=04 command=0b22 protection=00
1260 :P1 P1 Button 1
1260 :P2 P2 Button 1
1320 :SERVICE 2 Players Start
1350 :P1 P1 Button 1
1350 :P2 P2 Button 1
1440 :P1 P1 Button 1
1440 :P2 P2 Button 1
1530 :P1 P1 Button 1
1530 :P2 P2 Button 1
1620 :P1 P1 Button 1
1620 :P2 P2 Button 1
1710 :P1 P1 Button 1
1710 :P2 P2 Button 1
1800 :P1 P1 Button 1
1800 :P2 P2 Button 1
state frame=1800 mode=01 match=04 command=0b22 protection=00
1890 :P1 P1 Button 1
1890 :P2 P2 Button 1
1980 :P1 P1 Button 1
1980 :P2 P2 Button 1
2070 :P1 P1 Button 1
2070 :P2 P2 Button 1
2160 :P1 P1 Button 1
2160 :P2 P2 Button 1
2250 :P1 P1 Button 1
2250 :P2 P2 Button 1
2340 :P1 P1 Button 1
2340 :P2 P2 Button 1
state frame=2400 mode=01 match=04 command=3b22 protection=00
2430 :P1 P1 Button 1
2430 :P2 P2 Button 1
2520 :P1 P1 Button 1
2520 :P2 P2 Button 1
2610 :P1 P1 Button 1
2610 :P2 P2 Button 1
2700 :P1 P1 Button 1
2700 :P2 P2 Button 1
2790 :P1 P1 Button 1
2790 :P2 P2 Button 1
2880 :P1 P1 Button 1
2880 :P2 P2 Button 1
2970 :P1 P1 Button 1
2970 :P2 P2 Button 1
state frame=3000 mode=01 match=04 command=4c23 protection=00
3060 :P1 P1 Button 1
3060 :P2 P2 Button 1
3150 :P1 P1 Button 1
3150 :P2 P2 Button 1
3240 :P1 P1 Button 1
3240 :P2 P2 Button 1
3330 :P1 P1 Button 1
3330 :P2 P2 Button 1
3420 :P1 P1 Button 1
3420 :P2 P2 Button 1
3510 :P1 P1 Button 1
3510 :P2 P2 Button 1
3600 :P1 P1 Button 1
3600 :P2 P2 Button 1
state frame=3600 mode=01 match=04 command=0323 protection=00
3690 :P1 P1 Button 1
3690 :P2 P2 Button 1
3780 :P1 P1 Button 1
3780 :P2 P2 Button 1
3870 :P1 P1 Button 1
3870 :P2 P2 Button 1
3960 :P1 P1 Button 1
3960 :P2 P2 Button 1
4050 :P1 P1 Button 1
4050 :P2 P2 Button 1
4140 :P1 P1 Button 1
4140 :P2 P2 Button 1
state frame=4200 mode=00 match=04 command=4323 protection=00
4230 :P1 P1 Button 1
4230 :P2 P2 Button 1
4320 :P1 P1 Button 1
4320 :P2 P2 Button 1
4410 :P1 P1 Button 1
4410 :P2 P2 Button 1
4500 :P1 P1 Button 1
4500 :P2 P2 Button 1
4590 :P1 P1 Button 1
4590 :P2 P2 Button 1
4680 :P1 P1 Button 1
4680 :P2 P2 Button 1
4770 :P1 P1 Button 1
4770 :P2 P2 Button 1
state frame=4800 mode=00 match=04 command=4323 protection=00
4860 :P1 P1 Button 1
4860 :P2 P2 Button 1
4950 :P1 P1 Button 1
4950 :P2 P2 Button 1
5040 :P1 P1 Button 1
5040 :P2 P2 Button 1
5130 :P1 P1 Button 1
5130 :P2 P2 Button 1
5220 :P1 P1 Button 1
5220 :P2 P2 Button 1
5310 :P1 P1 Button 1
5310 :P2 P2 Button 1
5400 :P1 P1 Button 1
5400 :P2 P2 Button 1
state frame=5400 mode=00 match=04 command=4323 protection=00
5490 :P1 P1 Button 1
5490 :P2 P2 Button 1
5580 :P1 P1 Button 1
5580 :P2 P2 Button 1
5670 :P1 P1 Button 1
5670 :P2 P2 Button 1
5760 :P1 P1 Button 1
5760 :P2 P2 Button 1
5850 :P1 P1 Button 1
5850 :P2 P2 Button 1
5940 :P1 P1 Button 1
5940 :P2 P2 Button 1
state frame=6000 mode=00 match=04 command=4323 protection=00
6030 :P1 P1 Button 1
6030 :P2 P2 Button 1
6120 :P1 P1 Button 1
6120 :P2 P2 Button 1
6210 :P1 P1 Button 1
6210 :P2 P2 Button 1
6300 :P1 P1 Button 1
6300 :P2 P2 Button 1
6390 :P1 P1 Button 1
6390 :P2 P2 Button 1
6480 :P1 P1 Button 1
6480 :P2 P2 Button 1
6570 :P1 P1 Button 1
6570 :P2 P2 Button 1
state frame=6600 mode=00 match=04 command=4323 protection=00
6660 :P1 P1 Button 1
6660 :P2 P2 Button 1
6750 :P1 P1 Button 1
6750 :P2 P2 Button 1
6840 :P1 P1 Button 1
6840 :P2 P2 Button 1
6930 :P1 P1 Button 1
6930 :P2 P2 Button 1
7020 :P1 P1 Button 1
7020 :P2 P2 Button 1
7110 :P1 P1 Button 1
7110 :P2 P2 Button 1
