0 0.000 mapping :SERVICE 1 Player Start KEYCODE_1 OR JOYCODE_1_UNKNOWN_SWITCH
0 0.000 mapping :SERVICE Coin 1 KEYCODE_5 OR JOYCODE_1_UNKNOWN_SWITCH
0 0.000 mapping :SERVICE Service 1 KEYCODE_9
0 0.000 mapping :SERVICE 2 Players Start KEYCODE_2 OR JOYCODE_2_UNKNOWN_SWITCH
0 0.000 mapping :SERVICE Coin 2 KEYCODE_6 OR JOYCODE_2_UNKNOWN_SWITCH
0 0.000 mapping :SERVICE Service Mode KEYCODE_F2
0 0.000 mapping :P1 P1 Up KEYCODE_UP
0 0.000 mapping :P1 P1 Button 2 KEYCODE_LALT OR MOUSECODE_1_BUTTON3 OR GUNCODE_1_BUTTON2
0 0.000 mapping :P1 P1 Button 1 KEYCODE_LCONTROL OR MOUSECODE_1_BUTTON1 OR GUNCODE_1_BUTTON1
0 0.000 mapping :P1 P1 Left KEYCODE_LEFT
0 0.000 mapping :P1 P1 Right KEYCODE_RIGHT
0 0.000 mapping :P1 P1 Down KEYCODE_DOWN
0 0.000 mapping :P2 P2 Up KEYCODE_R
0 0.000 mapping :P2 P2 Left KEYCODE_D
0 0.000 mapping :P2 P2 Button 2 KEYCODE_S OR MOUSECODE_2_BUTTON3 OR GUNCODE_2_BUTTON2
0 0.000 mapping :P2 P2 Button 1 KEYCODE_A OR MOUSECODE_2_BUTTON1 OR GUNCODE_2_BUTTON1
0 0.000 mapping :P2 P2 Down KEYCODE_F
0 0.000 mapping :P2 P2 Right KEYCODE_G
0 0.010 menu-write pc=00a340 data=0000 mask=ffff oldchoice=0 done=0
1 0.017 mode=01 match=04 mask=05 players=2 command=0b22 peer=0000 script=00019f48 flow=00010034 menu=00000000 flags=c7 offer=00 header=54/54 choice=0 done=0 selector=1 active=false/false
2 0.033 mode=01 match=04 mask=05 players=2 command=0b22 peer=0000 script=00019f70 flow=00010034 menu=00000000 flags=00 offer=00 header=00/00 choice=0 done=0 selector=1 active=false/false
5 0.083 mode=01 match=04 mask=05 players=2 command=0b22 peer=0000 script=00019f7e flow=00010034 menu=00000000 flags=00 offer=00 header=00/00 choice=0 done=0 selector=1 active=false/false
10 0.167 mode=01 match=04 mask=05 players=2 command=0b22 peer=0000 script=00019f80 flow=00010034 menu=00000000 flags=00 offer=00 header=00/00 choice=0 done=0 selector=1 active=false/false
46 0.768 mode=01 match=04 mask=05 players=2 command=0b22 peer=0000 script=00019f80 flow=00010034 menu=00000000 flags=00 offer=00 header=10/00 choice=0 done=0 selector=1 active=false/false
47 0.784 mode=01 match=04 mask=05 players=2 command=0b22 peer=0000 script=00019f80 flow=00010034 menu=00000000 flags=00 offer=00 header=00/00 choice=0 done=0 selector=1 active=false/false
48 0.801 mode=01 match=04 mask=05 players=2 command=0b22 peer=0000 script=00019f80 flow=00010034 menu=00000000 flags=00 offer=00 header=00/10 choice=0 done=0 selector=1 active=false/false
49 0.818 mode=01 match=04 mask=05 players=2 command=0b22 peer=0000 script=00019f80 flow=00010034 menu=00000000 flags=00 offer=00 header=10/10 choice=0 done=0 selector=1 active=false/false
191 3.187 mode=01 match=04 mask=05 players=2 command=0b22 peer=0000 script=00019f84 flow=00010034 menu=00000000 flags=00 offer=00 header=10/10 choice=0 done=0 selector=1 active=false/false
195 3.254 mode=01 match=04 mask=05 players=2 command=0b22 peer=0000 script=00019f86 flow=00010034 menu=00000000 flags=00 offer=00 header=10/10 choice=0 done=0 selector=1 active=false/false
195 3.255 menu-write pc=00a340 data=0000 mask=ffff oldchoice=0 done=0
195 3.262 menu-write pc=00a340 data=0000 mask=ffff oldchoice=0 done=0
196 3.271 mode=01 match=04 mask=05 players=2 command=0b22 peer=0000 script=00019fc8 flow=00010034 menu=00000000 flags=09 offer=00 header=11/10 choice=0 done=0 selector=1 active=false/false
197 3.288 mode=00 match=04 mask=05 players=2 command=0b22 peer=0000 script=00019ff2 flow=00010034 menu=00000000 flags=09 offer=00 header=11/10 choice=0 done=0 selector=1 active=false/false
198 3.304 mode=00 match=04 mask=05 players=2 command=0b22 peer=0000 script=0001a002 flow=00010034 menu=00000000 flags=09 offer=00 header=11/10 choice=0 done=0 selector=1 active=false/false
199 3.321 mode=00 match=04 mask=05 players=2 command=0b22 peer=0000 script=0001a004 flow=00010034 menu=00000000 flags=09 offer=00 header=11/10 choice=0 done=0 selector=1 active=false/false
220 3.671 mode=00 match=04 mask=05 players=2 command=0b22 peer=0000 script=0001a004 flow=00010034 menu=00000000 flags=09 offer=00 header=11/11 choice=0 done=0 selector=1 active=false/false
270 4.506 mode=00 match=04 mask=05 players=2 command=0b22 peer=0000 script=0001a004 flow=00010034 menu=00000000 flags=09 offer=00 header=11/13 choice=0 done=0 selector=1 active=false/false
271 4.522 mode=00 match=04 mask=05 players=2 command=0b22 peer=0000 script=0001a008 flow=00010034 menu=00000000 flags=09 offer=00 header=11/13 choice=0 done=0 selector=1 active=false/false
279 4.656 mode=00 match=04 mask=05 players=2 command=0b22 peer=0000 script=0001a00a flow=00010034 menu=00000000 flags=09 offer=00 header=11/13 choice=0 done=0 selector=1 active=false/false
279 4.657 menu-write pc=00a340 data=0000 mask=ffff oldchoice=0 done=0
279 4.664 menu-write pc=00a48a data=0000 mask=ffff oldchoice=0 done=0
280 4.673 mode=01 match=04 mask=00 players=0 command=0322 peer=0000 script=0001a39e flow=00010034 menu=000188fc flags=08 offer=00 header=11/13 choice=0 done=0 selector=1 active=false/false
282 4.706 mode=01 match=04 mask=00 players=0 command=0322 peer=0000 script=0001a39e flow=00010034 menu=000189c6 flags=08 offer=00 header=13/13 choice=0 done=0 selector=1 active=false/false
324 5.407 mode=01 match=04 mask=00 players=0 command=0322 peer=0000 script=0001a39e flow=00010034 menu=00018a40 flags=08 offer=00 header=13/13 choice=0 done=0 selector=1 active=false/false
744 12.416 mode=01 match=04 mask=00 players=0 command=4322 peer=0000 script=0001a39e flow=00010034 menu=00018b84 flags=08 offer=00 header=13/13 choice=0 done=0 selector=1 active=false/false
745 12.433 mode=01 match=04 mask=00 players=0 command=4322 peer=0000 script=0001a39e flow=00010034 menu=00018db6 flags=08 offer=00 header=10/10 choice=0 done=0 selector=1 active=false/false
764 12.750 mode=01 match=04 mask=00 players=0 command=4322 peer=0000 script=0001a39e flow=00010034 menu=00018dd8 flags=08 offer=00 header=10/10 choice=0 done=0 selector=1 active=false/false
765 12.766 mode=01 match=04 mask=00 players=0 command=4322 peer=0000 script=0001a39e flow=00010034 menu=00018e08 flags=08 offer=00 header=10/10 choice=0 done=0 selector=1 active=false/false
859 14.335 mode=01 match=04 mask=00 players=0 command=4322 peer=0000 script=0001a39e flow=00010034 menu=00018e08 flags=08 offer=00 header=10/54 choice=0 done=0 selector=1 active=false/false
945 15.770 mode=01 match=04 mask=00 players=0 command=4322 peer=0000 script=0001a39e flow=00010034 menu=00018e0e flags=08 offer=00 header=10/54 choice=0 done=0 selector=1 active=false/false
946 15.787 mode=01 match=04 mask=00 players=0 command=4322 peer=0000 script=0001a39e flow=00010034 menu=00018e40 flags=08 offer=00 header=10/54 choice=0 done=0 selector=1 active=false/false
949 15.841 menu-write pc=00a4f0 data=0000 mask=ffff oldchoice=0 done=0
950 15.854 mode=01 match=04 mask=00 players=0 command=4322 peer=0000 script=0001a39e flow=00010034 menu=00000000 flags=08 offer=00 header=10/54 choice=0 done=0 selector=1 active=false/false
950 15.856 menu-write pc=00a340 data=0000 mask=ffff oldchoice=0 done=0
950 15.863 menu-write pc=00a340 data=0000 mask=ffff oldchoice=0 done=0
951 15.870 mode=01 match=04 mask=00 players=0 command=4322 peer=0000 script=00019fc8 flow=00010034 menu=00000000 flags=09 offer=00 header=11/54 choice=0 done=0 selector=1 active=false/false
952 15.887 mode=00 match=04 mask=00 players=0 command=4322 peer=0000 script=00019ff2 flow=00010034 menu=00000000 flags=09 offer=00 header=11/54 choice=0 done=0 selector=1 active=false/false
953 15.904 mode=00 match=04 mask=00 players=0 command=4322 peer=0000 script=0001a002 flow=00010034 menu=00000000 flags=09 offer=00 header=11/54 choice=0 done=0 selector=1 active=false/false
954 15.920 mode=00 match=04 mask=00 players=0 command=4322 peer=0000 script=0001a004 flow=00010034 menu=00000000 flags=09 offer=00 header=11/54 choice=0 done=0 selector=1 active=false/false
1134 18.924 mode=00 match=04 mask=00 players=0 command=4322 peer=0000 script=0001a008 flow=00010034 menu=00000000 flags=09 offer=00 header=11/54 choice=0 done=0 selector=1 active=false/false
1142 19.058 mode=00 match=04 mask=00 players=0 command=4322 peer=0000 script=0001a00a flow=00010034 menu=00000000 flags=09 offer=00 header=11/54 choice=0 done=0 selector=1 active=false/false
1142 19.059 menu-write pc=00a340 data=0000 mask=ffff oldchoice=0 done=0
1142 19.066 menu-write pc=00a36c data=0000 mask=ffff oldchoice=0 done=0
1143 19.075 mode=00 match=04 mask=00 players=0 command=4322 peer=0000 script=0001f576 flow=00010034 menu=00000000 flags=09 offer=00 header=11/54 choice=0 done=0 selector=1 active=false/false
1144 19.091 mode=00 match=04 mask=00 players=0 command=4322 peer=0000 script=0001f582 flow=00010034 menu=00000000 flags=09 offer=00 header=11/54 choice=0 done=0 selector=1 active=false/false
1201 20.042 B saw A active; delayed coin schedule
1324 22.095 mode=00 match=04 mask=00 players=0 command=4322 peer=0000 script=0001f588 flow=00010034 menu=00000000 flags=09 offer=00 header=11/54 choice=0 done=0 selector=1 active=false/false
1331 22.212 mode=00 match=04 mask=00 players=0 command=4322 peer=0000 script=0001f58a flow=00010034 menu=00000000 flags=09 offer=00 header=11/54 choice=0 done=0 selector=1 active=false/false
1331 22.213 menu-write pc=00a36c data=0000 mask=ffff oldchoice=0 done=0
1331 22.220 menu-write pc=00a36c data=0000 mask=ffff oldchoice=0 done=0
1332 22.229 mode=00 match=04 mask=00 players=0 command=4322 peer=0000 script=0001f5ba flow=00010034 menu=00000000 flags=09 offer=00 header=11/54 choice=0 done=0 selector=1 active=false/false
1356 22.629 mode=00 match=04 mask=00 players=0 command=4322 peer=0000 script=0001f5c6 flow=00010034 menu=00000000 flags=09 offer=00 header=11/54 choice=0 done=0 selector=1 active=false/false
1357 22.646 mode=00 match=04 mask=00 players=0 command=4322 peer=0000 script=0001f5c8 flow=00010034 menu=00000000 flags=09 offer=00 header=11/54 choice=0 done=0 selector=1 active=false/false
1358 22.663 mode=00 match=04 mask=00 players=0 command=4322 peer=0000 script=0001f5da flow=00010034 menu=00000000 flags=09 offer=00 header=11/54 choice=0 done=0 selector=1 active=false/false
1381 23.046 input :SERVICE Coin 1
1396 23.297 input :SERVICE Coin 1
1411 23.547 input :SERVICE Coin 1
1426 23.797 input :SERVICE Coin 1
1471 24.548 input :SERVICE 1 Player Start
1474 24.598 mode=00 match=04 mask=00 players=0 command=4322 peer=0000 script=0001f5e0 flow=00010034 menu=00000000 flags=09 offer=00 header=11/54 choice=0 done=0 selector=1 active=false/false
1481 24.715 mode=00 match=04 mask=00 players=0 command=4322 peer=0000 script=0001f5e2 flow=00010034 menu=00000000 flags=09 offer=00 header=11/54 choice=0 done=0 selector=1 active=false/false
1481 24.718 menu-write pc=00a36c data=0000 mask=ffff oldchoice=0 done=0
1481 24.725 menu-write pc=00a340 data=0000 mask=ffff oldchoice=0 done=0
1482 24.732 mode=00 match=04 mask=00 players=0 command=4322 peer=0000 script=0001a034 flow=00010034 menu=00000000 flags=09 offer=00 header=11/54 choice=0 done=0 selector=1 active=false/false
1482 24.734 menu-write pc=00a340 data=0000 mask=ffff oldchoice=0 done=0
1482 24.743 menu-write pc=00a340 data=0000 mask=ffff oldchoice=0 done=0
1483 24.749 mode=00 match=04 mask=00 players=0 command=4322 peer=0000 script=0001a0ac flow=00019a38 menu=00000000 flags=09 offer=00 header=10/54 choice=0 done=0 selector=0 active=false/false
1483 24.759 menu-write pc=00a48a data=0000 mask=ffff oldchoice=0 done=0
1484 24.765 mode=00 match=04 mask=00 players=0 command=4322 peer=0000 script=0001a0ac flow=00019a50 menu=00019b8e flags=09 offer=00 header=10/54 choice=0 done=0 selector=0 active=false/false
1499 25.016 invitation ready choice=start1
1499 25.016 mode=00 match=04 mask=00 players=0 command=4322 peer=0000 script=0001a0ac flow=00019a50 menu=00019c6e flags=09 offer=00 header=10/54 choice=0 done=0 selector=0 active=false/false
1511 25.216 input :SERVICE 1 Player Start
1820 30.373 menu-write pc=019c9a data=0101 mask=00ff oldchoice=0 done=0
1821 30.389 mode=00 match=04 mask=00 players=0 command=4322 peer=0000 script=0001a0ac flow=00019a50 menu=00019d84 flags=09 offer=00 header=10/54 choice=0 done=1 selector=0 active=false/false
1822 30.406 mode=00 match=04 mask=00 players=0 command=4322 peer=0000 script=0001a0b0 flow=00010050 menu=00019d84 flags=87 offer=01 header=54/54 choice=0 done=1 selector=0 active=false/false
1826 30.473 mode=00 match=04 mask=00 players=0 command=4322 peer=0000 script=0001a0b2 flow=00010050 menu=00019d84 flags=87 offer=01 header=54/54 choice=0 done=1 selector=0 active=false/false
1826 30.474 menu-write pc=00a340 data=0000 mask=ffff oldchoice=0 done=1
1826 30.481 menu-write pc=00a48a data=0000 mask=ffff oldchoice=0 done=0
1827 30.489 mode=01 match=04 mask=01 players=1 command=0322 peer=0000 script=0001a3ee flow=00010050 menu=000188fc flags=08 offer=01 header=11/54 choice=0 done=0 selector=0 active=false/false
1829 30.523 mode=01 match=04 mask=01 players=1 command=0322 peer=0000 script=0001a3ee flow=00010050 menu=000189c6 flags=08 offer=00 header=11/54 choice=0 done=0 selector=0 active=false/false
1871 31.224 mode=01 match=04 mask=01 players=1 command=0322 peer=0000 script=0001a3ee flow=00010050 menu=00018a40 flags=08 offer=00 header=11/54 choice=0 done=0 selector=0 active=false/false
1890 31.541 input :P1 P1 Button 1
1890 31.541 input :P2 P2 Button 1
1919 32.025 input :SERVICE 2 Players Start
1921 32.058 mode=01 match=04 mask=03 players=2 command=0322 peer=0000 script=0001a3ee flow=00010050 menu=00018a40 flags=08 offer=00 header=11/54 choice=0 done=0 selector=0 active=false/false
1979 33.026 input :SERVICE 2 Players Start
1980 33.043 input :P1 P1 Button 1
1980 33.043 input :P2 P2 Button 1
2039 34.027 input :SERVICE 2 Players Start
2070 34.544 input :P1 P1 Button 1
2070 34.544 input :P2 P2 Button 1
2160 36.046 input :P1 P1 Button 1
2160 36.046 input :P2 P2 Button 1
2250 37.548 input :P1 P1 Button 1
2250 37.548 input :P2 P2 Button 1
2340 39.050 input :P1 P1 Button 1
2340 39.050 input :P2 P2 Button 1
2343 39.100 mode=01 match=04 mask=03 players=2 command=4322 peer=0000 script=0001a3ee flow=00010050 menu=00018b84 flags=08 offer=00 header=11/54 choice=0 done=0 selector=0 active=false/false
2344 39.117 mode=01 match=04 mask=03 players=2 command=4322 peer=0000 script=0001a3ee flow=00010050 menu=00018db6 flags=08 offer=00 header=10/54 choice=0 done=0 selector=0 active=false/false
2363 39.434 mode=01 match=04 mask=03 players=2 command=4322 peer=0000 script=0001a3ee flow=00010050 menu=00018dd8 flags=08 offer=00 header=10/54 choice=0 done=0 selector=0 active=false/false
2364 39.451 mode=01 match=04 mask=03 players=2 command=4322 peer=0000 script=0001a3ee flow=00010050 menu=00018e08 flags=08 offer=00 header=10/54 choice=0 done=0 selector=0 active=false/false
2430 40.552 input :P1 P1 Button 1
2430 40.552 input :P2 P2 Button 1
2432 40.586 mode=01 match=04 mask=03 players=2 command=4322 peer=0000 script=0001a3ee flow=00010050 menu=00018e0e flags=08 offer=00 header=10/54 choice=0 done=0 selector=0 active=false/false
2433 40.602 mode=01 match=04 mask=03 players=2 command=4322 peer=0000 script=0001a3ee flow=00010050 menu=00018e40 flags=08 offer=00 header=10/54 choice=0 done=0 selector=0 active=false/false
2436 40.655 menu-write pc=00a4f0 data=0000 mask=ffff oldchoice=0 done=0
2437 40.669 mode=01 match=04 mask=03 players=2 command=4322 peer=0000 script=0001a3ee flow=00010050 menu=00000000 flags=08 offer=00 header=10/54 choice=0 done=0 selector=0 active=false/false
2437 40.671 menu-write pc=00a340 data=0000 mask=ffff oldchoice=0 done=0
2437 40.679 menu-write pc=00a36c data=0000 mask=ffff oldchoice=0 done=0
2438 40.686 mode=01 match=02 mask=03 players=2 command=4322 peer=0000 script=0001f7bc flow=00010050 menu=00000000 flags=82 offer=00 header=54/54 choice=0 done=0 selector=0 active=false/false
2439 40.702 mode=01 match=02 mask=03 players=2 command=4322 peer=0000 script=0001f7d2 flow=00010050 menu=00000000 flags=82 offer=00 header=54/54 choice=0 done=0 selector=0 active=false/false
2456 40.986 mode=01 match=02 mask=03 players=2 command=4322 peer=0000 script=0001f7de flow=00010050 menu=00000000 flags=82 offer=00 header=54/54 choice=0 done=0 selector=0 active=false/false
2458 41.019 mode=01 match=02 mask=03 players=2 command=4322 peer=0000 script=0001f7f6 flow=00010050 menu=00000000 flags=82 offer=00 header=54/54 choice=0 done=0 selector=0 active=false/false
2520 42.054 input :P1 P1 Button 1
2520 42.054 input :P2 P2 Button 1
2571 42.905 mode=01 match=02 mask=03 players=2 command=4322 peer=0000 script=0001f7fc flow=00010050 menu=00000000 flags=82 offer=00 header=54/54 choice=0 done=0 selector=0 active=false/false
2603 43.439 mode=01 match=02 mask=03 players=2 command=4322 peer=0000 script=0001f7fe flow=00010050 menu=00000000 flags=82 offer=00 header=54/54 choice=0 done=0 selector=0 active=false/false
2603 43.442 menu-write pc=00a36c data=0000 mask=ffff oldchoice=0 done=0
2604 43.456 mode=01 match=02 mask=03 players=2 command=4322 peer=0000 script=0001a49e flow=00010050 menu=00000000 flags=82 offer=00 header=54/54 choice=0 done=0 selector=0 active=false/false
2605 43.473 mode=01 match=02 mask=03 players=2 command=4322 peer=0000 script=0001a4b0 flow=00010050 menu=00000000 flags=82 offer=00 header=54/54 choice=0 done=0 selector=0 active=false/false
2610 43.556 input :P1 P1 Button 1
2610 43.556 input :P2 P2 Button 1
2619 43.706 mode=01 match=02 mask=03 players=2 command=4322 peer=0000 script=0001a4b6 flow=00010050 menu=00000000 flags=82 offer=00 header=54/54 choice=0 done=0 selector=0 active=false/false
2635 43.973 mode=01 match=02 mask=03 players=2 command=4322 peer=0000 script=0001a4d8 flow=00010050 menu=00000000 flags=82 offer=00 header=54/54 choice=0 done=0 selector=0 active=false/false
2638 44.023 mode=01 match=02 mask=03 players=2 command=4322 peer=0000 script=0001a4da flow=00010050 menu=00000000 flags=82 offer=00 header=54/54 choice=0 done=0 selector=0 active=false/false
2639 44.040 mode=01 match=02 mask=03 players=2 command=4322 peer=0000 script=0001a510 flow=00010050 menu=00000000 flags=82 offer=00 header=54/54 choice=0 done=0 selector=0 active=false/false
2639 44.053 menu-write pc=00a48a data=0000 mask=ffff oldchoice=0 done=0
2640 44.057 mode=01 match=02 mask=03 players=2 command=4322 peer=0000 script=0001a51a flow=00010050 menu=0000daca flags=82 offer=00 header=54/54 choice=0 done=0 selector=0 active=false/false
2700 45.058 input :P1 P1 Button 1
2700 45.058 input :P2 P2 Button 1
2790 46.560 input :P1 P1 Button 1
2790 46.560 input :P2 P2 Button 1
2792 46.593 mode=01 match=02 mask=03 players=2 command=7822 peer=0000 script=0001a51a flow=00010050 menu=0000daca flags=82 offer=00 header=54/54 choice=0 done=0 selector=0 active=false/false
2795 46.643 mode=01 match=02 mask=03 players=2 command=f822 peer=0000 script=0001a51a flow=00010050 menu=0000daca flags=82 offer=00 header=54/54 choice=0 done=0 selector=0 active=false/false
2801 46.744 piece player=0 count=1 mode=1 match=2 mask=03
2801 46.744 piece player=1 count=1 mode=1 match=2 mask=03
2801 46.744 mode=01 match=02 mask=03 players=2 command=f822 peer=0000 script=0001a51a flow=00010050 menu=0000daca flags=82 offer=00 header=54/54 choice=0 done=0 selector=0 active=true/true
2880 48.062 input :P1 P1 Button 1
2880 48.062 input :P2 P2 Button 1
2970 49.564 input :P1 P1 Button 1
2970 49.564 input :P2 P2 Button 1
3009 50.215 mode=01 match=02 mask=03 players=2 command=f822 peer=0000 script=0001a51a flow=00010050 menu=0000daca flags=82 offer=00 header=54/54 choice=0 done=0 selector=0 active=false/false
3033 50.615 piece player=0 count=2 mode=1 match=2 mask=03
3033 50.615 piece player=1 count=2 mode=1 match=2 mask=03
3033 50.615 mode=01 match=02 mask=03 players=2 command=f822 peer=0000 script=0001a51a flow=00010050 menu=0000daca flags=82 offer=00 header=54/54 choice=0 done=0 selector=0 active=true/true
3060 51.066 input :P1 P1 Button 1
3060 51.066 input :P2 P2 Button 1
3150 52.568 input :P1 P1 Button 1
3150 52.568 input :P2 P2 Button 1
3240 54.070 input :P1 P1 Button 1
3240 54.070 input :P2 P2 Button 1
3241 54.086 mode=01 match=02 mask=03 players=2 command=f822 peer=0000 script=0001a51a flow=00010050 menu=0000daca flags=82 offer=00 header=54/54 choice=0 done=0 selector=0 active=false/false
3265 54.487 piece player=0 count=3 mode=1 match=2 mask=03
3265 54.487 piece player=1 count=3 mode=1 match=2 mask=03
3265 54.487 mode=01 match=02 mask=03 players=2 command=f822 peer=0000 script=0001a51a flow=00010050 menu=0000daca flags=82 offer=00 header=54/54 choice=0 done=0 selector=0 active=true/true
3330 55.572 input :P1 P1 Button 1
3330 55.572 input :P2 P2 Button 1
3420 57.073 input :P1 P1 Button 1
3420 57.073 input :P2 P2 Button 1
3473 57.958 mode=01 match=02 mask=03 players=2 command=f822 peer=0000 script=0001a51a flow=00010050 menu=0000daca flags=82 offer=00 header=54/54 choice=0 done=0 selector=0 active=false/false
3497 58.358 piece player=0 count=4 mode=1 match=2 mask=03
3497 58.358 piece player=1 count=4 mode=1 match=2 mask=03
3497 58.358 mode=01 match=02 mask=03 players=2 command=f822 peer=0000 script=0001a51a flow=00010050 menu=0000daca flags=82 offer=00 header=54/54 choice=0 done=0 selector=0 active=true/true
3510 58.575 input :P1 P1 Button 1
3510 58.575 input :P2 P2 Button 1
3600 60.077 input :P1 P1 Button 1
3600 60.077 input :P2 P2 Button 1
3690 61.579 input :P1 P1 Button 1
3690 61.579 input :P2 P2 Button 1
3721 62.097 mode=01 match=02 mask=03 players=2 command=f822 peer=0000 script=0001a51a flow=00010050 menu=0000daca flags=82 offer=00 header=54/54 choice=0 done=0 selector=0 active=false/false
3745 62.497 piece player=0 count=5 mode=1 match=2 mask=03
3745 62.497 piece player=1 count=5 mode=1 match=2 mask=03
3745 62.497 mode=01 match=02 mask=03 players=2 command=f822 peer=0000 script=0001a51a flow=00010050 menu=0000daca flags=82 offer=00 header=54/54 choice=0 done=0 selector=0 active=true/true
3780 63.081 input :P1 P1 Button 1
3780 63.081 input :P2 P2 Button 1
3870 64.583 input :P1 P1 Button 1
3870 64.583 input :P2 P2 Button 1
3937 65.701 mode=01 match=02 mask=03 players=2 command=f822 peer=0000 script=0001a51a flow=00010050 menu=0000daca flags=82 offer=00 header=54/54 choice=0 done=0 selector=0 active=false/false
3953 65.968 piece player=0 count=6 mode=1 match=2 mask=03
3953 65.968 piece player=1 count=6 mode=1 match=2 mask=03
3953 65.968 mode=01 match=02 mask=03 players=2 command=f822 peer=0000 script=0001a51a flow=00010050 menu=0000daca flags=82 offer=00 header=54/54 choice=0 done=0 selector=0 active=true/true
3960 66.085 input :P1 P1 Button 1
3960 66.085 input :P2 P2 Button 1
4050 67.587 input :P1 P1 Button 1
4050 67.587 input :P2 P2 Button 1
4140 69.089 input :P1 P1 Button 1
4140 69.089 input :P2 P2 Button 1
4161 69.439 mode=01 match=02 mask=03 players=2 command=f822 peer=0000 script=0001a51a flow=00010050 menu=0000daca flags=82 offer=00 header=54/54 choice=0 done=0 selector=0 active=false/false
4230 70.591 input :P1 P1 Button 1
4230 70.591 input :P2 P2 Button 1
4243 70.808 piece player=0 count=7 mode=1 match=2 mask=03
4243 70.808 mode=01 match=02 mask=03 players=2 command=f822 peer=0000 script=0001a51a flow=00010050 menu=0000daca flags=82 offer=00 header=54/54 choice=0 done=0 selector=0 active=true/false
4267 71.208 piece player=1 count=7 mode=1 match=2 mask=03
4267 71.208 mode=01 match=02 mask=03 players=2 command=f822 peer=0000 script=0001a51a flow=00010050 menu=0000daca flags=82 offer=00 header=54/54 choice=0 done=0 selector=0 active=true/true
4320 72.093 input :P1 P1 Button 1
4320 72.093 input :P2 P2 Button 1
4410 73.595 input :P1 P1 Button 1
4410 73.595 input :P2 P2 Button 1
4452 74.296 mode=01 match=02 mask=03 players=2 command=f822 peer=0000 script=0001a51a flow=00010050 menu=0000daca flags=82 offer=00 header=54/54 choice=0 done=0 selector=0 active=false/true
4459 74.412 mode=01 match=02 mask=03 players=2 command=f822 peer=0000 script=0001a51a flow=00010050 menu=0000daca flags=82 offer=00 header=54/54 choice=0 done=0 selector=0 active=false/false
4475 74.679 piece player=1 count=8 mode=1 match=2 mask=03
4475 74.679 mode=01 match=02 mask=03 players=2 command=f822 peer=0000 script=0001a51a flow=00010050 menu=0000daca flags=82 offer=00 header=54/54 choice=0 done=0 selector=0 active=false/true
