:COINAGE Coin A
:COINAGE Coin B
:DSW Rannyu Off Button
:DSW Battle Start credit
:DSW Demo Sounds
:DSW Turn Direction
:DSW Difficulty
:DSW VS Mode Match/1 Play
:P1 P1 Up
:P1 P1 Button 1
:P1 P1 Left
:P1 P1 Right
:P1 P1 Button 2
:P1 P1 Down
:P2 P2 Button 1
:P2 P2 Left
:P2 P2 Right
:P2 P2 Down
:P2 P2 Button 2
:P2 P2 Up
:SERVICE Coin 2
:SERVICE Service 1
:SERVICE Coin 1
:SERVICE Service Mode
:SERVICE 2 Players Start
:SERVICE 1 Player Start
60 :SERVICE Coin 1
75 :SERVICE Coin 1
90 :SERVICE Coin 1
105 :SERVICE Coin 1
150 :SERVICE 1 Player Start
210 :SERVICE 1 Player Start
270 :SERVICE 2 Players Start
270 :P1 P1 Button 1
270 :P2 P2 Button 1
330 :SERVICE 2 Players Start
360 :P1 P1 Button 1
360 :P2 P2 Button 1
450 :P1 P1 Button 1
450 :P2 P2 Button 1
540 :P1 P1 Button 1
540 :P2 P2 Button 1
state frame=600 mode=01 match=04 command=3323 protection=00
630 :P1 P1 Button 1
630 :P2 P2 Button 1
720 :P1 P1 Button 1
720 :P2 P2 Button 1
810 :P1 P1 Button 1
810 :P2 P2 Button 1
900 :P1 P1 Button 1
900 :P2 P2 Button 1
960 :SERVICE 2 Players Start
990 :P1 P1 Button 1
990 :P2 P2 Button 1
1080 :P1 P1 Button 1
1080 :P2 P2 Button 1
1170 :P1 P1 Button 1
1170 :P2 P2 Button 1
state frame=1200 mode=01 match=04 command=0b22 protection=00
placement frame=1200 player=1 pair=1 colors=d,d target=1
placement frame=1200 player=2 pair=1 colors=d,d target=2
placement frame=1240 player=2 pair=2 colors=d,b target=4
placement frame=1243 player=1 pair=2 colors=d,b target=3
placement frame=1300 player=1 pair=3 colors=c,d target=4
placement frame=1304 player=2 pair=3 colors=c,d target=5
placement frame=1364 player=1 pair=4 colors=8,c target=5
placement frame=1370 player=2 pair=4 colors=8,c target=0
placement frame=1430 player=1 pair=5 colors=b,b target=2
placement frame=1434 player=2 pair=5 colors=b,b target=3
placement frame=1483 player=1 pair=6 colors=d,b target=1
placement frame=1489 player=2 pair=6 colors=d,b target=2
placement frame=1596 player=1 pair=7 colors=8,8 target=1
placement frame=1600 player=2 pair=7 colors=8,8 target=1
placement frame=1653 player=1 pair=8 colors=c,8 target=2
placement frame=1657 player=2 pair=8 colors=c,8 target=2
placement frame=1764 player=1 pair=9 colors=c,b target=3
placement frame=1792 player=2 pair=9 colors=c,b target=1
state frame=1800 mode=01 match=04 command=0b22 protection=00
placement frame=1821 player=1 pair=10 colors=8,c target=0
placement frame=1849 player=2 pair=10 colors=8,c target=3
placement frame=1960 player=2 pair=11 colors=8,c target=4
placement frame=1965 player=1 pair=11 colors=8,c target=1
placement frame=2022 player=1 pair=12 colors=b,b target=2
placement frame=2024 player=2 pair=12 colors=b,b target=2
placement frame=2075 player=1 pair=13 colors=d,c target=0
placement frame=2077 player=2 pair=13 colors=d,c target=0
placement frame=2135 player=1 pair=14 colors=b,b target=3
placement frame=2137 player=2 pair=14 colors=b,b target=3
placement frame=2246 player=1 pair=15 colors=b,8 target=3
placement frame=2248 player=2 pair=15 colors=b,8 target=1
placement frame=2301 player=1 pair=16 colors=c,8 target=2
placement frame=2303 player=2 pair=16 colors=c,8 target=2
state frame=2400 mode=01 match=04 command=0b22 protection=00
placement frame=2437 player=1 pair=17 colors=8,b target=2
placement frame=2439 player=2 pair=17 colors=8,b target=2
placement frame=2576 player=2 pair=18 colors=b,d target=3
placement frame=2633 player=2 pair=19 colors=b,c target=4
placement frame=2635 player=1 pair=18 colors=b,d target=1
placement frame=2692 player=1 pair=19 colors=b,c target=2
placement frame=2777 player=2 pair=20 colors=b,8 target=1
placement frame=2827 player=1 pair=20 colors=b,8 target=3
placement frame=2834 player=2 pair=21 colors=d,d target=2
placement frame=2884 player=1 pair=21 colors=d,d target=1
placement frame=2889 player=2 pair=22 colors=c,8 target=4
placement frame=2949 player=2 pair=23 colors=c,b target=3
state frame=3000 mode=01 match=04 command=0b22 protection=00
placement frame=3019 player=1 pair=22 colors=c,8 target=1
placement frame=3144 player=2 pair=24 colors=c,c target=4
placement frame=3204 player=2 pair=25 colors=8,b target=1
placement frame=3215 player=1 pair=23 colors=c,b target=0
placement frame=3315 player=2 pair=26 colors=d,b target=2
placement frame=3339 player=1 pair=24 colors=c,c target=2
placement frame=3394 player=1 pair=25 colors=8,b target=1
placement frame=3506 player=2 pair=27 colors=b,d target=2
placement frame=3507 player=1 pair=26 colors=d,b target=2
state frame=3600 mode=01 match=04 command=0b22 protection=00
placement frame=3613 player=1 pair=27 colors=b,d target=0
placement frame=3641 player=2 pair=28 colors=c,b target=3
placement frame=3673 player=1 pair=28 colors=c,b target=5
placement frame=3698 player=2 pair=29 colors=c,8 target=3
placement frame=3732 player=1 pair=29 colors=c,8 target=0
placement frame=3751 player=2 pair=30 colors=d,8 target=2
placement frame=3788 player=1 pair=30 colors=d,8 target=1
placement frame=3804 player=2 pair=31 colors=c,8 target=4
placement frame=3837 player=1 pair=31 colors=c,8 target=2
placement frame=3884 player=1 pair=32 colors=8,d target=2
placement frame=3947 player=2 pair=32 colors=8,d target=4
placement frame=4009 player=1 pair=33 colors=c,d target=3
placement frame=4058 player=1 pair=34 colors=c,c target=0
placement frame=4091 player=2 pair=33 colors=c,d target=4
placement frame=4112 player=1 pair=35 colors=8,b target=5
placement frame=4151 player=2 pair=34 colors=c,c target=5
placement frame=4167 player=1 pair=36 colors=c,b target=1
state frame=4200 mode=01 match=04 command=0b22 protection=00
placement frame=4214 player=2 pair=35 colors=8,b target=2
placement frame=4263 player=2 pair=36 colors=c,b target=5
placement frame=4296 player=1 pair=37 colors=c,b target=0
placement frame=4352 player=1 pair=38 colors=d,d target=4
placement frame=4408 player=2 pair=37 colors=c,b target=3
