0 0.000 mapping :SERVICE Coin 1 KEYCODE_5 OR JOYCODE_1_UNKNOWN_SWITCH
0 0.000 mapping :SERVICE Coin 2 KEYCODE_6 OR JOYCODE_2_UNKNOWN_SWITCH
0 0.000 mapping :SERVICE 2 Players Start KEYCODE_2 OR JOYCODE_2_UNKNOWN_SWITCH
0 0.000 mapping :SERVICE Service Mode KEYCODE_F2
0 0.000 mapping :SERVICE Service 1 KEYCODE_9
0 0.000 mapping :SERVICE 1 Player Start KEYCODE_1 OR JOYCODE_1_UNKNOWN_SWITCH
0 0.000 mapping :P1 P1 Down KEYCODE_DOWN
0 0.000 mapping :P1 P1 Button 2 KEYCODE_LALT OR MOUSECODE_1_BUTTON3 OR GUNCODE_1_BUTTON2
0 0.000 mapping :P1 P1 Button 1 KEYCODE_LCONTROL OR MOUSECODE_1_BUTTON1 OR GUNCODE_1_BUTTON1
0 0.000 mapping :P1 P1 Right KEYCODE_RIGHT
0 0.000 mapping :P1 P1 Up KEYCODE_UP
0 0.000 mapping :P1 P1 Left KEYCODE_LEFT
0 0.000 mapping :P2 P2 Button 1 KEYCODE_A OR MOUSECODE_2_BUTTON1 OR GUNCODE_2_BUTTON1
0 0.000 mapping :P2 P2 Down KEYCODE_F
0 0.000 mapping :P2 P2 Left KEYCODE_D
0 0.000 mapping :P2 P2 Right KEYCODE_G
0 0.000 mapping :P2 P2 Up KEYCODE_R
0 0.000 mapping :P2 P2 Button 2 KEYCODE_S OR MOUSECODE_2_BUTTON3 OR GUNCODE_2_BUTTON2
0 0.010 menu-write pc=00a340 data=0000 mask=ffff oldchoice=0 done=0
1 0.017 mode=01 match=04 mask=05 players=2 command=0b22 peer=0000 script=00019f48 flow=00010034 menu=00000000 flags=c7 offer=00 header=54/54 choice=0 done=0 selector=1 active=false/false
2 0.033 mode=01 match=04 mask=05 players=2 command=0b22 peer=0000 script=00019f70 flow=00010034 menu=00000000 flags=00 offer=00 header=00/00 choice=0 done=0 selector=1 active=false/false
5 0.083 mode=01 match=04 mask=05 players=2 command=0b22 peer=0000 script=00019f7e flow=00010034 menu=00000000 flags=00 offer=00 header=00/00 choice=0 done=0 selector=1 active=false/false
10 0.167 mode=01 match=04 mask=05 players=2 command=0b22 peer=0000 script=00019f80 flow=00010034 menu=00000000 flags=00 offer=00 header=00/00 choice=0 done=0 selector=1 active=false/false
60 1.001 input :SERVICE Coin 1
75 1.252 input :SERVICE Coin 1
90 1.502 input :SERVICE Coin 1
90 1.502 mode=01 match=04 mask=05 players=2 command=0b22 peer=0000 script=00019f80 flow=00010034 menu=00000000 flags=00 offer=00 header=10/00 choice=0 done=0 selector=1 active=false/false
92 1.535 mode=01 match=04 mask=05 players=2 command=0b22 peer=0000 script=00019f80 flow=00010034 menu=00000000 flags=00 offer=00 header=10/10 choice=0 done=0 selector=1 active=false/false
93 1.552 mode=01 match=04 mask=05 players=2 command=0b22 peer=0000 script=00019f80 flow=00010034 menu=00000000 flags=00 offer=00 header=10/00 choice=0 done=0 selector=1 active=false/false
96 1.602 mode=01 match=04 mask=05 players=2 command=0b22 peer=0000 script=00019f80 flow=00010034 menu=00000000 flags=00 offer=00 header=10/10 choice=0 done=0 selector=1 active=false/false
105 1.752 input :SERVICE Coin 1
150 2.503 input :SERVICE 1 Player Start
191 3.187 mode=01 match=04 mask=05 players=2 command=0b22 peer=0000 script=00019f84 flow=00010034 menu=00000000 flags=00 offer=00 header=10/10 choice=0 done=0 selector=1 active=false/false
195 3.254 mode=01 match=04 mask=05 players=2 command=0b22 peer=0000 script=00019f86 flow=00010034 menu=00000000 flags=00 offer=00 header=10/10 choice=0 done=0 selector=1 active=false/false
195 3.255 menu-write pc=00a340 data=0000 mask=ffff oldchoice=0 done=0
195 3.262 menu-write pc=00a340 data=0000 mask=ffff oldchoice=0 done=0
196 3.271 mode=01 match=04 mask=05 players=2 command=0b22 peer=0000 script=00019fc8 flow=00010034 menu=00000000 flags=09 offer=00 header=11/10 choice=0 done=0 selector=1 active=false/false
197 3.288 mode=00 match=04 mask=05 players=2 command=0b22 peer=0000 script=00019ff2 flow=00010034 menu=00000000 flags=09 offer=00 header=11/10 choice=0 done=0 selector=1 active=false/false
198 3.304 mode=00 match=04 mask=05 players=2 command=0b22 peer=0000 script=0001a002 flow=00010034 menu=00000000 flags=09 offer=00 header=11/10 choice=0 done=0 selector=1 active=false/false
199 3.321 mode=00 match=04 mask=05 players=2 command=0b22 peer=0000 script=0001a004 flow=00010034 menu=00000000 flags=09 offer=00 header=11/10 choice=0 done=0 selector=1 active=false/false
210 3.505 input :SERVICE 1 Player Start
213 3.555 mode=00 match=04 mask=05 players=2 command=0b22 peer=0000 script=0001a008 flow=00010034 menu=00000000 flags=09 offer=00 header=11/10 choice=0 done=0 selector=1 active=false/false
246 4.105 mode=00 match=04 mask=05 players=2 command=0b22 peer=0000 script=0001a00a flow=00010034 menu=00000000 flags=09 offer=00 header=11/10 choice=0 done=0 selector=1 active=false/false
246 4.106 menu-write pc=00a340 data=0000 mask=ffff oldchoice=0 done=0
246 4.113 menu-write pc=00a340 data=0000 mask=ffff oldchoice=0 done=0
246 4.120 menu-write pc=00a48a data=0000 mask=ffff oldchoice=0 done=0
247 4.122 mode=01 match=04 mask=01 players=1 command=0322 peer=0000 script=0001a3ee flow=00010034 menu=000188fc flags=08 offer=00 header=11/10 choice=0 done=0 selector=1 active=false/false
249 4.155 mode=01 match=04 mask=01 players=1 command=0322 peer=0000 script=0001a3ee flow=00010034 menu=000189c6 flags=08 offer=00 header=13/10 choice=0 done=0 selector=1 active=false/false
264 4.406 mode=01 match=04 mask=01 players=1 command=0322 peer=0000 script=0001a3ee flow=00010034 menu=000189c6 flags=08 offer=00 header=13/11 choice=0 done=0 selector=1 active=false/false
270 4.506 input :SERVICE 2 Players Start
270 4.506 input :P1 P1 Button 1
270 4.506 input :P2 P2 Button 1
285 4.756 mode=01 match=04 mask=01 players=1 command=0322 peer=0000 script=0001a3ee flow=00010034 menu=000189c6 flags=08 offer=00 header=13/13 choice=0 done=0 selector=1 active=false/false
290 4.840 mode=01 match=04 mask=01 players=1 command=0322 peer=0000 script=0001a3ee flow=00010034 menu=00018a40 flags=08 offer=00 header=13/13 choice=0 done=0 selector=1 active=false/false
291 4.856 mode=01 match=04 mask=01 players=1 command=1322 peer=0000 script=0001a3ee flow=00010034 menu=00018a40 flags=08 offer=00 header=13/13 choice=0 done=0 selector=1 active=false/false
330 5.507 input :SERVICE 2 Players Start
332 5.540 mode=01 match=04 mask=03 players=2 command=1322 peer=0000 script=0001a3ee flow=00010034 menu=00018a40 flags=08 offer=00 header=13/13 choice=0 done=0 selector=1 active=false/false
333 5.557 mode=01 match=04 mask=03 players=2 command=3322 peer=0000 script=0001a3ee flow=00010034 menu=00018a40 flags=08 offer=00 header=13/13 choice=0 done=0 selector=1 active=false/false
360 6.008 input :P1 P1 Button 1
360 6.008 input :P2 P2 Button 1
450 7.510 input :P1 P1 Button 1
450 7.510 input :P2 P2 Button 1
540 9.012 input :P1 P1 Button 1
540 9.012 input :P2 P2 Button 1
630 10.514 input :P1 P1 Button 1
630 10.514 input :P2 P2 Button 1
720 12.015 input :P1 P1 Button 1
720 12.015 input :P2 P2 Button 1
723 12.066 mode=01 match=04 mask=03 players=2 command=7322 peer=0000 script=0001a3ee flow=00010034 menu=00018b84 flags=08 offer=00 header=13/13 choice=0 done=0 selector=1 active=false/false
723 12.068 recruit-peer-read pc=018bda data=1322 mask=ff00 localmask=03
724 12.082 mode=01 match=04 mask=03 players=3 command=7322 peer=0000 script=0001a3ee flow=00010034 menu=00018bfc flags=08 offer=00 header=13/13 choice=0 done=0 selector=1 active=false/false
724 12.084 menu-write pc=018c42 data=0078 mask=ffff oldchoice=0 done=0
725 12.099 mode=01 match=04 mask=03 players=3 command=8333 peer=0000 script=0001a3ee flow=00010034 menu=00018c48 flags=08 offer=00 header=13/13 choice=0 done=120 selector=1 active=false/false
725 12.101 menu-write pc=018c4e data=ffff mask=ff00 oldchoice=0 done=120
726 12.116 mode=01 match=04 mask=03 players=3 command=8333 peer=0000 script=0001a3ee flow=00010034 menu=00018c48 flags=08 offer=00 header=13/13 choice=255 done=120 selector=1 active=false/false
726 12.118 menu-write pc=018c4e data=fefe mask=ff00 oldchoice=255 done=120
727 12.132 mode=01 match=04 mask=03 players=3 command=8333 peer=0000 script=0001a3ee flow=00010034 menu=00018c48 flags=08 offer=00 header=13/13 choice=254 done=120 selector=1 active=false/false
727 12.134 menu-write pc=018c4e data=fdfd mask=ff00 oldchoice=254 done=120
728 12.149 mode=01 match=04 mask=03 players=3 command=8333 peer=0000 script=0001a3ee flow=00010034 menu=00018c48 flags=08 offer=00 header=13/13 choice=253 done=120 selector=1 active=false/false
728 12.151 menu-write pc=018c4e data=fcfc mask=ff00 oldchoice=253 done=120
729 12.166 mode=01 match=04 mask=03 players=3 command=8333 peer=0000 script=0001a3ee flow=00010034 menu=00018c48 flags=08 offer=00 header=13/13 choice=252 done=120 selector=1 active=false/false
729 12.168 menu-write pc=018c4e data=fbfb mask=ff00 oldchoice=252 done=120
730 12.182 mode=01 match=04 mask=07 players=3 command=8333 peer=0000 script=0001a3ee flow=00010034 menu=00018cc8 flags=08 offer=00 header=13/13 choice=251 done=120 selector=1 active=false/false
749 12.499 mode=01 match=04 mask=07 players=3 command=8333 peer=0000 script=0001a3ee flow=00010034 menu=00018cea flags=08 offer=00 header=13/13 choice=251 done=120 selector=1 active=false/false
750 12.516 mode=01 match=04 mask=07 players=3 command=8333 peer=0000 script=0001a3ee flow=00010034 menu=00018d1a flags=08 offer=00 header=13/13 choice=251 done=120 selector=1 active=false/false
810 13.517 input :P1 P1 Button 1
810 13.517 input :P2 P2 Button 1
812 13.551 mode=01 match=04 mask=07 players=3 command=8333 peer=0000 script=0001a3ee flow=00010034 menu=00018d2e flags=08 offer=00 header=13/13 choice=251 done=120 selector=1 active=false/false
813 13.567 mode=01 match=04 mask=07 players=3 command=9333 peer=0000 script=0001a3ee flow=00010034 menu=00018d5c flags=08 offer=00 header=10/13 choice=251 done=120 selector=1 active=false/false
814 13.584 mode=01 match=04 mask=07 players=3 command=0400 peer=0000 script=0001a3ee flow=00010034 menu=00018e40 flags=08 offer=00 header=10/13 choice=251 done=120 selector=1 active=false/false
817 13.636 menu-write pc=00a4f0 data=0000 mask=ffff oldchoice=251 done=120
818 13.651 mode=01 match=04 mask=07 players=3 command=0400 peer=0000 script=0001a3ee flow=00010034 menu=00000000 flags=08 offer=00 header=10/13 choice=0 done=0 selector=1 active=false/false
818 13.653 menu-write pc=00a340 data=0000 mask=ffff oldchoice=0 done=0
818 13.660 menu-write pc=00a36c data=0000 mask=ffff oldchoice=0 done=0
819 13.668 mode=01 match=04 mask=07 players=3 command=0400 peer=0000 script=0001f7c6 flow=00010034 menu=00000000 flags=c2 offer=00 header=54/13 choice=0 done=0 selector=1 active=false/false
820 13.684 mode=01 match=04 mask=07 players=3 command=0400 peer=0000 script=0001f7d2 flow=00010034 menu=00000000 flags=c2 offer=00 header=54/13 choice=0 done=0 selector=1 active=false/false
837 13.968 mode=01 match=04 mask=07 players=3 command=0400 peer=0000 script=0001f7de flow=00010034 menu=00000000 flags=c2 offer=00 header=54/13 choice=0 done=0 selector=1 active=false/false
839 14.001 mode=01 match=04 mask=07 players=3 command=0400 peer=0000 script=0001f7f6 flow=00010034 menu=00000000 flags=c2 offer=00 header=54/10 choice=0 done=0 selector=1 active=false/false
845 14.101 mode=01 match=04 mask=07 players=3 command=0400 peer=0000 script=0001f7f6 flow=00010034 menu=00000000 flags=c2 offer=00 header=54/54 choice=0 done=0 selector=1 active=false/false
900 15.019 input :P1 P1 Button 1
900 15.019 input :P2 P2 Button 1
902 15.053 mode=01 match=04 mask=07 players=3 command=8400 peer=0000 script=0001f7f6 flow=00010034 menu=00000000 flags=c2 offer=00 header=54/54 choice=0 done=0 selector=1 active=false/false
951 15.870 mode=01 match=04 mask=07 players=3 command=8400 peer=0000 script=0001f7fc flow=00010034 menu=00000000 flags=c2 offer=00 header=54/54 choice=0 done=0 selector=1 active=false/false
983 16.404 mode=01 match=04 mask=07 players=3 command=8400 peer=0000 script=0001f7fe flow=00010034 menu=00000000 flags=c2 offer=00 header=54/54 choice=0 done=0 selector=1 active=false/false
983 16.407 menu-write pc=00a36c data=0000 mask=ffff oldchoice=0 done=0
984 16.421 mode=01 match=04 mask=07 players=3 command=8400 peer=0000 script=0001a49e flow=00010034 menu=00000000 flags=c2 offer=00 header=54/54 choice=0 done=0 selector=1 active=false/false
985 16.438 mode=01 match=04 mask=07 players=3 command=8400 peer=0000 script=0001a4b0 flow=00010034 menu=00000000 flags=c2 offer=00 header=54/54 choice=0 done=0 selector=1 active=false/false
990 16.521 input :P1 P1 Button 1
990 16.521 input :P2 P2 Button 1
999 16.671 mode=01 match=04 mask=07 players=3 command=8400 peer=0000 script=0001a4b6 flow=00010034 menu=00000000 flags=c2 offer=00 header=54/54 choice=0 done=0 selector=1 active=false/false
1015 16.938 mode=01 match=04 mask=07 players=3 command=8400 peer=0000 script=0001a4d8 flow=00010034 menu=00000000 flags=c2 offer=00 header=54/54 choice=0 done=0 selector=1 active=false/false
1018 16.989 mode=01 match=04 mask=07 players=3 command=8400 peer=0000 script=0001a4da flow=00010034 menu=00000000 flags=c2 offer=00 header=54/54 choice=0 done=0 selector=1 active=false/false
1019 17.005 mode=01 match=04 mask=07 players=3 command=8400 peer=0000 script=0001a510 flow=00010034 menu=00000000 flags=c2 offer=00 header=54/54 choice=0 done=0 selector=1 active=false/false
1020 17.022 mode=01 match=04 mask=07 players=3 command=8400 peer=0000 script=0001a512 flow=00010034 menu=00000000 flags=c2 offer=00 header=54/54 choice=0 done=0 selector=1 active=false/false
1049 17.506 mode=01 match=04 mask=07 players=3 command=2601 peer=0000 script=0001a512 flow=00010034 menu=00000000 flags=c2 offer=00 header=54/54 choice=0 done=0 selector=1 active=false/false
1049 17.510 menu-write pc=00a48a data=0000 mask=ffff oldchoice=0 done=0
1050 17.523 mode=01 match=04 mask=07 players=3 command=2601 peer=0000 script=0001a51a flow=00010034 menu=0000daca flags=c2 offer=00 header=54/54 choice=0 done=0 selector=1 active=false/false
1058 17.656 mode=01 match=04 mask=07 players=3 command=2822 peer=0000 script=0001a51a flow=00010034 menu=0000daca flags=c2 offer=00 header=54/54 choice=0 done=0 selector=1 active=false/false
1080 18.023 input :P1 P1 Button 1
1080 18.023 input :P2 P2 Button 1
1118 18.657 mode=01 match=04 mask=07 players=3 command=3822 peer=0000 script=0001a51a flow=00010034 menu=0000daca flags=c2 offer=00 header=54/54 choice=0 done=0 selector=1 active=false/false
1170 19.525 input :P1 P1 Button 1
1170 19.525 input :P2 P2 Button 1
1260 21.027 input :P1 P1 Button 1
1260 21.027 input :P2 P2 Button 1
1350 22.529 input :P1 P1 Button 1
1350 22.529 input :P2 P2 Button 1
1440 24.031 input :P1 P1 Button 1
1440 24.031 input :P2 P2 Button 1
1530 25.533 input :P1 P1 Button 1
1530 25.533 input :P2 P2 Button 1
1532 25.566 mode=01 match=04 mask=07 players=3 command=7822 peer=0000 script=0001a51a flow=00010034 menu=0000daca flags=c2 offer=00 header=54/54 choice=0 done=0 selector=1 active=false/false
1546 25.800 mode=01 match=04 mask=07 players=3 command=f822 peer=0000 script=0001a51a flow=00010034 menu=0000daca flags=c2 offer=00 header=54/54 choice=0 done=0 selector=1 active=false/false
1547 25.817 mode=01 match=04 mask=07 players=3 command=0b22 peer=0000 script=0001a51a flow=00010034 menu=0000daca flags=c2 offer=00 header=54/54 choice=0 done=0 selector=1 active=false/false
1552 25.900 piece player=0 count=1 mode=1 match=4 mask=07
1552 25.900 piece player=1 count=1 mode=1 match=4 mask=07
1552 25.900 mode=01 match=04 mask=07 players=3 command=0b22 peer=0000 script=0001a51a flow=00010034 menu=0000daca flags=c2 offer=00 header=54/54 choice=0 done=0 selector=1 active=true/true
1620 27.035 input :P1 P1 Button 1
1620 27.035 input :P2 P2 Button 1
1710 28.537 input :P1 P1 Button 1
1710 28.537 input :P2 P2 Button 1
1760 29.371 mode=01 match=04 mask=07 players=3 command=0b22 peer=0000 script=0001a51a flow=00010034 menu=0000daca flags=c2 offer=00 header=54/54 choice=0 done=0 selector=1 active=false/false
1784 29.772 piece player=0 count=2 mode=1 match=4 mask=07
1784 29.772 piece player=1 count=2 mode=1 match=4 mask=07
1784 29.772 mode=01 match=04 mask=07 players=3 command=0b22 peer=0000 script=0001a51a flow=00010034 menu=0000daca flags=c2 offer=00 header=54/54 choice=0 done=0 selector=1 active=true/true
1800 30.039 input :P1 P1 Button 1
1800 30.039 input :P2 P2 Button 1
1890 31.541 input :P1 P1 Button 1
1890 31.541 input :P2 P2 Button 1
1980 33.043 input :P1 P1 Button 1
1980 33.043 input :P2 P2 Button 1
1992 33.243 mode=01 match=04 mask=07 players=3 command=0b22 peer=0000 script=0001a51a flow=00010034 menu=0000daca flags=c2 offer=00 header=54/54 choice=0 done=0 selector=1 active=true/false
2008 33.510 mode=01 match=04 mask=07 players=3 command=0b22 peer=0000 script=0001a51a flow=00010034 menu=0000daca flags=c2 offer=00 header=54/54 choice=0 done=0 selector=1 active=false/false
2016 33.643 piece player=1 count=3 mode=1 match=4 mask=07
2016 33.643 mode=01 match=04 mask=07 players=3 command=0b22 peer=0000 script=0001a51a flow=00010034 menu=0000daca flags=c2 offer=00 header=54/54 choice=0 done=0 selector=1 active=false/true
2028 33.844 piece player=0 count=3 mode=1 match=4 mask=07
2028 33.844 mode=01 match=04 mask=07 players=3 command=0b22 peer=0000 script=0001a51a flow=00010034 menu=0000daca flags=c2 offer=00 header=54/54 choice=0 done=0 selector=1 active=true/true
2070 34.544 input :P1 P1 Button 1
2070 34.544 input :P2 P2 Button 1
2160 36.046 input :P1 P1 Button 1
2160 36.046 input :P2 P2 Button 1
2220 37.048 mode=01 match=04 mask=07 players=3 command=0b22 peer=0000 script=0001a51a flow=00010034 menu=0000daca flags=c2 offer=00 header=54/54 choice=0 done=0 selector=1 active=false/true
2224 37.114 mode=01 match=04 mask=07 players=3 command=0b22 peer=0000 script=0001a51a flow=00010034 menu=0000daca flags=c2 offer=00 header=54/54 choice=0 done=0 selector=1 active=false/false
2236 37.315 piece player=0 count=4 mode=1 match=4 mask=07
2236 37.315 mode=01 match=04 mask=07 players=3 command=0b22 peer=0000 script=0001a51a flow=00010034 menu=0000daca flags=c2 offer=00 header=54/54 choice=0 done=0 selector=1 active=true/false
2248 37.515 piece player=1 count=4 mode=1 match=4 mask=07
2248 37.515 mode=01 match=04 mask=07 players=3 command=0b22 peer=0000 script=0001a51a flow=00010034 menu=0000daca flags=c2 offer=00 header=54/54 choice=0 done=0 selector=1 active=true/true
2250 37.548 input :P1 P1 Button 1
2250 37.548 input :P2 P2 Button 1
2340 39.050 input :P1 P1 Button 1
2340 39.050 input :P2 P2 Button 1
2430 40.552 input :P1 P1 Button 1
2430 40.552 input :P2 P2 Button 1
2460 41.053 mode=01 match=04 mask=07 players=3 command=0b22 peer=0000 script=0001a51a flow=00010034 menu=0000daca flags=c2 offer=00 header=54/54 choice=0 done=0 selector=1 active=false/true
2472 41.253 mode=01 match=04 mask=07 players=3 command=0b22 peer=0000 script=0001a51a flow=00010034 menu=0000daca flags=c2 offer=00 header=54/54 choice=0 done=0 selector=1 active=false/false
2488 41.520 piece player=1 count=5 mode=1 match=4 mask=07
2488 41.520 mode=01 match=04 mask=07 players=3 command=0b22 peer=0000 script=0001a51a flow=00010034 menu=0000daca flags=c2 offer=00 header=54/54 choice=0 done=0 selector=1 active=false/true
2520 42.054 input :P1 P1 Button 1
2520 42.054 input :P2 P2 Button 1
2565 42.805 piece player=0 count=5 mode=1 match=4 mask=07
2565 42.805 mode=01 match=04 mask=07 players=3 command=0b22 peer=0000 script=0001a51a flow=00010034 menu=0000daca flags=c2 offer=00 header=54/54 choice=0 done=0 selector=1 active=true/true
2610 43.556 input :P1 P1 Button 1
2610 43.556 input :P2 P2 Button 1
2680 44.724 mode=01 match=04 mask=07 players=3 command=0b22 peer=0000 script=0001a51a flow=00010034 menu=0000daca flags=c2 offer=00 header=54/54 choice=0 done=0 selector=1 active=true/false
2696 44.991 piece player=1 count=6 mode=1 match=4 mask=07
2696 44.991 mode=01 match=04 mask=07 players=3 command=0b22 peer=0000 script=0001a51a flow=00010034 menu=0000daca flags=c2 offer=00 header=54/54 choice=0 done=0 selector=1 active=true/true
2700 45.058 input :P1 P1 Button 1
2700 45.058 input :P2 P2 Button 1
2773 46.276 mode=01 match=04 mask=07 players=3 command=0b22 peer=0000 script=0001a51a flow=00010034 menu=0000daca flags=c2 offer=00 header=54/54 choice=0 done=0 selector=1 active=false/true
2790 46.560 input :P1 P1 Button 1
2790 46.560 input :P2 P2 Button 1
2797 46.677 piece player=0 count=6 mode=1 match=4 mask=07
2797 46.677 mode=01 match=04 mask=07 players=3 command=0b22 peer=0000 script=0001a51a flow=00010034 menu=0000daca flags=c2 offer=00 header=54/54 choice=0 done=0 selector=1 active=true/true
2880 48.062 input :P1 P1 Button 1
2880 48.062 input :P2 P2 Button 1
2912 48.596 mode=01 match=04 mask=07 players=3 command=0b22 peer=0000 script=0001a51a flow=00010034 menu=0000daca flags=c2 offer=00 header=54/54 choice=0 done=0 selector=1 active=true/false
2928 48.863 piece player=1 count=7 mode=1 match=4 mask=07
2928 48.863 mode=01 match=04 mask=07 players=3 command=0b22 peer=0000 script=0001a51a flow=00010034 menu=0000daca flags=c2 offer=00 header=54/54 choice=0 done=0 selector=1 active=true/true
2970 49.564 input :P1 P1 Button 1
2970 49.564 input :P2 P2 Button 1
3005 50.148 mode=01 match=04 mask=07 players=3 command=0b22 peer=0000 script=0001a51a flow=00010034 menu=0000daca flags=c2 offer=00 header=54/54 choice=0 done=0 selector=1 active=false/true
3029 50.548 piece player=0 count=7 mode=1 match=4 mask=07
3029 50.548 mode=01 match=04 mask=07 players=3 command=0b22 peer=0000 script=0001a51a flow=00010034 menu=0000daca flags=c2 offer=00 header=54/54 choice=0 done=0 selector=1 active=true/true
3060 51.066 input :P1 P1 Button 1
3060 51.066 input :P2 P2 Button 1
3104 51.800 mode=01 match=04 mask=07 players=3 command=0b22 peer=0000 script=0001a51a flow=00010034 menu=0000daca flags=c2 offer=00 header=54/54 choice=0 done=0 selector=1 active=true/false
3128 52.201 piece player=1 count=8 mode=1 match=4 mask=07
3128 52.201 mode=01 match=04 mask=07 players=3 command=0b22 peer=0000 script=0001a51a flow=00010034 menu=0000daca flags=c2 offer=00 header=54/54 choice=0 done=0 selector=1 active=true/true
3150 52.568 input :P1 P1 Button 1
3150 52.568 input :P2 P2 Button 1
3205 53.486 mode=01 match=04 mask=07 players=3 command=0b22 peer=0000 script=0001a51a flow=00010034 menu=0000daca flags=c2 offer=00 header=54/54 choice=0 done=0 selector=1 active=false/true
3229 53.886 piece player=0 count=8 mode=1 match=4 mask=07
3229 53.886 mode=01 match=04 mask=07 players=3 command=0b22 peer=0000 script=0001a51a flow=00010034 menu=0000daca flags=c2 offer=00 header=54/54 choice=0 done=0 selector=1 active=true/true
3240 54.070 input :P1 P1 Button 1
3240 54.070 input :P2 P2 Button 1
3314 55.305 mode=01 match=04 mask=07 players=3 command=0b22 peer=0000 script=0001a51a flow=00010034 menu=0000daca flags=c2 offer=00 header=54/54 choice=0 done=0 selector=1 active=true/false
3330 55.572 input :P1 P1 Button 1
3330 55.572 input :P2 P2 Button 1
3330 55.572 piece player=1 count=9 mode=1 match=4 mask=07
3330 55.572 mode=01 match=04 mask=07 players=3 command=0b22 peer=0000 script=0001a51a flow=00010034 menu=0000daca flags=c2 offer=00 header=54/54 choice=0 done=0 selector=1 active=true/true
3420 57.073 input :P1 P1 Button 1
3420 57.073 input :P2 P2 Button 1
3437 57.357 mode=01 match=04 mask=07 players=3 command=0b22 peer=0000 script=0001a51a flow=00010034 menu=0000daca flags=c2 offer=00 header=54/54 choice=0 done=0 selector=1 active=false/true
3461 57.758 piece player=0 count=9 mode=1 match=4 mask=07
3461 57.758 mode=01 match=04 mask=07 players=3 command=0b22 peer=0000 script=0001a51a flow=00010034 menu=0000daca flags=c2 offer=00 header=54/54 choice=0 done=0 selector=1 active=true/true
3506 58.509 mode=01 match=04 mask=07 players=3 command=0b22 peer=0000 script=0001a51a flow=00010034 menu=0000daca flags=c2 offer=00 header=54/54 choice=0 done=0 selector=1 active=true/false
3510 58.575 input :P1 P1 Button 1
3510 58.575 input :P2 P2 Button 1
3530 58.909 piece player=1 count=10 mode=1 match=4 mask=07
3530 58.909 mode=01 match=04 mask=07 players=3 command=0b22 peer=0000 script=0001a51a flow=00010034 menu=0000daca flags=c2 offer=00 header=54/54 choice=0 done=0 selector=1 active=true/true
3600 60.077 input :P1 P1 Button 1
3600 60.077 input :P2 P2 Button 1
3637 60.695 mode=01 match=04 mask=07 players=3 command=0b22 peer=0000 script=0001a51a flow=00010034 menu=0000daca flags=c2 offer=00 header=54/54 choice=0 done=0 selector=1 active=false/true
3653 60.962 piece player=0 count=10 mode=1 match=4 mask=07
3653 60.962 mode=01 match=04 mask=07 players=3 command=0b22 peer=0000 script=0001a51a flow=00010034 menu=0000daca flags=c2 offer=00 header=54/54 choice=0 done=0 selector=1 active=true/true
3690 61.579 input :P1 P1 Button 1
3690 61.579 input :P2 P2 Button 1
3722 62.113 mode=01 match=04 mask=07 players=3 command=0b22 peer=0000 script=0001a51a flow=00010034 menu=0000daca flags=c2 offer=00 header=54/54 choice=0 done=0 selector=1 active=true/false
3746 62.514 piece player=1 count=11 mode=1 match=4 mask=07
3746 62.514 mode=01 match=04 mask=07 players=3 command=0b22 peer=0000 script=0001a51a flow=00010034 menu=0000daca flags=c2 offer=00 header=54/54 choice=0 done=0 selector=1 active=true/true
3780 63.081 input :P1 P1 Button 1
3780 63.081 input :P2 P2 Button 1
3861 64.433 mode=01 match=04 mask=07 players=3 command=0b22 peer=0000 script=0001a51a flow=00010034 menu=0000daca flags=c2 offer=00 header=54/54 choice=0 done=0 selector=1 active=false/true
3870 64.583 input :P1 P1 Button 1
3870 64.583 input :P2 P2 Button 1
3885 64.833 piece player=0 count=11 mode=1 match=4 mask=07
3885 64.833 mode=01 match=04 mask=07 players=3 command=0b22 peer=0000 script=0001a51a flow=00010034 menu=0000daca flags=c2 offer=00 header=54/54 choice=0 done=0 selector=1 active=true/true
3906 65.184 mode=01 match=04 mask=07 players=3 command=0b22 peer=0000 script=0001a51a flow=00010034 menu=0000daca flags=c2 offer=00 header=54/54 choice=0 done=0 selector=1 active=true/false
3922 65.451 piece player=1 count=12 mode=1 match=4 mask=07
3922 65.451 mode=01 match=04 mask=07 players=3 command=0b22 peer=0000 script=0001a51a flow=00010034 menu=0000daca flags=c2 offer=00 header=54/54 choice=0 done=0 selector=1 active=true/true
3960 66.085 input :P1 P1 Button 1
3960 66.085 input :P2 P2 Button 1
4050 67.587 input :P1 P1 Button 1
4050 67.587 input :P2 P2 Button 1
4085 68.171 mode=01 match=04 mask=07 players=3 command=0b22 peer=0000 script=0001a51a flow=00010034 menu=0000daca flags=c2 offer=00 header=54/54 choice=0 done=0 selector=1 active=false/true
4098 68.388 mode=01 match=04 mask=07 players=3 command=0b22 peer=0000 script=0001a51a flow=00010034 menu=0000daca flags=c2 offer=00 header=54/54 choice=0 done=0 selector=1 active=false/false
4101 68.438 piece player=0 count=12 mode=1 match=4 mask=07
4101 68.438 mode=01 match=04 mask=07 players=3 command=0b22 peer=0000 script=0001a51a flow=00010034 menu=0000daca flags=c2 offer=00 header=54/54 choice=0 done=0 selector=1 active=true/false
4140 69.089 input :P1 P1 Button 1
4140 69.089 input :P2 P2 Button 1
