0 0.000 mapping :SERVICE Service Mode KEYCODE_F2
0 0.000 mapping :SERVICE Coin 1 KEYCODE_5 OR JOYCODE_1_UNKNOWN_SWITCH
0 0.000 mapping :SERVICE Coin 2 KEYCODE_6 OR JOYCODE_2_UNKNOWN_SWITCH
0 0.000 mapping :SERVICE 2 Players Start KEYCODE_2 OR JOYCODE_2_UNKNOWN_SWITCH
0 0.000 mapping :SERVICE Service 1 KEYCODE_9
0 0.000 mapping :SERVICE 1 Player Start KEYCODE_1 OR JOYCODE_1_UNKNOWN_SWITCH
0 0.000 mapping :P1 P1 Left KEYCODE_LEFT
0 0.000 mapping :P1 P1 Button 1 KEYCODE_LCONTROL OR MOUSECODE_1_BUTTON1 OR GUNCODE_1_BUTTON1
0 0.000 mapping :P1 P1 Down KEYCODE_DOWN
0 0.000 mapping :P1 P1 Button 2 KEYCODE_LALT OR MOUSECODE_1_BUTTON3 OR GUNCODE_1_BUTTON2
0 0.000 mapping :P1 P1 Right KEYCODE_RIGHT
0 0.000 mapping :P1 P1 Up KEYCODE_UP
0 0.000 mapping :P2 P2 Button 1 KEYCODE_A OR MOUSECODE_2_BUTTON1 OR GUNCODE_2_BUTTON1
0 0.000 mapping :P2 P2 Down KEYCODE_F
0 0.000 mapping :P2 P2 Button 2 KEYCODE_S OR MOUSECODE_2_BUTTON3 OR GUNCODE_2_BUTTON2
0 0.000 mapping :P2 P2 Right KEYCODE_G
0 0.000 mapping :P2 P2 Up KEYCODE_R
0 0.000 mapping :P2 P2 Left KEYCODE_D
0 0.010 menu-write pc=00a340 data=0000 mask=ffff oldchoice=0 done=0
1 0.017 mode=01 match=04 mask=05 players=2 command=0b22 peer=0000 script=00019f48 flow=00010034 menu=00000000 flags=c7 offer=00 header=54/54 choice=0 done=0 selector=1 active=false/false
2 0.033 mode=01 match=04 mask=05 players=2 command=0b22 peer=0000 script=00019f70 flow=00010034 menu=00000000 flags=00 offer=00 header=00/00 choice=0 done=0 selector=1 active=false/false
5 0.083 mode=01 match=04 mask=05 players=2 command=0b22 peer=0000 script=00019f7e flow=00010034 menu=00000000 flags=00 offer=00 header=00/00 choice=0 done=0 selector=1 active=false/false
10 0.167 mode=01 match=04 mask=05 players=2 command=0b22 peer=0000 script=00019f80 flow=00010034 menu=00000000 flags=00 offer=00 header=00/00 choice=0 done=0 selector=1 active=false/false
27 0.451 mode=01 match=04 mask=05 players=2 command=0b22 peer=0000 script=00019f80 flow=00010034 menu=00000000 flags=00 offer=00 header=10/00 choice=0 done=0 selector=1 active=false/false
28 0.467 mode=01 match=04 mask=05 players=2 command=0b22 peer=0000 script=00019f80 flow=00010034 menu=00000000 flags=00 offer=00 header=00/00 choice=0 done=0 selector=1 active=false/false
30 0.501 mode=01 match=04 mask=05 players=2 command=0b22 peer=0000 script=00019f80 flow=00010034 menu=00000000 flags=00 offer=00 header=00/10 choice=0 done=0 selector=1 active=false/false
31 0.517 mode=01 match=04 mask=05 players=2 command=0b22 peer=0000 script=00019f80 flow=00010034 menu=00000000 flags=00 offer=00 header=10/10 choice=0 done=0 selector=1 active=false/false
139 2.320 mode=01 match=04 mask=05 players=2 command=0b22 peer=0000 script=00019f80 flow=00010034 menu=00000000 flags=00 offer=00 header=10/11 choice=0 done=0 selector=1 active=false/false
189 3.154 mode=01 match=04 mask=05 players=2 command=0b22 peer=0000 script=00019f80 flow=00010034 menu=00000000 flags=00 offer=00 header=10/13 choice=0 done=0 selector=1 active=false/false
191 3.187 mode=01 match=04 mask=05 players=2 command=0b22 peer=0000 script=00019f84 flow=00010034 menu=00000000 flags=00 offer=00 header=10/13 choice=0 done=0 selector=1 active=false/false
195 3.254 mode=01 match=04 mask=05 players=2 command=0b22 peer=0000 script=00019f86 flow=00010034 menu=00000000 flags=00 offer=00 header=10/13 choice=0 done=0 selector=1 active=false/false
195 3.255 menu-write pc=00a340 data=0000 mask=ffff oldchoice=0 done=0
195 3.262 menu-write pc=00a340 data=0000 mask=ffff oldchoice=0 done=0
196 3.271 mode=01 match=04 mask=05 players=2 command=0b22 peer=0000 script=00019fc8 flow=00010034 menu=00000000 flags=09 offer=00 header=11/13 choice=0 done=0 selector=1 active=false/false
197 3.288 mode=00 match=04 mask=05 players=2 command=0b22 peer=0000 script=00019ff2 flow=00010034 menu=00000000 flags=09 offer=00 header=11/13 choice=0 done=0 selector=1 active=false/false
198 3.304 mode=00 match=04 mask=05 players=2 command=0b22 peer=0000 script=0001a002 flow=00010034 menu=00000000 flags=09 offer=00 header=11/13 choice=0 done=0 selector=1 active=false/false
199 3.321 mode=00 match=04 mask=05 players=2 command=0b22 peer=0000 script=0001a004 flow=00010034 menu=00000000 flags=09 offer=00 header=11/13 choice=0 done=0 selector=1 active=false/false
200 3.338 mode=00 match=04 mask=05 players=2 command=0b22 peer=0000 script=0001a008 flow=00010034 menu=00000000 flags=09 offer=00 header=11/13 choice=0 done=0 selector=1 active=false/false
208 3.471 mode=00 match=04 mask=05 players=2 command=0b22 peer=0000 script=0001a00a flow=00010034 menu=00000000 flags=09 offer=00 header=11/13 choice=0 done=0 selector=1 active=false/false
208 3.472 menu-write pc=00a340 data=0000 mask=ffff oldchoice=0 done=0
208 3.479 menu-write pc=00a48a data=0000 mask=ffff oldchoice=0 done=0
209 3.488 mode=01 match=04 mask=00 players=0 command=0322 peer=0000 script=0001a39e flow=00010034 menu=000188fc flags=08 offer=00 header=11/13 choice=0 done=0 selector=1 active=false/false
211 3.521 mode=01 match=04 mask=00 players=0 command=0322 peer=0000 script=0001a39e flow=00010034 menu=000189c6 flags=08 offer=00 header=13/13 choice=0 done=0 selector=1 active=false/false
250 4.172 mode=01 match=04 mask=00 players=0 command=0322 peer=0000 script=0001a39e flow=00010034 menu=00018a40 flags=08 offer=00 header=13/13 choice=0 done=0 selector=1 active=false/false
648 10.814 mode=01 match=04 mask=01 players=1 command=0322 peer=0000 script=0001a39e flow=00010034 menu=00018a40 flags=08 offer=00 header=13/13 choice=0 done=0 selector=1 active=false/false
649 10.831 mode=01 match=04 mask=01 players=1 command=1322 peer=0000 script=0001a39e flow=00010034 menu=00018a40 flags=08 offer=00 header=13/13 choice=0 done=0 selector=1 active=false/false
661 11.031 mode=01 match=04 mask=01 players=1 command=5322 peer=0000 script=0001a39e flow=00010034 menu=00018b84 flags=08 offer=00 header=13/13 choice=0 done=0 selector=1 active=false/false
661 11.033 recruit-peer-read pc=018bda data=7322 mask=ff00 localmask=01
662 11.048 mode=01 match=04 mask=01 players=3 command=5322 peer=0000 script=0001a39e flow=00010034 menu=00018bfc flags=08 offer=00 header=13/13 choice=0 done=0 selector=1 active=false/false
662 11.050 menu-write pc=018c42 data=0078 mask=ffff oldchoice=0 done=0
663 11.064 mode=01 match=04 mask=01 players=3 command=8313 peer=0000 script=0001a39e flow=00010034 menu=00018c48 flags=08 offer=00 header=13/13 choice=0 done=120 selector=1 active=false/false
663 11.066 menu-write pc=018c4e data=ffff mask=ff00 oldchoice=0 done=120
664 11.081 mode=01 match=04 mask=0d players=3 command=8313 peer=0000 script=0001a39e flow=00010034 menu=00018cc8 flags=08 offer=00 header=13/13 choice=255 done=120 selector=1 active=false/false
683 11.398 mode=01 match=04 mask=0d players=3 command=8313 peer=0000 script=0001a39e flow=00010034 menu=00018cea flags=08 offer=00 header=13/13 choice=255 done=120 selector=1 active=false/false
684 11.415 mode=01 match=04 mask=0d players=3 command=8313 peer=0000 script=0001a39e flow=00010034 menu=00018d1a flags=08 offer=00 header=13/13 choice=255 done=120 selector=1 active=false/false
751 12.533 mode=01 match=04 mask=0d players=3 command=8313 peer=0000 script=0001a39e flow=00010034 menu=00018d2e flags=08 offer=00 header=13/10 choice=255 done=120 selector=1 active=false/false
752 12.549 mode=01 match=04 mask=0d players=3 command=9313 peer=0000 script=0001a39e flow=00010034 menu=00018d5c flags=08 offer=00 header=10/10 choice=255 done=120 selector=1 active=false/false
753 12.566 mode=01 match=04 mask=0d players=3 command=0400 peer=0000 script=0001a39e flow=00010034 menu=00018e40 flags=08 offer=00 header=10/10 choice=255 done=120 selector=1 active=false/false
756 12.619 menu-write pc=00a4f0 data=0000 mask=ffff oldchoice=255 done=120
757 12.633 mode=01 match=04 mask=0d players=3 command=0400 peer=0000 script=0001a39e flow=00010034 menu=00000000 flags=08 offer=00 header=10/10 choice=0 done=0 selector=1 active=false/false
757 12.635 menu-write pc=00a340 data=0000 mask=ffff oldchoice=0 done=0
757 12.643 menu-write pc=00a36c data=0000 mask=ffff oldchoice=0 done=0
758 12.650 mode=01 match=04 mask=0d players=3 command=0400 peer=0000 script=0001f7bc flow=00010034 menu=00000000 flags=c7 offer=00 header=54/10 choice=0 done=0 selector=1 active=false/false
759 12.666 mode=01 match=04 mask=0d players=3 command=0400 peer=0000 script=0001f7d2 flow=00010034 menu=00000000 flags=c7 offer=00 header=54/10 choice=0 done=0 selector=1 active=false/false
776 12.950 mode=01 match=04 mask=0d players=3 command=0400 peer=0000 script=0001f7de flow=00010034 menu=00000000 flags=c7 offer=00 header=54/10 choice=0 done=0 selector=1 active=false/false
778 12.983 mode=01 match=04 mask=0d players=3 command=0400 peer=0000 script=0001f7f6 flow=00010034 menu=00000000 flags=c7 offer=00 header=54/54 choice=0 done=0 selector=1 active=false/false
886 14.786 mode=01 match=04 mask=0d players=3 command=0400 peer=0000 script=0001f7fc flow=00010034 menu=00000000 flags=c7 offer=00 header=54/54 choice=0 done=0 selector=1 active=false/false
918 15.320 mode=01 match=04 mask=0d players=3 command=0400 peer=0000 script=0001f7fe flow=00010034 menu=00000000 flags=c7 offer=00 header=54/54 choice=0 done=0 selector=1 active=false/false
918 15.322 menu-write pc=00a36c data=0000 mask=ffff oldchoice=0 done=0
919 15.336 mode=01 match=04 mask=0d players=3 command=0400 peer=0000 script=0001a49e flow=00010034 menu=00000000 flags=c7 offer=00 header=54/54 choice=0 done=0 selector=1 active=false/false
920 15.353 mode=01 match=04 mask=0d players=3 command=0400 peer=0000 script=0001a4b0 flow=00010034 menu=00000000 flags=c7 offer=00 header=54/54 choice=0 done=0 selector=1 active=false/false
934 15.587 mode=01 match=04 mask=0d players=3 command=0400 peer=0000 script=0001a4b6 flow=00010034 menu=00000000 flags=c7 offer=00 header=54/54 choice=0 done=0 selector=1 active=false/false
950 15.854 mode=01 match=04 mask=0d players=3 command=0400 peer=0000 script=0001a4d8 flow=00010034 menu=00000000 flags=c7 offer=00 header=54/54 choice=0 done=0 selector=1 active=false/false
953 15.904 mode=01 match=04 mask=0d players=3 command=0400 peer=0000 script=0001a4da flow=00010034 menu=00000000 flags=c7 offer=00 header=54/54 choice=0 done=0 selector=1 active=false/false
954 15.920 mode=01 match=04 mask=0d players=3 command=1601 peer=0000 script=0001a512 flow=00010034 menu=00000000 flags=c7 offer=00 header=54/54 choice=0 done=0 selector=1 active=false/false
984 16.425 menu-write pc=00a48a data=0000 mask=ffff oldchoice=0 done=0
985 16.438 mode=01 match=04 mask=0d players=3 command=1601 peer=0000 script=0001a51a flow=00010034 menu=0000daca flags=c7 offer=00 header=54/54 choice=0 done=0 selector=1 active=false/false
993 16.571 mode=01 match=04 mask=0d players=3 command=2822 peer=0000 script=0001a51a flow=00010034 menu=0000daca flags=c7 offer=00 header=54/54 choice=0 done=0 selector=1 active=false/false
1415 23.614 mode=01 match=04 mask=0d players=3 command=3822 peer=0000 script=0001a51a flow=00010034 menu=0000daca flags=c7 offer=00 header=54/54 choice=0 done=0 selector=1 active=false/false
1469 24.515 mode=01 match=04 mask=0d players=3 command=f822 peer=0000 script=0001a51a flow=00010034 menu=0000daca flags=c7 offer=00 header=54/54 choice=0 done=0 selector=1 active=false/false
1470 24.532 mode=01 match=04 mask=0d players=3 command=0b22 peer=0000 script=0001a51a flow=00010034 menu=0000daca flags=c7 offer=00 header=54/54 choice=0 done=0 selector=1 active=false/false
1475 24.615 piece player=0 count=1 mode=1 match=4 mask=0d
1475 24.615 mode=01 match=04 mask=0d players=3 command=0b22 peer=0000 script=0001a51a flow=00010034 menu=0000daca flags=c7 offer=00 header=54/54 choice=0 done=0 selector=1 active=true/false
1699 28.353 mode=01 match=04 mask=0d players=3 command=0b22 peer=0000 script=0001a51a flow=00010034 menu=0000daca flags=c7 offer=00 header=54/54 choice=0 done=0 selector=1 active=false/false
1715 28.620 piece player=0 count=2 mode=1 match=4 mask=0d
1715 28.620 mode=01 match=04 mask=0d players=3 command=0b22 peer=0000 script=0001a51a flow=00010034 menu=0000daca flags=c7 offer=00 header=54/54 choice=0 done=0 selector=1 active=true/false
1939 32.358 mode=01 match=04 mask=0d players=3 command=0b22 peer=0000 script=0001a51a flow=00010034 menu=0000daca flags=c7 offer=00 header=54/54 choice=0 done=0 selector=1 active=false/false
1955 32.625 piece player=0 count=3 mode=1 match=4 mask=0d
1955 32.625 mode=01 match=04 mask=0d players=3 command=0b22 peer=0000 script=0001a51a flow=00010034 menu=0000daca flags=c7 offer=00 header=54/54 choice=0 done=0 selector=1 active=true/false
2179 36.363 mode=01 match=04 mask=0d players=3 command=0b22 peer=0000 script=0001a51a flow=00010034 menu=0000daca flags=c7 offer=00 header=54/54 choice=0 done=0 selector=1 active=false/false
2195 36.630 piece player=0 count=4 mode=1 match=4 mask=0d
2195 36.630 mode=01 match=04 mask=0d players=3 command=0b22 peer=0000 script=0001a51a flow=00010034 menu=0000daca flags=c7 offer=00 header=54/54 choice=0 done=0 selector=1 active=true/false
2419 40.369 mode=01 match=04 mask=0d players=3 command=0b22 peer=0000 script=0001a51a flow=00010034 menu=0000daca flags=c7 offer=00 header=54/54 choice=0 done=0 selector=1 active=false/false
2435 40.636 piece player=0 count=5 mode=1 match=4 mask=0d
2435 40.636 mode=01 match=04 mask=0d players=3 command=0b22 peer=0000 script=0001a51a flow=00010034 menu=0000daca flags=c7 offer=00 header=54/54 choice=0 done=0 selector=1 active=true/false
2659 44.374 mode=01 match=04 mask=0d players=3 command=0b22 peer=0000 script=0001a51a flow=00010034 menu=0000daca flags=c7 offer=00 header=54/54 choice=0 done=0 selector=1 active=false/false
2675 44.641 piece player=0 count=6 mode=1 match=4 mask=0d
2675 44.641 mode=01 match=04 mask=0d players=3 command=0b22 peer=0000 script=0001a51a flow=00010034 menu=0000daca flags=c7 offer=00 header=54/54 choice=0 done=0 selector=1 active=true/false
2899 48.379 mode=01 match=04 mask=0d players=3 command=0b22 peer=0000 script=0001a51a flow=00010034 menu=0000daca flags=c7 offer=00 header=54/54 choice=0 done=0 selector=1 active=false/false
2915 48.646 piece player=0 count=7 mode=1 match=4 mask=0d
2915 48.646 mode=01 match=04 mask=0d players=3 command=0b22 peer=0000 script=0001a51a flow=00010034 menu=0000daca flags=c7 offer=00 header=54/54 choice=0 done=0 selector=1 active=true/false
3107 51.850 mode=01 match=04 mask=0d players=3 command=0b22 peer=0000 script=0001a51a flow=00010034 menu=0000daca flags=c7 offer=00 header=54/54 choice=0 done=0 selector=1 active=false/false
3123 52.117 piece player=0 count=8 mode=1 match=4 mask=0d
3123 52.117 mode=01 match=04 mask=0d players=3 command=0b22 peer=0000 script=0001a51a flow=00010034 menu=0000daca flags=c7 offer=00 header=54/54 choice=0 done=0 selector=1 active=true/false
3315 55.321 mode=01 match=04 mask=0d players=3 command=0b22 peer=0000 script=0001a51a flow=00010034 menu=0000daca flags=c7 offer=00 header=54/54 choice=0 done=0 selector=1 active=false/false
3331 55.588 piece player=0 count=9 mode=1 match=4 mask=0d
3331 55.588 mode=01 match=04 mask=0d players=3 command=0b22 peer=0000 script=0001a51a flow=00010034 menu=0000daca flags=c7 offer=00 header=54/54 choice=0 done=0 selector=1 active=true/false
3523 58.792 mode=01 match=04 mask=0d players=3 command=0b22 peer=0000 script=0001a51a flow=00010034 menu=0000daca flags=c7 offer=00 header=54/54 choice=0 done=0 selector=1 active=false/false
3539 59.059 piece player=0 count=10 mode=1 match=4 mask=0d
3539 59.059 mode=01 match=04 mask=0d players=3 command=0b22 peer=0000 script=0001a51a flow=00010034 menu=0000daca flags=c7 offer=00 header=54/54 choice=0 done=0 selector=1 active=true/false
3731 62.264 mode=01 match=04 mask=0d players=3 command=0b22 peer=0000 script=0001a51a flow=00010034 menu=0000daca flags=c7 offer=00 header=54/54 choice=0 done=0 selector=1 active=false/false
3832 63.949 piece player=0 count=11 mode=1 match=4 mask=0d
3832 63.949 mode=01 match=04 mask=0d players=3 command=0b22 peer=0000 script=0001a51a flow=00010034 menu=0000daca flags=c7 offer=00 header=54/54 choice=0 done=0 selector=1 active=true/false
4024 67.153 mode=01 match=04 mask=0d players=3 command=0b22 peer=0000 script=0001a51a flow=00010034 menu=0000daca flags=c7 offer=00 header=54/54 choice=0 done=0 selector=1 active=false/false
4040 67.420 piece player=0 count=12 mode=1 match=4 mask=0d
4040 67.420 mode=01 match=04 mask=0d players=3 command=0b22 peer=0000 script=0001a51a flow=00010034 menu=0000daca flags=c7 offer=00 header=54/54 choice=0 done=0 selector=1 active=true/false
