[   0.000] === session start, version=0.7.0 side=A debug=true ===
[   0.000] [rom-guards] cpld_compare=b202 garbage_divisor=323c,ffff
[   0.000] taps installed; out=C:\Users\tbend\mame\puyo2-lan-runs\loopback_20260911_1951\20260911-195056-A-15d4959dd1f2429492a71514d5420b76\A_to_B.bin in=C:\Users\tbend\mame\puyo2-lan-runs\loopback_20260911_1951\20260911-195056-A-15d4959dd1f2429492a71514d5420b76\B_to_A.bin
[   0.021] [attack-state] address=ffa7e2 data=0000 mask=ffff pc=0181aa protection=ff
[   0.021] [attack-state] address=ffa7e0 data=0000 mask=ffff pc=0181aa protection=ff
[   0.021] [attack-state] address=ffa7e6 data=0000 mask=ffff pc=0181b0 protection=ff
[   0.021] [attack-state] address=ffa7e4 data=0000 mask=ffff pc=0181b0 protection=ff
[   0.021] [attack-state] address=ffa7f2 data=0000 mask=ffff pc=0181b6 protection=ff
[   0.021] [attack-state] address=ffa7f0 data=0000 mask=ffff pc=0181b6 protection=ff
[   0.021] [attack-state] address=ffa7f6 data=0000 mask=ffff pc=0181bc protection=ff
[   0.021] [attack-state] address=ffa7f4 data=0000 mask=ffff pc=0181bc protection=ff
[   0.021] [attack-state] address=ffa7fa data=0000 mask=ffff pc=0181c2 protection=ff
[   0.021] [attack-state] address=ffa7f8 data=0000 mask=ffff pc=0181c2 protection=ff
[   0.021] [attack-state] address=ffa7fe data=0000 mask=ffff pc=0181c8 protection=ff
[   0.021] [attack-state] address=ffa7fc data=0000 mask=ffff pc=0181c8 protection=ff
[   0.021] [link-state] data=0000 mask=ffff pc=0181ec watchdog=65535 expect=ff rxhead=ffff rxtail=ffff rxpend=ffff
[   0.021] [protection-state] address=ffa020 data=ff00 mask=ffff pc=000932
[   0.021]   [menu-state] write $ffa172 = 0000 mask=ffff (pc=019320)
[   0.021]   [menu-state] write $ffa170 = 0000 mask=ffff (pc=019320)
[   0.021]   [menu-state] write $ffa17c = 0000 mask=ff00 (pc=019326)
[   0.021]   [menu-state] write $ffa17f = 0000 mask=00ff (pc=01932c)
[   0.021]   [menu-state] write $ffa176 = 0000 mask=ff00 (pc=01afde)
[   0.021]   [header-byte] write $ffa513 = 00 mask=00ff (pc=01afe6)
[   0.021] [protection-state] address=ffa026 data=0000 mask=ff00 pc=000408
[   0.021] [protection-checksum] data=0000 mask=ff00 pc=00040e
[   0.021] [protection-checksum] data=0000 mask=00ff pc=000414
[   0.022] [protection-state] address=ffa020 data=0000 mask=ff00 pc=000948
[   0.034]   [menu-state] write $ffa170 = 0000 mask=ff00 (pc=018062)
[   0.034]   [menu-state] write $ffa176 = 0000 mask=ff00 (pc=01afde)
[   0.034]   [header-byte] write $ffa513 = 00 mask=00ff (pc=01afe6)
[   0.179] CONTROL reset pulse start (pc=01823e, prev_bank=cmd)
[   0.179] [reset] discarded tx=0 rx=0
[   0.179] [epoch-reset] local=1 peer=0 queued_rx=0
[   0.200] [peer-reset] old=0 new=1 local=1 queued_rx=0
[   0.418] [link-state] data=7f7f mask=ff00 pc=018334 watchdog=65535 expect=ff rxhead=0000 rxtail=0000 rxpend=0000
[   0.468] [epoch-ready] local=1 peer=1
[   0.468] CMD $FE -> cabinet role=1 (ROM linkflag=81)
[   0.468] [link-state] data=8181 mask=ff00 pc=018358 watchdog=65535 expect=ff rxhead=0000 rxtail=0000 rxpend=0000
[   0.468]   [header-byte] write $ffa513 = 00 mask=00ff (pc=01afe6)
[   0.485]   [menu-state] write $ffa173 = 8080 mask=00ff (pc=01939c)
[   0.485]   [menu-state] write $ffa171 = 8080 mask=00ff (pc=019466)
[   0.485]   [header-byte] write $ffa513 = 00 mask=00ff (pc=019e4a)
[   0.485]   [header-byte] write $ffa513 = 10 mask=00ff (pc=019e5a)
[   0.485]   [header-byte] write $ffa513 = 00 mask=00ff (pc=01afe6)
[   0.485]   [header-byte] write $ffa513 = 10 mask=00ff (pc=01affe)
[   0.502]   [header-byte] write $ffa517 = 00 mask=00ff (pc=018446)
[   0.502] [packet-accepted] total=1 seq=00 flags=00 status=00 pc=01845e
[   0.518]   [header-byte] write $ffa517 = 10 mask=00ff (pc=018446)
[   0.518] [packet-accepted] total=2 seq=01 flags=00 status=10 pc=01845e
[   0.535]   [header-byte] write $ffa517 = 00 mask=00ff (pc=018446)
[   0.535] [packet-accepted] total=3 seq=02 flags=00 status=00 pc=01845e
[   0.602]   [header-byte] write $ffa517 = 10 mask=00ff (pc=018446)
[   0.602] [packet-accepted] total=4 seq=03 flags=00 status=10 pc=01845e
[   1.001] heartbeat frame=60 tx=6 rx=12 fc=1 fd=10 fe=1 linkflag=81 pc=00028a a502=00 a524=0003 a525=03 a170=00 a17f=00 txtail=0006 rxpend=0000
[   1.001] [transport] captured=6 flushed=6 received=12 accepted=4 payload2=0 payload3=0 payload4=0 payload5=0 pump_reads=35 bursts=2 txcredit=0 outq=0 inq=0 watchdog=23 txseq=03 rxseq=04 rxcredit=0 protection=00 checks=0000
[   1.001] [epochs] local=1 peer=1 ready=true discarded_rx=0
[   1.001] [game-state] a142=ff a13e=ff a13f=ff a530=ffff a506=00 a507=00 a508=ff a7b0=0000 a7a6=0000 script=019f80 mode=ff rule=01 base=70 margin=6 difficulty=255 preset=0
[   1.001] [tcb-continuations] ffa580=ff80->018392 sleep=0 local26=7710 ffa5c0=ff80->01853c sleep=0 local26=0000 ffd100=ff80->01b388 sleep=130 local26=0000
[   1.018] [protection-state] address=ffa020 data=0101 mask=ff00 pc=000948
[   1.018] [protection-state] address=ffa020 data=0101 mask=00ff pc=000952
[   1.035] [protection-state] address=ffa020 data=0000 mask=00ff pc=000952
[   1.068] [protection-state] address=ffa020 data=0000 mask=ff00 pc=000948
[   1.103]   [header-byte] write $ffa517 = 10 mask=00ff (pc=018446)
[   1.268] [protection-state] address=ffa020 data=0101 mask=ff00 pc=000948
[   1.268] [protection-state] address=ffa020 data=0101 mask=00ff pc=000952
[   1.285] [protection-state] address=ffa020 data=0000 mask=00ff pc=000952
[   1.318] [protection-state] address=ffa020 data=0000 mask=ff00 pc=000948
[   1.519] [protection-state] address=ffa020 data=0101 mask=ff00 pc=000948
[   1.519] [protection-state] address=ffa020 data=0101 mask=00ff pc=000952
[   1.535] [protection-state] address=ffa020 data=0000 mask=00ff pc=000952
[   1.569] [protection-state] address=ffa020 data=0000 mask=ff00 pc=000948
[   1.604]   [header-byte] write $ffa517 = 10 mask=00ff (pc=018446)
[   1.769] [protection-state] address=ffa020 data=0101 mask=ff00 pc=000948
[   1.769] [protection-state] address=ffa020 data=0101 mask=00ff pc=000952
[   1.786] [protection-state] address=ffa020 data=0000 mask=00ff pc=000952
[   1.819] [protection-state] address=ffa020 data=0000 mask=ff00 pc=000948
[   2.003] heartbeat frame=120 tx=12 rx=18 fc=1 fd=10 fe=1 linkflag=81 pc=000288 a502=00 a524=0003 a525=03 a170=00 a17f=00 txtail=000c rxpend=0000
[   2.003] [transport] captured=12 flushed=12 received=18 accepted=6 payload2=0 payload3=0 payload4=0 payload5=0 pump_reads=97 bursts=4 txcredit=0 outq=0 inq=0 watchdog=23 txseq=05 rxseq=06 rxcredit=0 protection=00 checks=0000
[   2.003] [epochs] local=1 peer=1 ready=true discarded_rx=0
[   2.003] [tcb-continuations] ffa580=ff80->018392 sleep=0 local26=7710 ffa5c0=ff80->01853c sleep=0 local26=0000 ffd100=ff80->01b388 sleep=70 local26=0000
[   2.088]   [header-byte] write $ffa517 = 10 mask=00ff (pc=018446)
[   2.520] [protection-state] address=ffa020 data=1010 mask=ff00 pc=000948
[   2.520] [protection-state] address=ffa020 data=1010 mask=00ff pc=000952
[   2.537] [protection-state] address=ffa020 data=0000 mask=00ff pc=000952
[   2.570] [protection-state] address=ffa020 data=0000 mask=ff00 pc=000948
[   2.604]   [header-byte] write $ffa517 = 10 mask=00ff (pc=018446)
[   3.004] heartbeat frame=180 tx=18 rx=24 fc=1 fd=10 fe=1 linkflag=81 pc=000288 a502=00 a524=0003 a525=03 a170=00 a17f=00 txtail=0012 rxpend=0000
[   3.004] [transport] captured=18 flushed=18 received=24 accepted=8 payload2=0 payload3=0 payload4=0 payload5=0 pump_reads=159 bursts=6 txcredit=0 outq=0 inq=0 watchdog=23 txseq=07 rxseq=08 rxcredit=0 protection=00 checks=0000
[   3.004] [epochs] local=1 peer=1 ready=true discarded_rx=0
[   3.004] [tcb-continuations] ffa580=ff80->018392 sleep=0 local26=7710 ffa5c0=ff80->01853c sleep=0 local26=0000 ffd100=ff80->01b388 sleep=10 local26=0000
[   3.105]   [header-byte] write $ffa517 = 10 mask=00ff (pc=018446)
[   3.279]   [menu-state] write $ffa170 = 0909 mask=ff00 (pc=018062)
[   3.279]   [menu-state] write $ffa176 = 0000 mask=ff00 (pc=01afde)
[   3.279]   [header-byte] write $ffa513 = 00 mask=00ff (pc=01afe6)
[   3.279]   [header-byte] write $ffa513 = 10 mask=00ff (pc=01affe)
[   3.279]   [header-byte] write $ffa513 = 11 mask=00ff (pc=01b034)
[   3.310] [protection-checksum] data=0101 mask=00ff pc=01b0bc
[   3.311] [protection-checksum] data=0000 mask=00ff pc=01b11a
[   3.393]   [header-byte] write $ffa517 = 11 mask=00ff (pc=018446)
[   3.521] [protection-state] address=ffa020 data=1010 mask=ff00 pc=000948
[   3.521] [protection-state] address=ffa020 data=1010 mask=00ff pc=000952
[   3.538] [protection-state] address=ffa020 data=0000 mask=00ff pc=000952
[   3.572] [protection-state] address=ffa020 data=0000 mask=ff00 pc=000948
[   3.890]   [header-byte] write $ffa517 = 11 mask=00ff (pc=018446)
[   4.005] heartbeat frame=240 tx=27 rx=33 fc=1 fd=10 fe=1 linkflag=81 pc=00028a a502=00 a524=0000 a525=00 a170=09 a17f=00 txtail=001b rxpend=0000
[   4.005] [transport] captured=27 flushed=27 received=33 accepted=11 payload2=0 payload3=0 payload4=0 payload5=0 pump_reads=222 bursts=9 txcredit=0 outq=0 inq=0 watchdog=6 txseq=09 rxseq=0b rxcredit=0 protection=00 checks=0000
[   4.005] [epochs] local=1 peer=1 ready=true discarded_rx=0
[   4.005] [game-state] a142=ff a13e=ff a13f=ff a530=ffff a506=00 a507=00 a508=ff a7b0=0000 a7a6=0000 script=01a008 mode=00 rule=01 base=70 margin=6 difficulty=255 preset=0
[   4.005] [tcb-continuations] ffa580=ff80->018392 sleep=0 local26=7710 ffa5c0=ff80->01853c sleep=0 local26=0a00 ffd100=ff80->01b4ee sleep=0 local26=0000
[   4.137]   [menu-state] write $ffa170 = 0808 mask=ff00 (pc=018062)
[   4.137]   [menu-state] write $ffa176 = 0000 mask=ff00 (pc=01afde)
[   4.137]   [header-byte] write $ffa513 = 00 mask=00ff (pc=01afe6)
[   4.137]   [header-byte] write $ffa513 = 10 mask=00ff (pc=01affe)
[   4.137]   [header-byte] write $ffa513 = 11 mask=00ff (pc=01b034)
[   4.137] [game-command] data=0303 mask=ff00 pc=0188d8 requests=80
[   4.165]   [header-byte] write $ffa513 = 13 mask=00ff (pc=0189b4)
[   4.165]   [menu-state] write $ffa17f = 0000 mask=00ff (pc=0189c2)
[   4.373]   [header-byte] write $ffa517 = 11 mask=00ff (pc=018446)
[   4.457]   [header-byte] write $ffa517 = 13 mask=00ff (pc=018446)
[   4.523] [protection-state] address=ffa020 data=2020 mask=ff00 pc=000948
[   4.523] [protection-state] address=ffa020 data=2020 mask=00ff pc=000952
[   4.539] [protection-state] address=ffa020 data=0000 mask=00ff pc=000952
[   4.573] [protection-state] address=ffa020 data=0000 mask=ff00 pc=000948
[   4.865] [game-command] data=1313 mask=ff00 pc=018ae0 requests=00
[   5.006] heartbeat frame=300 tx=70 rx=39 fc=1 fd=10 fe=1 linkflag=81 pc=000288 a502=00 a524=0005 a525=05 a170=08 a17f=00 txtail=0046 rxpend=0000
[   5.006] [transport] captured=70 flushed=70 received=39 accepted=13 payload2=0 payload3=0 payload4=0 payload5=0 pump_reads=284 bursts=18 txcredit=0 outq=0 inq=0 watchdog=19 txseq=13 rxseq=0d rxcredit=0 protection=00 checks=0000
[   5.006] [epochs] local=1 peer=1 ready=true discarded_rx=0
[   5.006] [game-state] a142=04 a13e=01 a13f=01 a530=13ff a506=03 a507=00 a508=00 a7b0=0000 a7a6=0000 script=01a3ee mode=01 rule=01 base=70 margin=6 difficulty=255 preset=0
[   5.006] [tcb-continuations] ffa580=ff80->018392 sleep=0 local26=7710 ffa5c0=ff80->01853c sleep=0 local26=0000 ffd040=ff80->018a40 sleep=0 local26=8300 ffd080=ff80->01fe6e sleep=0 local26=0000 ffd0c0=ff80->018ee4 sleep=0 local26=0000 ffd100=ff80->01fbb4 sleep=0 local26=0000 ffd140=ff80->01fbb6 sleep=0 local26=0002 ffd180=ff80->01fbb6 sleep=0 local26=00a2 ffd1c0=ff80->01fbb6 sleep=0 local26=01c2 ffd200=ff80->01fbb6 sleep=0 local26=02e2 ffd240=ff80->01902e sleep=0 local26=0000 ffd280=ff80->01ffe2 sleep=0 local26=0009 ffd2c0=ff80->020004 sleep=0 local26=0002 ffd300=ff80->020004 sleep=0 local26=0000 ffd340=ff80->01febe sleep=0 local26=0000 ffd380=ff80->01fedc sleep=0 local26=0000
[   5.142]   [header-byte] write $ffa517 = 13 mask=00ff (pc=018446)
[   5.142] [packet-accepted] total=14 seq=0d flags=04 status=13 pc=01845e command=03 arg=ff
[   5.161]   [header-byte] write $ffa517 = 13 mask=00ff (pc=018446)
[   5.161] [packet-accepted] total=15 seq=0e flags=04 status=13 pc=01845e command=03 arg=ff
[   5.176]   [header-byte] write $ffa517 = 13 mask=00ff (pc=018446)
[   5.176] [packet-accepted] total=16 seq=0f flags=04 status=13 pc=01845e command=03 arg=ff
[   5.192]   [header-byte] write $ffa517 = 13 mask=00ff (pc=018446)
[   5.192] [packet-accepted] total=17 seq=10 flags=04 status=13 pc=01845e command=03 arg=ff
[   5.209]   [header-byte] write $ffa517 = 13 mask=00ff (pc=018446)
[   5.209] [packet-accepted] total=18 seq=11 flags=04 status=13 pc=01845e command=03 arg=ff
[   5.226]   [header-byte] write $ffa517 = 13 mask=00ff (pc=018446)
[   5.226] [packet-accepted] total=19 seq=12 flags=04 status=13 pc=01845e command=03 arg=ff
[   5.243]   [header-byte] write $ffa517 = 13 mask=00ff (pc=018446)
[   5.243] [packet-accepted] total=20 seq=13 flags=04 status=13 pc=01845e command=03 arg=ff
[   5.259]   [header-byte] write $ffa517 = 13 mask=00ff (pc=018446)
[   5.259] [packet-accepted] total=21 seq=14 flags=04 status=13 pc=01845e command=03 arg=ff
[   5.276]   [header-byte] write $ffa517 = 13 mask=00ff (pc=018446)
[   5.276] [packet-accepted] total=22 seq=15 flags=04 status=13 pc=01845e command=03 arg=ff
[   5.276]   [header-byte] write $ffa517 = 13 mask=00ff (pc=018446)
[   5.276] [packet-accepted] total=23 seq=16 flags=04 status=13 pc=01845e command=03 arg=ff
[   5.293]   [header-byte] write $ffa517 = 13 mask=00ff (pc=018446)
[   5.293] [packet-accepted] total=24 seq=17 flags=04 status=13 pc=01845e command=03 arg=ff
[   5.309]   [header-byte] write $ffa517 = 13 mask=00ff (pc=018446)
[   5.309] [packet-accepted] total=25 seq=18 flags=04 status=13 pc=01845e command=03 arg=ff
[   5.343]   [header-byte] write $ffa517 = 13 mask=00ff (pc=018446)
[   5.343] [packet-accepted] total=26 seq=19 flags=04 status=13 pc=01845e command=03 arg=ff
[   5.359]   [header-byte] write $ffa517 = 13 mask=00ff (pc=018446)
[   5.359] [packet-accepted] total=27 seq=1a flags=04 status=13 pc=01845e command=03 arg=ff
[   5.376]   [header-byte] write $ffa517 = 13 mask=00ff (pc=018446)
[   5.376] [packet-accepted] total=28 seq=1b flags=04 status=13 pc=01845e command=03 arg=ff
[   5.393]   [header-byte] write $ffa517 = 13 mask=00ff (pc=018446)
[   5.393] [packet-accepted] total=29 seq=1c flags=04 status=13 pc=01845e command=03 arg=ff
[   5.410]   [header-byte] write $ffa517 = 13 mask=00ff (pc=018446)
[   5.410] [packet-accepted] total=30 seq=1d flags=04 status=13 pc=01845e command=03 arg=ff
[   5.426]   [header-byte] write $ffa517 = 13 mask=00ff (pc=018446)
[   5.426] [packet-accepted] total=31 seq=1e flags=04 status=13 pc=01845e command=03 arg=ff
[   5.443]   [header-byte] write $ffa517 = 13 mask=00ff (pc=018446)
[   5.443] [packet-accepted] total=32 seq=1f flags=04 status=13 pc=01845e command=03 arg=ff
[   5.460]   [header-byte] write $ffa517 = 13 mask=00ff (pc=018446)
[   5.460] [packet-accepted] total=33 seq=20 flags=04 status=13 pc=01845e command=03 arg=ff
[   5.476]   [header-byte] write $ffa517 = 13 mask=00ff (pc=018446)
[   5.476] [packet-accepted] total=34 seq=21 flags=04 status=13 pc=01845e command=03 arg=ff
[   5.493]   [header-byte] write $ffa517 = 13 mask=00ff (pc=018446)
[   5.493] [packet-accepted] total=35 seq=22 flags=04 status=13 pc=01845e command=03 arg=ff
[   5.493]   [header-byte] write $ffa517 = 13 mask=00ff (pc=018446)
[   5.493] [packet-accepted] total=36 seq=23 flags=04 status=13 pc=01845e command=03 arg=ff
[   5.510]   [header-byte] write $ffa517 = 13 mask=00ff (pc=018446)
[   5.510] [packet-accepted] total=37 seq=24 flags=04 status=13 pc=01845e command=03 arg=ff
[   5.524] [protection-state] address=ffa020 data=2020 mask=ff00 pc=000948
[   5.524] [protection-state] address=ffa020 data=2020 mask=00ff pc=000952
[   5.526]   [header-byte] write $ffa517 = 13 mask=00ff (pc=018446)
[   5.526] [packet-accepted] total=38 seq=25 flags=04 status=13 pc=01845e command=03 arg=ff
[   5.541] [protection-state] address=ffa020 data=0000 mask=00ff pc=000952
[   5.544] [game-command] data=3333 mask=ff00 pc=018ae0 requests=00
[   5.560]   [header-byte] write $ffa517 = 13 mask=00ff (pc=018446)
[   5.560] [packet-accepted] total=39 seq=26 flags=04 status=13 pc=01845e command=03 arg=ff
[   5.574] [protection-state] address=ffa020 data=0000 mask=ff00 pc=000948
[   5.576]   [header-byte] write $ffa517 = 13 mask=00ff (pc=018446)
[   5.576] [packet-accepted] total=40 seq=27 flags=04 status=13 pc=01845e command=03 arg=ff
[   5.593]   [header-byte] write $ffa517 = 13 mask=00ff (pc=018446)
[   5.593] [packet-accepted] total=41 seq=28 flags=04 status=13 pc=01845e command=03 arg=ff
[   5.610]   [header-byte] write $ffa517 = 13 mask=00ff (pc=018446)
[   5.610] [packet-accepted] total=42 seq=29 flags=04 status=13 pc=01845e command=03 arg=ff
[   5.626]   [header-byte] write $ffa517 = 13 mask=00ff (pc=018446)
[   5.626] [packet-accepted] total=43 seq=2a flags=04 status=13 pc=01845e command=03 arg=ff
[   5.645]   [header-byte] write $ffa517 = 13 mask=00ff (pc=018446)
[   5.645] [packet-accepted] total=44 seq=2b flags=04 status=13 pc=01845e command=03 arg=ff
[   5.660]   [header-byte] write $ffa517 = 13 mask=00ff (pc=018446)
[   5.660] [packet-accepted] total=45 seq=2c flags=04 status=13 pc=01845e command=03 arg=ff
[   5.677]   [header-byte] write $ffa517 = 13 mask=00ff (pc=018446)
[   5.677] [packet-accepted] total=46 seq=2d flags=04 status=13 pc=01845e command=03 arg=ff
[   5.693]   [header-byte] write $ffa517 = 13 mask=00ff (pc=018446)
[   5.693] [packet-accepted] total=47 seq=2e flags=04 status=13 pc=01845e command=03 arg=ff
[   5.710]   [header-byte] write $ffa517 = 13 mask=00ff (pc=018446)
[   5.710] [packet-accepted] total=48 seq=2f flags=04 status=13 pc=01845e command=03 arg=ff
[   5.727]   [header-byte] write $ffa517 = 13 mask=00ff (pc=018446)
[   5.727] [packet-accepted] total=49 seq=30 flags=04 status=13 pc=01845e command=03 arg=ff
[   5.743]   [header-byte] write $ffa517 = 13 mask=00ff (pc=018446)
[   5.743] [packet-accepted] total=50 seq=31 flags=04 status=13 pc=01845e command=03 arg=ff
[   5.743]   [header-byte] write $ffa517 = 13 mask=00ff (pc=018446)
[   5.743] [packet-accepted] total=51 seq=32 flags=04 status=13 pc=01845e command=03 arg=ff
[   5.760]   [header-byte] write $ffa517 = 13 mask=00ff (pc=018446)
[   5.760] [packet-accepted] total=52 seq=33 flags=04 status=13 pc=01845e command=03 arg=ff
[   5.777]   [header-byte] write $ffa517 = 13 mask=00ff (pc=018446)
[   5.777] [packet-accepted] total=53 seq=34 flags=04 status=13 pc=01845e command=03 arg=ff
[   5.795]   [header-byte] write $ffa517 = 13 mask=00ff (pc=018446)
[   5.795] [packet-accepted] total=54 seq=35 flags=04 status=13 pc=01845e command=03 arg=ff
[   5.827]   [header-byte] write $ffa517 = 13 mask=00ff (pc=018446)
[   5.827] [packet-accepted] total=55 seq=36 flags=04 status=13 pc=01845e command=03 arg=ff
[   5.843]   [header-byte] write $ffa517 = 13 mask=00ff (pc=018446)
[   5.843] [packet-accepted] total=56 seq=37 flags=04 status=13 pc=01845e command=03 arg=ff
[   5.860]   [header-byte] write $ffa517 = 13 mask=00ff (pc=018446)
[   5.860] [packet-accepted] total=57 seq=38 flags=04 status=13 pc=01845e command=03 arg=ff
[   5.877]   [header-byte] write $ffa517 = 13 mask=00ff (pc=018446)
[   5.877] [packet-accepted] total=58 seq=39 flags=04 status=13 pc=01845e command=03 arg=ff
[   5.893]   [header-byte] write $ffa517 = 13 mask=00ff (pc=018446)
[   5.893] [packet-accepted] total=59 seq=3a flags=04 status=13 pc=01845e command=03 arg=ff
[   5.910]   [header-byte] write $ffa517 = 13 mask=00ff (pc=018446)
[   5.910] [packet-accepted] total=60 seq=3b flags=04 status=13 pc=01845e command=03 arg=ff
[   5.926]   [header-byte] write $ffa517 = 13 mask=00ff (pc=018446)
[   5.926] [packet-accepted] total=61 seq=3c flags=04 status=13 pc=01845e command=03 arg=ff
[   5.943]   [header-byte] write $ffa517 = 13 mask=00ff (pc=018446)
[   5.943] [packet-accepted] total=62 seq=3d flags=04 status=13 pc=01845e command=03 arg=ff
[   5.960]   [header-byte] write $ffa517 = 13 mask=00ff (pc=018446)
[   5.960] [packet-accepted] total=63 seq=3e flags=04 status=13 pc=01845e command=03 arg=ff
[   5.976]   [header-byte] write $ffa517 = 13 mask=00ff (pc=018446)
[   5.976] [packet-accepted] total=64 seq=3f flags=04 status=13 pc=01845e command=03 arg=ff
[   5.977]   [header-byte] write $ffa517 = 13 mask=00ff (pc=018446)
[   5.977] [packet-accepted] total=65 seq=40 flags=04 status=13 pc=01845e command=03 arg=ff
[   5.993]   [header-byte] write $ffa517 = 13 mask=00ff (pc=018446)
[   5.993] [packet-accepted] total=66 seq=41 flags=04 status=13 pc=01845e command=03 arg=ff
[   6.008] heartbeat frame=360 tx=370 rx=304 fc=1 fd=10 fe=1 linkflag=81 pc=00028a a502=00 a524=0005 a525=05 a170=08 a17f=00 txtail=0072 rxpend=0000
[   6.008] [transport] captured=370 flushed=370 received=304 accepted=66 payload2=53 payload3=0 payload4=0 payload5=0 pump_reads=393 bursts=78 txcredit=0 outq=0 inq=0 watchdog=0 txseq=4f rxseq=42 rxcredit=5 protection=00 checks=0000
[   6.008] [epochs] local=1 peer=1 ready=true discarded_rx=0
[   6.008] [game-state] a142=04 a13e=02 a13f=03 a530=33ff a506=03 a507=00 a508=00 a7b0=0000 a7a6=03ff script=01a3ee mode=01 rule=01 base=70 margin=6 difficulty=255 preset=0
[   6.008] [tcb-continuations] ffa580=ff80->018392 sleep=0 local26=7710 ffa5c0=ff80->01853c sleep=0 local26=0000 ffd040=ff80->018a40 sleep=0 local26=8300 ffd100=ff80->01fbb4 sleep=0 local26=0000 ffd140=ff80->01fbb6 sleep=0 local26=0002 ffd180=ff80->01fbb6 sleep=0 local26=00a2 ffd1c0=ff80->01fbb6 sleep=0 local26=01c2 ffd200=ff80->01fbb6 sleep=0 local26=02e2 ffd240=ff80->01902e sleep=0 local26=0000 ffd280=ff80->01ffe2 sleep=0 local26=0008 ffd2c0=ff80->020004 sleep=0 local26=0002 ffd300=ff80->020004 sleep=0 local26=0000
[   6.010]   [header-byte] write $ffa517 = 13 mask=00ff (pc=018446)
[   6.010] [packet-accepted] total=67 seq=42 flags=04 status=13 pc=01845e command=03 arg=ff
[   6.045]   [header-byte] write $ffa517 = 13 mask=00ff (pc=018446)
[   6.045] [packet-accepted] total=68 seq=43 flags=04 status=13 pc=01845e command=03 arg=ff
[   6.060]   [header-byte] write $ffa517 = 13 mask=00ff (pc=018446)
[   6.060] [packet-accepted] total=69 seq=44 flags=04 status=13 pc=01845e command=03 arg=ff
[   6.077]   [header-byte] write $ffa517 = 13 mask=00ff (pc=018446)
[   6.077] [packet-accepted] total=70 seq=45 flags=04 status=13 pc=01845e command=03 arg=ff
[   6.093]   [header-byte] write $ffa517 = 13 mask=00ff (pc=018446)
[   6.093] [packet-accepted] total=71 seq=46 flags=04 status=13 pc=01845e command=03 arg=ff
[   6.112]   [header-byte] write $ffa517 = 13 mask=00ff (pc=018446)
[   6.112] [packet-accepted] total=72 seq=47 flags=04 status=13 pc=01845e command=03 arg=ff
[   6.127]   [header-byte] write $ffa517 = 13 mask=00ff (pc=018446)
[   6.127] [packet-accepted] total=73 seq=48 flags=04 status=13 pc=01845e command=03 arg=ff
[   6.144]   [header-byte] write $ffa517 = 13 mask=00ff (pc=018446)
[   6.144] [packet-accepted] total=74 seq=49 flags=04 status=13 pc=01845e command=03 arg=ff
[   6.160]   [header-byte] write $ffa517 = 13 mask=00ff (pc=018446)
[   6.160] [packet-accepted] total=75 seq=4a flags=04 status=13 pc=01845e command=03 arg=ff
[   6.177]   [header-byte] write $ffa517 = 13 mask=00ff (pc=018446)
[   6.177] [packet-accepted] total=76 seq=4b flags=04 status=13 pc=01845e command=03 arg=ff
[   6.194]   [header-byte] write $ffa517 = 13 mask=00ff (pc=018446)
[   6.194] [packet-accepted] total=77 seq=4c flags=04 status=13 pc=01845e command=03 arg=ff
[   6.210]   [header-byte] write $ffa517 = 13 mask=00ff (pc=018446)
[   6.210] [packet-accepted] total=78 seq=4d flags=04 status=13 pc=01845e command=03 arg=ff
[   6.227]   [header-byte] write $ffa517 = 13 mask=00ff (pc=018446)
[   6.227] [packet-accepted] total=79 seq=4e flags=04 status=13 pc=01845e command=03 arg=ff
[   6.227]   [header-byte] write $ffa517 = 13 mask=00ff (pc=018446)
[   6.227] [packet-accepted] total=80 seq=4f flags=04 status=13 pc=01845e command=03 arg=ff
[   6.244]   [header-byte] write $ffa517 = 13 mask=00ff (pc=018446)
[   6.244] [packet-accepted] total=81 seq=50 flags=04 status=13 pc=01845e command=03 arg=ff
[   6.280]   [header-byte] write $ffa517 = 13 mask=00ff (pc=018446)
[   6.280] [packet-accepted] total=82 seq=51 flags=04 status=13 pc=01845e command=03 arg=ff
[   6.294]   [header-byte] write $ffa517 = 13 mask=00ff (pc=018446)
[   6.294] [packet-accepted] total=83 seq=52 flags=04 status=13 pc=01845e command=03 arg=ff
[   6.311]   [header-byte] write $ffa517 = 13 mask=00ff (pc=018446)
[   6.311] [packet-accepted] total=84 seq=53 flags=04 status=13 pc=01845e command=03 arg=ff
[   6.327]   [header-byte] write $ffa517 = 13 mask=00ff (pc=018446)
[   6.327] [packet-accepted] total=85 seq=54 flags=04 status=13 pc=01845e command=03 arg=ff
[   6.344]   [header-byte] write $ffa517 = 13 mask=00ff (pc=018446)
[   6.344] [packet-accepted] total=86 seq=55 flags=04 status=13 pc=01845e command=03 arg=ff
[   6.361]   [header-byte] write $ffa517 = 13 mask=00ff (pc=018446)
[   6.361] [packet-accepted] total=87 seq=56 flags=04 status=13 pc=01845e command=03 arg=ff
[   6.377]   [header-byte] write $ffa517 = 13 mask=00ff (pc=018446)
[   6.377] [packet-accepted] total=88 seq=57 flags=04 status=13 pc=01845e command=03 arg=ff
[   6.394]   [header-byte] write $ffa517 = 13 mask=00ff (pc=018446)
[   6.394] [packet-accepted] total=89 seq=58 flags=04 status=13 pc=01845e command=03 arg=ff
[   6.394]   [header-byte] write $ffa517 = 13 mask=00ff (pc=018446)
[   6.394] [packet-accepted] total=90 seq=59 flags=04 status=13 pc=01845e command=03 arg=ff
[   6.411]   [header-byte] write $ffa517 = 13 mask=00ff (pc=018446)
[   6.411] [packet-accepted] total=91 seq=5a flags=04 status=13 pc=01845e command=03 arg=ff
[   6.444]   [header-byte] write $ffa517 = 13 mask=00ff (pc=018446)
[   6.444] [packet-accepted] total=92 seq=5b flags=04 status=13 pc=01845e command=03 arg=ff
[   6.460]   [header-byte] write $ffa517 = 13 mask=00ff (pc=018446)
[   6.460] [packet-accepted] total=93 seq=5c flags=04 status=13 pc=01845e command=03 arg=ff
[   6.477]   [header-byte] write $ffa517 = 13 mask=00ff (pc=018446)
[   6.477] [packet-accepted] total=94 seq=5d flags=04 status=13 pc=01845e command=03 arg=ff
[   6.494]   [header-byte] write $ffa517 = 13 mask=00ff (pc=018446)
[   6.494] [packet-accepted] total=95 seq=5e flags=04 status=13 pc=01845e command=03 arg=ff
[   6.511]   [header-byte] write $ffa517 = 13 mask=00ff (pc=018446)
[   6.511] [packet-accepted] total=96 seq=5f flags=04 status=13 pc=01845e command=03 arg=ff
[   6.527]   [header-byte] write $ffa517 = 13 mask=00ff (pc=018446)
[   6.527] [packet-accepted] total=97 seq=60 flags=04 status=13 pc=01845e command=03 arg=ff
[   6.544]   [header-byte] write $ffa517 = 13 mask=00ff (pc=018446)
[   6.544] [packet-accepted] total=98 seq=61 flags=04 status=13 pc=01845e command=03 arg=ff
[   6.561]   [header-byte] write $ffa517 = 13 mask=00ff (pc=018446)
[   6.561] [packet-accepted] total=99 seq=62 flags=04 status=13 pc=01845e command=03 arg=ff
[   6.577]   [header-byte] write $ffa517 = 13 mask=00ff (pc=018446)
[   6.577] [packet-accepted] total=100 seq=63 flags=04 status=13 pc=01845e command=03 arg=ff
[   6.596]   [header-byte] write $ffa517 = 13 mask=00ff (pc=018446)
[   6.596] [packet-accepted] total=101 seq=64 flags=04 status=13 pc=01845e command=03 arg=ff
[   6.611]   [header-byte] write $ffa517 = 13 mask=00ff (pc=018446)
[   6.611] [packet-accepted] total=102 seq=65 flags=04 status=13 pc=01845e command=03 arg=ff
[   6.628]   [header-byte] write $ffa517 = 13 mask=00ff (pc=018446)
[   6.628] [packet-accepted] total=103 seq=66 flags=04 status=13 pc=01845e command=03 arg=ff
[   6.628]   [header-byte] write $ffa517 = 13 mask=00ff (pc=018446)
[   6.628] [packet-accepted] total=104 seq=67 flags=04 status=13 pc=01845e command=03 arg=ff
[   6.644]   [header-byte] write $ffa517 = 13 mask=00ff (pc=018446)
[   6.644] [packet-accepted] total=105 seq=68 flags=04 status=13 pc=01845e command=03 arg=ff
[   6.661]   [header-byte] write $ffa517 = 13 mask=00ff (pc=018446)
[   6.661] [packet-accepted] total=106 seq=69 flags=04 status=13 pc=01845e command=03 arg=ff
[   6.678]   [header-byte] write $ffa517 = 13 mask=00ff (pc=018446)
[   6.678] [packet-accepted] total=107 seq=6a flags=04 status=13 pc=01845e command=03 arg=ff
[   6.711]   [header-byte] write $ffa517 = 13 mask=00ff (pc=018446)
[   6.711] [packet-accepted] total=108 seq=6b flags=04 status=13 pc=01845e command=03 arg=ff
[   6.728]   [header-byte] write $ffa517 = 13 mask=00ff (pc=018446)
[   6.728] [packet-accepted] total=109 seq=6c flags=04 status=13 pc=01845e command=03 arg=ff
[   6.746]   [header-byte] write $ffa517 = 13 mask=00ff (pc=018446)
[   6.746] [packet-accepted] total=110 seq=6d flags=04 status=13 pc=01845e command=03 arg=ff
[   6.761]   [header-byte] write $ffa517 = 13 mask=00ff (pc=018446)
[   6.761] [packet-accepted] total=111 seq=6e flags=04 status=13 pc=01845e command=03 arg=ff
[   6.778]   [header-byte] write $ffa517 = 13 mask=00ff (pc=018446)
[   6.778] [packet-accepted] total=112 seq=6f flags=04 status=13 pc=01845e command=03 arg=ff
[   6.795]   [header-byte] write $ffa517 = 13 mask=00ff (pc=018446)
[   6.795] [packet-accepted] total=113 seq=70 flags=04 status=13 pc=01845e command=03 arg=ff
[   6.811]   [header-byte] write $ffa517 = 13 mask=00ff (pc=018446)
[   6.811] [packet-accepted] total=114 seq=71 flags=04 status=13 pc=01845e command=03 arg=ff
[   6.828]   [header-byte] write $ffa517 = 13 mask=00ff (pc=018446)
[   6.828] [packet-accepted] total=115 seq=72 flags=04 status=13 pc=01845e command=03 arg=ff
[   6.845]   [header-byte] write $ffa517 = 13 mask=00ff (pc=018446)
[   6.845] [packet-accepted] total=116 seq=73 flags=04 status=13 pc=01845e command=03 arg=ff
[   6.861]   [header-byte] write $ffa517 = 13 mask=00ff (pc=018446)
[   6.861] [packet-accepted] total=117 seq=74 flags=04 status=13 pc=01845e command=03 arg=ff
[   6.878]   [header-byte] write $ffa517 = 13 mask=00ff (pc=018446)
[   6.878] [packet-accepted] total=118 seq=75 flags=04 status=13 pc=01845e command=03 arg=ff
[   6.895]   [header-byte] write $ffa517 = 13 mask=00ff (pc=018446)
[   6.895] [packet-accepted] total=119 seq=76 flags=04 status=13 pc=01845e command=03 arg=ff
[   6.895]   [header-byte] write $ffa517 = 13 mask=00ff (pc=018446)
[   6.895] [packet-accepted] total=120 seq=77 flags=04 status=13 pc=01845e command=03 arg=ff
[   6.911]   [header-byte] write $ffa517 = 13 mask=00ff (pc=018446)
[   6.911] [packet-accepted] total=121 seq=78 flags=04 status=13 pc=01845e command=03 arg=ff
[   6.928]   [header-byte] write $ffa517 = 13 mask=00ff (pc=018446)
[   6.928] [packet-accepted] total=122 seq=79 flags=04 status=13 pc=01845e command=03 arg=ff
[   6.945]   [header-byte] write $ffa517 = 13 mask=00ff (pc=018446)
[   6.945] [packet-accepted] total=123 seq=7a flags=04 status=13 pc=01845e command=03 arg=ff
[   6.978]   [header-byte] write $ffa517 = 13 mask=00ff (pc=018446)
[   6.978] [packet-accepted] total=124 seq=7b flags=04 status=13 pc=01845e command=03 arg=ff
[   6.995]   [header-byte] write $ffa517 = 13 mask=00ff (pc=018446)
[   6.995] [packet-accepted] total=125 seq=7c flags=04 status=13 pc=01845e command=03 arg=ff
[   7.009] heartbeat frame=420 tx=670 rx=599 fc=1 fd=10 fe=1 linkflag=81 pc=00028a a502=00 a524=0005 a525=05 a170=08 a17f=00 txtail=009e rxpend=0000
[   7.009] [transport] captured=670 flushed=670 received=599 accepted=125 payload2=112 payload3=0 payload4=0 payload5=0 pump_reads=508 bursts=138 txcredit=0 outq=0 inq=0 watchdog=0 txseq=8b rxseq=7d rxcredit=5 protection=00 checks=0000
[   7.009] [epochs] local=1 peer=1 ready=true discarded_rx=0
[   7.009] [tcb-continuations] ffa580=ff80->018392 sleep=0 local26=7710 ffa5c0=ff80->01853c sleep=0 local26=0000 ffd040=ff80->018a40 sleep=0 local26=8300 ffd100=ff80->01fbb4 sleep=0 local26=0000 ffd140=ff80->01fbb6 sleep=0 local26=0002 ffd180=ff80->01fbb6 sleep=0 local26=00a2 ffd1c0=ff80->01fbb6 sleep=0 local26=01c2 ffd200=ff80->01fbb6 sleep=0 local26=02e2 ffd240=ff80->01902e sleep=0 local26=0000 ffd280=ff80->01ffe2 sleep=0 local26=0007 ffd2c0=ff80->020004 sleep=0 local26=0002 ffd300=ff80->020004 sleep=0 local26=0000
[   7.011]   [header-byte] write $ffa517 = 13 mask=00ff (pc=018446)
[   7.011] [packet-accepted] total=126 seq=7d flags=04 status=13 pc=01845e command=03 arg=ff
[   7.028]   [header-byte] write $ffa517 = 13 mask=00ff (pc=018446)
[   7.028] [packet-accepted] total=127 seq=7e flags=04 status=13 pc=01845e command=03 arg=ff
[   7.045]   [header-byte] write $ffa517 = 13 mask=00ff (pc=018446)
[   7.045] [packet-accepted] total=128 seq=7f flags=04 status=13 pc=01845e command=03 arg=ff
[   7.063]   [header-byte] write $ffa517 = 13 mask=00ff (pc=018446)
[   7.063] [packet-accepted] total=129 seq=80 flags=04 status=13 pc=01845e command=03 arg=ff
[   7.078]   [header-byte] write $ffa517 = 13 mask=00ff (pc=018446)
[   7.078] [packet-accepted] total=130 seq=81 flags=04 status=13 pc=01845e command=03 arg=ff
[   7.095]   [header-byte] write $ffa517 = 13 mask=00ff (pc=018446)
[   7.095] [packet-accepted] total=131 seq=82 flags=04 status=13 pc=01845e command=03 arg=ff
[   7.112]   [header-byte] write $ffa517 = 13 mask=00ff (pc=018446)
[   7.112] [packet-accepted] total=132 seq=83 flags=04 status=13 pc=01845e command=03 arg=ff
[   7.112]   [header-byte] write $ffa517 = 13 mask=00ff (pc=018446)
[   7.112] [packet-accepted] total=133 seq=84 flags=04 status=13 pc=01845e command=03 arg=ff
[   7.128]   [header-byte] write $ffa517 = 13 mask=00ff (pc=018446)
[   7.128] [packet-accepted] total=134 seq=85 flags=04 status=13 pc=01845e command=03 arg=ff
[   7.145]   [header-byte] write $ffa517 = 13 mask=00ff (pc=018446)
[   7.145] [packet-accepted] total=135 seq=86 flags=04 status=13 pc=01845e command=03 arg=ff
[   7.162]   [header-byte] write $ffa517 = 13 mask=00ff (pc=018446)
[   7.162] [packet-accepted] total=136 seq=87 flags=04 status=13 pc=01845e command=03 arg=ff
[   7.195]   [header-byte] write $ffa517 = 13 mask=00ff (pc=018446)
[   7.195] [packet-accepted] total=137 seq=88 flags=04 status=13 pc=01845e command=03 arg=ff
[   7.212]   [header-byte] write $ffa517 = 13 mask=00ff (pc=018446)
[   7.212] [packet-accepted] total=138 seq=89 flags=04 status=13 pc=01845e command=03 arg=ff
[   7.230]   [header-byte] write $ffa517 = 13 mask=00ff (pc=018446)
[   7.230] [packet-accepted] total=139 seq=8a flags=04 status=13 pc=01845e command=03 arg=ff
[   7.245]   [header-byte] write $ffa517 = 13 mask=00ff (pc=018446)
[   7.245] [packet-accepted] total=140 seq=8b flags=04 status=13 pc=01845e command=03 arg=ff
[   7.262]   [header-byte] write $ffa517 = 13 mask=00ff (pc=018446)
[   7.262] [packet-accepted] total=141 seq=8c flags=04 status=13 pc=01845e command=03 arg=ff
[   7.279]   [header-byte] write $ffa517 = 13 mask=00ff (pc=018446)
[   7.279] [packet-accepted] total=142 seq=8d flags=04 status=13 pc=01845e command=03 arg=ff
[   7.295]   [header-byte] write $ffa517 = 13 mask=00ff (pc=018446)
[   7.295] [packet-accepted] total=143 seq=8e flags=04 status=13 pc=01845e command=03 arg=ff
[   7.312]   [header-byte] write $ffa517 = 13 mask=00ff (pc=018446)
[   7.312] [packet-accepted] total=144 seq=8f flags=04 status=13 pc=01845e command=03 arg=ff
[   7.329]   [header-byte] write $ffa517 = 13 mask=00ff (pc=018446)
[   7.329] [packet-accepted] total=145 seq=90 flags=04 status=13 pc=01845e command=03 arg=ff
[   7.345]   [header-byte] write $ffa517 = 13 mask=00ff (pc=018446)
[   7.345] [packet-accepted] total=146 seq=91 flags=04 status=13 pc=01845e command=03 arg=ff
[   7.362]   [header-byte] write $ffa517 = 13 mask=00ff (pc=018446)
[   7.362] [packet-accepted] total=147 seq=92 flags=04 status=13 pc=01845e command=03 arg=ff
[   7.362]   [header-byte] write $ffa517 = 13 mask=00ff (pc=018446)
[   7.362] [packet-accepted] total=148 seq=93 flags=04 status=13 pc=01845e command=03 arg=ff
[   7.379]   [header-byte] write $ffa517 = 13 mask=00ff (pc=018446)
[   7.379] [packet-accepted] total=149 seq=94 flags=04 status=13 pc=01845e command=03 arg=ff
[   7.395]   [header-byte] write $ffa517 = 13 mask=00ff (pc=018446)
[   7.395] [packet-accepted] total=150 seq=95 flags=04 status=13 pc=01845e command=03 arg=ff
[   7.429]   [header-byte] write $ffa517 = 13 mask=00ff (pc=018446)
[   7.429] [packet-accepted] total=151 seq=96 flags=04 status=13 pc=01845e command=03 arg=ff
[   7.445]   [header-byte] write $ffa517 = 13 mask=00ff (pc=018446)
[   7.445] [packet-accepted] total=152 seq=97 flags=04 status=13 pc=01845e command=03 arg=ff
[   7.462]   [header-byte] write $ffa517 = 13 mask=00ff (pc=018446)
[   7.462] [packet-accepted] total=153 seq=98 flags=04 status=13 pc=01845e command=03 arg=ff
[   7.479]   [header-byte] write $ffa517 = 13 mask=00ff (pc=018446)
[   7.479] [packet-accepted] total=154 seq=99 flags=04 status=13 pc=01845e command=03 arg=ff
[   7.496]   [header-byte] write $ffa517 = 13 mask=00ff (pc=018446)
[   7.496] [packet-accepted] total=155 seq=9a flags=04 status=13 pc=01845e command=03 arg=ff
[   7.512]   [header-byte] write $ffa517 = 13 mask=00ff (pc=018446)
[   7.512] [packet-accepted] total=156 seq=9b flags=04 status=13 pc=01845e command=03 arg=ff
[   7.529]   [header-byte] write $ffa517 = 13 mask=00ff (pc=018446)
[   7.529] [packet-accepted] total=157 seq=9c flags=04 status=13 pc=01845e command=03 arg=ff
[   7.549]   [header-byte] write $ffa517 = 13 mask=00ff (pc=018446)
[   7.549] [packet-accepted] total=158 seq=9d flags=04 status=13 pc=01845e command=03 arg=ff
[   7.562]   [header-byte] write $ffa517 = 13 mask=00ff (pc=018446)
[   7.562] [packet-accepted] total=159 seq=9e flags=04 status=13 pc=01845e command=03 arg=ff
[   7.579]   [header-byte] write $ffa517 = 13 mask=00ff (pc=018446)
[   7.579] [packet-accepted] total=160 seq=9f flags=04 status=13 pc=01845e command=03 arg=ff
[   7.595]   [header-byte] write $ffa517 = 13 mask=00ff (pc=018446)
[   7.595] [packet-accepted] total=161 seq=a0 flags=04 status=13 pc=01845e command=03 arg=ff
[   7.612]   [header-byte] write $ffa517 = 13 mask=00ff (pc=018446)
[   7.612] [packet-accepted] total=162 seq=a1 flags=04 status=13 pc=01845e command=03 arg=ff
[   7.612]   [header-byte] write $ffa517 = 13 mask=00ff (pc=018446)
[   7.612] [packet-accepted] total=163 seq=a2 flags=04 status=13 pc=01845e command=03 arg=ff
[   7.629]   [header-byte] write $ffa517 = 13 mask=00ff (pc=018446)
[   7.629] [packet-accepted] total=164 seq=a3 flags=04 status=13 pc=01845e command=03 arg=ff
[   7.645]   [header-byte] write $ffa517 = 13 mask=00ff (pc=018446)
[   7.645] [packet-accepted] total=165 seq=a4 flags=04 status=13 pc=01845e command=03 arg=ff
[   7.662]   [header-byte] write $ffa517 = 13 mask=00ff (pc=018446)
[   7.662] [packet-accepted] total=166 seq=a5 flags=04 status=13 pc=01845e command=03 arg=ff
[   7.698]   [header-byte] write $ffa517 = 13 mask=00ff (pc=018446)
[   7.698] [packet-accepted] total=167 seq=a6 flags=04 status=13 pc=01845e command=03 arg=ff
[   7.712]   [header-byte] write $ffa517 = 13 mask=00ff (pc=018446)
[   7.712] [packet-accepted] total=168 seq=a7 flags=04 status=13 pc=01845e command=03 arg=ff
[   7.729]   [header-byte] write $ffa517 = 13 mask=00ff (pc=018446)
[   7.729] [packet-accepted] total=169 seq=a8 flags=04 status=13 pc=01845e command=03 arg=ff
[   7.746]   [header-byte] write $ffa517 = 13 mask=00ff (pc=018446)
[   7.746] [packet-accepted] total=170 seq=a9 flags=04 status=13 pc=01845e command=03 arg=ff
[   7.762]   [header-byte] write $ffa517 = 13 mask=00ff (pc=018446)
[   7.762] [packet-accepted] total=171 seq=aa flags=04 status=13 pc=01845e command=03 arg=ff
[   7.779]   [header-byte] write $ffa517 = 13 mask=00ff (pc=018446)
[   7.779] [packet-accepted] total=172 seq=ab flags=04 status=13 pc=01845e command=03 arg=ff
[   7.796]   [header-byte] write $ffa517 = 13 mask=00ff (pc=018446)
[   7.796] [packet-accepted] total=173 seq=ac flags=04 status=13 pc=01845e command=03 arg=ff
[   7.812]   [header-byte] write $ffa517 = 13 mask=00ff (pc=018446)
[   7.812] [packet-accepted] total=174 seq=ad flags=04 status=13 pc=01845e command=03 arg=ff
[   7.829]   [header-byte] write $ffa517 = 13 mask=00ff (pc=018446)
[   7.829] [packet-accepted] total=175 seq=ae flags=04 status=13 pc=01845e command=03 arg=ff
[   7.829]   [header-byte] write $ffa517 = 13 mask=00ff (pc=018446)
[   7.829] [packet-accepted] total=176 seq=af flags=04 status=13 pc=01845e command=03 arg=ff
[   7.846]   [header-byte] write $ffa517 = 13 mask=00ff (pc=018446)
[   7.846] [packet-accepted] total=177 seq=b0 flags=04 status=13 pc=01845e command=03 arg=ff
[   7.862]   [header-byte] write $ffa517 = 13 mask=00ff (pc=018446)
[   7.862] [packet-accepted] total=178 seq=b1 flags=04 status=13 pc=01845e command=03 arg=ff
[   7.896]   [header-byte] write $ffa517 = 13 mask=00ff (pc=018446)
[   7.896] [packet-accepted] total=179 seq=b2 flags=04 status=13 pc=01845e command=03 arg=ff
[   7.912]   [header-byte] write $ffa517 = 13 mask=00ff (pc=018446)
[   7.912] [packet-accepted] total=180 seq=b3 flags=04 status=13 pc=01845e command=03 arg=ff
[   7.929]   [header-byte] write $ffa517 = 13 mask=00ff (pc=018446)
[   7.929] [packet-accepted] total=181 seq=b4 flags=04 status=13 pc=01845e command=03 arg=ff
[   7.946]   [header-byte] write $ffa517 = 13 mask=00ff (pc=018446)
[   7.946] [packet-accepted] total=182 seq=b5 flags=04 status=13 pc=01845e command=03 arg=ff
[   7.962]   [header-byte] write $ffa517 = 13 mask=00ff (pc=018446)
[   7.962] [packet-accepted] total=183 seq=b6 flags=04 status=13 pc=01845e command=03 arg=ff
[   7.979]   [header-byte] write $ffa517 = 13 mask=00ff (pc=018446)
[   7.979] [packet-accepted] total=184 seq=b7 flags=04 status=13 pc=01845e command=03 arg=ff
[   7.996]   [header-byte] write $ffa517 = 13 mask=00ff (pc=018446)
[   7.996] [packet-accepted] total=185 seq=b8 flags=04 status=13 pc=01845e command=03 arg=ff
[   8.010] heartbeat frame=480 tx=970 rx=899 fc=1 fd=10 fe=1 linkflag=81 pc=00028a a502=00 a524=0005 a525=05 a170=08 a17f=00 txtail=00ca rxpend=0000
[   8.010] [transport] captured=970 flushed=970 received=899 accepted=185 payload2=172 payload3=0 payload4=0 payload5=0 pump_reads=624 bursts=198 txcredit=0 outq=0 inq=0 watchdog=0 txseq=c7 rxseq=b9 rxcredit=5 protection=00 checks=0000
[   8.010] [epochs] local=1 peer=1 ready=true discarded_rx=0
[   8.010] [tcb-continuations] ffa580=ff80->018392 sleep=0 local26=7710 ffa5c0=ff80->01853c sleep=0 local26=0000 ffd040=ff80->018a40 sleep=0 local26=8300 ffd100=ff80->01fbb4 sleep=0 local26=0000 ffd140=ff80->01fbb6 sleep=0 local26=0002 ffd180=ff80->01fbb6 sleep=0 local26=00a2 ffd1c0=ff80->01fbb6 sleep=0 local26=01c2 ffd200=ff80->01fbb6 sleep=0 local26=02e2 ffd240=ff80->01902e sleep=0 local26=0000 ffd280=ff80->01ffe2 sleep=0 local26=0005 ffd2c0=ff80->020004 sleep=0 local26=0002 ffd300=ff80->020004 sleep=0 local26=0000
[   8.014]   [header-byte] write $ffa517 = 13 mask=00ff (pc=018446)
[   8.014] [packet-accepted] total=186 seq=b9 flags=04 status=13 pc=01845e command=03 arg=ff
[   8.029]   [header-byte] write $ffa517 = 13 mask=00ff (pc=018446)
[   8.029] [packet-accepted] total=187 seq=ba flags=04 status=13 pc=01845e command=03 arg=ff
[   8.046]   [header-byte] write $ffa517 = 13 mask=00ff (pc=018446)
[   8.046] [packet-accepted] total=188 seq=bb flags=04 status=13 pc=01845e command=03 arg=ff
[   8.046]   [header-byte] write $ffa517 = 13 mask=00ff (pc=018446)
[   8.046] [packet-accepted] total=189 seq=bc flags=04 status=13 pc=01845e command=03 arg=ff
[   8.063]   [header-byte] write $ffa517 = 13 mask=00ff (pc=018446)
[   8.063] [packet-accepted] total=190 seq=bd flags=04 status=13 pc=01845e command=03 arg=ff
[   8.079]   [header-byte] write $ffa517 = 13 mask=00ff (pc=018446)
[   8.079] [packet-accepted] total=191 seq=be flags=04 status=13 pc=01845e command=03 arg=ff
[   8.113]   [header-byte] write $ffa517 = 13 mask=00ff (pc=018446)
[   8.113] [packet-accepted] total=192 seq=bf flags=04 status=13 pc=01845e command=03 arg=ff
[   8.113]   [header-byte] write $ffa517 = 13 mask=00ff (pc=018446)
[   8.113] [packet-accepted] total=193 seq=c0 flags=04 status=13 pc=01845e command=03 arg=ff
[   8.146]   [header-byte] write $ffa517 = 13 mask=00ff (pc=018446)
[   8.146] [packet-accepted] total=194 seq=c1 flags=04 status=13 pc=01845e command=03 arg=ff
[   8.163]   [header-byte] write $ffa517 = 13 mask=00ff (pc=018446)
[   8.163] [packet-accepted] total=195 seq=c2 flags=04 status=13 pc=01845e command=03 arg=ff
[   8.181]   [header-byte] write $ffa517 = 13 mask=00ff (pc=018446)
[   8.181] [packet-accepted] total=196 seq=c3 flags=04 status=13 pc=01845e command=03 arg=ff
[   8.196]   [header-byte] write $ffa517 = 13 mask=00ff (pc=018446)
[   8.196] [packet-accepted] total=197 seq=c4 flags=04 status=13 pc=01845e command=03 arg=ff
[   8.213]   [header-byte] write $ffa517 = 13 mask=00ff (pc=018446)
[   8.213] [packet-accepted] total=198 seq=c5 flags=04 status=13 pc=01845e command=03 arg=ff
[   8.230]   [header-byte] write $ffa517 = 13 mask=00ff (pc=018446)
[   8.230] [packet-accepted] total=199 seq=c6 flags=04 status=13 pc=01845e command=03 arg=ff
[   8.246]   [header-byte] write $ffa517 = 13 mask=00ff (pc=018446)
[   8.246] [packet-accepted] total=200 seq=c7 flags=04 status=13 pc=01845e command=03 arg=ff
[   8.263]   [header-byte] write $ffa517 = 13 mask=00ff (pc=018446)
[   8.263] [packet-accepted] total=201 seq=c8 flags=04 status=13 pc=01845e command=03 arg=ff
[   8.280]   [header-byte] write $ffa517 = 13 mask=00ff (pc=018446)
[   8.280] [packet-accepted] total=202 seq=c9 flags=04 status=13 pc=01845e command=03 arg=ff
[   8.280]   [header-byte] write $ffa517 = 13 mask=00ff (pc=018446)
[   8.280] [packet-accepted] total=203 seq=ca flags=04 status=13 pc=01845e command=03 arg=ff
[   8.296]   [header-byte] write $ffa517 = 13 mask=00ff (pc=018446)
[   8.296] [packet-accepted] total=204 seq=cb flags=04 status=13 pc=01845e command=03 arg=ff
[   8.313]   [header-byte] write $ffa517 = 13 mask=00ff (pc=018446)
[   8.313] [packet-accepted] total=205 seq=cc flags=04 status=13 pc=01845e command=03 arg=ff
[   8.330]   [header-byte] write $ffa517 = 13 mask=00ff (pc=018446)
[   8.330] [packet-accepted] total=206 seq=cd flags=04 status=13 pc=01845e command=03 arg=ff
[   8.363]   [header-byte] write $ffa517 = 13 mask=00ff (pc=018446)
[   8.363] [packet-accepted] total=207 seq=ce flags=04 status=13 pc=01845e command=03 arg=ff
[   8.380]   [header-byte] write $ffa517 = 13 mask=00ff (pc=018446)
[   8.380] [packet-accepted] total=208 seq=cf flags=04 status=13 pc=01845e command=03 arg=ff
[   8.396]   [header-byte] write $ffa517 = 13 mask=00ff (pc=018446)
[   8.396] [packet-accepted] total=209 seq=d0 flags=04 status=13 pc=01845e command=03 arg=ff
[   8.413]   [header-byte] write $ffa517 = 13 mask=00ff (pc=018446)
[   8.413] [packet-accepted] total=210 seq=d1 flags=04 status=13 pc=01845e command=03 arg=ff
[   8.430]   [header-byte] write $ffa517 = 13 mask=00ff (pc=018446)
[   8.430] [packet-accepted] total=211 seq=d2 flags=04 status=13 pc=01845e command=03 arg=ff
[   8.446]   [header-byte] write $ffa517 = 13 mask=00ff (pc=018446)
[   8.446] [packet-accepted] total=212 seq=d3 flags=04 status=13 pc=01845e command=03 arg=ff
[   8.463]   [header-byte] write $ffa517 = 13 mask=00ff (pc=018446)
[   8.463] [packet-accepted] total=213 seq=d4 flags=04 status=13 pc=01845e command=03 arg=ff
[   8.480]   [header-byte] write $ffa517 = 13 mask=00ff (pc=018446)
[   8.480] [packet-accepted] total=214 seq=d5 flags=04 status=13 pc=01845e command=03 arg=ff
[   8.498]   [header-byte] write $ffa517 = 13 mask=00ff (pc=018446)
[   8.498] [packet-accepted] total=215 seq=d6 flags=04 status=13 pc=01845e command=03 arg=ff
[   8.513]   [header-byte] write $ffa517 = 13 mask=00ff (pc=018446)
[   8.513] [packet-accepted] total=216 seq=d7 flags=04 status=13 pc=01845e command=03 arg=ff
[   8.513]   [header-byte] write $ffa517 = 13 mask=00ff (pc=018446)
[   8.513] [packet-accepted] total=217 seq=d8 flags=04 status=13 pc=01845e command=03 arg=ff
[   8.530]   [header-byte] write $ffa517 = 13 mask=00ff (pc=018446)
[   8.530] [packet-accepted] total=218 seq=d9 flags=04 status=13 pc=01845e command=03 arg=ff
[   8.547]   [header-byte] write $ffa517 = 13 mask=00ff (pc=018446)
[   8.547] [packet-accepted] total=219 seq=da flags=04 status=13 pc=01845e command=03 arg=ff
[   8.580]   [header-byte] write $ffa517 = 13 mask=00ff (pc=018446)
[   8.580] [packet-accepted] total=220 seq=db flags=04 status=13 pc=01845e command=03 arg=ff
[   8.597]   [header-byte] write $ffa517 = 13 mask=00ff (pc=018446)
[   8.597] [packet-accepted] total=221 seq=dc flags=04 status=13 pc=01845e command=03 arg=ff
[   8.613]   [header-byte] write $ffa517 = 13 mask=00ff (pc=018446)
[   8.613] [packet-accepted] total=222 seq=dd flags=04 status=13 pc=01845e command=13 arg=ff
[   8.630]   [header-byte] write $ffa517 = 13 mask=00ff (pc=018446)
[   8.630] [packet-accepted] total=223 seq=de flags=04 status=13 pc=01845e command=13 arg=ff
[   8.649]   [header-byte] write $ffa517 = 13 mask=00ff (pc=018446)
[   8.649] [packet-accepted] total=224 seq=df flags=04 status=13 pc=01845e command=13 arg=ff
[   8.664]   [header-byte] write $ffa517 = 13 mask=00ff (pc=018446)
[   8.664] [packet-accepted] total=225 seq=e0 flags=04 status=13 pc=01845e command=13 arg=ff
[   8.680]   [header-byte] write $ffa517 = 13 mask=00ff (pc=018446)
[   8.680] [packet-accepted] total=226 seq=e1 flags=04 status=13 pc=01845e command=13 arg=ff
[   8.697]   [header-byte] write $ffa517 = 13 mask=00ff (pc=018446)
[   8.697] [packet-accepted] total=227 seq=e2 flags=04 status=13 pc=01845e command=13 arg=ff
[   8.714]   [header-byte] write $ffa517 = 13 mask=00ff (pc=018446)
[   8.714] [packet-accepted] total=228 seq=e3 flags=04 status=13 pc=01845e command=13 arg=ff
[   8.730]   [header-byte] write $ffa517 = 13 mask=00ff (pc=018446)
[   8.730] [packet-accepted] total=229 seq=e4 flags=04 status=13 pc=01845e command=13 arg=ff
[   8.747]   [header-byte] write $ffa517 = 13 mask=00ff (pc=018446)
[   8.747] [packet-accepted] total=230 seq=e5 flags=04 status=13 pc=01845e command=13 arg=ff
[   8.747]   [header-byte] write $ffa517 = 13 mask=00ff (pc=018446)
[   8.747] [packet-accepted] total=231 seq=e6 flags=04 status=13 pc=01845e command=13 arg=ff
[   8.764]   [header-byte] write $ffa517 = 13 mask=00ff (pc=018446)
[   8.764] [packet-accepted] total=232 seq=e7 flags=04 status=13 pc=01845e command=13 arg=ff
[   8.780]   [header-byte] write $ffa517 = 13 mask=00ff (pc=018446)
[   8.780] [packet-accepted] total=233 seq=e8 flags=04 status=13 pc=01845e command=13 arg=ff
[   8.814]   [header-byte] write $ffa517 = 13 mask=00ff (pc=018446)
[   8.814] [packet-accepted] total=234 seq=e9 flags=04 status=13 pc=01845e command=13 arg=ff
[   8.831]   [header-byte] write $ffa517 = 13 mask=00ff (pc=018446)
[   8.831] [packet-accepted] total=235 seq=ea flags=04 status=13 pc=01845e command=13 arg=ff
[   8.847]   [header-byte] write $ffa517 = 13 mask=00ff (pc=018446)
[   8.847] [packet-accepted] total=236 seq=eb flags=04 status=13 pc=01845e command=13 arg=ff
[   8.864]   [header-byte] write $ffa517 = 13 mask=00ff (pc=018446)
[   8.864] [packet-accepted] total=237 seq=ec flags=04 status=13 pc=01845e command=13 arg=ff
[   8.881]   [header-byte] write $ffa517 = 13 mask=00ff (pc=018446)
[   8.881] [packet-accepted] total=238 seq=ed flags=04 status=13 pc=01845e command=13 arg=ff
[   8.897]   [header-byte] write $ffa517 = 13 mask=00ff (pc=018446)
[   8.897] [packet-accepted] total=239 seq=ee flags=04 status=13 pc=01845e command=13 arg=ff
[   8.914]   [header-byte] write $ffa517 = 13 mask=00ff (pc=018446)
[   8.914] [packet-accepted] total=240 seq=ef flags=04 status=13 pc=01845e command=13 arg=ff
[   8.931]   [header-byte] write $ffa517 = 13 mask=00ff (pc=018446)
[   8.931] [packet-accepted] total=241 seq=f0 flags=04 status=13 pc=01845e command=13 arg=ff
[   8.947]   [header-byte] write $ffa517 = 13 mask=00ff (pc=018446)
[   8.947] [packet-accepted] total=242 seq=f1 flags=04 status=13 pc=01845e command=13 arg=ff
[   8.966]   [header-byte] write $ffa517 = 13 mask=00ff (pc=018446)
[   8.966] [packet-accepted] total=243 seq=f2 flags=04 status=13 pc=01845e command=13 arg=ff
[   8.981]   [header-byte] write $ffa517 = 13 mask=00ff (pc=018446)
[   8.981] [packet-accepted] total=244 seq=f3 flags=04 status=13 pc=01845e command=13 arg=ff
[   8.981]   [header-byte] write $ffa517 = 13 mask=00ff (pc=018446)
[   8.981] [packet-accepted] total=245 seq=f4 flags=04 status=13 pc=01845e command=13 arg=ff
[   8.997]   [header-byte] write $ffa517 = 13 mask=00ff (pc=018446)
[   8.997] [packet-accepted] total=246 seq=f5 flags=04 status=13 pc=01845e command=13 arg=ff
[   9.012] heartbeat frame=540 tx=1270 rx=1204 fc=1 fd=10 fe=1 linkflag=81 pc=00028a a502=00 a524=0005 a525=05 a170=08 a17f=00 txtail=00f6 rxpend=0000
[   9.012] [transport] captured=1270 flushed=1270 received=1204 accepted=246 payload2=233 payload3=0 payload4=0 payload5=0 pump_reads=739 bursts=258 txcredit=0 outq=0 inq=0 watchdog=0 txseq=03 rxseq=f6 rxcredit=5 protection=00 checks=0000
[   9.012] [epochs] local=1 peer=1 ready=true discarded_rx=0
[   9.012] [game-state] a142=04 a13e=02 a13f=03 a530=33ff a506=03 a507=00 a508=00 a7b0=0000 a7a6=13ff script=01a3ee mode=01 rule=01 base=70 margin=6 difficulty=255 preset=0
[   9.012] [tcb-continuations] ffa580=ff80->018392 sleep=0 local26=7710 ffa5c0=ff80->01853c sleep=0 local26=0000 ffd040=ff80->018a40 sleep=0 local26=8300 ffd100=ff80->01fbb4 sleep=0 local26=0000 ffd140=ff80->01fbb6 sleep=0 local26=0002 ffd180=ff80->01fbb6 sleep=0 local26=00a2 ffd1c0=ff80->01fbb6 sleep=0 local26=01c2 ffd200=ff80->01fbb6 sleep=0 local26=02e2 ffd240=ff80->01902e sleep=0 local26=0000 ffd280=ff80->01ffe2 sleep=0 local26=0004 ffd2c0=ff80->020004 sleep=0 local26=0002 ffd300=ff80->020004 sleep=0 local26=0000
[   9.014]   [header-byte] write $ffa517 = 13 mask=00ff (pc=018446)
[   9.014] [packet-accepted] total=247 seq=f6 flags=04 status=13 pc=01845e command=13 arg=ff
[   9.049]   [header-byte] write $ffa517 = 13 mask=00ff (pc=018446)
[   9.049] [packet-accepted] total=248 seq=f7 flags=04 status=13 pc=01845e command=13 arg=ff
[   9.064]   [header-byte] write $ffa517 = 13 mask=00ff (pc=018446)
[   9.064] [packet-accepted] total=249 seq=f8 flags=04 status=13 pc=01845e command=13 arg=ff
[   9.081]   [header-byte] write $ffa517 = 13 mask=00ff (pc=018446)
[   9.081] [packet-accepted] total=250 seq=f9 flags=04 status=13 pc=01845e command=13 arg=ff
[   9.097]   [header-byte] write $ffa517 = 13 mask=00ff (pc=018446)
[   9.097] [packet-accepted] total=251 seq=fa flags=04 status=13 pc=01845e command=13 arg=ff
[   9.114]   [header-byte] write $ffa517 = 13 mask=00ff (pc=018446)
[   9.114] [packet-accepted] total=252 seq=fb flags=04 status=13 pc=01845e command=13 arg=ff
[   9.134]   [header-byte] write $ffa517 = 13 mask=00ff (pc=018446)
[   9.134] [packet-accepted] total=253 seq=fc flags=04 status=13 pc=01845e command=13 arg=ff
[   9.148]   [header-byte] write $ffa517 = 13 mask=00ff (pc=018446)
[   9.148] [packet-accepted] total=254 seq=fd flags=04 status=13 pc=01845e command=13 arg=ff
[   9.164]   [header-byte] write $ffa517 = 13 mask=00ff (pc=018446)
[   9.164] [packet-accepted] total=255 seq=fe flags=04 status=13 pc=01845e command=13 arg=ff
[   9.181]   [header-byte] write $ffa517 = 13 mask=00ff (pc=018446)
[   9.181] [packet-accepted] total=256 seq=ff flags=04 status=13 pc=01845e command=13 arg=ff
[   9.198]   [header-byte] write $ffa517 = 13 mask=00ff (pc=018446)
[   9.198] [packet-accepted] total=257 seq=00 flags=04 status=13 pc=01845e command=13 arg=ff
[   9.198]   [header-byte] write $ffa517 = 13 mask=00ff (pc=018446)
[   9.198] [packet-accepted] total=258 seq=01 flags=04 status=13 pc=01845e command=13 arg=ff
[   9.214]   [header-byte] write $ffa517 = 13 mask=00ff (pc=018446)
[   9.214] [packet-accepted] total=259 seq=02 flags=04 status=13 pc=01845e command=13 arg=ff
[   9.248]   [header-byte] write $ffa517 = 13 mask=00ff (pc=018446)
[   9.248] [packet-accepted] total=260 seq=03 flags=04 status=13 pc=01845e command=13 arg=ff
[   9.264]   [header-byte] write $ffa517 = 13 mask=00ff (pc=018446)
[   9.264] [packet-accepted] total=261 seq=04 flags=04 status=13 pc=01845e command=13 arg=ff
[   9.281]   [header-byte] write $ffa517 = 13 mask=00ff (pc=018446)
[   9.281] [packet-accepted] total=262 seq=05 flags=04 status=13 pc=01845e command=13 arg=ff
[   9.298]   [header-byte] write $ffa517 = 13 mask=00ff (pc=018446)
[   9.298] [packet-accepted] total=263 seq=06 flags=04 status=13 pc=01845e command=13 arg=ff
[   9.315]   [header-byte] write $ffa517 = 13 mask=00ff (pc=018446)
[   9.315] [packet-accepted] total=264 seq=07 flags=04 status=13 pc=01845e command=13 arg=ff
[   9.331]   [header-byte] write $ffa517 = 13 mask=00ff (pc=018446)
[   9.331] [packet-accepted] total=265 seq=08 flags=04 status=13 pc=01845e command=13 arg=ff
[   9.348]   [header-byte] write $ffa517 = 13 mask=00ff (pc=018446)
[   9.348] [packet-accepted] total=266 seq=09 flags=04 status=13 pc=01845e command=13 arg=ff
[   9.365]   [header-byte] write $ffa517 = 13 mask=00ff (pc=018446)
[   9.365] [packet-accepted] total=267 seq=0a flags=04 status=13 pc=01845e command=13 arg=ff
[   9.381]   [header-byte] write $ffa517 = 13 mask=00ff (pc=018446)
[   9.381] [packet-accepted] total=268 seq=0b flags=04 status=13 pc=01845e command=13 arg=ff
[   9.398]   [header-byte] write $ffa517 = 13 mask=00ff (pc=018446)
[   9.398] [packet-accepted] total=269 seq=0c flags=04 status=13 pc=01845e command=13 arg=ff
[   9.415]   [header-byte] write $ffa517 = 13 mask=00ff (pc=018446)
[   9.415] [packet-accepted] total=270 seq=0d flags=04 status=13 pc=01845e command=13 arg=ff
[   9.415]   [header-byte] write $ffa517 = 13 mask=00ff (pc=018446)
[   9.415] [packet-accepted] total=271 seq=0e flags=04 status=13 pc=01845e command=13 arg=ff
[   9.433]   [header-byte] write $ffa517 = 13 mask=00ff (pc=018446)
[   9.433] [packet-accepted] total=272 seq=0f flags=04 status=13 pc=01845e command=13 arg=ff
[   9.448]   [header-byte] write $ffa517 = 13 mask=00ff (pc=018446)
[   9.448] [packet-accepted] total=273 seq=10 flags=04 status=13 pc=01845e command=13 arg=ff
[   9.465]   [header-byte] write $ffa517 = 13 mask=00ff (pc=018446)
[   9.465] [packet-accepted] total=274 seq=11 flags=04 status=13 pc=01845e command=13 arg=ff
[   9.498]   [header-byte] write $ffa517 = 13 mask=00ff (pc=018446)
[   9.498] [packet-accepted] total=275 seq=12 flags=04 status=13 pc=01845e command=13 arg=ff
[   9.515]   [header-byte] write $ffa517 = 13 mask=00ff (pc=018446)
[   9.515] [packet-accepted] total=276 seq=13 flags=04 status=13 pc=01845e command=13 arg=ff
[   9.531]   [header-byte] write $ffa517 = 13 mask=00ff (pc=018446)
[   9.531] [packet-accepted] total=277 seq=14 flags=04 status=13 pc=01845e command=13 arg=ff
[   9.548]   [header-byte] write $ffa517 = 13 mask=00ff (pc=018446)
[   9.548] [packet-accepted] total=278 seq=15 flags=04 status=13 pc=01845e command=13 arg=ff
[   9.565]   [header-byte] write $ffa517 = 13 mask=00ff (pc=018446)
[   9.565] [packet-accepted] total=279 seq=16 flags=04 status=13 pc=01845e command=13 arg=ff
[   9.581]   [header-byte] write $ffa517 = 13 mask=00ff (pc=018446)
[   9.581] [packet-accepted] total=280 seq=17 flags=04 status=13 pc=01845e command=13 arg=ff
[   9.599]   [header-byte] write $ffa517 = 13 mask=00ff (pc=018446)
[   9.599] [packet-accepted] total=281 seq=18 flags=04 status=13 pc=01845e command=13 arg=ff
[   9.615]   [header-byte] write $ffa517 = 13 mask=00ff (pc=018446)
[   9.615] [packet-accepted] total=282 seq=19 flags=04 status=13 pc=01845e command=13 arg=ff
[   9.615]   [header-byte] write $ffa517 = 13 mask=00ff (pc=018446)
[   9.615] [packet-accepted] total=283 seq=1a flags=04 status=13 pc=01845e command=13 arg=ff
[   9.631]   [header-byte] write $ffa517 = 13 mask=00ff (pc=018446)
[   9.631] [packet-accepted] total=284 seq=1b flags=04 status=13 pc=01845e command=13 arg=ff
[   9.648]   [header-byte] write $ffa517 = 13 mask=00ff (pc=018446)
[   9.648] [packet-accepted] total=285 seq=1c flags=04 status=13 pc=01845e command=13 arg=ff
[   9.681]   [header-byte] write $ffa517 = 13 mask=00ff (pc=018446)
[   9.681] [packet-accepted] total=286 seq=1d flags=04 status=13 pc=01845e command=13 arg=ff
[   9.698]   [header-byte] write $ffa517 = 13 mask=00ff (pc=018446)
[   9.698] [packet-accepted] total=287 seq=1e flags=04 status=13 pc=01845e command=13 arg=ff
[   9.715]   [header-byte] write $ffa517 = 13 mask=00ff (pc=018446)
[   9.715] [packet-accepted] total=288 seq=1f flags=04 status=13 pc=01845e command=13 arg=ff
[   9.731]   [header-byte] write $ffa517 = 13 mask=00ff (pc=018446)
[   9.731] [packet-accepted] total=289 seq=20 flags=04 status=13 pc=01845e command=13 arg=ff
[   9.748]   [header-byte] write $ffa517 = 13 mask=00ff (pc=018446)
[   9.748] [packet-accepted] total=290 seq=21 flags=04 status=13 pc=01845e command=13 arg=ff
[   9.765]   [header-byte] write $ffa517 = 13 mask=00ff (pc=018446)
[   9.765] [packet-accepted] total=291 seq=22 flags=04 status=13 pc=01845e command=13 arg=ff
[   9.781]   [header-byte] write $ffa517 = 13 mask=00ff (pc=018446)
[   9.781] [packet-accepted] total=292 seq=23 flags=04 status=13 pc=01845e command=13 arg=ff
[   9.798]   [header-byte] write $ffa517 = 13 mask=00ff (pc=018446)
[   9.798] [packet-accepted] total=293 seq=24 flags=04 status=13 pc=01845e command=13 arg=ff
[   9.815]   [header-byte] write $ffa517 = 13 mask=00ff (pc=018446)
[   9.815] [packet-accepted] total=294 seq=25 flags=04 status=13 pc=01845e command=13 arg=ff
[   9.815]   [header-byte] write $ffa517 = 13 mask=00ff (pc=018446)
[   9.815] [packet-accepted] total=295 seq=26 flags=04 status=13 pc=01845e command=13 arg=ff
[   9.831]   [header-byte] write $ffa517 = 13 mask=00ff (pc=018446)
[   9.831] [packet-accepted] total=296 seq=27 flags=04 status=13 pc=01845e command=13 arg=ff
[   9.848]   [header-byte] write $ffa517 = 13 mask=00ff (pc=018446)
[   9.848] [packet-accepted] total=297 seq=28 flags=04 status=13 pc=01845e command=13 arg=ff
[   9.865]   [header-byte] write $ffa517 = 13 mask=00ff (pc=018446)
[   9.865] [packet-accepted] total=298 seq=29 flags=04 status=13 pc=01845e command=13 arg=ff
[   9.898]   [header-byte] write $ffa517 = 13 mask=00ff (pc=018446)
[   9.898] [packet-accepted] total=299 seq=2a flags=04 status=13 pc=01845e command=13 arg=ff
[   9.917]   [header-byte] write $ffa517 = 13 mask=00ff (pc=018446)
[   9.917] [packet-accepted] total=300 seq=2b flags=04 status=13 pc=01845e command=13 arg=ff
[   9.932]   [header-byte] write $ffa517 = 13 mask=00ff (pc=018446)
[   9.932] [packet-accepted] total=301 seq=2c flags=04 status=13 pc=01845e command=13 arg=ff
[   9.949]   [header-byte] write $ffa517 = 13 mask=00ff (pc=018446)
[   9.949] [packet-accepted] total=302 seq=2d flags=04 status=13 pc=01845e command=13 arg=ff
[   9.965]   [header-byte] write $ffa517 = 13 mask=00ff (pc=018446)
[   9.965] [packet-accepted] total=303 seq=2e flags=04 status=13 pc=01845e command=13 arg=ff
[   9.982]   [header-byte] write $ffa517 = 13 mask=00ff (pc=018446)
[   9.982] [packet-accepted] total=304 seq=2f flags=04 status=13 pc=01845e command=13 arg=ff
[   9.999]   [header-byte] write $ffa517 = 13 mask=00ff (pc=018446)
[   9.999] [packet-accepted] total=305 seq=30 flags=04 status=13 pc=01845e command=13 arg=ff
[  10.013] heartbeat frame=600 tx=1570 rx=1499 fc=1 fd=10 fe=1 linkflag=81 pc=000288 a502=00 a524=0005 a525=05 a170=08 a17f=00 txtail=0022 rxpend=0000
[  10.013] [transport] captured=1570 flushed=1570 received=1499 accepted=305 payload2=292 payload3=0 payload4=0 payload5=0 pump_reads=854 bursts=318 txcredit=0 outq=0 inq=0 watchdog=0 txseq=3f rxseq=31 rxcredit=5 protection=00 checks=0000
[  10.013] [epochs] local=1 peer=1 ready=true discarded_rx=0
[  10.013] [tcb-continuations] ffa580=ff80->018392 sleep=0 local26=7710 ffa5c0=ff80->01853c sleep=0 local26=0000 ffd040=ff80->018a40 sleep=0 local26=8300 ffd100=ff80->01fbb4 sleep=0 local26=0000 ffd140=ff80->01fbb6 sleep=0 local26=0002 ffd180=ff80->01fbb6 sleep=0 local26=00a2 ffd1c0=ff80->01fbb6 sleep=0 local26=01c2 ffd200=ff80->01fbb6 sleep=0 local26=02e2 ffd240=ff80->01902e sleep=0 local26=0000 ffd280=ff80->01ffe2 sleep=0 local26=0003 ffd2c0=ff80->020004 sleep=0 local26=0002 ffd300=ff80->020004 sleep=0 local26=0000
[  10.015]   [header-byte] write $ffa517 = 13 mask=00ff (pc=018446)
[  10.015] [packet-accepted] total=306 seq=31 flags=04 status=13 pc=01845e command=13 arg=ff
[  10.032]   [header-byte] write $ffa517 = 13 mask=00ff (pc=018446)
[  10.032] [packet-accepted] total=307 seq=32 flags=04 status=13 pc=01845e command=13 arg=ff
[  10.032]   [header-byte] write $ffa517 = 13 mask=00ff (pc=018446)
[  10.032] [packet-accepted] total=308 seq=33 flags=04 status=13 pc=01845e command=13 arg=ff
[  10.067]   [header-byte] write $ffa517 = 13 mask=00ff (pc=018446)
[  10.067] [packet-accepted] total=309 seq=34 flags=04 status=13 pc=01845e command=13 arg=ff
[  10.067]   [header-byte] write $ffa517 = 13 mask=00ff (pc=018446)
[  10.067] [packet-accepted] total=310 seq=35 flags=04 status=13 pc=01845e command=13 arg=ff
[  10.099]   [header-byte] write $ffa517 = 13 mask=00ff (pc=018446)
[  10.099] [packet-accepted] total=311 seq=36 flags=04 status=13 pc=01845e command=13 arg=ff
[  10.115]   [header-byte] write $ffa517 = 13 mask=00ff (pc=018446)
[  10.115] [packet-accepted] total=312 seq=37 flags=04 status=13 pc=01845e command=13 arg=ff
[  10.132]   [header-byte] write $ffa517 = 13 mask=00ff (pc=018446)
[  10.132] [packet-accepted] total=313 seq=38 flags=04 status=13 pc=01845e command=13 arg=ff
[  10.149]   [header-byte] write $ffa517 = 13 mask=00ff (pc=018446)
[  10.149] [packet-accepted] total=314 seq=39 flags=04 status=13 pc=01845e command=13 arg=ff
[  10.165]   [header-byte] write $ffa517 = 13 mask=00ff (pc=018446)
[  10.165] [packet-accepted] total=315 seq=3a flags=04 status=13 pc=01845e command=13 arg=ff
[  10.182]   [header-byte] write $ffa517 = 13 mask=00ff (pc=018446)
[  10.182] [packet-accepted] total=316 seq=3b flags=04 status=13 pc=01845e command=13 arg=ff
[  10.199]   [header-byte] write $ffa517 = 13 mask=00ff (pc=018446)
[  10.199] [packet-accepted] total=317 seq=3c flags=04 status=13 pc=01845e command=13 arg=ff
[  10.215]   [header-byte] write $ffa517 = 13 mask=00ff (pc=018446)
[  10.215] [packet-accepted] total=318 seq=3d flags=04 status=13 pc=01845e command=13 arg=ff
[  10.232]   [header-byte] write $ffa517 = 13 mask=00ff (pc=018446)
[  10.232] [packet-accepted] total=319 seq=3e flags=04 status=13 pc=01845e command=13 arg=ff
[  10.232]   [header-byte] write $ffa517 = 13 mask=00ff (pc=018446)
[  10.232] [packet-accepted] total=320 seq=3f flags=04 status=13 pc=01845e command=13 arg=ff
[  10.249]   [header-byte] write $ffa517 = 13 mask=00ff (pc=018446)
[  10.249] [packet-accepted] total=321 seq=40 flags=04 status=13 pc=01845e command=13 arg=ff
[  10.265]   [header-byte] write $ffa517 = 13 mask=00ff (pc=018446)
[  10.265] [packet-accepted] total=322 seq=41 flags=04 status=13 pc=01845e command=13 arg=ff
[  10.299]   [header-byte] write $ffa517 = 13 mask=00ff (pc=018446)
[  10.299] [packet-accepted] total=323 seq=42 flags=04 status=13 pc=01845e command=13 arg=ff
[  10.315]   [header-byte] write $ffa517 = 13 mask=00ff (pc=018446)
[  10.315] [packet-accepted] total=324 seq=43 flags=04 status=13 pc=01845e command=13 arg=ff
[  10.332]   [header-byte] write $ffa517 = 13 mask=00ff (pc=018446)
[  10.332] [packet-accepted] total=325 seq=44 flags=04 status=13 pc=01845e command=13 arg=ff
[  10.349]   [header-byte] write $ffa517 = 13 mask=00ff (pc=018446)
[  10.349] [packet-accepted] total=326 seq=45 flags=04 status=13 pc=01845e command=13 arg=ff
[  10.365]   [header-byte] write $ffa517 = 13 mask=00ff (pc=018446)
[  10.365] [packet-accepted] total=327 seq=46 flags=04 status=13 pc=01845e command=13 arg=ff
[  10.384]   [header-byte] write $ffa517 = 13 mask=00ff (pc=018446)
[  10.384] [packet-accepted] total=328 seq=47 flags=04 status=13 pc=01845e command=13 arg=ff
[  10.399]   [header-byte] write $ffa517 = 13 mask=00ff (pc=018446)
[  10.399] [packet-accepted] total=329 seq=48 flags=04 status=13 pc=01845e command=13 arg=ff
[  10.416]   [header-byte] write $ffa517 = 13 mask=00ff (pc=018446)
[  10.416] [packet-accepted] total=330 seq=49 flags=04 status=13 pc=01845e command=13 arg=ff
[  10.432]   [header-byte] write $ffa517 = 13 mask=00ff (pc=018446)
[  10.433] [packet-accepted] total=331 seq=4a flags=04 status=13 pc=01845e command=13 arg=ff
[  10.433]   [header-byte] write $ffa517 = 13 mask=00ff (pc=018446)
[  10.433] [packet-accepted] total=332 seq=4b flags=04 status=13 pc=01845e command=13 arg=ff
[  10.449]   [header-byte] write $ffa517 = 13 mask=00ff (pc=018446)
[  10.449] [packet-accepted] total=333 seq=4c flags=04 status=13 pc=01845e command=13 arg=ff
[  10.482]   [header-byte] write $ffa517 = 13 mask=00ff (pc=018446)
[  10.482] [packet-accepted] total=334 seq=4d flags=04 status=13 pc=01845e command=13 arg=ff
[  10.499]   [header-byte] write $ffa517 = 13 mask=00ff (pc=018446)
[  10.499] [packet-accepted] total=335 seq=4e flags=04 status=13 pc=01845e command=13 arg=ff
[  10.516]   [header-byte] write $ffa517 = 13 mask=00ff (pc=018446)
[  10.516] [packet-accepted] total=336 seq=4f flags=04 status=13 pc=01845e command=13 arg=ff
[  10.533]   [header-byte] write $ffa517 = 13 mask=00ff (pc=018446)
[  10.533] [packet-accepted] total=337 seq=50 flags=04 status=13 pc=01845e command=13 arg=ff
[  10.552]   [header-byte] write $ffa517 = 13 mask=00ff (pc=018446)
[  10.552] [packet-accepted] total=338 seq=51 flags=04 status=13 pc=01845e command=13 arg=ff
[  10.566]   [header-byte] write $ffa517 = 13 mask=00ff (pc=018446)
[  10.566] [packet-accepted] total=339 seq=52 flags=04 status=13 pc=01845e command=13 arg=ff
[  10.583]   [header-byte] write $ffa517 = 13 mask=00ff (pc=018446)
[  10.583] [packet-accepted] total=340 seq=53 flags=04 status=13 pc=01845e command=13 arg=ff
[  10.599]   [header-byte] write $ffa517 = 13 mask=00ff (pc=018446)
[  10.599] [packet-accepted] total=341 seq=54 flags=04 status=13 pc=01845e command=13 arg=ff
[  10.616]   [header-byte] write $ffa517 = 13 mask=00ff (pc=018446)
[  10.616] [packet-accepted] total=342 seq=55 flags=04 status=13 pc=01845e command=73 arg=ff
[  10.616] [game-command] data=7373 mask=ff00 pc=018b72 requests=04
[  10.633]   [header-byte] write $ffa517 = 13 mask=00ff (pc=018446)
[  10.633] [packet-accepted] total=343 seq=56 flags=04 status=13 pc=01845e command=83 arg=34
[  10.633]   [header-byte] write $ffa513 = 10 mask=00ff (pc=018d88)
[  11.014] heartbeat frame=660 tx=1765 rx=1689 fc=1 fd=10 fe=1 linkflag=81 pc=00028a a502=00 a524=0000 a525=00 a170=08 a17f=00 txtail=00e5 rxpend=0000
[  11.014] [transport] captured=1765 flushed=1765 received=1689 accepted=343 payload2=330 payload3=0 payload4=0 payload5=0 pump_reads=948 bursts=357 txcredit=0 outq=0 inq=0 watchdog=22 txseq=65 rxseq=57 rxcredit=0 protection=00 checks=0000
[  11.014] [epochs] local=1 peer=1 ready=true discarded_rx=0
[  11.014] [game-state] a142=04 a13e=02 a13f=03 a530=73ff a506=03 a507=00 a508=00 a7b0=0000 a7a6=8334 script=01a3ee mode=01 rule=01 base=70 margin=6 difficulty=255 preset=0
[  11.014] [tcb-continuations] ffa580=ff80->018392 sleep=0 local26=7710 ffa5c0=ff80->01853c sleep=0 local26=1600 ffd040=ff80->018e08 sleep=178 local26=8300 ffd100=ff80->01fbb4 sleep=0 local26=0000 ffd140=ff80->01fbb6 sleep=0 local26=0002 ffd180=ff80->01fbb6 sleep=0 local26=00a2 ffd1c0=ff80->01fbb6 sleep=0 local26=01c2 ffd200=ff80->01fbb6 sleep=0 local26=02e2 ffd240=ff80->01902e sleep=0 local26=0000 ffd280=ff80->027726 sleep=0 local26=0001
[  11.150]   [header-byte] write $ffa517 = 13 mask=00ff (pc=018446)
[  11.651]   [header-byte] write $ffa517 = 13 mask=00ff (pc=018446)
[  12.015] heartbeat frame=720 tx=1771 rx=1695 fc=1 fd=10 fe=1 linkflag=81 pc=00028a a502=00 a524=0000 a525=00 a170=08 a17f=00 txtail=00eb rxpend=0000
[  12.015] [transport] captured=1771 flushed=1771 received=1695 accepted=345 payload2=330 payload3=0 payload4=0 payload5=0 pump_reads=1010 bursts=359 txcredit=0 outq=0 inq=0 watchdog=21 txseq=67 rxseq=59 rxcredit=0 protection=00 checks=0000
[  12.015] [epochs] local=1 peer=1 ready=true discarded_rx=0
[  12.015] [tcb-continuations] ffa580=ff80->018392 sleep=0 local26=7710 ffa5c0=ff80->01853c sleep=0 local26=1600 ffd040=ff80->018e08 sleep=118 local26=8300 ffd100=ff80->01fbb4 sleep=0 local26=0000 ffd140=ff80->01fbb6 sleep=0 local26=0002 ffd180=ff80->01fbb6 sleep=0 local26=00a2 ffd1c0=ff80->01fbb6 sleep=0 local26=01c2 ffd200=ff80->01fbb6 sleep=0 local26=02e2 ffd240=ff80->01902e sleep=0 local26=0000 ffd280=ff80->027726 sleep=0 local26=0001
[  12.141]   [menu-state] write $ffa170 = 0000 mask=ff00 (pc=01afb6)
[  12.141]   [menu-state] write $ffa170 = 8282 mask=ff00 (pc=01afd8)
[  12.141]   [menu-state] write $ffa176 = 0000 mask=ff00 (pc=01afde)
[  12.141]   [header-byte] write $ffa513 = 00 mask=00ff (pc=01afe6)
[  12.141]   [header-byte] write $ffa513 = 10 mask=00ff (pc=01affe)
[  12.141]   [header-byte] write $ffa513 = 50 mask=00ff (pc=01b022)
[  12.141]   [header-byte] write $ffa513 = 54 mask=00ff (pc=01b044)
[  12.141]   [menu-state] write $ffa170 = 8282 mask=ff00 (pc=018062)
[  12.141]   [menu-state] write $ffa176 = 0000 mask=ff00 (pc=01afde)
[  12.141]   [header-byte] write $ffa513 = 00 mask=00ff (pc=01afe6)
[  12.141]   [header-byte] write $ffa513 = 10 mask=00ff (pc=01affe)
[  12.141]   [header-byte] write $ffa513 = 50 mask=00ff (pc=01b022)
[  12.141]   [header-byte] write $ffa513 = 54 mask=00ff (pc=01b044)
[  12.475]   [header-byte] write $ffa517 = 13 mask=00ff (pc=018446)
[  12.652]   [header-byte] write $ffa517 = 13 mask=00ff (pc=018446)
[  13.017] heartbeat frame=780 tx=1777 rx=1701 fc=1 fd=10 fe=1 linkflag=81 pc=00028a a502=00 a524=0000 a525=00 a170=82 a17f=00 txtail=00f1 rxpend=0000
[  13.017] [transport] captured=1777 flushed=1777 received=1701 accepted=347 payload2=330 payload3=0 payload4=0 payload5=0 pump_reads=1072 bursts=361 txcredit=0 outq=0 inq=0 watchdog=21 txseq=69 rxseq=5b rxcredit=0 protection=00 checks=0000
[  13.017] [epochs] local=1 peer=1 ready=true discarded_rx=0
[  13.017] [game-state] a142=02 a13e=02 a13f=03 a530=73ff a506=03 a507=00 a508=00 a7b0=0000 a7a6=8334 script=01f7f6 mode=01 rule=01 base=70 margin=6 difficulty=0 preset=0
[  13.017] [tcb-continuations] ffa580=ff80->018392 sleep=0 local26=7710 ffa5c0=ff80->01853c sleep=0 local26=0300 ffd100=ff80->023daa sleep=0 local26=0000 ffd140=ff80->023c40 sleep=0 local26=0000 ffd180=ff80->023c70 sleep=0 local26=0002 ffd1c0=ff80->023c70 sleep=0 local26=0000 ffd200=ff80->023c08 sleep=0 local26=0000
[  13.136]   [header-byte] write $ffa517 = 13 mask=00ff (pc=018446)
[  13.636]   [header-byte] write $ffa517 = 13 mask=00ff (pc=018446)
[  14.018] heartbeat frame=840 tx=1783 rx=1707 fc=1 fd=10 fe=1 linkflag=81 pc=00028a a502=00 a524=0000 a525=00 a170=82 a17f=00 txtail=00f7 rxpend=0000
[  14.018] [transport] captured=1783 flushed=1783 received=1707 accepted=349 payload2=330 payload3=0 payload4=0 payload5=0 pump_reads=1134 bursts=363 txcredit=0 outq=0 inq=0 watchdog=22 txseq=6b rxseq=5d rxcredit=0 protection=00 checks=0000
[  14.018] [epochs] local=1 peer=1 ready=true discarded_rx=0
[  14.018] [tcb-continuations] ffa580=ff80->018392 sleep=0 local26=7710 ffa5c0=ff80->01853c sleep=0 local26=0300 ffd100=ff80->023f42 sleep=1 local26=0000 ffd200=ff80->023c3e sleep=0 local26=0000
[  14.154]   [header-byte] write $ffa517 = 13 mask=00ff (pc=018446)
[  14.655]   [header-byte] write $ffa517 = 13 mask=00ff (pc=018446)
[  15.019] heartbeat frame=900 tx=1786 rx=1718 fc=1 fd=10 fe=1 linkflag=81 pc=001ed4 a502=00 a524=0000 a525=00 a170=82 a17f=00 txtail=00fa rxpend=0005
[  15.019] [transport] captured=1786 flushed=1786 received=1718 accepted=351 payload2=330 payload3=0 payload4=0 payload5=0 pump_reads=1197 bursts=364 txcredit=0 outq=0 inq=0 watchdog=14 txseq=6c rxseq=5f rxcredit=0 protection=00 checks=0000
[  15.019] [epochs] local=1 peer=1 ready=true discarded_rx=0
[  15.019] [game-state] a142=02 a13e=02 a13f=03 a530=73ff a506=03 a507=00 a508=00 a7b0=0000 a7a6=8334 script=01a4b0 mode=01 rule=01 base=120 margin=6 difficulty=2 preset=0
[  15.019] [tcb-continuations] ffa580=ff80->018392 sleep=0 local26=7710 ffa5c0=ff80->01853c sleep=0 local26=1a00
[  15.427]   [header-byte] write $ffa517 = 10 mask=00ff (pc=018446)
[  15.427] [packet-accepted] total=352 seq=5f flags=04 status=10 pc=01845e command=c3 arg=34
[  15.427]   [header-byte] write $ffa517 = 10 mask=00ff (pc=018446)
[  15.923]   [header-byte] write $ffa517 = 10 mask=00ff (pc=018446)
[  16.021] heartbeat frame=960 tx=1792 rx=1724 fc=1 fd=10 fe=1 linkflag=81 pc=00028a a502=00 a524=0000 a525=00 a170=82 a17f=00 txtail=0000 rxpend=0000
[  16.021] [transport] captured=1792 flushed=1792 received=1724 accepted=354 payload2=331 payload3=0 payload4=0 payload5=0 pump_reads=1259 bursts=366 txcredit=0 outq=0 inq=0 watchdog=5 txseq=6e rxseq=62 rxcredit=0 protection=00 checks=0000
[  16.021] [epochs] local=1 peer=1 ready=true discarded_rx=0
[  16.021] [game-state] a142=02 a13e=02 a13f=03 a530=73ff a506=03 a507=00 a508=00 a7b0=0022 a7a6=c334 script=01a51a mode=01 rule=01 base=120 margin=6 difficulty=2 preset=0
[  16.021] [tcb-continuations] ffa580=ff80->018392 sleep=0 local26=7710 ffa5c0=ff80->01853c sleep=0 local26=0200 ffd040=ffc0->00daca sleep=0 local26=0000 ffd080=ffc0->004f14 sleep=0 local26=0000 ffd0c0=ffc0->004f14 sleep=0 local26=0000 ffd100=ff80->006782 sleep=0 local26=0000 ffd140=ffc0->007f6e sleep=0 local26=0000 ffd180=ff80->00539a sleep=0 local26=0200 ffd1c0=ff00->005660 sleep=0 local26=e602 ffd200=ff00->0056e4 sleep=0 local26=0000 ffd240=ff80->00539a sleep=0 local26=0200 ffd280=ff00->005660 sleep=0 local26=e602 ffd2c0=ff00->0056e4 sleep=0 local26=0000 ffd300=ff80->0086ee sleep=0 local26=0000 ffd340=ff80->0086ee sleep=0 local26=0000
[  16.037] [protection-state] address=ffa020 data=2020 mask=ff00 pc=000948
[  16.037] [protection-state] address=ffa020 data=2020 mask=00ff pc=000952
[  16.039]   [menu-state] write $ffa172 = 0101 mask=ff00 (pc=0194b6)
[  16.054] [protection-state] address=ffa020 data=0000 mask=00ff pc=000952
[  16.056]   [menu-state] write $ffa172 = 0000 mask=ff00 (pc=0193f4)
[  16.056]   [menu-state] write $ffa171 = 0000 mask=00ff (pc=0193fc)
[  16.056]   [header-byte] write $ffa513 = 44 mask=00ff (pc=019e4a)
[  16.056]   [header-byte] write $ffa513 = 00 mask=00ff (pc=01afe6)
[  16.056]   [header-byte] write $ffa513 = 04 mask=00ff (pc=01b044)
[  16.087] [protection-state] address=ffa020 data=0000 mask=ff00 pc=000948
[  16.173]   [header-byte] write $ffa517 = 01 mask=00ff (pc=018446)
[  16.659]   [header-byte] write $ffa517 = 01 mask=00ff (pc=018446)
[  17.022] heartbeat frame=1020 tx=1798 rx=1730 fc=1 fd=10 fe=1 linkflag=81 pc=00028a a502=00 a524=0000 a525=00 a170=82 a17f=00 txtail=0006 rxpend=0000
[  17.022] [transport] captured=1798 flushed=1798 received=1730 accepted=356 payload2=331 payload3=0 payload4=0 payload5=0 pump_reads=1321 bursts=368 txcredit=0 outq=0 inq=0 watchdog=21 txseq=70 rxseq=64 rxcredit=0 protection=00 checks=0000
[  17.022] [epochs] local=1 peer=1 ready=true discarded_rx=0
[  17.022] [tcb-continuations] ffa580=ff80->018392 sleep=0 local26=7710 ffa5c0=ff80->01853c sleep=0 local26=1b00 ffd040=ffc0->00daca sleep=0 local26=0000 ffd080=ffc0->004f14 sleep=0 local26=0000 ffd0c0=ffc0->004f14 sleep=0 local26=0000 ffd100=ff80->006782 sleep=0 local26=0000 ffd140=ffc0->007f6e sleep=0 local26=0000 ffd180=ff80->0054b2 sleep=0 local26=0200 ffd240=ff80->0054b2 sleep=0 local26=0200
[  17.041]   [header-byte] write $ffa517 = 04 mask=00ff (pc=018446)
[  17.525]   [header-byte] write $ffa517 = 04 mask=00ff (pc=018446)
[  18.023] heartbeat frame=1080 tx=1804 rx=1736 fc=1 fd=10 fe=1 linkflag=81 pc=00028a a502=00 a524=0000 a525=00 a170=82 a17f=00 txtail=000c rxpend=0000
[  18.023] [transport] captured=1804 flushed=1804 received=1736 accepted=358 payload2=331 payload3=0 payload4=0 payload5=0 pump_reads=1383 bursts=370 txcredit=0 outq=0 inq=0 watchdog=29 txseq=72 rxseq=66 rxcredit=3 protection=00 checks=0000
[  18.023] [epochs] local=1 peer=1 ready=true discarded_rx=0
[  18.023] [tcb-continuations] ffa580=ff80->018392 sleep=0 local26=7710 ffa5c0=ff80->01853c sleep=0 local26=1b00 ffd040=ffc0->00daca sleep=0 local26=0000 ffd080=ffc0->004f30 sleep=0 local26=0000 ffd0c0=ffc0->004f30 sleep=0 local26=0000 ffd100=ff80->006782 sleep=0 local26=0000 ffd140=ffc0->007fb6 sleep=0 local26=0000
[  18.025]   [header-byte] write $ffa517 = 04 mask=00ff (pc=018446)
[  18.042] [game-command] data=7878 mask=ff00 pc=007ffa requests=00
[  18.093] [game-command] data=f8f8 mask=ff00 pc=008022 requests=00
[  18.527]   [header-byte] write $ffa517 = 04 mask=00ff (pc=018446)
[  18.527] [packet-accepted] total=360 seq=67 flags=00 status=04 pc=01845e
[  19.010]   [header-byte] write $ffa517 = 04 mask=00ff (pc=018446)
[  19.024] heartbeat frame=1140 tx=1822 rx=1745 fc=1 fd=10 fe=1 linkflag=81 pc=00028a a502=00 a524=0000 a525=00 a170=82 a17f=00 txtail=001e rxpend=0000
[  19.024] [transport] captured=1822 flushed=1822 received=1745 accepted=361 payload2=331 payload3=0 payload4=0 payload5=0 pump_reads=1446 bursts=374 txcredit=0 outq=0 inq=0 watchdog=0 txseq=76 rxseq=69 rxcredit=0 protection=00 checks=0000
[  19.024] [epochs] local=1 peer=1 ready=true discarded_rx=0
[  19.024] [game-state] a142=02 a13e=02 a13f=03 a530=f8ff a506=03 a507=00 a508=00 a7b0=0022 a7a6=c334 script=01a51a mode=01 rule=01 base=120 margin=6 difficulty=2 preset=0
[  19.024] [tcb-continuations] ffa580=ff80->018392 sleep=0 local26=7710 ffa5c0=ff80->01853c sleep=0 local26=1a00 ffd040=ffc0->00daca sleep=0 local26=0000 ffd080=ffc0->00504e sleep=0 local26=3100 ffd0c0=ffc0->00504e sleep=0 local26=3100 ffd100=ff80->006782 sleep=0 local26=0000 ffd140=ffc0->008082 sleep=0 local26=0310 ffd180=ff80->007944 sleep=0 local26=0000 ffd1c0=ff80->007d70 sleep=0 local26=0000 ffd200=ff80->007944 sleep=0 local26=0000 ffd240=ff80->007d70 sleep=0 local26=0000 ffe180=ff00->008362 sleep=0 local26=ffdc ffe200=ff00->008362 sleep=0 local26=ffdc ffe240=ff00->008362 sleep=0 local26=ffdc ffe280=ff00->008362 sleep=0 local26=ffdc ffe2c0=ff00->008362 sleep=0 local26=ffdc ffe300=ff00->008362 sleep=0 local26=ffdc ffe340=ff00->008362 sleep=0 local26=ffdc ffe380=ff00->008362 sleep=0 local26=ffdc ffe400=ff00->008362 sleep=0 local26=ffdc ffe440=ff00->008362 sleep=0 local26=ffdc ffe480=ff00->008362 sleep=0 local26=ffdc ffe4c0=ff00->008362 sleep=0 local26=ffdc ffe500=ff00->008362 sleep=0 local26=ffdc ffe540=ff00->008362 sleep=0 local26=ffdc ffe580=ff00->008362 sleep=0 local26=ffdc ffe640=ff00->008362 sleep=0 local26=ffdc ffe680=ff00->008362 sleep=0 local26=ffdc
[  19.511]   [header-byte] write $ffa517 = 04 mask=00ff (pc=018446)
[  20.026] heartbeat frame=1200 tx=1828 rx=1748 fc=1 fd=10 fe=1 linkflag=81 pc=000288 a502=00 a524=0000 a525=00 a170=82 a17f=00 txtail=0024 rxpend=0000
[  20.026] [transport] captured=1828 flushed=1828 received=1748 accepted=362 payload2=331 payload3=0 payload4=0 payload5=0 pump_reads=1507 bursts=376 txcredit=0 outq=0 inq=0 watchdog=30 txseq=78 rxseq=6a rxcredit=3 protection=00 checks=0000
[  20.026] [epochs] local=1 peer=1 ready=true discarded_rx=0
[  20.026] [tcb-continuations] ffa580=ff80->018392 sleep=0 local26=7710 ffa5c0=ff80->01853c sleep=0 local26=1a00 ffd040=ffc0->00daca sleep=0 local26=0000 ffd080=ffc0->00504e sleep=0 local26=6d00 ffd0c0=ffc0->00504e sleep=0 local26=6d00 ffd100=ff80->006782 sleep=0 local26=0000 ffd140=ffc0->008082 sleep=0 local26=0310 ffd180=ff80->007944 sleep=0 local26=0000 ffd1c0=ff80->007d70 sleep=0 local26=0000 ffd200=ff80->007944 sleep=0 local26=0000 ffd240=ff80->007d70 sleep=0 local26=0000
[  20.028]   [header-byte] write $ffa517 = 04 mask=00ff (pc=018446)
[  20.042] [transport-error] LAN bridge unavailable or invalid status; restart both launchers
[  20.042] === session stop ===
