0 0.000 mapping :SERVICE 2 Players Start KEYCODE_UNKNOWN_SWITCH OR JOYCODE_2_UNKNOWN_SWITCH
0 0.000 mapping :SERVICE Coin 2 KEYCODE_UNKNOWN_SWITCH OR JOYCODE_2_UNKNOWN_SWITCH
0 0.000 mapping :SERVICE Service 1 KEYCODE_UNKNOWN_SWITCH
0 0.000 mapping :SERVICE Service Mode KEYCODE_UNKNOWN_SWITCH
0 0.000 mapping :SERVICE Coin 1 KEYCODE_UNKNOWN_SWITCH OR JOYCODE_1_UNKNOWN_SWITCH
0 0.000 mapping :SERVICE 1 Player Start KEYCODE_UNKNOWN_SWITCH OR JOYCODE_1_UNKNOWN_SWITCH
0 0.000 mapping :P1 P1 Button 2 KEYCODE_UNKNOWN_SWITCH OR MOUSECODE_1_UNKNOWN_SWITCH OR GUNCODE_1_BUTTON2
0 0.000 mapping :P1 P1 Left KEYCODE_UNKNOWN_SWITCH
0 0.000 mapping :P1 P1 Up KEYCODE_UNKNOWN_SWITCH
0 0.000 mapping :P1 P1 Button 1 KEYCODE_UNKNOWN_SWITCH OR MOUSECODE_1_UNKNOWN_SWITCH OR GUNCODE_1_BUTTON1
0 0.000 mapping :P1 P1 Down KEYCODE_UNKNOWN_SWITCH
0 0.000 mapping :P1 P1 Right KEYCODE_UNKNOWN_SWITCH
0 0.000 mapping :P2 P2 Up KEYCODE_UNKNOWN_SWITCH
0 0.000 mapping :P2 P2 Button 2 KEYCODE_UNKNOWN_SWITCH OR MOUSECODE_2_UNKNOWN_SWITCH OR GUNCODE_2_BUTTON2
0 0.000 mapping :P2 P2 Left KEYCODE_UNKNOWN_SWITCH
0 0.000 mapping :P2 P2 Down KEYCODE_UNKNOWN_SWITCH
0 0.000 mapping :P2 P2 Right KEYCODE_UNKNOWN_SWITCH
0 0.000 mapping :P2 P2 Button 1 KEYCODE_UNKNOWN_SWITCH OR MOUSECODE_2_UNKNOWN_SWITCH OR GUNCODE_2_BUTTON1
0 0.010 menu-write pc=00a340 data=0000 mask=ffff oldchoice=0 done=0
1 0.017 mode=01 match=04 mask=05 players=2 command=0b22 peer=0000 script=00019f48 flow=00010034 menu=00000000 flags=c7 offer=00 header=54/54 choice=0 done=0 selector=1 active=false/false
2 0.033 mode=01 match=04 mask=05 players=2 command=0b22 peer=0000 script=00019f70 flow=00010034 menu=00000000 flags=00 offer=00 header=00/00 choice=0 done=0 selector=1 active=false/false
5 0.083 mode=01 match=04 mask=05 players=2 command=0b22 peer=0000 script=00019f7e flow=00010034 menu=00000000 flags=00 offer=00 header=00/00 choice=0 done=0 selector=1 active=false/false
10 0.167 mode=01 match=04 mask=05 players=2 command=0b22 peer=0000 script=00019f80 flow=00010034 menu=00000000 flags=00 offer=00 header=00/00 choice=0 done=0 selector=1 active=false/false
27 0.451 mode=01 match=04 mask=05 players=2 command=0b22 peer=0000 script=00019f80 flow=00010034 menu=00000000 flags=00 offer=00 header=10/00 choice=0 done=0 selector=1 active=false/false
28 0.467 mode=01 match=04 mask=05 players=2 command=0b22 peer=0000 script=00019f80 flow=00010034 menu=00000000 flags=00 offer=00 header=00/00 choice=0 done=0 selector=1 active=false/false
30 0.501 mode=01 match=04 mask=05 players=2 command=0b22 peer=0000 script=00019f80 flow=00010034 menu=00000000 flags=00 offer=00 header=00/10 choice=0 done=0 selector=1 active=false/false
31 0.517 mode=01 match=04 mask=05 players=2 command=0b22 peer=0000 script=00019f80 flow=00010034 menu=00000000 flags=00 offer=00 header=10/10 choice=0 done=0 selector=1 active=false/false
63 1.051 mode=01 match=04 mask=05 players=2 command=0b22 peer=0000 script=00019f80 flow=00010034 menu=00000000 flags=00 offer=00 header=10/11 choice=0 done=0 selector=1 active=false/false
112 1.869 mode=01 match=04 mask=05 players=2 command=0b22 peer=0000 script=00019f80 flow=00010034 menu=00000000 flags=00 offer=00 header=10/13 choice=0 done=0 selector=1 active=false/false
191 3.187 mode=01 match=04 mask=05 players=2 command=0b22 peer=0000 script=00019f84 flow=00010034 menu=00000000 flags=00 offer=00 header=10/13 choice=0 done=0 selector=1 active=false/false
195 3.254 mode=01 match=04 mask=05 players=2 command=0b22 peer=0000 script=00019f86 flow=00010034 menu=00000000 flags=00 offer=00 header=10/13 choice=0 done=0 selector=1 active=false/false
195 3.255 menu-write pc=00a340 data=0000 mask=ffff oldchoice=0 done=0
195 3.262 menu-write pc=00a340 data=0000 mask=ffff oldchoice=0 done=0
196 3.271 mode=01 match=04 mask=05 players=2 command=0b22 peer=0000 script=00019fc8 flow=00010034 menu=00000000 flags=09 offer=00 header=11/13 choice=0 done=0 selector=1 active=false/false
197 3.288 mode=00 match=04 mask=05 players=2 command=0b22 peer=0000 script=00019ff2 flow=00010034 menu=00000000 flags=09 offer=00 header=11/13 choice=0 done=0 selector=1 active=false/false
198 3.304 mode=00 match=04 mask=05 players=2 command=0b22 peer=0000 script=0001a002 flow=00010034 menu=00000000 flags=09 offer=00 header=11/13 choice=0 done=0 selector=1 active=false/false
199 3.321 mode=00 match=04 mask=05 players=2 command=0b22 peer=0000 script=0001a004 flow=00010034 menu=00000000 flags=09 offer=00 header=11/13 choice=0 done=0 selector=1 active=false/false
200 3.338 mode=00 match=04 mask=05 players=2 command=0b22 peer=0000 script=0001a008 flow=00010034 menu=00000000 flags=09 offer=00 header=11/13 choice=0 done=0 selector=1 active=false/false
208 3.471 mode=00 match=04 mask=05 players=2 command=0b22 peer=0000 script=0001a00a flow=00010034 menu=00000000 flags=09 offer=00 header=11/13 choice=0 done=0 selector=1 active=false/false
208 3.472 menu-write pc=00a340 data=0000 mask=ffff oldchoice=0 done=0
208 3.479 menu-write pc=00a48a data=0000 mask=ffff oldchoice=0 done=0
209 3.488 mode=01 match=04 mask=00 players=0 command=0322 peer=0000 script=0001a39e flow=00010034 menu=000188fc flags=08 offer=00 header=11/13 choice=0 done=0 selector=1 active=false/false
211 3.521 mode=01 match=04 mask=00 players=0 command=0322 peer=0000 script=0001a39e flow=00010034 menu=000189c6 flags=08 offer=00 header=13/13 choice=0 done=0 selector=1 active=false/false
251 4.189 mode=01 match=04 mask=00 players=0 command=0322 peer=0000 script=0001a39e flow=00010034 menu=00018a40 flags=08 offer=00 header=13/13 choice=0 done=0 selector=1 active=false/false
657 10.964 mode=01 match=04 mask=00 players=0 command=4322 peer=0000 script=0001a39e flow=00010034 menu=00018b84 flags=08 offer=00 header=13/13 choice=0 done=0 selector=1 active=false/false
658 10.981 mode=01 match=04 mask=00 players=0 command=4322 peer=0000 script=0001a39e flow=00010034 menu=00018db6 flags=08 offer=00 header=10/10 choice=0 done=0 selector=1 active=false/false
677 11.298 mode=01 match=04 mask=00 players=0 command=4322 peer=0000 script=0001a39e flow=00010034 menu=00018dd8 flags=08 offer=00 header=10/10 choice=0 done=0 selector=1 active=false/false
678 11.315 mode=01 match=04 mask=00 players=0 command=4322 peer=0000 script=0001a39e flow=00010034 menu=00018e08 flags=08 offer=00 header=10/10 choice=0 done=0 selector=1 active=false/false
706 11.782 mode=01 match=04 mask=00 players=0 command=4322 peer=0000 script=0001a39e flow=00010034 menu=00018e08 flags=08 offer=00 header=10/54 choice=0 done=0 selector=1 active=false/false
858 14.318 mode=01 match=04 mask=00 players=0 command=4322 peer=0000 script=0001a39e flow=00010034 menu=00018e0e flags=08 offer=00 header=10/54 choice=0 done=0 selector=1 active=false/false
859 14.335 mode=01 match=04 mask=00 players=0 command=4322 peer=0000 script=0001a39e flow=00010034 menu=00018e40 flags=08 offer=00 header=10/54 choice=0 done=0 selector=1 active=false/false
862 14.388 menu-write pc=00a4f0 data=0000 mask=ffff oldchoice=0 done=0
863 14.402 mode=01 match=04 mask=00 players=0 command=4322 peer=0000 script=0001a39e flow=00010034 menu=00000000 flags=08 offer=00 header=10/54 choice=0 done=0 selector=1 active=false/false
863 14.404 menu-write pc=00a340 data=0000 mask=ffff oldchoice=0 done=0
863 14.412 menu-write pc=00a340 data=0000 mask=ffff oldchoice=0 done=0
864 14.419 mode=01 match=04 mask=00 players=0 command=4322 peer=0000 script=00019fc8 flow=00010034 menu=00000000 flags=09 offer=00 header=11/54 choice=0 done=0 selector=1 active=false/false
865 14.435 mode=00 match=04 mask=00 players=0 command=4322 peer=0000 script=00019ff2 flow=00010034 menu=00000000 flags=09 offer=00 header=11/54 choice=0 done=0 selector=1 active=false/false
866 14.452 mode=00 match=04 mask=00 players=0 command=4322 peer=0000 script=0001a002 flow=00010034 menu=00000000 flags=09 offer=00 header=11/54 choice=0 done=0 selector=1 active=false/false
867 14.469 mode=00 match=04 mask=00 players=0 command=4322 peer=0000 script=0001a004 flow=00010034 menu=00000000 flags=09 offer=00 header=11/54 choice=0 done=0 selector=1 active=false/false
1047 17.472 mode=00 match=04 mask=00 players=0 command=4322 peer=0000 script=0001a008 flow=00010034 menu=00000000 flags=09 offer=00 header=11/54 choice=0 done=0 selector=1 active=false/false
1050 17.523 B saw A active; delayed coin schedule
1055 17.606 mode=00 match=04 mask=00 players=0 command=4322 peer=0000 script=0001a00a flow=00010034 menu=00000000 flags=09 offer=00 header=11/54 choice=0 done=0 selector=1 active=false/false
1055 17.607 menu-write pc=00a340 data=0000 mask=ffff oldchoice=0 done=0
1055 17.614 menu-write pc=00a36c data=0000 mask=ffff oldchoice=0 done=0
1056 17.623 mode=00 match=04 mask=00 players=0 command=4322 peer=0000 script=0001f576 flow=00010034 menu=00000000 flags=09 offer=00 header=11/54 choice=0 done=0 selector=1 active=false/false
1057 17.639 mode=00 match=04 mask=00 players=0 command=4322 peer=0000 script=0001f582 flow=00010034 menu=00000000 flags=09 offer=00 header=11/54 choice=0 done=0 selector=1 active=false/false
1230 20.526 input :SERVICE Coin 1
1237 20.643 mode=00 match=04 mask=00 players=0 command=4322 peer=0000 script=0001f588 flow=00010034 menu=00000000 flags=09 offer=00 header=11/54 choice=0 done=0 selector=1 active=false/false
1244 20.760 mode=00 match=04 mask=00 players=0 command=4322 peer=0000 script=0001f58a flow=00010034 menu=00000000 flags=09 offer=00 header=11/54 choice=0 done=0 selector=1 active=false/false
1244 20.762 menu-write pc=00a36c data=0000 mask=ffff oldchoice=0 done=0
1244 20.769 menu-write pc=00a36c data=0000 mask=ffff oldchoice=0 done=0
1245 20.777 input :SERVICE Coin 1
1245 20.777 mode=00 match=04 mask=00 players=0 command=4322 peer=0000 script=0001f5b4 flow=00010034 menu=00000000 flags=09 offer=00 header=11/54 choice=0 done=0 selector=1 active=false/false
1246 20.793 mode=00 match=04 mask=00 players=0 command=4322 peer=0000 script=0001f5ba flow=00010034 menu=00000000 flags=09 offer=00 header=11/54 choice=0 done=0 selector=1 active=false/false
1260 21.027 input :SERVICE Coin 1
1269 21.177 mode=00 match=04 mask=00 players=0 command=4322 peer=0000 script=0001f5c6 flow=00010034 menu=00000000 flags=09 offer=00 header=11/54 choice=0 done=0 selector=1 active=false/false
1271 21.211 mode=00 match=04 mask=00 players=0 command=4322 peer=0000 script=0001f5da flow=00010034 menu=00000000 flags=09 offer=00 header=11/54 choice=0 done=0 selector=1 active=false/false
1275 21.277 input :SERVICE Coin 1
1320 22.028 input :SERVICE 1 Player Start
1380 23.030 input :SERVICE 1 Player Start
1383 23.080 mode=00 match=04 mask=00 players=0 command=4322 peer=0000 script=0001f5e0 flow=00010034 menu=00000000 flags=09 offer=00 header=11/54 choice=0 done=0 selector=1 active=false/false
1390 23.197 mode=00 match=04 mask=00 players=0 command=4322 peer=0000 script=0001f5e2 flow=00010034 menu=00000000 flags=09 offer=00 header=11/54 choice=0 done=0 selector=1 active=false/false
1390 23.199 menu-write pc=00a36c data=0000 mask=ffff oldchoice=0 done=0
1390 23.207 menu-write pc=00a340 data=0000 mask=ffff oldchoice=0 done=0
1391 23.213 mode=00 match=04 mask=00 players=0 command=4322 peer=0000 script=0001a034 flow=00010034 menu=00000000 flags=09 offer=00 header=11/54 choice=0 done=0 selector=1 active=false/false
1391 23.215 menu-write pc=00a340 data=0000 mask=ffff oldchoice=0 done=0
1391 23.225 menu-write pc=00a340 data=0000 mask=ffff oldchoice=0 done=0
1392 23.230 mode=00 match=04 mask=00 players=0 command=4322 peer=0000 script=0001a0ac flow=00019a38 menu=00000000 flags=09 offer=00 header=10/54 choice=0 done=0 selector=0 active=false/false
1392 23.241 menu-write pc=00a48a data=0000 mask=ffff oldchoice=0 done=0
1393 23.247 mode=00 match=04 mask=00 players=0 command=4322 peer=0000 script=0001a0ac flow=00019a50 menu=00019b8e flags=09 offer=00 header=10/54 choice=0 done=0 selector=0 active=false/false
1408 23.497 invitation ready choice=start2
1408 23.497 mode=00 match=04 mask=00 players=0 command=4322 peer=0000 script=0001a0ac flow=00019a50 menu=00019c6e flags=09 offer=00 header=10/54 choice=0 done=0 selector=0 active=false/false
1420 23.697 input :SERVICE 2 Players Start
1729 28.855 menu-write pc=019c9a data=0101 mask=00ff oldchoice=0 done=0
1730 28.871 mode=00 match=04 mask=00 players=0 command=4322 peer=0000 script=0001a0ac flow=00019a50 menu=00019d84 flags=09 offer=00 header=10/54 choice=0 done=1 selector=0 active=false/false
1731 28.887 mode=00 match=04 mask=00 players=0 command=4322 peer=0000 script=0001a0b0 flow=00010050 menu=00019d84 flags=87 offer=01 header=54/54 choice=0 done=1 selector=0 active=false/false
1735 28.954 mode=00 match=04 mask=00 players=0 command=4322 peer=0000 script=0001a0b2 flow=00010050 menu=00019d84 flags=87 offer=01 header=54/54 choice=0 done=1 selector=0 active=false/false
1735 28.955 menu-write pc=00a340 data=0000 mask=ffff oldchoice=0 done=1
1735 28.962 menu-write pc=00a48a data=0000 mask=ffff oldchoice=0 done=0
1736 28.971 mode=01 match=04 mask=01 players=1 command=0322 peer=0000 script=0001a3ee flow=00010050 menu=000188fc flags=08 offer=01 header=11/54 choice=0 done=0 selector=0 active=false/false
1738 29.004 mode=01 match=04 mask=01 players=1 command=0322 peer=0000 script=0001a3ee flow=00010050 menu=000189c6 flags=08 offer=00 header=11/54 choice=0 done=0 selector=0 active=false/false
1777 29.655 mode=01 match=04 mask=01 players=1 command=0322 peer=0000 script=0001a3ee flow=00010050 menu=00018a40 flags=08 offer=00 header=11/54 choice=0 done=0 selector=0 active=false/false
1800 30.039 input :P1 P1 Button 1
1800 30.039 input :P2 P2 Button 1
1828 30.506 input :SERVICE 2 Players Start
1830 30.539 mode=01 match=04 mask=03 players=2 command=0322 peer=0000 script=0001a3ee flow=00010050 menu=00018a40 flags=08 offer=00 header=11/54 choice=0 done=0 selector=0 active=false/false
1888 31.507 input :SERVICE 2 Players Start
1890 31.541 input :P1 P1 Button 1
1890 31.541 input :P2 P2 Button 1
1948 32.509 input :SERVICE 2 Players Start
1980 33.043 input :P1 P1 Button 1
1980 33.043 input :P2 P2 Button 1
2070 34.544 input :P1 P1 Button 1
2070 34.544 input :P2 P2 Button 1
2160 36.046 input :P1 P1 Button 1
2160 36.046 input :P2 P2 Button 1
2250 37.548 input :P1 P1 Button 1
2250 37.548 input :P2 P2 Button 1
2253 37.598 mode=01 match=04 mask=03 players=2 command=4322 peer=0000 script=0001a3ee flow=00010050 menu=00018b84 flags=08 offer=00 header=11/54 choice=0 done=0 selector=0 active=false/false
2254 37.615 mode=01 match=04 mask=03 players=2 command=4322 peer=0000 script=0001a3ee flow=00010050 menu=00018db6 flags=08 offer=00 header=10/54 choice=0 done=0 selector=0 active=false/false
2273 37.932 mode=01 match=04 mask=03 players=2 command=4322 peer=0000 script=0001a3ee flow=00010050 menu=00018dd8 flags=08 offer=00 header=10/54 choice=0 done=0 selector=0 active=false/false
2274 37.949 mode=01 match=04 mask=03 players=2 command=4322 peer=0000 script=0001a3ee flow=00010050 menu=00018e08 flags=08 offer=00 header=10/54 choice=0 done=0 selector=0 active=false/false
2340 39.050 input :P1 P1 Button 1
2340 39.050 input :P2 P2 Button 1
2342 39.084 mode=01 match=04 mask=03 players=2 command=4322 peer=0000 script=0001a3ee flow=00010050 menu=00018e0e flags=08 offer=00 header=10/54 choice=0 done=0 selector=0 active=false/false
2343 39.100 mode=01 match=04 mask=03 players=2 command=4322 peer=0000 script=0001a3ee flow=00010050 menu=00018e40 flags=08 offer=00 header=10/54 choice=0 done=0 selector=0 active=false/false
2346 39.153 menu-write pc=00a4f0 data=0000 mask=ffff oldchoice=0 done=0
2347 39.167 mode=01 match=04 mask=03 players=2 command=4322 peer=0000 script=0001a3ee flow=00010050 menu=00000000 flags=08 offer=00 header=10/54 choice=0 done=0 selector=0 active=false/false
2347 39.169 menu-write pc=00a340 data=0000 mask=ffff oldchoice=0 done=0
2347 39.177 menu-write pc=00a36c data=0000 mask=ffff oldchoice=0 done=0
2348 39.184 mode=01 match=02 mask=03 players=2 command=4322 peer=0000 script=0001f7bc flow=00010050 menu=00000000 flags=82 offer=00 header=54/54 choice=0 done=0 selector=0 active=false/false
2349 39.200 mode=01 match=02 mask=03 players=2 command=4322 peer=0000 script=0001f7d2 flow=00010050 menu=00000000 flags=82 offer=00 header=54/54 choice=0 done=0 selector=0 active=false/false
2366 39.484 mode=01 match=02 mask=03 players=2 command=4322 peer=0000 script=0001f7de flow=00010050 menu=00000000 flags=82 offer=00 header=54/54 choice=0 done=0 selector=0 active=false/false
2368 39.518 mode=01 match=02 mask=03 players=2 command=4322 peer=0000 script=0001f7f6 flow=00010050 menu=00000000 flags=82 offer=00 header=54/54 choice=0 done=0 selector=0 active=false/false
2430 40.552 input :P1 P1 Button 1
2430 40.552 input :P2 P2 Button 1
2481 41.403 mode=01 match=02 mask=03 players=2 command=4322 peer=0000 script=0001f7fc flow=00010050 menu=00000000 flags=82 offer=00 header=54/54 choice=0 done=0 selector=0 active=false/false
2513 41.937 mode=01 match=02 mask=03 players=2 command=4322 peer=0000 script=0001f7fe flow=00010050 menu=00000000 flags=82 offer=00 header=54/54 choice=0 done=0 selector=0 active=false/false
2513 41.940 menu-write pc=00a36c data=0000 mask=ffff oldchoice=0 done=0
2514 41.954 mode=01 match=02 mask=03 players=2 command=4322 peer=0000 script=0001a49e flow=00010050 menu=00000000 flags=82 offer=00 header=54/54 choice=0 done=0 selector=0 active=false/false
2515 41.971 mode=01 match=02 mask=03 players=2 command=4322 peer=0000 script=0001a4b0 flow=00010050 menu=00000000 flags=82 offer=00 header=54/54 choice=0 done=0 selector=0 active=false/false
2520 42.054 input :P1 P1 Button 1
2520 42.054 input :P2 P2 Button 1
2528 42.188 mode=01 match=02 mask=03 players=2 command=4322 peer=0000 script=0001a4b6 flow=00010050 menu=00000000 flags=82 offer=00 header=54/54 choice=0 done=0 selector=0 active=false/false
2544 42.455 mode=01 match=02 mask=03 players=2 command=4322 peer=0000 script=0001a4d8 flow=00010050 menu=00000000 flags=82 offer=00 header=54/54 choice=0 done=0 selector=0 active=false/false
2547 42.505 mode=01 match=02 mask=03 players=2 command=4322 peer=0000 script=0001a4da flow=00010050 menu=00000000 flags=82 offer=00 header=54/54 choice=0 done=0 selector=0 active=false/false
2548 42.521 mode=01 match=02 mask=03 players=2 command=4322 peer=0000 script=0001a510 flow=00010050 menu=00000000 flags=82 offer=00 header=54/54 choice=0 done=0 selector=0 active=false/false
2548 42.534 menu-write pc=00a48a data=0000 mask=ffff oldchoice=0 done=0
2549 42.538 mode=01 match=02 mask=03 players=2 command=4322 peer=0000 script=0001a51a flow=00010050 menu=0000daca flags=82 offer=00 header=54/54 choice=0 done=0 selector=0 active=false/false
2610 43.556 input :P1 P1 Button 1
2610 43.556 input :P2 P2 Button 1
2700 45.058 input :P1 P1 Button 1
2700 45.058 input :P2 P2 Button 1
2702 45.091 mode=01 match=02 mask=03 players=2 command=7822 peer=0000 script=0001a51a flow=00010050 menu=0000daca flags=82 offer=00 header=54/54 choice=0 done=0 selector=0 active=false/false
2705 45.141 mode=01 match=02 mask=03 players=2 command=f822 peer=0000 script=0001a51a flow=00010050 menu=0000daca flags=82 offer=00 header=54/54 choice=0 done=0 selector=0 active=false/false
2711 45.242 piece player=0 count=1 mode=1 match=2 mask=03
2711 45.242 piece player=1 count=1 mode=1 match=2 mask=03
2711 45.242 mode=01 match=02 mask=03 players=2 command=f822 peer=0000 script=0001a51a flow=00010050 menu=0000daca flags=82 offer=00 header=54/54 choice=0 done=0 selector=0 active=true/true
2790 46.560 input :P1 P1 Button 1
2790 46.560 input :P2 P2 Button 1
2880 48.062 input :P1 P1 Button 1
2880 48.062 input :P2 P2 Button 1
2919 48.713 mode=01 match=02 mask=03 players=2 command=f822 peer=0000 script=0001a51a flow=00010050 menu=0000daca flags=82 offer=00 header=54/54 choice=0 done=0 selector=0 active=false/false
2943 49.113 piece player=0 count=2 mode=1 match=2 mask=03
2943 49.113 piece player=1 count=2 mode=1 match=2 mask=03
2943 49.113 mode=01 match=02 mask=03 players=2 command=f822 peer=0000 script=0001a51a flow=00010050 menu=0000daca flags=82 offer=00 header=54/54 choice=0 done=0 selector=0 active=true/true
2970 49.564 input :P1 P1 Button 1
2970 49.564 input :P2 P2 Button 1
3060 51.066 input :P1 P1 Button 1
3060 51.066 input :P2 P2 Button 1
3150 52.568 input :P1 P1 Button 1
3150 52.568 input :P2 P2 Button 1
3151 52.584 mode=01 match=02 mask=03 players=2 command=f822 peer=0000 script=0001a51a flow=00010050 menu=0000daca flags=82 offer=00 header=54/54 choice=0 done=0 selector=0 active=false/false
3175 52.985 piece player=0 count=3 mode=1 match=2 mask=03
3175 52.985 piece player=1 count=3 mode=1 match=2 mask=03
3175 52.985 mode=01 match=02 mask=03 players=2 command=f822 peer=0000 script=0001a51a flow=00010050 menu=0000daca flags=82 offer=00 header=54/54 choice=0 done=0 selector=0 active=true/true
3240 54.070 input :P1 P1 Button 1
3240 54.070 input :P2 P2 Button 1
3330 55.572 input :P1 P1 Button 1
3330 55.572 input :P2 P2 Button 1
3383 56.456 mode=01 match=02 mask=03 players=2 command=f822 peer=0000 script=0001a51a flow=00010050 menu=0000daca flags=82 offer=00 header=54/54 choice=0 done=0 selector=0 active=false/false
3407 56.857 piece player=0 count=4 mode=1 match=2 mask=03
3407 56.857 piece player=1 count=4 mode=1 match=2 mask=03
3407 56.857 mode=01 match=02 mask=03 players=2 command=f822 peer=0000 script=0001a51a flow=00010050 menu=0000daca flags=82 offer=00 header=54/54 choice=0 done=0 selector=0 active=true/true
3420 57.073 input :P1 P1 Button 1
3420 57.073 input :P2 P2 Button 1
3510 58.575 input :P1 P1 Button 1
3510 58.575 input :P2 P2 Button 1
