0 0.000 mapping :SERVICE Service 1 KEYCODE_9
0 0.000 mapping :SERVICE Coin 2 KEYCODE_6 OR JOYCODE_2_UNKNOWN_SWITCH
0 0.000 mapping :SERVICE Service Mode KEYCODE_F2
0 0.000 mapping :SERVICE Coin 1 KEYCODE_5 OR JOYCODE_1_UNKNOWN_SWITCH
0 0.000 mapping :SERVICE 2 Players Start KEYCODE_2 OR JOYCODE_2_UNKNOWN_SWITCH
0 0.000 mapping :SERVICE 1 Player Start KEYCODE_1 OR JOYCODE_1_UNKNOWN_SWITCH
0 0.000 mapping :P1 P1 Up KEYCODE_UP
0 0.000 mapping :P1 P1 Button 2 KEYCODE_LALT OR MOUSECODE_1_BUTTON3 OR GUNCODE_1_BUTTON2
0 0.000 mapping :P1 P1 Left KEYCODE_LEFT
0 0.000 mapping :P1 P1 Down KEYCODE_DOWN
0 0.000 mapping :P1 P1 Button 1 KEYCODE_LCONTROL OR MOUSECODE_1_BUTTON1 OR GUNCODE_1_BUTTON1
0 0.000 mapping :P1 P1 Right KEYCODE_RIGHT
0 0.000 mapping :P2 P2 Button 1 KEYCODE_A OR MOUSECODE_2_BUTTON1 OR GUNCODE_2_BUTTON1
0 0.000 mapping :P2 P2 Up KEYCODE_R
0 0.000 mapping :P2 P2 Right KEYCODE_G
0 0.000 mapping :P2 P2 Down KEYCODE_F
0 0.000 mapping :P2 P2 Left KEYCODE_D
0 0.000 mapping :P2 P2 Button 2 KEYCODE_S OR MOUSECODE_2_BUTTON3 OR GUNCODE_2_BUTTON2
0 0.010 menu-write pc=00a340 data=0000 mask=ffff oldchoice=0 done=0
1 0.017 mode=01 match=04 mask=05 players=2 command=0b22 peer=0000 script=00019f48 flow=00010034 menu=00000000 flags=c7 offer=00 header=54/54 choice=0 done=0 selector=1 active=false/false
2 0.033 mode=01 match=04 mask=05 players=2 command=0b22 peer=0000 script=00019f70 flow=00010034 menu=00000000 flags=00 offer=00 header=00/00 choice=0 done=0 selector=1 active=false/false
5 0.083 mode=01 match=04 mask=05 players=2 command=0b22 peer=0000 script=00019f7e flow=00010034 menu=00000000 flags=00 offer=00 header=00/00 choice=0 done=0 selector=1 active=false/false
10 0.167 mode=01 match=04 mask=05 players=2 command=0b22 peer=0000 script=00019f80 flow=00010034 menu=00000000 flags=00 offer=00 header=00/00 choice=0 done=0 selector=1 active=false/false
42 0.701 mode=01 match=04 mask=05 players=2 command=0b22 peer=0000 script=00019f80 flow=00010034 menu=00000000 flags=00 offer=00 header=10/00 choice=0 done=0 selector=1 active=false/false
43 0.718 mode=01 match=04 mask=05 players=2 command=0b22 peer=0000 script=00019f80 flow=00010034 menu=00000000 flags=00 offer=00 header=00/00 choice=0 done=0 selector=1 active=false/false
44 0.734 mode=01 match=04 mask=05 players=2 command=0b22 peer=0000 script=00019f80 flow=00010034 menu=00000000 flags=00 offer=00 header=00/10 choice=0 done=0 selector=1 active=false/false
45 0.751 mode=01 match=04 mask=05 players=2 command=0b22 peer=0000 script=00019f80 flow=00010034 menu=00000000 flags=00 offer=00 header=10/10 choice=0 done=0 selector=1 active=false/false
191 3.187 mode=01 match=04 mask=05 players=2 command=0b22 peer=0000 script=00019f84 flow=00010034 menu=00000000 flags=00 offer=00 header=10/10 choice=0 done=0 selector=1 active=false/false
195 3.254 mode=01 match=04 mask=05 players=2 command=0b22 peer=0000 script=00019f86 flow=00010034 menu=00000000 flags=00 offer=00 header=10/10 choice=0 done=0 selector=1 active=false/false
195 3.255 menu-write pc=00a340 data=0000 mask=ffff oldchoice=0 done=0
195 3.262 menu-write pc=00a340 data=0000 mask=ffff oldchoice=0 done=0
196 3.271 mode=01 match=04 mask=05 players=2 command=0b22 peer=0000 script=00019fc8 flow=00010034 menu=00000000 flags=09 offer=00 header=11/10 choice=0 done=0 selector=1 active=false/false
197 3.288 mode=00 match=04 mask=05 players=2 command=0b22 peer=0000 script=00019ff2 flow=00010034 menu=00000000 flags=09 offer=00 header=11/10 choice=0 done=0 selector=1 active=false/false
198 3.304 mode=00 match=04 mask=05 players=2 command=0b22 peer=0000 script=0001a002 flow=00010034 menu=00000000 flags=09 offer=00 header=11/10 choice=0 done=0 selector=1 active=false/false
199 3.321 mode=00 match=04 mask=05 players=2 command=0b22 peer=0000 script=0001a004 flow=00010034 menu=00000000 flags=09 offer=00 header=11/10 choice=0 done=0 selector=1 active=false/false
216 3.605 mode=00 match=04 mask=05 players=2 command=0b22 peer=0000 script=0001a004 flow=00010034 menu=00000000 flags=09 offer=00 header=11/11 choice=0 done=0 selector=1 active=false/false
266 4.439 mode=00 match=04 mask=05 players=2 command=0b22 peer=0000 script=0001a004 flow=00010034 menu=00000000 flags=09 offer=00 header=11/13 choice=0 done=0 selector=1 active=false/false
267 4.456 mode=00 match=04 mask=05 players=2 command=0b22 peer=0000 script=0001a008 flow=00010034 menu=00000000 flags=09 offer=00 header=11/13 choice=0 done=0 selector=1 active=false/false
275 4.589 mode=00 match=04 mask=05 players=2 command=0b22 peer=0000 script=0001a00a flow=00010034 menu=00000000 flags=09 offer=00 header=11/13 choice=0 done=0 selector=1 active=false/false
275 4.590 menu-write pc=00a340 data=0000 mask=ffff oldchoice=0 done=0
275 4.597 menu-write pc=00a48a data=0000 mask=ffff oldchoice=0 done=0
276 4.606 mode=01 match=04 mask=00 players=0 command=0322 peer=0000 script=0001a39e flow=00010034 menu=000188fc flags=08 offer=00 header=11/13 choice=0 done=0 selector=1 active=false/false
278 4.639 mode=01 match=04 mask=00 players=0 command=0322 peer=0000 script=0001a39e flow=00010034 menu=000189c6 flags=08 offer=00 header=13/13 choice=0 done=0 selector=1 active=false/false
319 5.324 mode=01 match=04 mask=00 players=0 command=0322 peer=0000 script=0001a39e flow=00010034 menu=00018a40 flags=08 offer=00 header=13/13 choice=0 done=0 selector=1 active=false/false
740 12.349 mode=01 match=04 mask=00 players=0 command=4322 peer=0000 script=0001a39e flow=00010034 menu=00018b84 flags=08 offer=00 header=13/13 choice=0 done=0 selector=1 active=false/false
741 12.366 mode=01 match=04 mask=00 players=0 command=4322 peer=0000 script=0001a39e flow=00010034 menu=00018db6 flags=08 offer=00 header=10/10 choice=0 done=0 selector=1 active=false/false
760 12.683 mode=01 match=04 mask=00 players=0 command=4322 peer=0000 script=0001a39e flow=00010034 menu=00018dd8 flags=08 offer=00 header=10/10 choice=0 done=0 selector=1 active=false/false
761 12.700 mode=01 match=04 mask=00 players=0 command=4322 peer=0000 script=0001a39e flow=00010034 menu=00018e08 flags=08 offer=00 header=10/10 choice=0 done=0 selector=1 active=false/false
855 14.268 mode=01 match=04 mask=00 players=0 command=4322 peer=0000 script=0001a39e flow=00010034 menu=00018e08 flags=08 offer=00 header=10/54 choice=0 done=0 selector=1 active=false/false
941 15.704 mode=01 match=04 mask=00 players=0 command=4322 peer=0000 script=0001a39e flow=00010034 menu=00018e0e flags=08 offer=00 header=10/54 choice=0 done=0 selector=1 active=false/false
942 15.720 mode=01 match=04 mask=00 players=0 command=4322 peer=0000 script=0001a39e flow=00010034 menu=00018e40 flags=08 offer=00 header=10/54 choice=0 done=0 selector=1 active=false/false
945 15.773 menu-write pc=00a4f0 data=0000 mask=ffff oldchoice=0 done=0
946 15.787 mode=01 match=04 mask=00 players=0 command=4322 peer=0000 script=0001a39e flow=00010034 menu=00000000 flags=08 offer=00 header=10/54 choice=0 done=0 selector=1 active=false/false
946 15.789 menu-write pc=00a340 data=0000 mask=ffff oldchoice=0 done=0
946 15.796 menu-write pc=00a340 data=0000 mask=ffff oldchoice=0 done=0
947 15.804 mode=01 match=04 mask=00 players=0 command=4322 peer=0000 script=00019fc8 flow=00010034 menu=00000000 flags=09 offer=00 header=11/54 choice=0 done=0 selector=1 active=false/false
948 15.820 mode=00 match=04 mask=00 players=0 command=4322 peer=0000 script=00019ff2 flow=00010034 menu=00000000 flags=09 offer=00 header=11/54 choice=0 done=0 selector=1 active=false/false
949 15.837 mode=00 match=04 mask=00 players=0 command=4322 peer=0000 script=0001a002 flow=00010034 menu=00000000 flags=09 offer=00 header=11/54 choice=0 done=0 selector=1 active=false/false
950 15.854 mode=00 match=04 mask=00 players=0 command=4322 peer=0000 script=0001a004 flow=00010034 menu=00000000 flags=09 offer=00 header=11/54 choice=0 done=0 selector=1 active=false/false
1130 18.858 mode=00 match=04 mask=00 players=0 command=4322 peer=0000 script=0001a008 flow=00010034 menu=00000000 flags=09 offer=00 header=11/54 choice=0 done=0 selector=1 active=false/false
1138 18.991 mode=00 match=04 mask=00 players=0 command=4322 peer=0000 script=0001a00a flow=00010034 menu=00000000 flags=09 offer=00 header=11/54 choice=0 done=0 selector=1 active=false/false
1138 18.992 menu-write pc=00a340 data=0000 mask=ffff oldchoice=0 done=0
1138 18.999 menu-write pc=00a36c data=0000 mask=ffff oldchoice=0 done=0
1139 19.008 mode=00 match=04 mask=00 players=0 command=4322 peer=0000 script=0001f576 flow=00010034 menu=00000000 flags=09 offer=00 header=11/54 choice=0 done=0 selector=1 active=false/false
1140 19.024 mode=00 match=04 mask=00 players=0 command=4322 peer=0000 script=0001f582 flow=00010034 menu=00000000 flags=09 offer=00 header=11/54 choice=0 done=0 selector=1 active=false/false
1197 19.976 B saw A active; delayed coin schedule
1320 22.028 mode=00 match=04 mask=00 players=0 command=4322 peer=0000 script=0001f588 flow=00010034 menu=00000000 flags=09 offer=00 header=11/54 choice=0 done=0 selector=1 active=false/false
1327 22.145 mode=00 match=04 mask=00 players=0 command=4322 peer=0000 script=0001f58a flow=00010034 menu=00000000 flags=09 offer=00 header=11/54 choice=0 done=0 selector=1 active=false/false
1327 22.146 menu-write pc=00a36c data=0000 mask=ffff oldchoice=0 done=0
1327 22.153 menu-write pc=00a36c data=0000 mask=ffff oldchoice=0 done=0
1328 22.162 mode=00 match=04 mask=00 players=0 command=4322 peer=0000 script=0001f5ba flow=00010034 menu=00000000 flags=09 offer=00 header=11/54 choice=0 done=0 selector=1 active=false/false
1352 22.562 mode=00 match=04 mask=00 players=0 command=4322 peer=0000 script=0001f5c6 flow=00010034 menu=00000000 flags=09 offer=00 header=11/54 choice=0 done=0 selector=1 active=false/false
1353 22.579 mode=00 match=04 mask=00 players=0 command=4322 peer=0000 script=0001f5c8 flow=00010034 menu=00000000 flags=09 offer=00 header=11/54 choice=0 done=0 selector=1 active=false/false
1354 22.596 mode=00 match=04 mask=00 players=0 command=4322 peer=0000 script=0001f5da flow=00010034 menu=00000000 flags=09 offer=00 header=11/54 choice=0 done=0 selector=1 active=false/false
1377 22.980 input :SERVICE Coin 1
1392 23.230 input :SERVICE Coin 1
1407 23.480 input :SERVICE Coin 1
1422 23.731 input :SERVICE Coin 1
1467 24.482 input :SERVICE 1 Player Start
1470 24.532 mode=00 match=04 mask=00 players=0 command=4322 peer=0000 script=0001f5e0 flow=00010034 menu=00000000 flags=09 offer=00 header=11/54 choice=0 done=0 selector=1 active=false/false
1477 24.648 mode=00 match=04 mask=00 players=0 command=4322 peer=0000 script=0001f5e2 flow=00010034 menu=00000000 flags=09 offer=00 header=11/54 choice=0 done=0 selector=1 active=false/false
1477 24.651 menu-write pc=00a36c data=0000 mask=ffff oldchoice=0 done=0
1477 24.658 menu-write pc=00a340 data=0000 mask=ffff oldchoice=0 done=0
1478 24.665 mode=00 match=04 mask=00 players=0 command=4322 peer=0000 script=0001a034 flow=00010034 menu=00000000 flags=09 offer=00 header=11/54 choice=0 done=0 selector=1 active=false/false
1478 24.667 menu-write pc=00a340 data=0000 mask=ffff oldchoice=0 done=0
1478 24.676 menu-write pc=00a340 data=0000 mask=ffff oldchoice=0 done=0
1479 24.682 mode=00 match=04 mask=00 players=0 command=4322 peer=0000 script=0001a0ac flow=00019a38 menu=00000000 flags=09 offer=00 header=10/54 choice=0 done=0 selector=0 active=false/false
1479 24.693 menu-write pc=00a48a data=0000 mask=ffff oldchoice=0 done=0
1480 24.698 mode=00 match=04 mask=00 players=0 command=4322 peer=0000 script=0001a0ac flow=00019a50 menu=00019b8e flags=09 offer=00 header=10/54 choice=0 done=0 selector=0 active=false/false
1495 24.949 invitation ready choice=yes
1495 24.949 mode=00 match=04 mask=00 players=0 command=4322 peer=0000 script=0001a0ac flow=00019a50 menu=00019c6e flags=09 offer=00 header=10/54 choice=0 done=0 selector=0 active=false/false
1507 25.149 input :P1 P1 Down
1508 25.167 menu-write pc=019cbe data=0101 mask=ff00 oldchoice=0 done=0
1509 25.182 mode=00 match=04 mask=00 players=0 command=4322 peer=0000 script=0001a0ac flow=00019a50 menu=00019c6e flags=09 offer=00 header=10/54 choice=1 done=0 selector=0 active=false/false
1525 25.449 input :P1 P1 Button 1
1526 25.467 menu-write pc=019c9a data=0101 mask=00ff oldchoice=1 done=0
1527 25.483 mode=00 match=04 mask=00 players=0 command=4322 peer=0000 script=0001a0ac flow=00019a50 menu=00019d84 flags=09 offer=00 header=10/54 choice=1 done=1 selector=0 active=false/false
1528 25.500 mode=00 match=04 mask=01 players=1 command=4322 peer=0000 script=0001a0ac flow=00019768 menu=00019d84 flags=09 offer=00 header=10/54 choice=1 done=1 selector=0 active=false/false
1529 25.516 mode=00 match=04 mask=01 players=1 command=0122 peer=0000 script=0001a0ac flow=0001978c menu=00019d84 flags=09 offer=00 header=90/54 choice=1 done=1 selector=0 active=false/false
1535 25.616 mode=00 match=04 mask=01 players=1 command=0122 peer=9122 script=0001a0ac flow=0001978c menu=00019d84 flags=09 offer=00 header=90/54 choice=1 done=1 selector=0 active=false/false
1536 25.633 mode=00 match=04 mask=01 players=1 command=2101 peer=9122 script=0001a0ac flow=00019840 menu=00019d84 flags=09 offer=00 header=90/54 choice=1 done=1 selector=0 active=false/false
1542 25.733 mode=00 match=04 mask=01 players=1 command=2101 peer=8122 script=0001a0ac flow=00019840 menu=00019d84 flags=09 offer=00 header=90/54 choice=1 done=1 selector=0 active=false/false
1543 25.750 mode=00 match=04 mask=01 players=1 command=2101 peer=8122 script=0001a0ac flow=00019872 menu=00019d84 flags=09 offer=00 header=90/54 choice=1 done=1 selector=0 active=false/false
1641 27.385 mode=00 match=04 mask=01 players=1 command=2101 peer=0102 script=0001a0ac flow=00019872 menu=00019d84 flags=09 offer=00 header=90/54 choice=1 done=1 selector=0 active=false/false
1642 27.402 mode=00 match=04 mask=01 players=1 command=2101 peer=0102 script=0001a7e6 flow=00010072 menu=00019d84 flags=82 offer=00 header=54/54 choice=1 done=1 selector=0 active=false/false
1658 27.669 mode=00 match=04 mask=01 players=1 command=2101 peer=0102 script=0001a7e8 flow=00010072 menu=00019d84 flags=82 offer=00 header=54/54 choice=1 done=1 selector=0 active=false/false
1658 27.670 menu-write pc=00a48a data=0000 mask=ffff oldchoice=1 done=1
1659 27.686 mode=01 match=04 mask=01 players=1 command=0301 peer=0102 script=0001a842 flow=00010072 menu=000188fc flags=02 offer=00 header=54/54 choice=0 done=0 selector=0 active=false/false
1660 27.702 mode=01 match=04 mask=01 players=1 command=0301 peer=0102 script=0001a842 flow=00010072 menu=000189c6 flags=02 offer=00 header=56/54 choice=0 done=0 selector=0 active=false/false
1667 27.819 mode=01 match=04 mask=01 players=1 command=0301 peer=0102 script=0001a842 flow=00010072 menu=000189c6 flags=02 offer=00 header=56/56 choice=0 done=0 selector=0 active=false/false
1702 28.403 mode=01 match=04 mask=01 players=1 command=0301 peer=0102 script=0001a842 flow=00010072 menu=00018a40 flags=02 offer=00 header=56/56 choice=0 done=0 selector=0 active=false/false
1703 28.420 mode=01 match=04 mask=01 players=1 command=1301 peer=0102 script=0001a842 flow=00010072 menu=00018a40 flags=02 offer=00 header=56/56 choice=0 done=0 selector=0 active=false/false
1890 31.541 input :P1 P1 Button 1
1890 31.541 input :P2 P2 Button 1
1915 31.958 input :SERVICE 2 Players Start
1917 31.991 mode=01 match=04 mask=03 players=2 command=1301 peer=0102 script=0001a842 flow=00010072 menu=00018a40 flags=02 offer=00 header=56/56 choice=0 done=0 selector=0 active=false/false
1918 32.008 mode=01 match=04 mask=03 players=2 command=7301 peer=0102 script=0001a842 flow=00010072 menu=00018b84 flags=02 offer=00 header=56/56 choice=0 done=0 selector=0 active=false/false
1918 32.011 recruit-peer-read pc=018bda data=3302 mask=ff00 localmask=03
1919 32.025 mode=01 match=04 mask=03 players=4 command=7301 peer=0102 script=0001a842 flow=00010072 menu=00018bfc flags=02 offer=00 header=56/56 choice=0 done=0 selector=0 active=false/false
1919 32.027 menu-write pc=018c42 data=0078 mask=ffff oldchoice=0 done=0
1920 32.041 mode=01 match=04 mask=03 players=4 command=8334 peer=0102 script=0001a842 flow=00010072 menu=00018c48 flags=02 offer=00 header=56/56 choice=0 done=120 selector=0 active=false/false
1920 32.046 menu-write pc=018c4e data=ffff mask=ff00 oldchoice=0 done=120
1921 32.058 mode=01 match=04 mask=03 players=4 command=8334 peer=0102 script=0001a842 flow=00010072 menu=00018c48 flags=02 offer=00 header=56/56 choice=255 done=120 selector=0 active=false/false
1921 32.061 menu-write pc=018c4e data=fefe mask=ff00 oldchoice=255 done=120
1922 32.075 mode=01 match=04 mask=03 players=4 command=8334 peer=0102 script=0001a842 flow=00010072 menu=00018c48 flags=02 offer=00 header=56/56 choice=254 done=120 selector=0 active=false/false
1922 32.077 menu-write pc=018c4e data=fdfd mask=ff00 oldchoice=254 done=120
1923 32.091 mode=01 match=04 mask=03 players=4 command=8334 peer=0102 script=0001a842 flow=00010072 menu=00018c48 flags=02 offer=00 header=56/56 choice=253 done=120 selector=0 active=false/false
1923 32.094 menu-write pc=018c4e data=fcfc mask=ff00 oldchoice=253 done=120
1924 32.108 mode=01 match=04 mask=03 players=4 command=8334 peer=0102 script=0001a842 flow=00010072 menu=00018c48 flags=02 offer=00 header=56/56 choice=252 done=120 selector=0 active=false/false
1924 32.111 menu-write pc=018c4e data=fbfb mask=ff00 oldchoice=252 done=120
1925 32.125 mode=01 match=04 mask=0f players=4 command=8334 peer=0102 script=0001a842 flow=00010072 menu=00018cc8 flags=02 offer=00 header=56/56 choice=251 done=120 selector=0 active=false/false
1944 32.442 mode=01 match=04 mask=0f players=4 command=8334 peer=0102 script=0001a842 flow=00010072 menu=00018cea flags=02 offer=00 header=56/56 choice=251 done=120 selector=0 active=false/false
1945 32.458 mode=01 match=04 mask=0f players=4 command=8334 peer=0102 script=0001a842 flow=00010072 menu=00018d1a flags=02 offer=00 header=56/56 choice=251 done=120 selector=0 active=false/false
1975 32.959 input :SERVICE 2 Players Start
1980 33.043 input :P1 P1 Button 1
1980 33.043 input :P2 P2 Button 1
1982 33.076 mode=01 match=04 mask=0f players=4 command=8334 peer=0102 script=0001a842 flow=00010072 menu=00018d2e flags=02 offer=00 header=56/56 choice=251 done=120 selector=0 active=false/false
1983 33.093 mode=01 match=04 mask=0f players=4 command=9334 peer=0102 script=0001a842 flow=00010072 menu=00018d5c flags=02 offer=00 header=54/56 choice=251 done=120 selector=0 active=false/false
1984 33.109 mode=01 match=04 mask=0f players=4 command=0400 peer=0102 script=0001a842 flow=00010072 menu=00018e40 flags=02 offer=00 header=54/56 choice=251 done=120 selector=0 active=false/false
1987 33.162 menu-write pc=00a4f0 data=0000 mask=ffff oldchoice=251 done=120
1988 33.176 mode=01 match=04 mask=0f players=4 command=0400 peer=0102 script=0001a842 flow=00010072 menu=00000000 flags=02 offer=00 header=54/56 choice=0 done=0 selector=0 active=false/false
1988 33.178 menu-write pc=00a340 data=0000 mask=ffff oldchoice=0 done=0
1988 33.186 menu-write pc=00a36c data=0000 mask=ffff oldchoice=0 done=0
1989 33.193 mode=01 match=04 mask=0f players=4 command=0400 peer=0102 script=0001f7bc flow=00010072 menu=00000000 flags=c2 offer=00 header=54/56 choice=0 done=0 selector=0 active=false/false
1990 33.209 mode=01 match=04 mask=0f players=4 command=0400 peer=0102 script=0001f7d2 flow=00010072 menu=00000000 flags=c2 offer=00 header=54/56 choice=0 done=0 selector=0 active=false/false
2007 33.493 mode=01 match=04 mask=0f players=4 command=0400 peer=0102 script=0001f7de flow=00010072 menu=00000000 flags=c2 offer=00 header=54/56 choice=0 done=0 selector=0 active=false/false
2009 33.527 mode=01 match=04 mask=0f players=4 command=0400 peer=0102 script=0001f7f6 flow=00010072 menu=00000000 flags=c2 offer=00 header=54/54 choice=0 done=0 selector=0 active=false/false
2035 33.960 input :SERVICE 2 Players Start
2038 34.010 mode=01 match=04 mask=0f players=4 command=0400 peer=0102 script=0001f7f6 flow=00010072 menu=00000000 flags=c2 offer=00 header=5c/54 choice=0 done=0 selector=0 active=false/false
2044 34.111 mode=01 match=04 mask=0f players=4 command=0400 peer=0102 script=0001f7f6 flow=00010072 menu=00000000 flags=c2 offer=00 header=5c/04 choice=0 done=0 selector=0 active=false/false
2045 34.127 mode=01 match=04 mask=0f players=4 command=0400 peer=0102 script=0001f7f6 flow=00010072 menu=00000000 flags=c2 offer=00 header=0c/04 choice=0 done=0 selector=0 active=false/false
2070 34.544 input :P1 P1 Button 1
2070 34.544 input :P2 P2 Button 1
2072 34.578 mode=01 match=04 mask=0f players=4 command=8400 peer=0102 script=0001f7f6 flow=00010072 menu=00000000 flags=c2 offer=00 header=0c/04 choice=0 done=0 selector=0 active=false/false
2073 34.595 mode=01 match=04 mask=0f players=4 command=0400 peer=0102 script=0001f7f6 flow=00010072 menu=00000000 flags=c2 offer=00 header=0c/04 choice=0 done=0 selector=0 active=false/false
2113 35.262 mode=01 match=04 mask=0f players=4 command=0400 peer=0102 script=0001f7f6 flow=00010072 menu=00000000 flags=c2 offer=00 header=04/04 choice=0 done=0 selector=0 active=false/false
2115 35.295 mode=01 match=04 mask=0f players=4 command=0400 peer=0102 script=0001f7f6 flow=00010072 menu=00000000 flags=c2 offer=00 header=04/54 choice=0 done=0 selector=0 active=false/false
2116 35.312 mode=01 match=04 mask=0f players=4 command=0400 peer=0102 script=0001f7f6 flow=00010072 menu=00000000 flags=c2 offer=00 header=54/54 choice=0 done=0 selector=0 active=false/false
2119 35.362 mode=01 match=04 mask=0f players=4 command=0400 peer=0102 script=0001f7f6 flow=00010072 menu=00000000 flags=c2 offer=00 header=54/04 choice=0 done=0 selector=0 active=false/false
2120 35.379 mode=01 match=04 mask=0f players=4 command=0400 peer=0102 script=0001f7f6 flow=00010072 menu=00000000 flags=c2 offer=00 header=04/04 choice=0 done=0 selector=0 active=false/false
2126 35.479 mode=01 match=04 mask=0f players=4 command=0400 peer=0102 script=0001f7fc flow=00010072 menu=00000000 flags=c2 offer=00 header=04/04 choice=0 done=0 selector=0 active=false/false
2148 35.846 mode=01 match=04 mask=0f players=4 command=0400 peer=0102 script=0001f7fc flow=00010072 menu=00000000 flags=c2 offer=00 header=0c/04 choice=0 done=0 selector=0 active=false/false
2150 35.880 mode=01 match=04 mask=0f players=4 command=0400 peer=0102 script=0001f7fc flow=00010072 menu=00000000 flags=c2 offer=00 header=0c/54 choice=0 done=0 selector=0 active=false/false
2151 35.896 mode=01 match=04 mask=0f players=4 command=0400 peer=0102 script=0001f7fc flow=00010072 menu=00000000 flags=c2 offer=00 header=5c/54 choice=0 done=0 selector=0 active=false/false
2154 35.946 mode=01 match=04 mask=0f players=4 command=0400 peer=0102 script=0001f7fc flow=00010072 menu=00000000 flags=c2 offer=00 header=5c/04 choice=0 done=0 selector=0 active=false/false
2155 35.963 mode=01 match=04 mask=0f players=4 command=0400 peer=0102 script=0001f7fc flow=00010072 menu=00000000 flags=c2 offer=00 header=0c/04 choice=0 done=0 selector=0 active=false/false
2158 36.013 mode=01 match=04 mask=0f players=4 command=0400 peer=0102 script=0001f7fe flow=00010072 menu=00000000 flags=c2 offer=00 header=0c/04 choice=0 done=0 selector=0 active=false/false
2158 36.016 menu-write pc=00a36c data=0000 mask=ffff oldchoice=0 done=0
2159 36.030 mode=01 match=04 mask=0f players=4 command=0400 peer=0102 script=0001a49e flow=00010072 menu=00000000 flags=c2 offer=00 header=0c/04 choice=0 done=0 selector=0 active=false/false
2160 36.046 input :P1 P1 Button 1
2160 36.046 input :P2 P2 Button 1
2160 36.046 mode=01 match=04 mask=0f players=4 command=0400 peer=0102 script=0001a4b0 flow=00010072 menu=00000000 flags=c2 offer=00 header=0c/04 choice=0 done=0 selector=0 active=false/false
2173 36.263 mode=01 match=04 mask=0f players=4 command=0400 peer=0102 script=0001a4b6 flow=00010072 menu=00000000 flags=c2 offer=00 header=0c/04 choice=0 done=0 selector=0 active=false/false
2189 36.530 mode=01 match=04 mask=0f players=4 command=0400 peer=0102 script=0001a4d8 flow=00010072 menu=00000000 flags=c2 offer=00 header=0c/04 choice=0 done=0 selector=0 active=false/false
2192 36.580 mode=01 match=04 mask=0f players=4 command=0400 peer=0102 script=0001a4da flow=00010072 menu=00000000 flags=c2 offer=00 header=0c/04 choice=0 done=0 selector=0 active=false/false
2193 36.597 mode=01 match=04 mask=0f players=4 command=1601 peer=0102 script=0001a512 flow=00010072 menu=00000000 flags=c2 offer=00 header=0c/04 choice=0 done=0 selector=0 active=false/false
2207 36.831 mode=01 match=04 mask=0f players=4 command=1601 peer=0102 script=0001a512 flow=00010072 menu=00000000 flags=c2 offer=00 header=04/04 choice=0 done=0 selector=0 active=false/false
2209 36.864 mode=01 match=04 mask=0f players=4 command=1601 peer=0102 script=0001a512 flow=00010072 menu=00000000 flags=c2 offer=00 header=04/54 choice=0 done=0 selector=0 active=false/false
2210 36.881 mode=01 match=04 mask=0f players=4 command=1601 peer=0102 script=0001a512 flow=00010072 menu=00000000 flags=c2 offer=00 header=54/54 choice=0 done=0 selector=0 active=false/false
2213 36.931 mode=01 match=04 mask=0f players=4 command=1601 peer=0102 script=0001a512 flow=00010072 menu=00000000 flags=c2 offer=00 header=54/04 choice=0 done=0 selector=0 active=false/false
2214 36.948 mode=01 match=04 mask=0f players=4 command=1601 peer=0102 script=0001a512 flow=00010072 menu=00000000 flags=c2 offer=00 header=04/04 choice=0 done=0 selector=0 active=false/false
2222 37.085 menu-write pc=00a48a data=0000 mask=ffff oldchoice=0 done=0
2223 37.098 mode=01 match=04 mask=0f players=4 command=1601 peer=0102 script=0001a51a flow=00010072 menu=0000daca flags=c2 offer=00 header=04/04 choice=0 done=0 selector=0 active=false/false
2231 37.231 mode=01 match=04 mask=0f players=4 command=2822 peer=0102 script=0001a51a flow=00010072 menu=0000daca flags=c2 offer=00 header=04/04 choice=0 done=0 selector=0 active=false/false
2250 37.548 input :P1 P1 Button 1
2250 37.548 input :P2 P2 Button 1
2288 38.182 mode=01 match=04 mask=0f players=4 command=3822 peer=0102 script=0001a51a flow=00010072 menu=0000daca flags=c2 offer=00 header=04/04 choice=0 done=0 selector=0 active=false/false
2340 39.050 input :P1 P1 Button 1
2340 39.050 input :P2 P2 Button 1
2342 39.084 mode=01 match=04 mask=0f players=4 command=7822 peer=0102 script=0001a51a flow=00010072 menu=0000daca flags=c2 offer=00 header=04/04 choice=0 done=0 selector=0 active=false/false
2361 39.401 mode=01 match=04 mask=0f players=4 command=f822 peer=0102 script=0001a51a flow=00010072 menu=0000daca flags=c2 offer=00 header=04/04 choice=0 done=0 selector=0 active=false/false
2362 39.417 mode=01 match=04 mask=0f players=4 command=0b22 peer=0102 script=0001a51a flow=00010072 menu=0000daca flags=c2 offer=00 header=04/04 choice=0 done=0 selector=0 active=false/false
2367 39.501 piece player=0 count=1 mode=1 match=4 mask=0f
2367 39.501 piece player=1 count=1 mode=1 match=4 mask=0f
2367 39.501 mode=01 match=04 mask=0f players=4 command=0b22 peer=0102 script=0001a51a flow=00010072 menu=0000daca flags=c2 offer=00 header=04/04 choice=0 done=0 selector=0 active=true/true
2430 40.552 input :P1 P1 Button 1
2430 40.552 input :P2 P2 Button 1
2520 42.054 input :P1 P1 Button 1
2520 42.054 input :P2 P2 Button 1
2575 42.972 mode=01 match=04 mask=0f players=4 command=0b22 peer=0102 script=0001a51a flow=00010072 menu=0000daca flags=c2 offer=00 header=04/04 choice=0 done=0 selector=0 active=true/false
2591 43.239 mode=01 match=04 mask=0f players=4 command=0b22 peer=0102 script=0001a51a flow=00010072 menu=0000daca flags=c2 offer=00 header=04/04 choice=0 done=0 selector=0 active=false/false
2599 43.373 piece player=1 count=2 mode=1 match=4 mask=0f
2599 43.373 mode=01 match=04 mask=0f players=4 command=0b22 peer=0102 script=0001a51a flow=00010072 menu=0000daca flags=c2 offer=00 header=04/04 choice=0 done=0 selector=0 active=false/true
2607 43.506 piece player=0 count=2 mode=1 match=4 mask=0f
2607 43.506 mode=01 match=04 mask=0f players=4 command=0b22 peer=0102 script=0001a51a flow=00010072 menu=0000daca flags=c2 offer=00 header=04/04 choice=0 done=0 selector=0 active=true/true
2610 43.556 input :P1 P1 Button 1
2610 43.556 input :P2 P2 Button 1
2700 45.058 input :P1 P1 Button 1
2700 45.058 input :P2 P2 Button 1
2790 46.560 input :P1 P1 Button 1
2790 46.560 input :P2 P2 Button 1
2807 46.844 mode=01 match=04 mask=0f players=4 command=0b22 peer=0102 script=0001a51a flow=00010072 menu=0000daca flags=c2 offer=00 header=04/04 choice=0 done=0 selector=0 active=true/false
2826 47.161 mode=01 match=04 mask=0f players=4 command=0b22 peer=0102 script=0001a51a flow=00010072 menu=0000daca flags=c2 offer=00 header=04/04 choice=0 done=0 selector=0 active=false/false
2831 47.244 piece player=1 count=3 mode=1 match=4 mask=0f
2831 47.244 mode=01 match=04 mask=0f players=4 command=0b22 peer=0102 script=0001a51a flow=00010072 menu=0000daca flags=c2 offer=00 header=04/04 choice=0 done=0 selector=0 active=false/true
2850 47.561 piece player=0 count=3 mode=1 match=4 mask=0f
2850 47.561 mode=01 match=04 mask=0f players=4 command=0b22 peer=0102 script=0001a51a flow=00010072 menu=0000daca flags=c2 offer=00 header=04/04 choice=0 done=0 selector=0 active=true/true
2880 48.062 input :P1 P1 Button 1
2880 48.062 input :P2 P2 Button 1
2970 49.564 input :P1 P1 Button 1
2970 49.564 input :P2 P2 Button 1
3039 50.715 mode=01 match=04 mask=0f players=4 command=0b22 peer=0102 script=0001a51a flow=00010072 menu=0000daca flags=c2 offer=00 header=04/04 choice=0 done=0 selector=0 active=true/false
3058 51.032 mode=01 match=04 mask=0f players=4 command=0b22 peer=0102 script=0001a51a flow=00010072 menu=0000daca flags=c2 offer=00 header=04/04 choice=0 done=0 selector=0 active=false/false
3060 51.066 input :P1 P1 Button 1
3060 51.066 input :P2 P2 Button 1
3063 51.116 piece player=1 count=4 mode=1 match=4 mask=0f
3063 51.116 mode=01 match=04 mask=0f players=4 command=0b22 peer=0102 script=0001a51a flow=00010072 menu=0000daca flags=c2 offer=00 header=04/04 choice=0 done=0 selector=0 active=false/true
3082 51.433 piece player=0 count=4 mode=1 match=4 mask=0f
3082 51.433 mode=01 match=04 mask=0f players=4 command=0b22 peer=0102 script=0001a51a flow=00010072 menu=0000daca flags=c2 offer=00 header=04/04 choice=0 done=0 selector=0 active=true/true
3150 52.568 input :P1 P1 Button 1
3150 52.568 input :P2 P2 Button 1
3240 54.070 input :P1 P1 Button 1
3240 54.070 input :P2 P2 Button 1
3282 54.771 mode=01 match=04 mask=0f players=4 command=0b22 peer=0102 script=0001a51a flow=00010072 menu=0000daca flags=c2 offer=00 header=04/04 choice=0 done=0 selector=0 active=true/false
3290 54.904 mode=01 match=04 mask=0f players=4 command=0b22 peer=0102 script=0001a51a flow=00010072 menu=0000daca flags=c2 offer=00 header=04/04 choice=0 done=0 selector=0 active=false/false
3306 55.171 piece player=1 count=5 mode=1 match=4 mask=0f
3306 55.171 mode=01 match=04 mask=0f players=4 command=0b22 peer=0102 script=0001a51a flow=00010072 menu=0000daca flags=c2 offer=00 header=04/04 choice=0 done=0 selector=0 active=false/true
3330 55.572 input :P1 P1 Button 1
3330 55.572 input :P2 P2 Button 1
3372 56.272 piece player=0 count=5 mode=1 match=4 mask=0f
3372 56.272 mode=01 match=04 mask=0f players=4 command=0b22 peer=0102 script=0001a51a flow=00010072 menu=0000daca flags=c2 offer=00 header=04/04 choice=0 done=0 selector=0 active=true/true
3420 57.073 input :P1 P1 Button 1
3420 57.073 input :P2 P2 Button 1
3510 58.575 input :P1 P1 Button 1
3510 58.575 input :P2 P2 Button 1
3530 58.909 mode=01 match=04 mask=0f players=4 command=0b22 peer=0102 script=0001a51a flow=00010072 menu=0000daca flags=c2 offer=00 header=04/04 choice=0 done=0 selector=0 active=true/false
3550 59.243 piece player=1 count=6 mode=1 match=4 mask=0f
3550 59.243 mode=01 match=04 mask=0f players=4 command=0b22 peer=0102 script=0001a51a flow=00010072 menu=0000daca flags=c2 offer=00 header=04/04 choice=0 done=0 selector=0 active=true/true
3580 59.744 mode=01 match=04 mask=0f players=4 command=0b22 peer=0102 script=0001a51a flow=00010072 menu=0000daca flags=c2 offer=00 header=04/04 choice=0 done=0 selector=0 active=false/true
3600 60.077 input :P1 P1 Button 1
3600 60.077 input :P2 P2 Button 1
3604 60.144 piece player=0 count=6 mode=1 match=4 mask=0f
3604 60.144 mode=01 match=04 mask=0f players=4 command=0b22 peer=0102 script=0001a51a flow=00010072 menu=0000daca flags=c2 offer=00 header=04/04 choice=0 done=0 selector=0 active=true/true
3690 61.579 input :P1 P1 Button 1
3690 61.579 input :P2 P2 Button 1
3742 62.447 mode=01 match=04 mask=0f players=4 command=0b22 peer=0102 script=0001a51a flow=00010072 menu=0000daca flags=c2 offer=00 header=04/04 choice=0 done=0 selector=0 active=true/false
3758 62.714 piece player=1 count=7 mode=1 match=4 mask=0f
3758 62.714 mode=01 match=04 mask=0f players=4 command=0b22 peer=0102 script=0001a51a flow=00010072 menu=0000daca flags=c2 offer=00 header=04/04 choice=0 done=0 selector=0 active=true/true
3780 63.081 input :P1 P1 Button 1
3780 63.081 input :P2 P2 Button 1
3812 63.615 mode=01 match=04 mask=0f players=4 command=0b22 peer=0102 script=0001a51a flow=00010072 menu=0000daca flags=c2 offer=00 header=04/04 choice=0 done=0 selector=0 active=false/true
3836 64.016 piece player=0 count=7 mode=1 match=4 mask=0f
3836 64.016 mode=01 match=04 mask=0f players=4 command=0b22 peer=0102 script=0001a51a flow=00010072 menu=0000daca flags=c2 offer=00 header=04/04 choice=0 done=0 selector=0 active=true/true
3870 64.583 input :P1 P1 Button 1
3870 64.583 input :P2 P2 Button 1
3950 65.918 mode=01 match=04 mask=0f players=4 command=0b22 peer=0102 script=0001a51a flow=00010072 menu=0000daca flags=c2 offer=00 header=04/04 choice=0 done=0 selector=0 active=true/false
3960 66.085 input :P1 P1 Button 1
3960 66.085 input :P2 P2 Button 1
3966 66.185 piece player=1 count=8 mode=1 match=4 mask=0f
3966 66.185 mode=01 match=04 mask=0f players=4 command=0b22 peer=0102 script=0001a51a flow=00010072 menu=0000daca flags=c2 offer=00 header=04/04 choice=0 done=0 selector=0 active=true/true
4028 67.220 mode=01 match=04 mask=0f players=4 command=0b22 peer=0102 script=0001a51a flow=00010072 menu=0000daca flags=c2 offer=00 header=04/04 choice=0 done=0 selector=0 active=false/true
4044 67.487 piece player=0 count=8 mode=1 match=4 mask=0f
4044 67.487 mode=01 match=04 mask=0f players=4 command=0b22 peer=0102 script=0001a51a flow=00010072 menu=0000daca flags=c2 offer=00 header=04/04 choice=0 done=0 selector=0 active=true/true
4050 67.587 input :P1 P1 Button 1
4050 67.587 input :P2 P2 Button 1
4051 67.604 mode=01 match=04 mask=0f players=4 command=0b22 peer=0102 script=0001a51a flow=00010072 menu=0000daca flags=c2 offer=00 header=0c/04 choice=0 done=0 selector=0 active=true/true
4053 67.637 mode=01 match=04 mask=0f players=4 command=0b22 peer=0102 script=0001a51a flow=00010072 menu=0000daca flags=c2 offer=00 header=0c/54 choice=0 done=0 selector=0 active=true/true
4054 67.654 mode=01 match=04 mask=0f players=4 command=0b22 peer=0102 script=0001a51a flow=00010072 menu=0000daca flags=c2 offer=00 header=5c/54 choice=0 done=0 selector=0 active=true/true
4057 67.704 mode=01 match=04 mask=0f players=4 command=0b22 peer=0102 script=0001a51a flow=00010072 menu=0000daca flags=c2 offer=00 header=5c/04 choice=0 done=0 selector=0 active=true/true
4058 67.721 mode=01 match=04 mask=0f players=4 command=0b22 peer=0102 script=0001a51a flow=00010072 menu=0000daca flags=c2 offer=00 header=0c/04 choice=0 done=0 selector=0 active=true/true
4126 68.855 mode=01 match=04 mask=0f players=4 command=0b22 peer=0102 script=0001a51a flow=00010072 menu=0000daca flags=c2 offer=00 header=0c/04 choice=0 done=0 selector=0 active=true/false
4140 69.089 input :P1 P1 Button 1
4140 69.089 input :P2 P2 Button 1
4171 69.606 piece player=1 count=9 mode=1 match=4 mask=0f
4171 69.606 mode=01 match=04 mask=0f players=4 command=0b22 peer=0102 script=0001a51a flow=00010072 menu=0000daca flags=c2 offer=00 header=0c/04 choice=0 done=0 selector=0 active=true/true
4230 70.591 input :P1 P1 Button 1
4230 70.591 input :P2 P2 Button 1
4252 70.958 mode=01 match=04 mask=0f players=4 command=0b22 peer=0102 script=0001a51a flow=00010072 menu=0000daca flags=c2 offer=00 header=0c/04 choice=0 done=0 selector=0 active=false/true
4278 71.392 piece player=0 count=9 mode=1 match=4 mask=0f
4278 71.392 mode=01 match=04 mask=0f players=4 command=0b22 peer=0102 script=0001a51a flow=00010072 menu=0000daca flags=c2 offer=00 header=0c/04 choice=0 done=0 selector=0 active=true/true
4320 72.093 input :P1 P1 Button 1
4320 72.093 input :P2 P2 Button 1
4387 73.211 mode=01 match=04 mask=0f players=4 command=0b22 peer=0102 script=0001a51a flow=00010072 menu=0000daca flags=c2 offer=00 header=0c/04 choice=0 done=0 selector=0 active=true/false
4410 73.595 input :P1 P1 Button 1
4410 73.595 input :P2 P2 Button 1
4454 74.329 mode=01 match=04 mask=0f players=4 command=0b22 peer=0102 script=0001a51a flow=00010072 menu=0000daca flags=c2 offer=00 header=0c/04 choice=0 done=0 selector=0 active=false/false
4468 74.563 piece player=1 count=10 mode=1 match=4 mask=0f
4468 74.563 mode=01 match=04 mask=0f players=4 command=0b22 peer=0102 script=0001a51a flow=00010072 menu=0000daca flags=c2 offer=00 header=0c/04 choice=0 done=0 selector=0 active=false/true
4478 74.730 piece player=0 count=10 mode=1 match=4 mask=0f
4478 74.730 mode=01 match=04 mask=0f players=4 command=0b22 peer=0102 script=0001a51a flow=00010072 menu=0000daca flags=c2 offer=00 header=0c/04 choice=0 done=0 selector=0 active=true/true
