0 0.000 mapping :SERVICE Coin 2 KEYCODE_6 OR JOYCODE_2_UNKNOWN_SWITCH
0 0.000 mapping :SERVICE Service 1 KEYCODE_9
0 0.000 mapping :SERVICE Service Mode KEYCODE_F2
0 0.000 mapping :SERVICE Coin 1 KEYCODE_5 OR JOYCODE_1_UNKNOWN_SWITCH
0 0.000 mapping :SERVICE 2 Players Start KEYCODE_2 OR JOYCODE_2_UNKNOWN_SWITCH
0 0.000 mapping :SERVICE 1 Player Start KEYCODE_1 OR JOYCODE_1_UNKNOWN_SWITCH
0 0.000 mapping :P1 P1 Up KEYCODE_UP
0 0.000 mapping :P1 P1 Right KEYCODE_RIGHT
0 0.000 mapping :P1 P1 Button 1 KEYCODE_LCONTROL OR MOUSECODE_1_BUTTON1 OR GUNCODE_1_BUTTON1
0 0.000 mapping :P1 P1 Button 2 KEYCODE_LALT OR MOUSECODE_1_BUTTON3 OR GUNCODE_1_BUTTON2
0 0.000 mapping :P1 P1 Left KEYCODE_LEFT
0 0.000 mapping :P1 P1 Down KEYCODE_DOWN
0 0.000 mapping :P2 P2 Button 1 KEYCODE_A OR MOUSECODE_2_BUTTON1 OR GUNCODE_2_BUTTON1
0 0.000 mapping :P2 P2 Up KEYCODE_R
0 0.000 mapping :P2 P2 Right KEYCODE_G
0 0.000 mapping :P2 P2 Down KEYCODE_F
0 0.000 mapping :P2 P2 Button 2 KEYCODE_S OR MOUSECODE_2_BUTTON3 OR GUNCODE_2_BUTTON2
0 0.000 mapping :P2 P2 Left KEYCODE_D
0 0.010 menu-write pc=00a340 data=0000 mask=ffff oldchoice=0 done=0
1 0.017 mode=01 match=04 mask=05 players=2 command=0b22 peer=0000 script=00019f48 flow=00010034 menu=00000000 flags=c7 offer=00 header=54/54 choice=0 done=0 selector=1 active=false/false
2 0.033 mode=01 match=04 mask=05 players=2 command=0b22 peer=0000 script=00019f70 flow=00010034 menu=00000000 flags=00 offer=00 header=00/00 choice=0 done=0 selector=1 active=false/false
5 0.083 mode=01 match=04 mask=05 players=2 command=0b22 peer=0000 script=00019f7e flow=00010034 menu=00000000 flags=00 offer=00 header=00/00 choice=0 done=0 selector=1 active=false/false
10 0.167 mode=01 match=04 mask=05 players=2 command=0b22 peer=0000 script=00019f80 flow=00010034 menu=00000000 flags=00 offer=00 header=00/00 choice=0 done=0 selector=1 active=false/false
27 0.451 mode=01 match=04 mask=05 players=2 command=0b22 peer=0000 script=00019f80 flow=00010034 menu=00000000 flags=00 offer=00 header=10/00 choice=0 done=0 selector=1 active=false/false
30 0.501 mode=01 match=04 mask=05 players=2 command=0b22 peer=0000 script=00019f80 flow=00010034 menu=00000000 flags=00 offer=00 header=10/10 choice=0 done=0 selector=1 active=false/false
31 0.517 mode=01 match=04 mask=05 players=2 command=0b22 peer=0000 script=00019f80 flow=00010034 menu=00000000 flags=00 offer=00 header=10/00 choice=0 done=0 selector=1 active=false/false
33 0.551 mode=01 match=04 mask=05 players=2 command=0b22 peer=0000 script=00019f80 flow=00010034 menu=00000000 flags=00 offer=00 header=10/10 choice=0 done=0 selector=1 active=false/false
60 1.001 input :SERVICE Coin 1
75 1.252 input :SERVICE Coin 1
90 1.502 input :SERVICE Coin 1
105 1.752 input :SERVICE Coin 1
150 2.503 input :SERVICE 1 Player Start
187 3.121 mode=01 match=04 mask=05 players=2 command=0b22 peer=0000 script=00019f80 flow=00010034 menu=00000000 flags=00 offer=00 header=10/11 choice=0 done=0 selector=1 active=false/false
191 3.187 mode=01 match=04 mask=05 players=2 command=0b22 peer=0000 script=00019f84 flow=00010034 menu=00000000 flags=00 offer=00 header=10/11 choice=0 done=0 selector=1 active=false/false
195 3.254 mode=01 match=04 mask=05 players=2 command=0b22 peer=0000 script=00019f86 flow=00010034 menu=00000000 flags=00 offer=00 header=10/11 choice=0 done=0 selector=1 active=false/false
195 3.255 menu-write pc=00a340 data=0000 mask=ffff oldchoice=0 done=0
195 3.262 menu-write pc=00a340 data=0000 mask=ffff oldchoice=0 done=0
196 3.271 mode=01 match=04 mask=05 players=2 command=0b22 peer=0000 script=00019fc8 flow=00010034 menu=00000000 flags=09 offer=00 header=11/11 choice=0 done=0 selector=1 active=false/false
197 3.288 mode=00 match=04 mask=05 players=2 command=0b22 peer=0000 script=00019ff2 flow=00010034 menu=00000000 flags=09 offer=00 header=11/11 choice=0 done=0 selector=1 active=false/false
198 3.304 mode=00 match=04 mask=05 players=2 command=0b22 peer=0000 script=0001a002 flow=00010034 menu=00000000 flags=09 offer=00 header=11/11 choice=0 done=0 selector=1 active=false/false
199 3.321 mode=00 match=04 mask=05 players=2 command=0b22 peer=0000 script=0001a004 flow=00010034 menu=00000000 flags=09 offer=00 header=11/11 choice=0 done=0 selector=1 active=false/false
210 3.505 input :SERVICE 1 Player Start
213 3.555 mode=00 match=04 mask=05 players=2 command=0b22 peer=0000 script=0001a008 flow=00010034 menu=00000000 flags=09 offer=00 header=11/11 choice=0 done=0 selector=1 active=false/false
246 4.105 mode=00 match=04 mask=05 players=2 command=0b22 peer=0000 script=0001a00a flow=00010034 menu=00000000 flags=09 offer=00 header=11/11 choice=0 done=0 selector=1 active=false/false
246 4.106 menu-write pc=00a340 data=0000 mask=ffff oldchoice=0 done=0
246 4.113 menu-write pc=00a340 data=0000 mask=ffff oldchoice=0 done=0
246 4.120 menu-write pc=00a48a data=0000 mask=ffff oldchoice=0 done=0
247 4.122 mode=01 match=04 mask=01 players=1 command=0322 peer=0000 script=0001a3ee flow=00010034 menu=000188fc flags=08 offer=00 header=11/11 choice=0 done=0 selector=1 active=false/false
249 4.155 mode=01 match=04 mask=01 players=1 command=0322 peer=0000 script=0001a3ee flow=00010034 menu=000189c6 flags=08 offer=00 header=13/11 choice=0 done=0 selector=1 active=false/false
266 4.439 mode=01 match=04 mask=01 players=1 command=0322 peer=0000 script=0001a3ee flow=00010034 menu=000189c6 flags=08 offer=00 header=13/13 choice=0 done=0 selector=1 active=false/false
270 4.506 input :SERVICE 2 Players Start
270 4.506 input :P1 P1 Button 1
270 4.506 input :P2 P2 Button 1
290 4.840 mode=01 match=04 mask=01 players=1 command=0322 peer=0000 script=0001a3ee flow=00010034 menu=00018a40 flags=08 offer=00 header=13/13 choice=0 done=0 selector=1 active=false/false
291 4.856 mode=01 match=04 mask=01 players=1 command=1322 peer=0000 script=0001a3ee flow=00010034 menu=00018a40 flags=08 offer=00 header=13/13 choice=0 done=0 selector=1 active=false/false
330 5.507 input :SERVICE 2 Players Start
332 5.540 mode=01 match=04 mask=03 players=2 command=1322 peer=0000 script=0001a3ee flow=00010034 menu=00018a40 flags=08 offer=00 header=13/13 choice=0 done=0 selector=1 active=false/false
333 5.557 mode=01 match=04 mask=03 players=2 command=3322 peer=0000 script=0001a3ee flow=00010034 menu=00018a40 flags=08 offer=00 header=13/13 choice=0 done=0 selector=1 active=false/false
360 6.008 input :P1 P1 Button 1
360 6.008 input :P2 P2 Button 1
450 7.510 input :P1 P1 Button 1
450 7.510 input :P2 P2 Button 1
540 9.012 input :P1 P1 Button 1
540 9.012 input :P2 P2 Button 1
630 10.514 input :P1 P1 Button 1
630 10.514 input :P2 P2 Button 1
720 12.015 input :P1 P1 Button 1
720 12.015 input :P2 P2 Button 1
723 12.066 mode=01 match=04 mask=03 players=2 command=7322 peer=0000 script=0001a3ee flow=00010034 menu=00018b84 flags=08 offer=00 header=13/13 choice=0 done=0 selector=1 active=false/false
723 12.068 recruit-peer-read pc=018bda data=0322 mask=ff00 localmask=03
724 12.082 mode=01 match=04 mask=03 players=2 command=7322 peer=0000 script=0001a3ee flow=00010034 menu=00018db6 flags=08 offer=00 header=10/13 choice=0 done=0 selector=1 active=false/false
729 12.166 mode=01 match=04 mask=03 players=2 command=7322 peer=0000 script=0001a3ee flow=00010034 menu=00018db6 flags=08 offer=00 header=10/10 choice=0 done=0 selector=1 active=false/false
743 12.399 mode=01 match=04 mask=03 players=2 command=7322 peer=0000 script=0001a3ee flow=00010034 menu=00018dd8 flags=08 offer=00 header=10/10 choice=0 done=0 selector=1 active=false/false
744 12.416 mode=01 match=04 mask=03 players=2 command=7322 peer=0000 script=0001a3ee flow=00010034 menu=00018e08 flags=08 offer=00 header=10/10 choice=0 done=0 selector=1 active=false/false
810 13.517 input :P1 P1 Button 1
810 13.517 input :P2 P2 Button 1
812 13.551 mode=01 match=04 mask=03 players=2 command=7322 peer=0000 script=0001a3ee flow=00010034 menu=00018e0e flags=08 offer=00 header=10/10 choice=0 done=0 selector=1 active=false/false
813 13.567 mode=01 match=04 mask=03 players=2 command=7322 peer=0000 script=0001a3ee flow=00010034 menu=00018e40 flags=08 offer=00 header=10/10 choice=0 done=0 selector=1 active=false/false
816 13.620 menu-write pc=00a4f0 data=0000 mask=ffff oldchoice=0 done=0
817 13.634 mode=01 match=04 mask=03 players=2 command=7322 peer=0000 script=0001a3ee flow=00010034 menu=00000000 flags=08 offer=00 header=10/10 choice=0 done=0 selector=1 active=false/false
817 13.636 menu-write pc=00a340 data=0000 mask=ffff oldchoice=0 done=0
817 13.644 menu-write pc=00a36c data=0000 mask=ffff oldchoice=0 done=0
818 13.651 mode=01 match=02 mask=03 players=2 command=7322 peer=0000 script=0001f7c6 flow=00010034 menu=00000000 flags=82 offer=00 header=54/10 choice=0 done=0 selector=1 active=false/false
819 13.668 mode=01 match=02 mask=03 players=2 command=7322 peer=0000 script=0001f7d2 flow=00010034 menu=00000000 flags=82 offer=00 header=54/10 choice=0 done=0 selector=1 active=false/false
836 13.951 mode=01 match=02 mask=03 players=2 command=7322 peer=0000 script=0001f7de flow=00010034 menu=00000000 flags=82 offer=00 header=54/10 choice=0 done=0 selector=1 active=false/false
838 13.985 mode=01 match=02 mask=03 players=2 command=7322 peer=0000 script=0001f7f6 flow=00010034 menu=00000000 flags=82 offer=00 header=54/10 choice=0 done=0 selector=1 active=false/false
900 15.019 input :P1 P1 Button 1
900 15.019 input :P2 P2 Button 1
938 15.653 mode=01 match=02 mask=03 players=2 command=7322 peer=0000 script=0001f7f6 flow=00010034 menu=00000000 flags=82 offer=00 header=54/11 choice=0 done=0 selector=1 active=false/false
951 15.870 mode=01 match=02 mask=03 players=2 command=7322 peer=0000 script=0001f7fc flow=00010034 menu=00000000 flags=82 offer=00 header=54/11 choice=0 done=0 selector=1 active=false/false
983 16.404 mode=01 match=02 mask=03 players=2 command=7322 peer=0000 script=0001f7fe flow=00010034 menu=00000000 flags=82 offer=00 header=54/11 choice=0 done=0 selector=1 active=false/false
983 16.407 menu-write pc=00a36c data=0000 mask=ffff oldchoice=0 done=0
984 16.421 mode=01 match=02 mask=03 players=2 command=7322 peer=0000 script=0001a49e flow=00010034 menu=00000000 flags=82 offer=00 header=54/11 choice=0 done=0 selector=1 active=false/false
985 16.438 mode=01 match=02 mask=03 players=2 command=7322 peer=0000 script=0001a4b0 flow=00010034 menu=00000000 flags=82 offer=00 header=54/11 choice=0 done=0 selector=1 active=false/false
990 16.521 input :P1 P1 Button 1
990 16.521 input :P2 P2 Button 1
998 16.655 mode=01 match=02 mask=03 players=2 command=7322 peer=0000 script=0001a4b6 flow=00010034 menu=00000000 flags=82 offer=00 header=54/11 choice=0 done=0 selector=1 active=false/false
1014 16.922 mode=01 match=02 mask=03 players=2 command=7322 peer=0000 script=0001a4d8 flow=00010034 menu=00000000 flags=82 offer=00 header=54/11 choice=0 done=0 selector=1 active=false/false
1017 16.972 mode=01 match=02 mask=03 players=2 command=7322 peer=0000 script=0001a4da flow=00010034 menu=00000000 flags=82 offer=00 header=54/11 choice=0 done=0 selector=1 active=false/false
1018 16.989 mode=01 match=02 mask=03 players=2 command=7322 peer=0000 script=0001a510 flow=00010034 menu=00000000 flags=82 offer=00 header=54/11 choice=0 done=0 selector=1 active=false/false
1018 17.002 menu-write pc=00a48a data=0000 mask=ffff oldchoice=0 done=0
1019 17.005 mode=01 match=02 mask=03 players=2 command=7322 peer=0000 script=0001a51a flow=00010034 menu=0000daca flags=82 offer=00 header=54/11 choice=0 done=0 selector=1 active=false/false
1080 18.023 input :P1 P1 Button 1
1080 18.023 input :P2 P2 Button 1
1170 19.525 input :P1 P1 Button 1
1170 19.525 input :P2 P2 Button 1
1172 19.559 mode=01 match=02 mask=03 players=2 command=7822 peer=0000 script=0001a51a flow=00010034 menu=0000daca flags=82 offer=00 header=54/11 choice=0 done=0 selector=1 active=false/false
1175 19.609 mode=01 match=02 mask=03 players=2 command=f822 peer=0000 script=0001a51a flow=00010034 menu=0000daca flags=82 offer=00 header=54/11 choice=0 done=0 selector=1 active=false/false
1181 19.709 A actual local gameplay; releasing B join schedule
1181 19.709 piece player=0 count=1 mode=1 match=2 mask=03
1181 19.709 piece player=1 count=1 mode=1 match=2 mask=03
1181 19.709 mode=01 match=02 mask=03 players=2 command=f822 peer=0000 script=0001a51a flow=00010034 menu=0000daca flags=82 offer=00 header=54/11 choice=0 done=0 selector=1 active=true/true
1260 21.027 input :P1 P1 Button 1
1260 21.027 input :P2 P2 Button 1
1350 22.529 input :P1 P1 Button 1
1350 22.529 input :P2 P2 Button 1
1389 23.180 mode=01 match=02 mask=03 players=2 command=f822 peer=0000 script=0001a51a flow=00010034 menu=0000daca flags=82 offer=00 header=54/11 choice=0 done=0 selector=1 active=false/false
1413 23.580 piece player=0 count=2 mode=1 match=2 mask=03
1413 23.580 piece player=1 count=2 mode=1 match=2 mask=03
1413 23.580 mode=01 match=02 mask=03 players=2 command=f822 peer=0000 script=0001a51a flow=00010034 menu=0000daca flags=82 offer=00 header=54/11 choice=0 done=0 selector=1 active=true/true
1440 24.031 input :P1 P1 Button 1
1440 24.031 input :P2 P2 Button 1
1467 24.482 mode=01 match=02 mask=03 players=2 command=f822 peer=0000 script=0001a51a flow=00010034 menu=0000daca flags=82 offer=00 header=54/10 choice=0 done=0 selector=1 active=true/true
1517 25.316 mode=01 match=02 mask=03 players=2 command=f822 peer=0122 script=0001a51a flow=00010034 menu=0000daca flags=82 offer=00 header=54/90 choice=0 done=0 selector=1 active=true/true
1518 25.333 mode=01 match=02 mask=03 players=2 command=9122 peer=0000 script=0001a51a flow=000198f6 menu=0000daca flags=82 offer=00 header=54/90 choice=0 done=0 selector=1 active=true/true
1524 25.433 mode=01 match=02 mask=03 players=2 command=9122 peer=2101 script=0001a51a flow=000198f6 menu=0000daca flags=82 offer=00 header=54/90 choice=0 done=0 selector=1 active=true/true
1525 25.449 mode=01 match=02 mask=03 players=2 command=8122 peer=2101 script=0001a51a flow=0001996a menu=0000daca flags=82 offer=00 header=54/90 choice=0 done=0 selector=1 active=true/true
1525 25.452 menu-write pc=00a340 data=0000 mask=ffff oldchoice=0 done=0
1526 25.466 mode=01 match=02 mask=03 players=2 command=8122 peer=2101 script=0001a51a flow=0001996a menu=00000000 flags=82 offer=00 header=54/90 choice=0 done=0 selector=1 active=false/false
1526 25.468 menu-write pc=00a48a data=0000 mask=ffff oldchoice=0 done=0
1527 25.483 mode=01 match=02 mask=03 players=2 command=8102 peer=2101 script=0001a7fc flow=000199da menu=00019b8e flags=82 offer=00 header=54/90 choice=0 done=0 selector=1 active=false/false
1530 25.533 input :P1 P1 Button 1
1530 25.533 input :P2 P2 Button 1
1542 25.733 mode=01 match=02 mask=03 players=2 command=8102 peer=2101 script=0001a7fc flow=000199da menu=00019d84 flags=82 offer=00 header=54/90 choice=0 done=0 selector=1 active=false/false
1543 25.750 mode=01 match=02 mask=03 players=2 command=8102 peer=2101 script=0001a7fc flow=000199da menu=00019d96 flags=82 offer=00 header=54/90 choice=0 done=0 selector=1 active=false/false
1620 27.035 input :P1 P1 Button 1
1620 27.035 input :P2 P2 Button 1
1622 27.068 mode=01 match=02 mask=03 players=2 command=8102 peer=2101 script=0001a7fc flow=000199da menu=00019d9c flags=82 offer=00 header=54/90 choice=0 done=0 selector=1 active=false/false
1622 27.069 menu-write pc=00a4f0 data=0000 mask=ffff oldchoice=0 done=0
1623 27.085 mode=01 match=02 mask=03 players=2 command=8102 peer=2101 script=0001a7fc flow=000199da menu=00000000 flags=82 offer=00 header=54/90 choice=0 done=0 selector=1 active=false/false
1624 27.102 mode=01 match=02 mask=03 players=2 command=0102 peer=2101 script=0001a7fc flow=000199fe menu=00000000 flags=82 offer=00 header=54/90 choice=0 done=0 selector=1 active=false/false
1630 27.202 mode=01 match=02 mask=03 players=2 command=0102 peer=2101 script=0001a7fc flow=000199fe menu=00000000 flags=82 offer=00 header=54/54 choice=0 done=0 selector=1 active=false/false
1631 27.218 mode=01 match=02 mask=03 players=2 command=0102 peer=2101 script=0001a800 flow=000100fe menu=00000000 flags=82 offer=00 header=54/54 choice=0 done=0 selector=1 active=false/false
1647 27.485 mode=01 match=02 mask=03 players=2 command=0102 peer=2101 script=0001a802 flow=000100fe menu=00000000 flags=82 offer=00 header=54/54 choice=0 done=0 selector=1 active=false/false
1647 27.487 menu-write pc=00a48a data=0000 mask=ffff oldchoice=0 done=0
1648 27.502 mode=01 match=04 mask=03 players=2 command=0302 peer=2101 script=0001a842 flow=000100fe menu=000188fc flags=02 offer=00 header=54/56 choice=0 done=0 selector=1 active=false/false
1649 27.519 mode=01 match=04 mask=03 players=2 command=0302 peer=2101 script=0001a842 flow=000100fe menu=000189c6 flags=02 offer=00 header=56/56 choice=0 done=0 selector=1 active=false/false
1691 28.220 mode=01 match=04 mask=03 players=2 command=0302 peer=2101 script=0001a842 flow=000100fe menu=00018a40 flags=02 offer=00 header=56/56 choice=0 done=0 selector=1 active=false/false
1692 28.236 mode=01 match=04 mask=03 players=2 command=3302 peer=2101 script=0001a842 flow=000100fe menu=00018a40 flags=02 offer=00 header=56/56 choice=0 done=0 selector=1 active=false/false
1710 28.537 input :P1 P1 Button 1
1710 28.537 input :P2 P2 Button 1
1800 30.039 input :P1 P1 Button 1
1800 30.039 input :P2 P2 Button 1
1890 31.541 input :P1 P1 Button 1
1890 31.541 input :P2 P2 Button 1
1906 31.808 mode=01 match=04 mask=03 players=2 command=7302 peer=2101 script=0001a842 flow=000100fe menu=00018b84 flags=02 offer=00 header=56/56 choice=0 done=0 selector=1 active=false/false
1906 31.810 recruit-peer-read pc=018bda data=7301 mask=ff00 localmask=03
1907 31.824 mode=01 match=04 mask=03 players=4 command=7302 peer=2101 script=0001a842 flow=000100fe menu=00018bfc flags=02 offer=00 header=56/56 choice=0 done=0 selector=1 active=false/false
1907 31.827 menu-write pc=018c42 data=0078 mask=ffff oldchoice=0 done=0
1908 31.841 mode=01 match=04 mask=03 players=4 command=8334 peer=2101 script=0001a842 flow=000100fe menu=00018c48 flags=02 offer=00 header=56/56 choice=0 done=120 selector=1 active=false/false
1908 31.843 menu-write pc=018c4e data=ffff mask=ff00 oldchoice=0 done=120
1909 31.858 mode=01 match=04 mask=0f players=4 command=8334 peer=2101 script=0001a842 flow=000100fe menu=00018cc8 flags=02 offer=00 header=56/56 choice=255 done=120 selector=1 active=false/false
1928 32.175 mode=01 match=04 mask=0f players=4 command=8334 peer=2101 script=0001a842 flow=000100fe menu=00018cea flags=02 offer=00 header=56/56 choice=255 done=120 selector=1 active=false/false
1929 32.191 mode=01 match=04 mask=0f players=4 command=8334 peer=2101 script=0001a842 flow=000100fe menu=00018d1a flags=02 offer=00 header=56/56 choice=255 done=120 selector=1 active=false/false
1971 32.892 mode=01 match=04 mask=0f players=4 command=8334 peer=2101 script=0001a842 flow=000100fe menu=00018d2e flags=02 offer=00 header=56/54 choice=255 done=120 selector=1 active=false/false
1972 32.909 mode=01 match=04 mask=0f players=4 command=9334 peer=2101 script=0001a842 flow=000100fe menu=00018d5c flags=02 offer=00 header=54/54 choice=255 done=120 selector=1 active=false/false
1973 32.926 mode=01 match=04 mask=0f players=4 command=0400 peer=2101 script=0001a842 flow=000100fe menu=00018e40 flags=02 offer=00 header=54/54 choice=255 done=120 selector=1 active=false/false
1976 32.978 menu-write pc=00a4f0 data=0000 mask=ffff oldchoice=255 done=120
1977 32.992 mode=01 match=04 mask=0f players=4 command=0400 peer=2101 script=0001a842 flow=000100fe menu=00000000 flags=02 offer=00 header=54/54 choice=0 done=0 selector=1 active=false/false
1977 32.995 menu-write pc=00a340 data=0000 mask=ffff oldchoice=0 done=0
1977 33.002 menu-write pc=00a36c data=0000 mask=ffff oldchoice=0 done=0
1978 33.009 mode=01 match=04 mask=0f players=4 command=0400 peer=2101 script=0001f7bc flow=000100fe menu=00000000 flags=c2 offer=00 header=54/54 choice=0 done=0 selector=1 active=false/false
1979 33.026 mode=01 match=04 mask=0f players=4 command=0400 peer=2101 script=0001f7d2 flow=000100fe menu=00000000 flags=c2 offer=00 header=54/54 choice=0 done=0 selector=1 active=false/false
1980 33.043 input :P1 P1 Button 1
1980 33.043 input :P2 P2 Button 1
1996 33.310 mode=01 match=04 mask=0f players=4 command=0400 peer=2101 script=0001f7de flow=000100fe menu=00000000 flags=c2 offer=00 header=54/54 choice=0 done=0 selector=1 active=false/false
1998 33.343 mode=01 match=04 mask=0f players=4 command=0400 peer=2101 script=0001f7f6 flow=000100fe menu=00000000 flags=c2 offer=00 header=54/54 choice=0 done=0 selector=1 active=false/false
2026 33.810 mode=01 match=04 mask=0f players=4 command=0400 peer=2101 script=0001f7f6 flow=000100fe menu=00000000 flags=c2 offer=00 header=54/5c choice=0 done=0 selector=1 active=false/false
2027 33.827 mode=01 match=04 mask=0f players=4 command=0400 peer=2101 script=0001f7f6 flow=000100fe menu=00000000 flags=c2 offer=00 header=04/5c choice=0 done=0 selector=1 active=false/false
2033 33.927 mode=01 match=04 mask=0f players=4 command=0400 peer=2101 script=0001f7f6 flow=000100fe menu=00000000 flags=c2 offer=00 header=04/0c choice=0 done=0 selector=1 active=false/false
2060 34.378 mode=01 match=04 mask=0f players=4 command=8400 peer=2101 script=0001f7f6 flow=000100fe menu=00000000 flags=c2 offer=00 header=04/0c choice=0 done=0 selector=1 active=false/false
2070 34.544 input :P1 P1 Button 1
2070 34.544 input :P2 P2 Button 1
2098 35.012 mode=01 match=04 mask=0f players=4 command=8400 peer=2101 script=0001f7f6 flow=000100fe menu=00000000 flags=c2 offer=00 header=54/0c choice=0 done=0 selector=1 active=false/false
2101 35.062 mode=01 match=04 mask=0f players=4 command=8400 peer=2101 script=0001f7f6 flow=000100fe menu=00000000 flags=c2 offer=00 header=54/04 choice=0 done=0 selector=1 active=false/false
2102 35.079 mode=01 match=04 mask=0f players=4 command=8400 peer=2101 script=0001f7f6 flow=000100fe menu=00000000 flags=c2 offer=00 header=04/04 choice=0 done=0 selector=1 active=false/false
2104 35.112 mode=01 match=04 mask=0f players=4 command=8400 peer=2101 script=0001f7f6 flow=000100fe menu=00000000 flags=c2 offer=00 header=04/54 choice=0 done=0 selector=1 active=false/false
2108 35.179 mode=01 match=04 mask=0f players=4 command=8400 peer=2101 script=0001f7f6 flow=000100fe menu=00000000 flags=c2 offer=00 header=04/04 choice=0 done=0 selector=1 active=false/false
2109 35.195 mode=01 match=04 mask=0f players=4 command=8400 peer=2101 script=0001f7fc flow=000100fe menu=00000000 flags=c2 offer=00 header=04/04 choice=0 done=0 selector=1 active=false/false
2133 35.596 mode=01 match=04 mask=0f players=4 command=8400 peer=2101 script=0001f7fc flow=000100fe menu=00000000 flags=c2 offer=00 header=54/04 choice=0 done=0 selector=1 active=false/false
2136 35.646 mode=01 match=04 mask=0f players=4 command=8400 peer=2101 script=0001f7fc flow=000100fe menu=00000000 flags=c2 offer=00 header=54/0c choice=0 done=0 selector=1 active=false/false
2137 35.663 mode=01 match=04 mask=0f players=4 command=8400 peer=2101 script=0001f7fc flow=000100fe menu=00000000 flags=c2 offer=00 header=04/0c choice=0 done=0 selector=1 active=false/false
2139 35.696 mode=01 match=04 mask=0f players=4 command=8400 peer=2101 script=0001f7fc flow=000100fe menu=00000000 flags=c2 offer=00 header=04/5c choice=0 done=0 selector=1 active=false/false
2141 35.729 mode=01 match=04 mask=0f players=4 command=8400 peer=2101 script=0001f7fe flow=000100fe menu=00000000 flags=c2 offer=00 header=04/5c choice=0 done=0 selector=1 active=false/false
2141 35.732 menu-write pc=00a36c data=0000 mask=ffff oldchoice=0 done=0
2142 35.746 mode=01 match=04 mask=0f players=4 command=8400 peer=2101 script=0001a49e flow=000100fe menu=00000000 flags=c2 offer=00 header=04/5c choice=0 done=0 selector=1 active=false/false
2143 35.763 mode=01 match=04 mask=0f players=4 command=8400 peer=2101 script=0001a4b0 flow=000100fe menu=00000000 flags=c2 offer=00 header=04/5c choice=0 done=0 selector=1 active=false/false
2157 35.996 mode=01 match=04 mask=0f players=4 command=8400 peer=2101 script=0001a4b6 flow=000100fe menu=00000000 flags=c2 offer=00 header=04/5c choice=0 done=0 selector=1 active=false/false
2160 36.046 input :P1 P1 Button 1
2160 36.046 input :P2 P2 Button 1
2173 36.263 mode=01 match=04 mask=0f players=4 command=8400 peer=2101 script=0001a4d8 flow=000100fe menu=00000000 flags=c2 offer=00 header=04/0c choice=0 done=0 selector=1 active=false/false
2176 36.313 mode=01 match=04 mask=0f players=4 command=8400 peer=2101 script=0001a4da flow=000100fe menu=00000000 flags=c2 offer=00 header=04/0c choice=0 done=0 selector=1 active=false/false
2177 36.330 mode=01 match=04 mask=0f players=4 command=8400 peer=2101 script=0001a510 flow=000100fe menu=00000000 flags=c2 offer=00 header=04/0c choice=0 done=0 selector=1 active=false/false
2178 36.347 mode=01 match=04 mask=0f players=4 command=8400 peer=2101 script=0001a512 flow=000100fe menu=00000000 flags=c2 offer=00 header=04/0c choice=0 done=0 selector=1 active=false/false
2192 36.580 mode=01 match=04 mask=0f players=4 command=8400 peer=2101 script=0001a512 flow=000100fe menu=00000000 flags=c2 offer=00 header=54/0c choice=0 done=0 selector=1 active=false/false
2195 36.630 mode=01 match=04 mask=0f players=4 command=8400 peer=2101 script=0001a512 flow=000100fe menu=00000000 flags=c2 offer=00 header=54/04 choice=0 done=0 selector=1 active=false/false
2196 36.647 mode=01 match=04 mask=0f players=4 command=8400 peer=2101 script=0001a512 flow=000100fe menu=00000000 flags=c2 offer=00 header=04/04 choice=0 done=0 selector=1 active=false/false
2198 36.681 mode=01 match=04 mask=0f players=4 command=8400 peer=2101 script=0001a512 flow=000100fe menu=00000000 flags=c2 offer=00 header=04/54 choice=0 done=0 selector=1 active=false/false
2202 36.747 mode=01 match=04 mask=0f players=4 command=8400 peer=2101 script=0001a512 flow=000100fe menu=00000000 flags=c2 offer=00 header=04/04 choice=0 done=0 selector=1 active=false/false
2205 36.797 mode=01 match=04 mask=0f players=4 command=2601 peer=2101 script=0001a512 flow=000100fe menu=00000000 flags=c2 offer=00 header=04/04 choice=0 done=0 selector=1 active=false/false
2205 36.801 menu-write pc=00a48a data=0000 mask=ffff oldchoice=0 done=0
2206 36.814 mode=01 match=04 mask=0f players=4 command=2601 peer=2101 script=0001a51a flow=000100fe menu=0000daca flags=c2 offer=00 header=04/04 choice=0 done=0 selector=1 active=false/false
2214 36.948 mode=01 match=04 mask=0f players=4 command=2822 peer=2101 script=0001a51a flow=000100fe menu=0000daca flags=c2 offer=00 header=04/04 choice=0 done=0 selector=1 active=false/false
2250 37.548 input :P1 P1 Button 1
2250 37.548 input :P2 P2 Button 1
2288 38.182 mode=01 match=04 mask=0f players=4 command=3822 peer=2101 script=0001a51a flow=000100fe menu=0000daca flags=c2 offer=00 header=04/04 choice=0 done=0 selector=1 active=false/false
2340 39.050 input :P1 P1 Button 1
2340 39.050 input :P2 P2 Button 1
2342 39.084 mode=01 match=04 mask=0f players=4 command=7822 peer=2101 script=0001a51a flow=000100fe menu=0000daca flags=c2 offer=00 header=04/04 choice=0 done=0 selector=1 active=false/false
2343 39.100 mode=01 match=04 mask=0f players=4 command=f822 peer=2101 script=0001a51a flow=000100fe menu=0000daca flags=c2 offer=00 header=04/04 choice=0 done=0 selector=1 active=false/false
2344 39.117 mode=01 match=04 mask=0f players=4 command=0b22 peer=2101 script=0001a51a flow=000100fe menu=0000daca flags=c2 offer=00 header=04/04 choice=0 done=0 selector=1 active=false/false
2349 39.200 piece player=0 count=1 mode=1 match=4 mask=0f
2349 39.200 piece player=1 count=1 mode=1 match=4 mask=0f
2349 39.200 mode=01 match=04 mask=0f players=4 command=0b22 peer=2101 script=0001a51a flow=000100fe menu=0000daca flags=c2 offer=00 header=04/04 choice=0 done=0 selector=1 active=true/true
2430 40.552 input :P1 P1 Button 1
2430 40.552 input :P2 P2 Button 1
2520 42.054 input :P1 P1 Button 1
2520 42.054 input :P2 P2 Button 1
2557 42.672 mode=01 match=04 mask=0f players=4 command=0b22 peer=2101 script=0001a51a flow=000100fe menu=0000daca flags=c2 offer=00 header=04/04 choice=0 done=0 selector=1 active=true/false
2573 42.939 mode=01 match=04 mask=0f players=4 command=0b22 peer=2101 script=0001a51a flow=000100fe menu=0000daca flags=c2 offer=00 header=04/04 choice=0 done=0 selector=1 active=false/false
2581 43.072 piece player=1 count=2 mode=1 match=4 mask=0f
2581 43.072 mode=01 match=04 mask=0f players=4 command=0b22 peer=2101 script=0001a51a flow=000100fe menu=0000daca flags=c2 offer=00 header=04/04 choice=0 done=0 selector=1 active=false/true
2589 43.206 piece player=0 count=2 mode=1 match=4 mask=0f
2589 43.206 mode=01 match=04 mask=0f players=4 command=0b22 peer=2101 script=0001a51a flow=000100fe menu=0000daca flags=c2 offer=00 header=04/04 choice=0 done=0 selector=1 active=true/true
2610 43.556 input :P1 P1 Button 1
2610 43.556 input :P2 P2 Button 1
2700 45.058 input :P1 P1 Button 1
2700 45.058 input :P2 P2 Button 1
2789 46.543 mode=01 match=04 mask=0f players=4 command=0b22 peer=2101 script=0001a51a flow=000100fe menu=0000daca flags=c2 offer=00 header=04/04 choice=0 done=0 selector=1 active=true/false
2790 46.560 input :P1 P1 Button 1
2790 46.560 input :P2 P2 Button 1
2813 46.944 piece player=1 count=3 mode=1 match=4 mask=0f
2813 46.944 mode=01 match=04 mask=0f players=4 command=0b22 peer=2101 script=0001a51a flow=000100fe menu=0000daca flags=c2 offer=00 header=04/04 choice=0 done=0 selector=1 active=true/true
2816 46.994 mode=01 match=04 mask=0f players=4 command=0b22 peer=2101 script=0001a51a flow=000100fe menu=0000daca flags=c2 offer=00 header=04/04 choice=0 done=0 selector=1 active=false/true
2840 47.394 piece player=0 count=3 mode=1 match=4 mask=0f
2840 47.394 mode=01 match=04 mask=0f players=4 command=0b22 peer=2101 script=0001a51a flow=000100fe menu=0000daca flags=c2 offer=00 header=04/04 choice=0 done=0 selector=1 active=true/true
2880 48.062 input :P1 P1 Button 1
2880 48.062 input :P2 P2 Button 1
2970 49.564 input :P1 P1 Button 1
2970 49.564 input :P2 P2 Button 1
3021 50.415 mode=01 match=04 mask=0f players=4 command=0b22 peer=2101 script=0001a51a flow=000100fe menu=0000daca flags=c2 offer=00 header=04/04 choice=0 done=0 selector=1 active=true/false
3045 50.815 piece player=1 count=4 mode=1 match=4 mask=0f
3045 50.815 mode=01 match=04 mask=0f players=4 command=0b22 peer=2101 script=0001a51a flow=000100fe menu=0000daca flags=c2 offer=00 header=04/04 choice=0 done=0 selector=1 active=true/true
3048 50.865 mode=01 match=04 mask=0f players=4 command=0b22 peer=2101 script=0001a51a flow=000100fe menu=0000daca flags=c2 offer=00 header=04/04 choice=0 done=0 selector=1 active=false/true
3060 51.066 input :P1 P1 Button 1
3060 51.066 input :P2 P2 Button 1
3072 51.266 piece player=0 count=4 mode=1 match=4 mask=0f
3072 51.266 mode=01 match=04 mask=0f players=4 command=0b22 peer=2101 script=0001a51a flow=000100fe menu=0000daca flags=c2 offer=00 header=04/04 choice=0 done=0 selector=1 active=true/true
3150 52.568 input :P1 P1 Button 1
3150 52.568 input :P2 P2 Button 1
3240 54.070 input :P1 P1 Button 1
3240 54.070 input :P2 P2 Button 1
3269 54.554 mode=01 match=04 mask=0f players=4 command=0b22 peer=2101 script=0001a51a flow=000100fe menu=0000daca flags=c2 offer=00 header=04/04 choice=0 done=0 selector=1 active=true/false
3280 54.737 mode=01 match=04 mask=0f players=4 command=0b22 peer=2101 script=0001a51a flow=000100fe menu=0000daca flags=c2 offer=00 header=04/04 choice=0 done=0 selector=1 active=false/false
3293 54.954 piece player=1 count=5 mode=1 match=4 mask=0f
3293 54.954 mode=01 match=04 mask=0f players=4 command=0b22 peer=2101 script=0001a51a flow=000100fe menu=0000daca flags=c2 offer=00 header=04/04 choice=0 done=0 selector=1 active=false/true
3330 55.572 input :P1 P1 Button 1
3330 55.572 input :P2 P2 Button 1
3362 56.106 piece player=0 count=5 mode=1 match=4 mask=0f
3362 56.106 mode=01 match=04 mask=0f players=4 command=0b22 peer=2101 script=0001a51a flow=000100fe menu=0000daca flags=c2 offer=00 header=04/04 choice=0 done=0 selector=1 active=true/true
3420 57.073 input :P1 P1 Button 1
3420 57.073 input :P2 P2 Button 1
3485 58.158 mode=01 match=04 mask=0f players=4 command=0b22 peer=2101 script=0001a51a flow=000100fe menu=0000daca flags=c2 offer=00 header=04/04 choice=0 done=0 selector=1 active=true/false
3501 58.425 piece player=1 count=6 mode=1 match=4 mask=0f
3501 58.425 mode=01 match=04 mask=0f players=4 command=0b22 peer=2101 script=0001a51a flow=000100fe menu=0000daca flags=c2 offer=00 header=04/04 choice=0 done=0 selector=1 active=true/true
3510 58.575 input :P1 P1 Button 1
3510 58.575 input :P2 P2 Button 1
3570 59.577 mode=01 match=04 mask=0f players=4 command=0b22 peer=2101 script=0001a51a flow=000100fe menu=0000daca flags=c2 offer=00 header=04/04 choice=0 done=0 selector=1 active=false/true
3594 59.977 piece player=0 count=6 mode=1 match=4 mask=0f
3594 59.977 mode=01 match=04 mask=0f players=4 command=0b22 peer=2101 script=0001a51a flow=000100fe menu=0000daca flags=c2 offer=00 header=04/04 choice=0 done=0 selector=1 active=true/true
3600 60.077 input :P1 P1 Button 1
3600 60.077 input :P2 P2 Button 1
3677 61.362 mode=01 match=04 mask=0f players=4 command=0b22 peer=2101 script=0001a51a flow=000100fe menu=0000daca flags=c2 offer=00 header=04/04 choice=0 done=0 selector=1 active=true/false
3690 61.579 input :P1 P1 Button 1
3690 61.579 input :P2 P2 Button 1
3725 62.163 piece player=1 count=7 mode=1 match=4 mask=0f
3725 62.163 mode=01 match=04 mask=0f players=4 command=0b22 peer=2101 script=0001a51a flow=000100fe menu=0000daca flags=c2 offer=00 header=04/04 choice=0 done=0 selector=1 active=true/true
3780 63.081 input :P1 P1 Button 1
3780 63.081 input :P2 P2 Button 1
3802 63.448 mode=01 match=04 mask=0f players=4 command=0b22 peer=2101 script=0001a51a flow=000100fe menu=0000daca flags=c2 offer=00 header=04/04 choice=0 done=0 selector=1 active=false/true
3842 64.116 piece player=0 count=7 mode=1 match=4 mask=0f
3842 64.116 mode=01 match=04 mask=0f players=4 command=0b22 peer=2101 script=0001a51a flow=000100fe menu=0000daca flags=c2 offer=00 header=04/04 choice=0 done=0 selector=1 active=true/true
3870 64.583 input :P1 P1 Button 1
3870 64.583 input :P2 P2 Button 1
3917 65.368 mode=01 match=04 mask=0f players=4 command=0b22 peer=2101 script=0001a51a flow=000100fe menu=0000daca flags=c2 offer=00 header=04/04 choice=0 done=0 selector=1 active=true/false
3933 65.635 piece player=1 count=8 mode=1 match=4 mask=0f
3933 65.635 mode=01 match=04 mask=0f players=4 command=0b22 peer=2101 script=0001a51a flow=000100fe menu=0000daca flags=c2 offer=00 header=04/04 choice=0 done=0 selector=1 active=true/true
3960 66.085 input :P1 P1 Button 1
3960 66.085 input :P2 P2 Button 1
4018 67.053 mode=01 match=04 mask=0f players=4 command=0b22 peer=2101 script=0001a51a flow=000100fe menu=0000daca flags=c2 offer=00 header=04/04 choice=0 done=0 selector=1 active=false/true
4036 67.353 mode=01 match=04 mask=0f players=4 command=0b22 peer=2101 script=0001a51a flow=000100fe menu=0000daca flags=c2 offer=00 header=54/04 choice=0 done=0 selector=1 active=false/true
4039 67.403 mode=01 match=04 mask=0f players=4 command=0b22 peer=2101 script=0001a51a flow=000100fe menu=0000daca flags=c2 offer=00 header=54/0c choice=0 done=0 selector=1 active=false/true
4040 67.420 mode=01 match=04 mask=0f players=4 command=0b22 peer=2101 script=0001a51a flow=000100fe menu=0000daca flags=c2 offer=00 header=04/0c choice=0 done=0 selector=1 active=false/true
4042 67.454 piece player=0 count=8 mode=1 match=4 mask=0f
4042 67.454 mode=01 match=04 mask=0f players=4 command=0b22 peer=2101 script=0001a51a flow=000100fe menu=0000daca flags=c2 offer=00 header=04/5c choice=0 done=0 selector=1 active=true/true
4046 67.520 mode=01 match=04 mask=0f players=4 command=0b22 peer=2101 script=0001a51a flow=000100fe menu=0000daca flags=c2 offer=00 header=04/0c choice=0 done=0 selector=1 active=true/true
4050 67.587 input :P1 P1 Button 1
4050 67.587 input :P2 P2 Button 1
4124 68.822 mode=01 match=04 mask=0f players=4 command=0b22 peer=2101 script=0001a51a flow=000100fe menu=0000daca flags=c2 offer=00 header=04/0c choice=0 done=0 selector=1 active=true/false
4140 69.089 input :P1 P1 Button 1
4140 69.089 input :P2 P2 Button 1
4148 69.222 piece player=1 count=9 mode=1 match=4 mask=0f
4148 69.222 mode=01 match=04 mask=0f players=4 command=0b22 peer=2101 script=0001a51a flow=000100fe menu=0000daca flags=c2 offer=00 header=04/0c choice=0 done=0 selector=1 active=true/true
4230 70.591 input :P1 P1 Button 1
4230 70.591 input :P2 P2 Button 1
4250 70.925 mode=01 match=04 mask=0f players=4 command=0b22 peer=2101 script=0001a51a flow=000100fe menu=0000daca flags=c2 offer=00 header=04/0c choice=0 done=0 selector=1 active=false/true
4276 71.359 piece player=0 count=9 mode=1 match=4 mask=0f
4276 71.359 mode=01 match=04 mask=0f players=4 command=0b22 peer=2101 script=0001a51a flow=000100fe menu=0000daca flags=c2 offer=00 header=04/0c choice=0 done=0 selector=1 active=true/true
4320 72.093 input :P1 P1 Button 1
4320 72.093 input :P2 P2 Button 1
4342 72.460 mode=01 match=04 mask=0f players=4 command=0b22 peer=2101 script=0001a51a flow=000100fe menu=0000daca flags=c2 offer=00 header=04/0c choice=0 done=0 selector=1 active=true/false
4358 72.727 piece player=1 count=10 mode=1 match=4 mask=0f
4358 72.727 mode=01 match=04 mask=0f players=4 command=0b22 peer=2101 script=0001a51a flow=000100fe menu=0000daca flags=c2 offer=00 header=04/0c choice=0 done=0 selector=1 active=true/true
4410 73.595 input :P1 P1 Button 1
4410 73.595 input :P2 P2 Button 1
4452 74.296 mode=01 match=04 mask=0f players=4 command=0b22 peer=2101 script=0001a51a flow=000100fe menu=0000daca flags=c2 offer=00 header=04/0c choice=0 done=0 selector=1 active=false/true
4476 74.696 piece player=0 count=10 mode=1 match=4 mask=0f
4476 74.696 mode=01 match=04 mask=0f players=4 command=0b22 peer=2101 script=0001a51a flow=000100fe menu=0000daca flags=c2 offer=00 header=04/0c choice=0 done=0 selector=1 active=true/true
